[2025-09-04T13:24:51.480+0000] {local_task_job_runner.py:120} INFO - ::group::Pre task execution logs
[2025-09-04T13:24:51.523+0000] {taskinstance.py:2076} INFO - Dependencies all met for dep_context=non-requeueable deps ti=<TaskInstance: pipeline_dados_transito_tcc.processar_sigesguarda manual__2025-09-04T13:24:50.086809+00:00 [queued]>
[2025-09-04T13:24:51.537+0000] {taskinstance.py:2076} INFO - Dependencies all met for dep_context=requeueable deps ti=<TaskInstance: pipeline_dados_transito_tcc.processar_sigesguarda manual__2025-09-04T13:24:50.086809+00:00 [queued]>
[2025-09-04T13:24:51.541+0000] {taskinstance.py:2306} INFO - Starting attempt 1 of 1
[2025-09-04T13:24:51.567+0000] {taskinstance.py:2330} INFO - Executing <Task(BashOperator): processar_sigesguarda> on 2025-09-04 13:24:50.086809+00:00
[2025-09-04T13:24:51.577+0000] {warnings.py:112} WARNING - /home/***/.local/lib/python3.12/site-packages/***/task/task_runner/standard_task_runner.py:61: DeprecationWarning: This process (pid=69) is multi-threaded, use of fork() may lead to deadlocks in the child.
  pid = os.fork()

[2025-09-04T13:24:51.580+0000] {standard_task_runner.py:90} INFO - Running: ['***', 'tasks', 'run', 'pipeline_dados_transito_tcc', 'processar_sigesguarda', 'manual__2025-09-04T13:24:50.086809+00:00', '--job-id', '23', '--raw', '--subdir', 'DAGS_FOLDER/tcc_pipeline_dag.py', '--cfg-path', '/tmp/tmpi60ifgzm']
[2025-09-04T13:24:51.582+0000] {standard_task_runner.py:91} INFO - Job 23: Subtask processar_sigesguarda
[2025-09-04T13:24:51.581+0000] {standard_task_runner.py:63} INFO - Started process 70 to run task
[2025-09-04T13:24:51.707+0000] {task_command.py:426} INFO - Running <TaskInstance: pipeline_dados_transito_tcc.processar_sigesguarda manual__2025-09-04T13:24:50.086809+00:00 [running]> on host 5c7bf46a5109
[2025-09-04T13:24:51.805+0000] {taskinstance.py:2648} INFO - Exporting env vars: AIRFLOW_CTX_DAG_OWNER='***' AIRFLOW_CTX_DAG_ID='pipeline_dados_transito_tcc' AIRFLOW_CTX_TASK_ID='processar_sigesguarda' AIRFLOW_CTX_EXECUTION_DATE='2025-09-04T13:24:50.086809+00:00' AIRFLOW_CTX_TRY_NUMBER='1' AIRFLOW_CTX_DAG_RUN_ID='manual__2025-09-04T13:24:50.086809+00:00'
[2025-09-04T13:24:51.807+0000] {taskinstance.py:430} INFO - ::endgroup::
[2025-09-04T13:24:51.851+0000] {subprocess.py:63} INFO - Tmp dir root location: /tmp
[2025-09-04T13:24:51.853+0000] {subprocess.py:75} INFO - Running command: ['/usr/bin/bash', '-c', 'pip install pandas sqlalchemy mysql-connector-python && python /opt/***/pipelines/sigesguarda.py']
[2025-09-04T13:24:51.870+0000] {subprocess.py:86} INFO - Output:
[2025-09-04T13:24:54.767+0000] {subprocess.py:93} INFO - Requirement already satisfied: pandas in /home/***/.local/lib/python3.12/site-packages (2.1.4)
[2025-09-04T13:24:54.769+0000] {subprocess.py:93} INFO - Requirement already satisfied: sqlalchemy in /home/***/.local/lib/python3.12/site-packages (1.4.52)
[2025-09-04T13:24:54.770+0000] {subprocess.py:93} INFO - Requirement already satisfied: mysql-connector-python in /home/***/.local/lib/python3.12/site-packages (8.4.0)
[2025-09-04T13:24:54.880+0000] {subprocess.py:93} INFO - Requirement already satisfied: numpy<2,>=1.26.0 in /home/***/.local/lib/python3.12/site-packages (from pandas) (1.26.4)
[2025-09-04T13:24:54.884+0000] {subprocess.py:93} INFO - Requirement already satisfied: python-dateutil>=2.8.2 in /home/***/.local/lib/python3.12/site-packages (from pandas) (2.9.0.post0)
[2025-09-04T13:24:54.887+0000] {subprocess.py:93} INFO - Requirement already satisfied: pytz>=2020.1 in /home/***/.local/lib/python3.12/site-packages (from pandas) (2024.1)
[2025-09-04T13:24:54.888+0000] {subprocess.py:93} INFO - Requirement already satisfied: tzdata>=2022.1 in /home/***/.local/lib/python3.12/site-packages (from pandas) (2024.1)
[2025-09-04T13:24:54.960+0000] {subprocess.py:93} INFO - Requirement already satisfied: greenlet!=0.4.17 in /home/***/.local/lib/python3.12/site-packages (from sqlalchemy) (3.0.3)
[2025-09-04T13:24:54.991+0000] {subprocess.py:93} INFO - Requirement already satisfied: six>=1.5 in /home/***/.local/lib/python3.12/site-packages (from python-dateutil>=2.8.2->pandas) (1.16.0)
[2025-09-04T13:24:59.718+0000] {subprocess.py:93} INFO - 
[2025-09-04T13:24:59.719+0000] {subprocess.py:93} INFO - [notice] A new release of pip is available: 24.0 -> 25.2
[2025-09-04T13:24:59.720+0000] {subprocess.py:93} INFO - [notice] To update, run: pip install --upgrade pip
[2025-09-04T13:25:03.073+0000] {subprocess.py:93} INFO - ERRO: Arquivo não encontrado em 'C:\Users\Jonas\Desktop\dados tcc/brutos/sigesguarda/2025-06-25_sigesguarda_-_Base_de_Dados.csv'
[2025-09-04T13:25:03.073+0000] {subprocess.py:93} INFO - 
[2025-09-04T13:25:03.074+0000] {subprocess.py:93} INFO - Pipeline encerrado. Não foi possível extrair os dados.
[2025-09-04T13:25:03.238+0000] {subprocess.py:97} INFO - Command exited with return code 0
[2025-09-04T13:25:03.242+0000] {taskinstance.py:441} INFO - ::group::Post task execution logs
[2025-09-04T13:25:03.281+0000] {taskinstance.py:1206} INFO - Marking task as SUCCESS. dag_id=pipeline_dados_transito_tcc, task_id=processar_sigesguarda, run_id=manual__2025-09-04T13:24:50.086809+00:00, execution_date=20250904T132450, start_date=20250904T132451, end_date=20250904T132503
[2025-09-04T13:25:03.337+0000] {local_task_job_runner.py:240} INFO - Task exited with return code 0
[2025-09-04T13:25:03.359+0000] {taskinstance.py:3503} INFO - 0 downstream tasks scheduled from follow-on schedule check
[2025-09-04T13:25:03.365+0000] {local_task_job_runner.py:222} INFO - ::endgroup::
