[2025-09-04T12:10:14.880+0000] {local_task_job_runner.py:120} INFO - ::group::Pre task execution logs
[2025-09-04T12:10:14.916+0000] {taskinstance.py:2076} INFO - Dependencies all met for dep_context=non-requeueable deps ti=<TaskInstance: tcc_transito_pipeline.processa_dados_sigesguarda scheduled__2025-09-03T08:00:00+00:00 [queued]>
[2025-09-04T12:10:14.924+0000] {taskinstance.py:2076} INFO - Dependencies all met for dep_context=requeueable deps ti=<TaskInstance: tcc_transito_pipeline.processa_dados_sigesguarda scheduled__2025-09-03T08:00:00+00:00 [queued]>
[2025-09-04T12:10:14.925+0000] {taskinstance.py:2306} INFO - Starting attempt 1 of 1
[2025-09-04T12:10:14.936+0000] {taskinstance.py:2330} INFO - Executing <Task(BashOperator): processa_dados_sigesguarda> on 2025-09-03 08:00:00+00:00
[2025-09-04T12:10:14.941+0000] {warnings.py:112} WARNING - /home/***/.local/lib/python3.12/site-packages/***/task/task_runner/standard_task_runner.py:61: DeprecationWarning: This process (pid=68) is multi-threaded, use of fork() may lead to deadlocks in the child.
  pid = os.fork()

[2025-09-04T12:10:14.943+0000] {standard_task_runner.py:90} INFO - Running: ['***', 'tasks', 'run', 'tcc_transito_pipeline', 'processa_dados_sigesguarda', 'scheduled__2025-09-03T08:00:00+00:00', '--job-id', '4', '--raw', '--subdir', 'DAGS_FOLDER/tcc_pipeline_dag.py', '--cfg-path', '/tmp/tmpmp8tczhl']
[2025-09-04T12:10:14.944+0000] {standard_task_runner.py:63} INFO - Started process 70 to run task
[2025-09-04T12:10:14.945+0000] {standard_task_runner.py:91} INFO - Job 4: Subtask processa_dados_sigesguarda
[2025-09-04T12:10:15.008+0000] {task_command.py:426} INFO - Running <TaskInstance: tcc_transito_pipeline.processa_dados_sigesguarda scheduled__2025-09-03T08:00:00+00:00 [running]> on host f94d808c1666
[2025-09-04T12:10:15.075+0000] {taskinstance.py:2648} INFO - Exporting env vars: AIRFLOW_CTX_DAG_OWNER='***' AIRFLOW_CTX_DAG_ID='tcc_transito_pipeline' AIRFLOW_CTX_TASK_ID='processa_dados_sigesguarda' AIRFLOW_CTX_EXECUTION_DATE='2025-09-03T08:00:00+00:00' AIRFLOW_CTX_TRY_NUMBER='1' AIRFLOW_CTX_DAG_RUN_ID='scheduled__2025-09-03T08:00:00+00:00'
[2025-09-04T12:10:15.076+0000] {taskinstance.py:430} INFO - ::endgroup::
[2025-09-04T12:10:15.096+0000] {subprocess.py:63} INFO - Tmp dir root location: /tmp
[2025-09-04T12:10:15.097+0000] {subprocess.py:75} INFO - Running command: ['/usr/bin/bash', '-c', 'python /opt/***/pipelines/sigesguarda.py']
[2025-09-04T12:10:15.105+0000] {subprocess.py:86} INFO - Output:
[2025-09-04T12:10:15.155+0000] {subprocess.py:93} INFO - python: can't open file '/opt/***/pipelines/sigesguarda.py': [Errno 2] No such file or directory
[2025-09-04T12:10:15.161+0000] {subprocess.py:97} INFO - Command exited with return code 2
[2025-09-04T12:10:15.163+0000] {taskinstance.py:441} INFO - ::group::Post task execution logs
[2025-09-04T12:10:15.175+0000] {taskinstance.py:2905} ERROR - Task failed with exception
Traceback (most recent call last):
  File "/home/airflow/.local/lib/python3.12/site-packages/airflow/models/taskinstance.py", line 465, in _execute_task
    result = _execute_callable(context=context, **execute_callable_kwargs)
             ^^^^^^^^^^^^^^^^^^^^^^^^^^^^^^^^^^^^^^^^^^^^^^^^^^^^^^^^^^^^^
  File "/home/airflow/.local/lib/python3.12/site-packages/airflow/models/taskinstance.py", line 432, in _execute_callable
    return execute_callable(context=context, **execute_callable_kwargs)
           ^^^^^^^^^^^^^^^^^^^^^^^^^^^^^^^^^^^^^^^^^^^^^^^^^^^^^^^^^^^^
  File "/home/airflow/.local/lib/python3.12/site-packages/airflow/models/baseoperator.py", line 401, in wrapper
    return func(self, *args, **kwargs)
           ^^^^^^^^^^^^^^^^^^^^^^^^^^^
  File "/home/airflow/.local/lib/python3.12/site-packages/airflow/operators/bash.py", line 243, in execute
    raise AirflowException(
airflow.exceptions.AirflowException: Bash command failed. The command returned a non-zero exit code 2.
[2025-09-04T12:10:15.184+0000] {taskinstance.py:1206} INFO - Marking task as FAILED. dag_id=tcc_transito_pipeline, task_id=processa_dados_sigesguarda, run_id=scheduled__2025-09-03T08:00:00+00:00, execution_date=20250903T080000, start_date=20250904T121014, end_date=20250904T121015
[2025-09-04T12:10:15.196+0000] {standard_task_runner.py:110} ERROR - Failed to execute job 4 for task processa_dados_sigesguarda (Bash command failed. The command returned a non-zero exit code 2.; 70)
[2025-09-04T12:10:15.239+0000] {local_task_job_runner.py:240} INFO - Task exited with return code 1
[2025-09-04T12:10:15.279+0000] {taskinstance.py:3503} INFO - 0 downstream tasks scheduled from follow-on schedule check
[2025-09-04T12:10:15.284+0000] {local_task_job_runner.py:222} INFO - ::endgroup::
