[2025-09-04T12:37:18.950+0000] {local_task_job_runner.py:120} INFO - ::group::Pre task execution logs
[2025-09-04T12:37:18.970+0000] {taskinstance.py:2076} INFO - Dependencies all met for dep_context=non-requeueable deps ti=<TaskInstance: tcc_transito_pipeline.processa_dados_sigesguarda manual__2025-09-04T12:37:17.290316+00:00 [queued]>
[2025-09-04T12:37:18.977+0000] {taskinstance.py:2076} INFO - Dependencies all met for dep_context=requeueable deps ti=<TaskInstance: tcc_transito_pipeline.processa_dados_sigesguarda manual__2025-09-04T12:37:17.290316+00:00 [queued]>
[2025-09-04T12:37:18.979+0000] {taskinstance.py:2306} INFO - Starting attempt 1 of 1
[2025-09-04T12:37:18.991+0000] {taskinstance.py:2330} INFO - Executing <Task(BashOperator): processa_dados_sigesguarda> on 2025-09-04 12:37:17.290316+00:00
[2025-09-04T12:37:18.997+0000] {warnings.py:112} WARNING - /home/***/.local/lib/python3.12/site-packages/***/task/task_runner/standard_task_runner.py:61: DeprecationWarning: This process (pid=75) is multi-threaded, use of fork() may lead to deadlocks in the child.
  pid = os.fork()

[2025-09-04T12:37:19.001+0000] {standard_task_runner.py:63} INFO - Started process 77 to run task
[2025-09-04T12:37:19.001+0000] {standard_task_runner.py:90} INFO - Running: ['***', 'tasks', 'run', 'tcc_transito_pipeline', 'processa_dados_sigesguarda', 'manual__2025-09-04T12:37:17.290316+00:00', '--job-id', '12', '--raw', '--subdir', 'DAGS_FOLDER/tcc_pipeline_dag.py', '--cfg-path', '/tmp/tmp4_fpngmu']
[2025-09-04T12:37:19.003+0000] {standard_task_runner.py:91} INFO - Job 12: Subtask processa_dados_sigesguarda
[2025-09-04T12:37:19.072+0000] {task_command.py:426} INFO - Running <TaskInstance: tcc_transito_pipeline.processa_dados_sigesguarda manual__2025-09-04T12:37:17.290316+00:00 [running]> on host 3fdb9d812710
[2025-09-04T12:37:19.141+0000] {taskinstance.py:2648} INFO - Exporting env vars: AIRFLOW_CTX_DAG_OWNER='***' AIRFLOW_CTX_DAG_ID='tcc_transito_pipeline' AIRFLOW_CTX_TASK_ID='processa_dados_sigesguarda' AIRFLOW_CTX_EXECUTION_DATE='2025-09-04T12:37:17.290316+00:00' AIRFLOW_CTX_TRY_NUMBER='1' AIRFLOW_CTX_DAG_RUN_ID='manual__2025-09-04T12:37:17.290316+00:00'
[2025-09-04T12:37:19.142+0000] {taskinstance.py:430} INFO - ::endgroup::
[2025-09-04T12:37:19.164+0000] {subprocess.py:63} INFO - Tmp dir root location: /tmp
[2025-09-04T12:37:19.165+0000] {subprocess.py:75} INFO - Running command: ['/usr/bin/bash', '-c', 'python /opt/***/pipelines/sigesguarda.py']
[2025-09-04T12:37:19.175+0000] {subprocess.py:86} INFO - Output:
[2025-09-04T12:37:19.230+0000] {subprocess.py:93} INFO - python: can't open file '/opt/***/pipelines/sigesguarda.py': [Errno 2] No such file or directory
[2025-09-04T12:37:19.234+0000] {subprocess.py:97} INFO - Command exited with return code 2
[2025-09-04T12:37:19.235+0000] {taskinstance.py:441} INFO - ::group::Post task execution logs
[2025-09-04T12:37:19.243+0000] {taskinstance.py:2905} ERROR - Task failed with exception
Traceback (most recent call last):
  File "/home/airflow/.local/lib/python3.12/site-packages/airflow/models/taskinstance.py", line 465, in _execute_task
    result = _execute_callable(context=context, **execute_callable_kwargs)
             ^^^^^^^^^^^^^^^^^^^^^^^^^^^^^^^^^^^^^^^^^^^^^^^^^^^^^^^^^^^^^
  File "/home/airflow/.local/lib/python3.12/site-packages/airflow/models/taskinstance.py", line 432, in _execute_callable
    return execute_callable(context=context, **execute_callable_kwargs)
           ^^^^^^^^^^^^^^^^^^^^^^^^^^^^^^^^^^^^^^^^^^^^^^^^^^^^^^^^^^^^
  File "/home/airflow/.local/lib/python3.12/site-packages/airflow/models/baseoperator.py", line 401, in wrapper
    return func(self, *args, **kwargs)
           ^^^^^^^^^^^^^^^^^^^^^^^^^^^
  File "/home/airflow/.local/lib/python3.12/site-packages/airflow/operators/bash.py", line 243, in execute
    raise AirflowException(
airflow.exceptions.AirflowException: Bash command failed. The command returned a non-zero exit code 2.
[2025-09-04T12:37:19.247+0000] {taskinstance.py:1206} INFO - Marking task as FAILED. dag_id=tcc_transito_pipeline, task_id=processa_dados_sigesguarda, run_id=manual__2025-09-04T12:37:17.290316+00:00, execution_date=20250904T123717, start_date=20250904T123718, end_date=20250904T123719
[2025-09-04T12:37:19.257+0000] {standard_task_runner.py:110} ERROR - Failed to execute job 12 for task processa_dados_sigesguarda (Bash command failed. The command returned a non-zero exit code 2.; 77)
[2025-09-04T12:37:19.297+0000] {local_task_job_runner.py:240} INFO - Task exited with return code 1
[2025-09-04T12:37:19.329+0000] {taskinstance.py:3503} INFO - 0 downstream tasks scheduled from follow-on schedule check
[2025-09-04T12:37:19.331+0000] {local_task_job_runner.py:222} INFO - ::endgroup::
