[2025-09-04T14:07:19.118+0000] {local_task_job_runner.py:120} INFO - ::group::Pre task execution logs
[2025-09-04T14:07:19.144+0000] {taskinstance.py:2076} INFO - Dependencies all met for dep_context=non-requeueable deps ti=<TaskInstance: pipeline_dados_transito_tcc.processar_sigesguarda manual__2025-09-04T14:07:17.387670+00:00 [queued]>
[2025-09-04T14:07:19.154+0000] {taskinstance.py:2076} INFO - Dependencies all met for dep_context=requeueable deps ti=<TaskInstance: pipeline_dados_transito_tcc.processar_sigesguarda manual__2025-09-04T14:07:17.387670+00:00 [queued]>
[2025-09-04T14:07:19.156+0000] {taskinstance.py:2306} INFO - Starting attempt 1 of 1
[2025-09-04T14:07:19.170+0000] {taskinstance.py:2330} INFO - Executing <Task(BashOperator): processar_sigesguarda> on 2025-09-04 14:07:17.387670+00:00
[2025-09-04T14:07:19.177+0000] {warnings.py:112} WARNING - /home/***/.local/lib/python3.12/site-packages/***/task/task_runner/standard_task_runner.py:61: DeprecationWarning: This process (pid=75) is multi-threaded, use of fork() may lead to deadlocks in the child.
  pid = os.fork()

[2025-09-04T14:07:19.179+0000] {standard_task_runner.py:63} INFO - Started process 77 to run task
[2025-09-04T14:07:19.179+0000] {standard_task_runner.py:90} INFO - Running: ['***', 'tasks', 'run', 'pipeline_dados_transito_tcc', 'processar_sigesguarda', 'manual__2025-09-04T14:07:17.387670+00:00', '--job-id', '3', '--raw', '--subdir', 'DAGS_FOLDER/tcc_pipeline_dag.py', '--cfg-path', '/tmp/tmpyhiul3pr']
[2025-09-04T14:07:19.181+0000] {standard_task_runner.py:91} INFO - Job 3: Subtask processar_sigesguarda
[2025-09-04T14:07:19.278+0000] {task_command.py:426} INFO - Running <TaskInstance: pipeline_dados_transito_tcc.processar_sigesguarda manual__2025-09-04T14:07:17.387670+00:00 [running]> on host 9b8be9faa09c
[2025-09-04T14:07:19.373+0000] {taskinstance.py:2648} INFO - Exporting env vars: AIRFLOW_CTX_DAG_OWNER='***' AIRFLOW_CTX_DAG_ID='pipeline_dados_transito_tcc' AIRFLOW_CTX_TASK_ID='processar_sigesguarda' AIRFLOW_CTX_EXECUTION_DATE='2025-09-04T14:07:17.387670+00:00' AIRFLOW_CTX_TRY_NUMBER='1' AIRFLOW_CTX_DAG_RUN_ID='manual__2025-09-04T14:07:17.387670+00:00'
[2025-09-04T14:07:19.374+0000] {taskinstance.py:430} INFO - ::endgroup::
[2025-09-04T14:07:19.403+0000] {subprocess.py:63} INFO - Tmp dir root location: /tmp
[2025-09-04T14:07:19.406+0000] {subprocess.py:75} INFO - Running command: ['/usr/bin/bash', '-c', 'pip install pandas sqlalchemy mysql-connector-python && python /opt/***/pipelines/sigesguarda.py']
[2025-09-04T14:07:19.419+0000] {subprocess.py:86} INFO - Output:
[2025-09-04T14:07:22.131+0000] {subprocess.py:93} INFO - Requirement already satisfied: pandas in /home/***/.local/lib/python3.12/site-packages (2.1.4)
[2025-09-04T14:07:22.133+0000] {subprocess.py:93} INFO - Requirement already satisfied: sqlalchemy in /home/***/.local/lib/python3.12/site-packages (1.4.52)
[2025-09-04T14:07:22.134+0000] {subprocess.py:93} INFO - Requirement already satisfied: mysql-connector-python in /home/***/.local/lib/python3.12/site-packages (8.4.0)
[2025-09-04T14:07:22.248+0000] {subprocess.py:93} INFO - Requirement already satisfied: numpy<2,>=1.26.0 in /home/***/.local/lib/python3.12/site-packages (from pandas) (1.26.4)
[2025-09-04T14:07:22.250+0000] {subprocess.py:93} INFO - Requirement already satisfied: python-dateutil>=2.8.2 in /home/***/.local/lib/python3.12/site-packages (from pandas) (2.9.0.post0)
[2025-09-04T14:07:22.253+0000] {subprocess.py:93} INFO - Requirement already satisfied: pytz>=2020.1 in /home/***/.local/lib/python3.12/site-packages (from pandas) (2024.1)
[2025-09-04T14:07:22.255+0000] {subprocess.py:93} INFO - Requirement already satisfied: tzdata>=2022.1 in /home/***/.local/lib/python3.12/site-packages (from pandas) (2024.1)
[2025-09-04T14:07:22.314+0000] {subprocess.py:93} INFO - Requirement already satisfied: greenlet!=0.4.17 in /home/***/.local/lib/python3.12/site-packages (from sqlalchemy) (3.0.3)
[2025-09-04T14:07:22.339+0000] {subprocess.py:93} INFO - Requirement already satisfied: six>=1.5 in /home/***/.local/lib/python3.12/site-packages (from python-dateutil>=2.8.2->pandas) (1.16.0)
[2025-09-04T14:07:26.618+0000] {subprocess.py:93} INFO - 
[2025-09-04T14:07:26.619+0000] {subprocess.py:93} INFO - [notice] A new release of pip is available: 24.0 -> 25.2
[2025-09-04T14:07:26.620+0000] {subprocess.py:93} INFO - [notice] To update, run: pip install --upgrade pip
[2025-09-04T14:07:29.860+0000] {subprocess.py:93} INFO - ERRO: Arquivo não encontrado em '/opt/***/data/brutos/sigesguarda/2025-06-25_sigesguarda_-_Base_de_Dados.csv'
[2025-09-04T14:07:29.862+0000] {subprocess.py:93} INFO - 
[2025-09-04T14:07:29.862+0000] {subprocess.py:93} INFO - Pipeline encerrado. Não foi possível extrair os dados.
[2025-09-04T14:07:29.966+0000] {subprocess.py:97} INFO - Command exited with return code 0
[2025-09-04T14:07:29.967+0000] {taskinstance.py:441} INFO - ::group::Post task execution logs
[2025-09-04T14:07:29.996+0000] {taskinstance.py:1206} INFO - Marking task as SUCCESS. dag_id=pipeline_dados_transito_tcc, task_id=processar_sigesguarda, run_id=manual__2025-09-04T14:07:17.387670+00:00, execution_date=20250904T140717, start_date=20250904T140719, end_date=20250904T140729
[2025-09-04T14:07:30.026+0000] {local_task_job_runner.py:240} INFO - Task exited with return code 0
[2025-09-04T14:07:30.043+0000] {taskinstance.py:3503} INFO - 0 downstream tasks scheduled from follow-on schedule check
[2025-09-04T14:07:30.045+0000] {local_task_job_runner.py:222} INFO - ::endgroup::
