[2025-09-04T13:52:12.222+0000] {local_task_job_runner.py:120} INFO - ::group::Pre task execution logs
[2025-09-04T13:52:12.247+0000] {taskinstance.py:2076} INFO - Dependencies all met for dep_context=non-requeueable deps ti=<TaskInstance: pipeline_dados_transito_tcc.processar_sigesguarda manual__2025-09-04T13:52:10.492677+00:00 [queued]>
[2025-09-04T13:52:12.256+0000] {taskinstance.py:2076} INFO - Dependencies all met for dep_context=requeueable deps ti=<TaskInstance: pipeline_dados_transito_tcc.processar_sigesguarda manual__2025-09-04T13:52:10.492677+00:00 [queued]>
[2025-09-04T13:52:12.257+0000] {taskinstance.py:2306} INFO - Starting attempt 1 of 1
[2025-09-04T13:52:12.271+0000] {taskinstance.py:2330} INFO - Executing <Task(BashOperator): processar_sigesguarda> on 2025-09-04 13:52:10.492677+00:00
[2025-09-04T13:52:12.277+0000] {warnings.py:112} WARNING - /home/***/.local/lib/python3.12/site-packages/***/task/task_runner/standard_task_runner.py:61: DeprecationWarning: This process (pid=83) is multi-threaded, use of fork() may lead to deadlocks in the child.
  pid = os.fork()

[2025-09-04T13:52:12.279+0000] {standard_task_runner.py:63} INFO - Started process 84 to run task
[2025-09-04T13:52:12.279+0000] {standard_task_runner.py:90} INFO - Running: ['***', 'tasks', 'run', 'pipeline_dados_transito_tcc', 'processar_sigesguarda', 'manual__2025-09-04T13:52:10.492677+00:00', '--job-id', '3', '--raw', '--subdir', 'DAGS_FOLDER/tcc_pipeline_dag.py', '--cfg-path', '/tmp/tmpbt8p5ryl']
[2025-09-04T13:52:12.281+0000] {standard_task_runner.py:91} INFO - Job 3: Subtask processar_sigesguarda
[2025-09-04T13:52:12.363+0000] {task_command.py:426} INFO - Running <TaskInstance: pipeline_dados_transito_tcc.processar_sigesguarda manual__2025-09-04T13:52:10.492677+00:00 [running]> on host 9426f925866a
[2025-09-04T13:52:12.490+0000] {taskinstance.py:2648} INFO - Exporting env vars: AIRFLOW_CTX_DAG_OWNER='***' AIRFLOW_CTX_DAG_ID='pipeline_dados_transito_tcc' AIRFLOW_CTX_TASK_ID='processar_sigesguarda' AIRFLOW_CTX_EXECUTION_DATE='2025-09-04T13:52:10.492677+00:00' AIRFLOW_CTX_TRY_NUMBER='1' AIRFLOW_CTX_DAG_RUN_ID='manual__2025-09-04T13:52:10.492677+00:00'
[2025-09-04T13:52:12.492+0000] {taskinstance.py:430} INFO - ::endgroup::
[2025-09-04T13:52:12.529+0000] {subprocess.py:63} INFO - Tmp dir root location: /tmp
[2025-09-04T13:52:12.530+0000] {subprocess.py:75} INFO - Running command: ['/usr/bin/bash', '-c', 'pip install pandas sqlalchemy mysql-connector-python && python /opt/***/pipelines/sigesguarda.py']
[2025-09-04T13:52:12.542+0000] {subprocess.py:86} INFO - Output:
[2025-09-04T13:52:15.417+0000] {subprocess.py:93} INFO - Requirement already satisfied: pandas in /home/***/.local/lib/python3.12/site-packages (2.1.4)
[2025-09-04T13:52:15.420+0000] {subprocess.py:93} INFO - Requirement already satisfied: sqlalchemy in /home/***/.local/lib/python3.12/site-packages (1.4.52)
[2025-09-04T13:52:15.421+0000] {subprocess.py:93} INFO - Requirement already satisfied: mysql-connector-python in /home/***/.local/lib/python3.12/site-packages (8.4.0)
[2025-09-04T13:52:15.577+0000] {subprocess.py:93} INFO - Requirement already satisfied: numpy<2,>=1.26.0 in /home/***/.local/lib/python3.12/site-packages (from pandas) (1.26.4)
[2025-09-04T13:52:15.580+0000] {subprocess.py:93} INFO - Requirement already satisfied: python-dateutil>=2.8.2 in /home/***/.local/lib/python3.12/site-packages (from pandas) (2.9.0.post0)
[2025-09-04T13:52:15.583+0000] {subprocess.py:93} INFO - Requirement already satisfied: pytz>=2020.1 in /home/***/.local/lib/python3.12/site-packages (from pandas) (2024.1)
[2025-09-04T13:52:15.585+0000] {subprocess.py:93} INFO - Requirement already satisfied: tzdata>=2022.1 in /home/***/.local/lib/python3.12/site-packages (from pandas) (2024.1)
[2025-09-04T13:52:15.662+0000] {subprocess.py:93} INFO - Requirement already satisfied: greenlet!=0.4.17 in /home/***/.local/lib/python3.12/site-packages (from sqlalchemy) (3.0.3)
[2025-09-04T13:52:15.687+0000] {subprocess.py:93} INFO - Requirement already satisfied: six>=1.5 in /home/***/.local/lib/python3.12/site-packages (from python-dateutil>=2.8.2->pandas) (1.16.0)
[2025-09-04T13:52:19.632+0000] {subprocess.py:93} INFO - 
[2025-09-04T13:52:19.633+0000] {subprocess.py:93} INFO - [notice] A new release of pip is available: 24.0 -> 25.2
[2025-09-04T13:52:19.635+0000] {subprocess.py:93} INFO - [notice] To update, run: pip install --upgrade pip
[2025-09-04T13:52:22.736+0000] {subprocess.py:93} INFO - ERRO: Arquivo não encontrado em '/opt/***/data/brutos/sigesguarda/2025-06-25_sigesguarda_-_Base_de_Dados.csv'
[2025-09-04T13:52:22.738+0000] {subprocess.py:93} INFO - 
[2025-09-04T13:52:22.740+0000] {subprocess.py:93} INFO - Pipeline encerrado. Não foi possível extrair os dados.
[2025-09-04T13:52:22.929+0000] {subprocess.py:97} INFO - Command exited with return code 0
[2025-09-04T13:52:22.931+0000] {taskinstance.py:441} INFO - ::group::Post task execution logs
[2025-09-04T13:52:22.979+0000] {taskinstance.py:1206} INFO - Marking task as SUCCESS. dag_id=pipeline_dados_transito_tcc, task_id=processar_sigesguarda, run_id=manual__2025-09-04T13:52:10.492677+00:00, execution_date=20250904T135210, start_date=20250904T135212, end_date=20250904T135222
[2025-09-04T13:52:23.043+0000] {local_task_job_runner.py:240} INFO - Task exited with return code 0
[2025-09-04T13:52:23.064+0000] {taskinstance.py:3503} INFO - 0 downstream tasks scheduled from follow-on schedule check
[2025-09-04T13:52:23.076+0000] {local_task_job_runner.py:222} INFO - ::endgroup::
