[2025-09-04T13:52:12.224+0000] {local_task_job_runner.py:120} INFO - ::group::Pre task execution logs
[2025-09-04T13:52:12.250+0000] {taskinstance.py:2076} INFO - Dependencies all met for dep_context=non-requeueable deps ti=<TaskInstance: pipeline_dados_transito_tcc.processar_ippuc manual__2025-09-04T13:52:10.492677+00:00 [queued]>
[2025-09-04T13:52:12.260+0000] {taskinstance.py:2076} INFO - Dependencies all met for dep_context=requeueable deps ti=<TaskInstance: pipeline_dados_transito_tcc.processar_ippuc manual__2025-09-04T13:52:10.492677+00:00 [queued]>
[2025-09-04T13:52:12.261+0000] {taskinstance.py:2306} INFO - Starting attempt 1 of 1
[2025-09-04T13:52:12.275+0000] {taskinstance.py:2330} INFO - Executing <Task(BashOperator): processar_ippuc> on 2025-09-04 13:52:10.492677+00:00
[2025-09-04T13:52:12.285+0000] {warnings.py:112} WARNING - /home/***/.local/lib/python3.12/site-packages/***/task/task_runner/standard_task_runner.py:61: DeprecationWarning: This process (pid=82) is multi-threaded, use of fork() may lead to deadlocks in the child.
  pid = os.fork()

[2025-09-04T13:52:12.287+0000] {standard_task_runner.py:90} INFO - Running: ['***', 'tasks', 'run', 'pipeline_dados_transito_tcc', 'processar_ippuc', 'manual__2025-09-04T13:52:10.492677+00:00', '--job-id', '4', '--raw', '--subdir', 'DAGS_FOLDER/tcc_pipeline_dag.py', '--cfg-path', '/tmp/tmpvjwy4hqc']
[2025-09-04T13:52:12.288+0000] {standard_task_runner.py:63} INFO - Started process 85 to run task
[2025-09-04T13:52:12.288+0000] {standard_task_runner.py:91} INFO - Job 4: Subtask processar_ippuc
[2025-09-04T13:52:12.371+0000] {task_command.py:426} INFO - Running <TaskInstance: pipeline_dados_transito_tcc.processar_ippuc manual__2025-09-04T13:52:10.492677+00:00 [running]> on host 9426f925866a
[2025-09-04T13:52:12.489+0000] {taskinstance.py:2648} INFO - Exporting env vars: AIRFLOW_CTX_DAG_OWNER='***' AIRFLOW_CTX_DAG_ID='pipeline_dados_transito_tcc' AIRFLOW_CTX_TASK_ID='processar_ippuc' AIRFLOW_CTX_EXECUTION_DATE='2025-09-04T13:52:10.492677+00:00' AIRFLOW_CTX_TRY_NUMBER='1' AIRFLOW_CTX_DAG_RUN_ID='manual__2025-09-04T13:52:10.492677+00:00'
[2025-09-04T13:52:12.492+0000] {taskinstance.py:430} INFO - ::endgroup::
[2025-09-04T13:52:12.532+0000] {subprocess.py:63} INFO - Tmp dir root location: /tmp
[2025-09-04T13:52:12.533+0000] {subprocess.py:75} INFO - Running command: ['/usr/bin/bash', '-c', 'pip install pandas geopandas sqlalchemy mysql-connector-python && python /opt/***/pipelines/ippuc.py']
[2025-09-04T13:52:12.547+0000] {subprocess.py:86} INFO - Output:
[2025-09-04T13:52:15.389+0000] {subprocess.py:93} INFO - Requirement already satisfied: pandas in /home/***/.local/lib/python3.12/site-packages (2.1.4)
[2025-09-04T13:52:15.632+0000] {subprocess.py:93} INFO - Collecting geopandas
[2025-09-04T13:52:15.796+0000] {subprocess.py:93} INFO -   Downloading geopandas-1.1.1-py3-none-any.whl.metadata (2.3 kB)
[2025-09-04T13:52:15.806+0000] {subprocess.py:93} INFO - Requirement already satisfied: sqlalchemy in /home/***/.local/lib/python3.12/site-packages (1.4.52)
[2025-09-04T13:52:15.807+0000] {subprocess.py:93} INFO - Requirement already satisfied: mysql-connector-python in /home/***/.local/lib/python3.12/site-packages (8.4.0)
[2025-09-04T13:52:15.931+0000] {subprocess.py:93} INFO - Requirement already satisfied: numpy<2,>=1.26.0 in /home/***/.local/lib/python3.12/site-packages (from pandas) (1.26.4)
[2025-09-04T13:52:15.934+0000] {subprocess.py:93} INFO - Requirement already satisfied: python-dateutil>=2.8.2 in /home/***/.local/lib/python3.12/site-packages (from pandas) (2.9.0.post0)
[2025-09-04T13:52:15.937+0000] {subprocess.py:93} INFO - Requirement already satisfied: pytz>=2020.1 in /home/***/.local/lib/python3.12/site-packages (from pandas) (2024.1)
[2025-09-04T13:52:15.938+0000] {subprocess.py:93} INFO - Requirement already satisfied: tzdata>=2022.1 in /home/***/.local/lib/python3.12/site-packages (from pandas) (2024.1)
[2025-09-04T13:52:16.081+0000] {subprocess.py:93} INFO - Collecting pyogrio>=0.7.2 (from geopandas)
[2025-09-04T13:52:16.116+0000] {subprocess.py:93} INFO -   Downloading pyogrio-0.11.1-cp312-cp312-manylinux_2_28_x86_64.whl.metadata (5.3 kB)
[2025-09-04T13:52:16.129+0000] {subprocess.py:93} INFO - Requirement already satisfied: packaging in /home/***/.local/lib/python3.12/site-packages (from geopandas) (24.0)
[2025-09-04T13:52:16.333+0000] {subprocess.py:93} INFO - Collecting pyproj>=3.5.0 (from geopandas)
[2025-09-04T13:52:16.364+0000] {subprocess.py:93} INFO -   Downloading pyproj-3.7.2-cp312-cp312-manylinux_2_28_x86_64.whl.metadata (31 kB)
[2025-09-04T13:52:16.395+0000] {subprocess.py:93} INFO - Requirement already satisfied: shapely>=2.0.0 in /home/***/.local/lib/python3.12/site-packages (from geopandas) (2.0.4)
[2025-09-04T13:52:16.448+0000] {subprocess.py:93} INFO - Requirement already satisfied: greenlet!=0.4.17 in /home/***/.local/lib/python3.12/site-packages (from sqlalchemy) (3.0.3)
[2025-09-04T13:52:16.476+0000] {subprocess.py:93} INFO - Requirement already satisfied: certifi in /home/***/.local/lib/python3.12/site-packages (from pyogrio>=0.7.2->geopandas) (2024.6.2)
[2025-09-04T13:52:16.485+0000] {subprocess.py:93} INFO - Requirement already satisfied: six>=1.5 in /home/***/.local/lib/python3.12/site-packages (from python-dateutil>=2.8.2->pandas) (1.16.0)
[2025-09-04T13:52:16.548+0000] {subprocess.py:93} INFO - Downloading geopandas-1.1.1-py3-none-any.whl (338 kB)
[2025-09-04T13:52:16.722+0000] {subprocess.py:93} INFO -    ━━━━━━━━━━━━━━━━━━━━━━━━━━━━━━━━━━━━━━━━ 338.4/338.4 kB 1.9 MB/s eta 0:00:00
[2025-09-04T13:52:16.753+0000] {subprocess.py:93} INFO - Downloading pyogrio-0.11.1-cp312-cp312-manylinux_2_28_x86_64.whl (27.7 MB)
[2025-09-04T13:52:23.921+0000] {subprocess.py:93} INFO -    ━━━━━━━━━━━━━━━━━━━━━━━━━━━━━━━━━━━━━━━━ 27.7/27.7 MB 4.5 MB/s eta 0:00:00
[2025-09-04T13:52:23.954+0000] {subprocess.py:93} INFO - Downloading pyproj-3.7.2-cp312-cp312-manylinux_2_28_x86_64.whl (9.6 MB)
[2025-09-04T13:52:25.534+0000] {subprocess.py:93} INFO -    ━━━━━━━━━━━━━━━━━━━━━━━━━━━━━━━━━━━━━━━━ 9.6/9.6 MB 6.1 MB/s eta 0:00:00
[2025-09-04T13:52:28.649+0000] {subprocess.py:93} INFO - Installing collected packages: pyproj, pyogrio, geopandas
[2025-09-04T13:52:30.989+0000] {subprocess.py:93} INFO - Successfully installed geopandas-1.1.1 pyogrio-0.11.1 pyproj-3.7.2
[2025-09-04T13:52:31.263+0000] {subprocess.py:93} INFO - 
[2025-09-04T13:52:31.263+0000] {subprocess.py:93} INFO - [notice] A new release of pip is available: 24.0 -> 25.2
[2025-09-04T13:52:31.264+0000] {subprocess.py:93} INFO - [notice] To update, run: pip install --upgrade pip
[2025-09-04T13:52:33.182+0000] {subprocess.py:93} INFO - Ocorreu um erro inesperado ao ler o arquivo Shapefile: /opt/***/data/brutos/ippuc/SIST_VIARIO_CLASSIFICADO_SIRGAS/SIST_VIARIO_CLASSIFICADO.shp: No such file or directory
[2025-09-04T13:52:33.183+0000] {subprocess.py:93} INFO - 
[2025-09-04T13:52:33.183+0000] {subprocess.py:93} INFO - Pipeline encerrado. Não foi possível extrair os dados.
[2025-09-04T13:52:33.380+0000] {subprocess.py:97} INFO - Command exited with return code 0
[2025-09-04T13:52:33.384+0000] {taskinstance.py:441} INFO - ::group::Post task execution logs
[2025-09-04T13:52:33.416+0000] {taskinstance.py:1206} INFO - Marking task as SUCCESS. dag_id=pipeline_dados_transito_tcc, task_id=processar_ippuc, run_id=manual__2025-09-04T13:52:10.492677+00:00, execution_date=20250904T135210, start_date=20250904T135212, end_date=20250904T135233
[2025-09-04T13:52:33.471+0000] {local_task_job_runner.py:240} INFO - Task exited with return code 0
[2025-09-04T13:52:33.496+0000] {taskinstance.py:3503} INFO - 0 downstream tasks scheduled from follow-on schedule check
[2025-09-04T13:52:33.505+0000] {local_task_job_runner.py:222} INFO - ::endgroup::
