[2025-09-05T20:07:08.844+0000] {local_task_job_runner.py:120} INFO - ::group::Pre task execution logs
[2025-09-05T20:07:08.868+0000] {taskinstance.py:2076} INFO - Dependencies all met for dep_context=non-requeueable deps ti=<TaskInstance: pipeline_dados_transito_tcc.processar_ippuc manual__2025-09-05T20:07:07.242381+00:00 [queued]>
[2025-09-05T20:07:08.878+0000] {taskinstance.py:2076} INFO - Dependencies all met for dep_context=requeueable deps ti=<TaskInstance: pipeline_dados_transito_tcc.processar_ippuc manual__2025-09-05T20:07:07.242381+00:00 [queued]>
[2025-09-05T20:07:08.878+0000] {taskinstance.py:2306} INFO - Starting attempt 1 of 1
[2025-09-05T20:07:08.891+0000] {taskinstance.py:2330} INFO - Executing <Task(BashOperator): processar_ippuc> on 2025-09-05 20:07:07.242381+00:00
[2025-09-05T20:07:08.897+0000] {warnings.py:112} WARNING - /home/***/.local/lib/python3.12/site-packages/***/task/task_runner/standard_task_runner.py:61: DeprecationWarning: This process (pid=66) is multi-threaded, use of fork() may lead to deadlocks in the child.
  pid = os.fork()

[2025-09-05T20:07:08.899+0000] {standard_task_runner.py:63} INFO - Started process 73 to run task
[2025-09-05T20:07:08.901+0000] {standard_task_runner.py:90} INFO - Running: ['***', 'tasks', 'run', 'pipeline_dados_transito_tcc', 'processar_ippuc', 'manual__2025-09-05T20:07:07.242381+00:00', '--job-id', '6', '--raw', '--subdir', 'DAGS_FOLDER/tcc_pipeline_dag.py', '--cfg-path', '/tmp/tmpj8dcipft']
[2025-09-05T20:07:08.902+0000] {standard_task_runner.py:91} INFO - Job 6: Subtask processar_ippuc
[2025-09-05T20:07:08.991+0000] {task_command.py:426} INFO - Running <TaskInstance: pipeline_dados_transito_tcc.processar_ippuc manual__2025-09-05T20:07:07.242381+00:00 [running]> on host 6739f19e6c49
[2025-09-05T20:07:09.070+0000] {taskinstance.py:2648} INFO - Exporting env vars: AIRFLOW_CTX_DAG_OWNER='***' AIRFLOW_CTX_DAG_ID='pipeline_dados_transito_tcc' AIRFLOW_CTX_TASK_ID='processar_ippuc' AIRFLOW_CTX_EXECUTION_DATE='2025-09-05T20:07:07.242381+00:00' AIRFLOW_CTX_TRY_NUMBER='1' AIRFLOW_CTX_DAG_RUN_ID='manual__2025-09-05T20:07:07.242381+00:00'
[2025-09-05T20:07:09.071+0000] {taskinstance.py:430} INFO - ::endgroup::
[2025-09-05T20:07:09.098+0000] {subprocess.py:63} INFO - Tmp dir root location: /tmp
[2025-09-05T20:07:09.099+0000] {subprocess.py:75} INFO - Running command: ['/usr/bin/bash', '-c', 'pip install pandas geopandas sqlalchemy mysql-connector-python && python /opt/***/pipelines/ippuc.py']
[2025-09-05T20:07:09.106+0000] {subprocess.py:86} INFO - Output:
[2025-09-05T20:07:10.857+0000] {subprocess.py:93} INFO - Requirement already satisfied: pandas in /home/***/.local/lib/python3.12/site-packages (2.1.4)
[2025-09-05T20:07:11.999+0000] {subprocess.py:93} INFO - Collecting geopandas
[2025-09-05T20:07:12.001+0000] {subprocess.py:93} INFO -   Using cached geopandas-1.1.1-py3-none-any.whl.metadata (2.3 kB)
[2025-09-05T20:07:12.003+0000] {subprocess.py:93} INFO - Requirement already satisfied: sqlalchemy in /home/***/.local/lib/python3.12/site-packages (1.4.52)
[2025-09-05T20:07:12.006+0000] {subprocess.py:93} INFO - Requirement already satisfied: mysql-connector-python in /home/***/.local/lib/python3.12/site-packages (8.4.0)
[2025-09-05T20:07:12.108+0000] {subprocess.py:93} INFO - Requirement already satisfied: numpy<2,>=1.26.0 in /home/***/.local/lib/python3.12/site-packages (from pandas) (1.26.4)
[2025-09-05T20:07:12.113+0000] {subprocess.py:93} INFO - Requirement already satisfied: python-dateutil>=2.8.2 in /home/***/.local/lib/python3.12/site-packages (from pandas) (2.9.0.post0)
[2025-09-05T20:07:12.116+0000] {subprocess.py:93} INFO - Requirement already satisfied: pytz>=2020.1 in /home/***/.local/lib/python3.12/site-packages (from pandas) (2024.1)
[2025-09-05T20:07:12.119+0000] {subprocess.py:93} INFO - Requirement already satisfied: tzdata>=2022.1 in /home/***/.local/lib/python3.12/site-packages (from pandas) (2024.1)
[2025-09-05T20:07:12.216+0000] {subprocess.py:93} INFO - Collecting pyogrio>=0.7.2 (from geopandas)
[2025-09-05T20:07:12.219+0000] {subprocess.py:93} INFO -   Using cached pyogrio-0.11.1-cp312-cp312-manylinux_2_28_x86_64.whl.metadata (5.3 kB)
[2025-09-05T20:07:12.224+0000] {subprocess.py:93} INFO - Requirement already satisfied: packaging in /home/***/.local/lib/python3.12/site-packages (from geopandas) (24.0)
[2025-09-05T20:07:12.437+0000] {subprocess.py:93} INFO - Collecting pyproj>=3.5.0 (from geopandas)
[2025-09-05T20:07:12.442+0000] {subprocess.py:93} INFO -   Using cached pyproj-3.7.2-cp312-cp312-manylinux_2_28_x86_64.whl.metadata (31 kB)
[2025-09-05T20:07:12.453+0000] {subprocess.py:93} INFO - Requirement already satisfied: shapely>=2.0.0 in /home/***/.local/lib/python3.12/site-packages (from geopandas) (2.0.4)
[2025-09-05T20:07:12.533+0000] {subprocess.py:93} INFO - Requirement already satisfied: greenlet!=0.4.17 in /home/***/.local/lib/python3.12/site-packages (from sqlalchemy) (3.0.3)
[2025-09-05T20:07:12.571+0000] {subprocess.py:93} INFO - Requirement already satisfied: certifi in /home/***/.local/lib/python3.12/site-packages (from pyogrio>=0.7.2->geopandas) (2024.6.2)
[2025-09-05T20:07:12.582+0000] {subprocess.py:93} INFO - Requirement already satisfied: six>=1.5 in /home/***/.local/lib/python3.12/site-packages (from python-dateutil>=2.8.2->pandas) (1.16.0)
[2025-09-05T20:07:12.623+0000] {subprocess.py:93} INFO - Using cached geopandas-1.1.1-py3-none-any.whl (338 kB)
[2025-09-05T20:07:12.769+0000] {subprocess.py:93} INFO - Downloading pyogrio-0.11.1-cp312-cp312-manylinux_2_28_x86_64.whl (27.7 MB)
[2025-09-05T20:07:13.985+0000] {subprocess.py:93} INFO -    ━━━━━━━━━━━━━━━━━━━━━━━━━━━━━━━━━━━━━━━━ 27.7/27.7 MB 21.9 MB/s eta 0:00:00
[2025-09-05T20:07:14.014+0000] {subprocess.py:93} INFO - Downloading pyproj-3.7.2-cp312-cp312-manylinux_2_28_x86_64.whl (9.6 MB)
[2025-09-05T20:07:14.367+0000] {subprocess.py:93} INFO -    ━━━━━━━━━━━━━━━━━━━━━━━━━━━━━━━━━━━━━━━━ 9.6/9.6 MB 27.3 MB/s eta 0:00:00
[2025-09-05T20:07:16.457+0000] {subprocess.py:93} INFO - Installing collected packages: pyproj, pyogrio, geopandas
[2025-09-05T20:07:17.572+0000] {subprocess.py:93} INFO - Successfully installed geopandas-1.1.1 pyogrio-0.11.1 pyproj-3.7.2
[2025-09-05T20:07:17.728+0000] {subprocess.py:93} INFO - 
[2025-09-05T20:07:17.729+0000] {subprocess.py:93} INFO - [notice] A new release of pip is available: 24.0 -> 25.2
[2025-09-05T20:07:17.729+0000] {subprocess.py:93} INFO - [notice] To update, run: pip install --upgrade pip
[2025-09-05T20:07:19.945+0000] {subprocess.py:93} INFO - /opt/***/pipelines/ippuc.py:51: UserWarning: Geometry column does not contain geometry.
[2025-09-05T20:07:19.946+0000] {subprocess.py:93} INFO -   gdf_transformado['geometry'] = gdf_transformado['geometry'].apply(lambda geom: geom.wkt)
[2025-09-05T20:07:20.244+0000] {subprocess.py:93} INFO - Arquivo 'SIST_VIARIO_CLASSIFICADO.shp' lido com sucesso!
[2025-09-05T20:07:20.245+0000] {subprocess.py:93} INFO - 
[2025-09-05T20:07:20.246+0000] {subprocess.py:93} INFO - --- Iniciando transformação dos dados geográficos ---
[2025-09-05T20:07:20.247+0000] {subprocess.py:93} INFO - Coluna de geometria convertida para WKT.
[2025-09-05T20:07:20.248+0000] {subprocess.py:93} INFO - 
[2025-09-05T20:07:20.248+0000] {subprocess.py:93} INFO - --- Informações do DataFrame Final ---
[2025-09-05T20:07:20.249+0000] {subprocess.py:93} INFO - <class 'geopandas.geodataframe.GeoDataFrame'>
[2025-09-05T20:07:20.249+0000] {subprocess.py:93} INFO - RangeIndex: 1240 entries, 0 to 1239
[2025-09-05T20:07:20.250+0000] {subprocess.py:93} INFO - Data columns (total 4 columns):
[2025-09-05T20:07:20.250+0000] {subprocess.py:93} INFO -  #   Column          Non-Null Count  Dtype
[2025-09-05T20:07:20.251+0000] {subprocess.py:93} INFO - ---  ------          --------------  -----
[2025-09-05T20:07:20.252+0000] {subprocess.py:93} INFO -  0   nome_via        1227 non-null   object
[2025-09-05T20:07:20.252+0000] {subprocess.py:93} INFO -  1   sistema_viario  1240 non-null   object
[2025-09-05T20:07:20.253+0000] {subprocess.py:93} INFO -  2   hierarquia_via  1240 non-null   object
[2025-09-05T20:07:20.254+0000] {subprocess.py:93} INFO -  3   geometry        1240 non-null   object
[2025-09-05T20:07:20.255+0000] {subprocess.py:93} INFO - dtypes: object(4)
[2025-09-05T20:07:20.256+0000] {subprocess.py:93} INFO - memory usage: 38.9+ KB
[2025-09-05T20:07:20.256+0000] {subprocess.py:93} INFO - 
[2025-09-05T20:07:20.257+0000] {subprocess.py:93} INFO - --- Iniciando carregamento para a tabela 'sistema_viario' no MySQL ---
[2025-09-05T20:07:20.258+0000] {subprocess.py:93} INFO - ERRO ao carregar dados no MySQL: `sistema_viario`
[2025-09-05T20:07:20.404+0000] {subprocess.py:97} INFO - Command exited with return code 1
[2025-09-05T20:07:20.407+0000] {taskinstance.py:441} INFO - ::group::Post task execution logs
[2025-09-05T20:07:20.418+0000] {taskinstance.py:2905} ERROR - Task failed with exception
Traceback (most recent call last):
  File "/home/airflow/.local/lib/python3.12/site-packages/airflow/models/taskinstance.py", line 465, in _execute_task
    result = _execute_callable(context=context, **execute_callable_kwargs)
             ^^^^^^^^^^^^^^^^^^^^^^^^^^^^^^^^^^^^^^^^^^^^^^^^^^^^^^^^^^^^^
  File "/home/airflow/.local/lib/python3.12/site-packages/airflow/models/taskinstance.py", line 432, in _execute_callable
    return execute_callable(context=context, **execute_callable_kwargs)
           ^^^^^^^^^^^^^^^^^^^^^^^^^^^^^^^^^^^^^^^^^^^^^^^^^^^^^^^^^^^^
  File "/home/airflow/.local/lib/python3.12/site-packages/airflow/models/baseoperator.py", line 401, in wrapper
    return func(self, *args, **kwargs)
           ^^^^^^^^^^^^^^^^^^^^^^^^^^^
  File "/home/airflow/.local/lib/python3.12/site-packages/airflow/operators/bash.py", line 243, in execute
    raise AirflowException(
airflow.exceptions.AirflowException: Bash command failed. The command returned a non-zero exit code 1.
[2025-09-05T20:07:20.424+0000] {taskinstance.py:1206} INFO - Marking task as FAILED. dag_id=pipeline_dados_transito_tcc, task_id=processar_ippuc, run_id=manual__2025-09-05T20:07:07.242381+00:00, execution_date=20250905T200707, start_date=20250905T200708, end_date=20250905T200720
[2025-09-05T20:07:20.442+0000] {standard_task_runner.py:110} ERROR - Failed to execute job 6 for task processar_ippuc (Bash command failed. The command returned a non-zero exit code 1.; 73)
[2025-09-05T20:07:20.488+0000] {local_task_job_runner.py:240} INFO - Task exited with return code 1
[2025-09-05T20:07:20.502+0000] {taskinstance.py:3503} INFO - 0 downstream tasks scheduled from follow-on schedule check
[2025-09-05T20:07:20.504+0000] {local_task_job_runner.py:222} INFO - ::endgroup::
