[2025-09-05T18:19:46.879+0000] {local_task_job_runner.py:120} INFO - ::group::Pre task execution logs
[2025-09-05T18:19:46.901+0000] {taskinstance.py:2076} INFO - Dependencies all met for dep_context=non-requeueable deps ti=<TaskInstance: pipeline_dados_transito_tcc.processar_ippuc scheduled__2025-09-04T08:00:00+00:00 [queued]>
[2025-09-05T18:19:46.909+0000] {taskinstance.py:2076} INFO - Dependencies all met for dep_context=requeueable deps ti=<TaskInstance: pipeline_dados_transito_tcc.processar_ippuc scheduled__2025-09-04T08:00:00+00:00 [queued]>
[2025-09-05T18:19:46.910+0000] {taskinstance.py:2306} INFO - Starting attempt 1 of 1
[2025-09-05T18:19:46.923+0000] {taskinstance.py:2330} INFO - Executing <Task(BashOperator): processar_ippuc> on 2025-09-04 08:00:00+00:00
[2025-09-05T18:19:46.928+0000] {warnings.py:112} WARNING - /home/***/.local/lib/python3.12/site-packages/***/task/task_runner/standard_task_runner.py:61: DeprecationWarning: This process (pid=61) is multi-threaded, use of fork() may lead to deadlocks in the child.
  pid = os.fork()

[2025-09-05T18:19:46.929+0000] {standard_task_runner.py:90} INFO - Running: ['***', 'tasks', 'run', 'pipeline_dados_transito_tcc', 'processar_ippuc', 'scheduled__2025-09-04T08:00:00+00:00', '--job-id', '8', '--raw', '--subdir', 'DAGS_FOLDER/tcc_pipeline_dag.py', '--cfg-path', '/tmp/tmpueu4ukld']
[2025-09-05T18:19:46.931+0000] {standard_task_runner.py:63} INFO - Started process 63 to run task
[2025-09-05T18:19:46.931+0000] {standard_task_runner.py:91} INFO - Job 8: Subtask processar_ippuc
[2025-09-05T18:19:47.006+0000] {task_command.py:426} INFO - Running <TaskInstance: pipeline_dados_transito_tcc.processar_ippuc scheduled__2025-09-04T08:00:00+00:00 [running]> on host b3d6fcf7f0dc
[2025-09-05T18:19:47.112+0000] {taskinstance.py:2648} INFO - Exporting env vars: AIRFLOW_CTX_DAG_OWNER='***' AIRFLOW_CTX_DAG_ID='pipeline_dados_transito_tcc' AIRFLOW_CTX_TASK_ID='processar_ippuc' AIRFLOW_CTX_EXECUTION_DATE='2025-09-04T08:00:00+00:00' AIRFLOW_CTX_TRY_NUMBER='1' AIRFLOW_CTX_DAG_RUN_ID='scheduled__2025-09-04T08:00:00+00:00'
[2025-09-05T18:19:47.114+0000] {taskinstance.py:430} INFO - ::endgroup::
[2025-09-05T18:19:47.129+0000] {subprocess.py:63} INFO - Tmp dir root location: /tmp
[2025-09-05T18:19:47.130+0000] {subprocess.py:75} INFO - Running command: ['/usr/bin/bash', '-c', 'pip install pandas geopandas sqlalchemy mysql-connector-python && python /opt/***/pipelines/ippuc.py']
[2025-09-05T18:19:47.138+0000] {subprocess.py:86} INFO - Output:
[2025-09-05T18:19:48.208+0000] {subprocess.py:93} INFO - Requirement already satisfied: pandas in /home/***/.local/lib/python3.12/site-packages (2.1.4)
[2025-09-05T18:19:48.210+0000] {subprocess.py:93} INFO - Requirement already satisfied: geopandas in /home/***/.local/lib/python3.12/site-packages (1.1.1)
[2025-09-05T18:19:48.210+0000] {subprocess.py:93} INFO - Requirement already satisfied: sqlalchemy in /home/***/.local/lib/python3.12/site-packages (1.4.52)
[2025-09-05T18:19:48.211+0000] {subprocess.py:93} INFO - Requirement already satisfied: mysql-connector-python in /home/***/.local/lib/python3.12/site-packages (8.4.0)
[2025-09-05T18:19:48.268+0000] {subprocess.py:93} INFO - Requirement already satisfied: numpy<2,>=1.26.0 in /home/***/.local/lib/python3.12/site-packages (from pandas) (1.26.4)
[2025-09-05T18:19:48.273+0000] {subprocess.py:93} INFO - Requirement already satisfied: python-dateutil>=2.8.2 in /home/***/.local/lib/python3.12/site-packages (from pandas) (2.9.0.post0)
[2025-09-05T18:19:48.279+0000] {subprocess.py:93} INFO - Requirement already satisfied: pytz>=2020.1 in /home/***/.local/lib/python3.12/site-packages (from pandas) (2024.1)
[2025-09-05T18:19:48.280+0000] {subprocess.py:93} INFO - Requirement already satisfied: tzdata>=2022.1 in /home/***/.local/lib/python3.12/site-packages (from pandas) (2024.1)
[2025-09-05T18:19:48.285+0000] {subprocess.py:93} INFO - Requirement already satisfied: pyogrio>=0.7.2 in /home/***/.local/lib/python3.12/site-packages (from geopandas) (0.11.1)
[2025-09-05T18:19:48.286+0000] {subprocess.py:93} INFO - Requirement already satisfied: packaging in /home/***/.local/lib/python3.12/site-packages (from geopandas) (24.0)
[2025-09-05T18:19:48.289+0000] {subprocess.py:93} INFO - Requirement already satisfied: pyproj>=3.5.0 in /home/***/.local/lib/python3.12/site-packages (from geopandas) (3.7.2)
[2025-09-05T18:19:48.290+0000] {subprocess.py:93} INFO - Requirement already satisfied: shapely>=2.0.0 in /home/***/.local/lib/python3.12/site-packages (from geopandas) (2.0.4)
[2025-09-05T18:19:48.320+0000] {subprocess.py:93} INFO - Requirement already satisfied: greenlet!=0.4.17 in /home/***/.local/lib/python3.12/site-packages (from sqlalchemy) (3.0.3)
[2025-09-05T18:19:48.335+0000] {subprocess.py:93} INFO - Requirement already satisfied: certifi in /home/***/.local/lib/python3.12/site-packages (from pyogrio>=0.7.2->geopandas) (2024.6.2)
[2025-09-05T18:19:48.341+0000] {subprocess.py:93} INFO - Requirement already satisfied: six>=1.5 in /home/***/.local/lib/python3.12/site-packages (from python-dateutil>=2.8.2->pandas) (1.16.0)
[2025-09-05T18:19:50.098+0000] {subprocess.py:93} INFO - 
[2025-09-05T18:19:50.099+0000] {subprocess.py:93} INFO - [notice] A new release of pip is available: 24.0 -> 25.2
[2025-09-05T18:19:50.100+0000] {subprocess.py:93} INFO - [notice] To update, run: pip install --upgrade pip
[2025-09-05T18:19:52.467+0000] {subprocess.py:93} INFO - /opt/***/pipelines/ippuc.py:51: UserWarning: Geometry column does not contain geometry.
[2025-09-05T18:19:52.468+0000] {subprocess.py:93} INFO -   gdf_transformado['geometry'] = gdf_transformado['geometry'].apply(lambda geom: geom.wkt)
[2025-09-05T18:19:53.045+0000] {subprocess.py:93} INFO - Arquivo 'SIST_VIARIO_CLASSIFICADO.shp' lido com sucesso!
[2025-09-05T18:19:53.045+0000] {subprocess.py:93} INFO - 
[2025-09-05T18:19:53.046+0000] {subprocess.py:93} INFO - --- Iniciando transformação dos dados geográficos ---
[2025-09-05T18:19:53.046+0000] {subprocess.py:93} INFO - Coluna de geometria convertida para WKT.
[2025-09-05T18:19:53.047+0000] {subprocess.py:93} INFO - 
[2025-09-05T18:19:53.048+0000] {subprocess.py:93} INFO - --- Informações do DataFrame Final ---
[2025-09-05T18:19:53.048+0000] {subprocess.py:93} INFO - <class 'geopandas.geodataframe.GeoDataFrame'>
[2025-09-05T18:19:53.048+0000] {subprocess.py:93} INFO - RangeIndex: 1240 entries, 0 to 1239
[2025-09-05T18:19:53.049+0000] {subprocess.py:93} INFO - Data columns (total 4 columns):
[2025-09-05T18:19:53.049+0000] {subprocess.py:93} INFO -  #   Column          Non-Null Count  Dtype
[2025-09-05T18:19:53.050+0000] {subprocess.py:93} INFO - ---  ------          --------------  -----
[2025-09-05T18:19:53.050+0000] {subprocess.py:93} INFO -  0   nome_via        1227 non-null   object
[2025-09-05T18:19:53.051+0000] {subprocess.py:93} INFO -  1   sistema_viario  1240 non-null   object
[2025-09-05T18:19:53.051+0000] {subprocess.py:93} INFO -  2   hierarquia_via  1240 non-null   object
[2025-09-05T18:19:53.052+0000] {subprocess.py:93} INFO -  3   geometry        1240 non-null   object
[2025-09-05T18:19:53.052+0000] {subprocess.py:93} INFO - dtypes: object(4)
[2025-09-05T18:19:53.053+0000] {subprocess.py:93} INFO - memory usage: 38.9+ KB
[2025-09-05T18:19:53.053+0000] {subprocess.py:93} INFO - 
[2025-09-05T18:19:53.053+0000] {subprocess.py:93} INFO - --- Iniciando carregamento para a tabela 'sistema_viario' no MySQL ---
[2025-09-05T18:19:53.054+0000] {subprocess.py:93} INFO - Carga de 1240 linhas para a tabela 'sistema_viario' concluída com sucesso!
[2025-09-05T18:19:53.174+0000] {subprocess.py:97} INFO - Command exited with return code 0
[2025-09-05T18:19:53.175+0000] {taskinstance.py:441} INFO - ::group::Post task execution logs
[2025-09-05T18:19:53.197+0000] {taskinstance.py:1206} INFO - Marking task as SUCCESS. dag_id=pipeline_dados_transito_tcc, task_id=processar_ippuc, run_id=scheduled__2025-09-04T08:00:00+00:00, execution_date=20250904T080000, start_date=20250905T181946, end_date=20250905T181953
[2025-09-05T18:19:53.217+0000] {local_task_job_runner.py:240} INFO - Task exited with return code 0
[2025-09-05T18:19:53.227+0000] {taskinstance.py:3503} INFO - 0 downstream tasks scheduled from follow-on schedule check
[2025-09-05T18:19:53.229+0000] {local_task_job_runner.py:222} INFO - ::endgroup::
[2025-09-05T20:07:08.829+0000] {local_task_job_runner.py:120} INFO - ::group::Pre task execution logs
[2025-09-05T20:07:08.852+0000] {taskinstance.py:2076} INFO - Dependencies all met for dep_context=non-requeueable deps ti=<TaskInstance: pipeline_dados_transito_tcc.processar_ippuc scheduled__2025-09-04T08:00:00+00:00 [queued]>
[2025-09-05T20:07:08.861+0000] {taskinstance.py:2076} INFO - Dependencies all met for dep_context=requeueable deps ti=<TaskInstance: pipeline_dados_transito_tcc.processar_ippuc scheduled__2025-09-04T08:00:00+00:00 [queued]>
[2025-09-05T20:07:08.862+0000] {taskinstance.py:2306} INFO - Starting attempt 1 of 1
[2025-09-05T20:07:08.874+0000] {taskinstance.py:2330} INFO - Executing <Task(BashOperator): processar_ippuc> on 2025-09-04 08:00:00+00:00
[2025-09-05T20:07:08.881+0000] {warnings.py:112} WARNING - /home/***/.local/lib/python3.12/site-packages/***/task/task_runner/standard_task_runner.py:61: DeprecationWarning: This process (pid=67) is multi-threaded, use of fork() may lead to deadlocks in the child.
  pid = os.fork()

[2025-09-05T20:07:08.883+0000] {standard_task_runner.py:63} INFO - Started process 71 to run task
[2025-09-05T20:07:08.884+0000] {standard_task_runner.py:90} INFO - Running: ['***', 'tasks', 'run', 'pipeline_dados_transito_tcc', 'processar_ippuc', 'scheduled__2025-09-04T08:00:00+00:00', '--job-id', '4', '--raw', '--subdir', 'DAGS_FOLDER/tcc_pipeline_dag.py', '--cfg-path', '/tmp/tmpm1tghunc']
[2025-09-05T20:07:08.886+0000] {standard_task_runner.py:91} INFO - Job 4: Subtask processar_ippuc
[2025-09-05T20:07:08.991+0000] {task_command.py:426} INFO - Running <TaskInstance: pipeline_dados_transito_tcc.processar_ippuc scheduled__2025-09-04T08:00:00+00:00 [running]> on host 6739f19e6c49
[2025-09-05T20:07:09.079+0000] {taskinstance.py:2648} INFO - Exporting env vars: AIRFLOW_CTX_DAG_OWNER='***' AIRFLOW_CTX_DAG_ID='pipeline_dados_transito_tcc' AIRFLOW_CTX_TASK_ID='processar_ippuc' AIRFLOW_CTX_EXECUTION_DATE='2025-09-04T08:00:00+00:00' AIRFLOW_CTX_TRY_NUMBER='1' AIRFLOW_CTX_DAG_RUN_ID='scheduled__2025-09-04T08:00:00+00:00'
[2025-09-05T20:07:09.080+0000] {taskinstance.py:430} INFO - ::endgroup::
[2025-09-05T20:07:09.098+0000] {subprocess.py:63} INFO - Tmp dir root location: /tmp
[2025-09-05T20:07:09.099+0000] {subprocess.py:75} INFO - Running command: ['/usr/bin/bash', '-c', 'pip install pandas geopandas sqlalchemy mysql-connector-python && python /opt/***/pipelines/ippuc.py']
[2025-09-05T20:07:09.107+0000] {subprocess.py:86} INFO - Output:
[2025-09-05T20:07:10.862+0000] {subprocess.py:93} INFO - Requirement already satisfied: pandas in /home/***/.local/lib/python3.12/site-packages (2.1.4)
[2025-09-05T20:07:11.022+0000] {subprocess.py:93} INFO - Collecting geopandas
[2025-09-05T20:07:11.157+0000] {subprocess.py:93} INFO -   Downloading geopandas-1.1.1-py3-none-any.whl.metadata (2.3 kB)
[2025-09-05T20:07:11.167+0000] {subprocess.py:93} INFO - Requirement already satisfied: sqlalchemy in /home/***/.local/lib/python3.12/site-packages (1.4.52)
[2025-09-05T20:07:11.168+0000] {subprocess.py:93} INFO - Requirement already satisfied: mysql-connector-python in /home/***/.local/lib/python3.12/site-packages (8.4.0)
[2025-09-05T20:07:11.265+0000] {subprocess.py:93} INFO - Requirement already satisfied: numpy<2,>=1.26.0 in /home/***/.local/lib/python3.12/site-packages (from pandas) (1.26.4)
[2025-09-05T20:07:11.267+0000] {subprocess.py:93} INFO - Requirement already satisfied: python-dateutil>=2.8.2 in /home/***/.local/lib/python3.12/site-packages (from pandas) (2.9.0.post0)
[2025-09-05T20:07:11.268+0000] {subprocess.py:93} INFO - Requirement already satisfied: pytz>=2020.1 in /home/***/.local/lib/python3.12/site-packages (from pandas) (2024.1)
[2025-09-05T20:07:11.270+0000] {subprocess.py:93} INFO - Requirement already satisfied: tzdata>=2022.1 in /home/***/.local/lib/python3.12/site-packages (from pandas) (2024.1)
[2025-09-05T20:07:11.361+0000] {subprocess.py:93} INFO - Collecting pyogrio>=0.7.2 (from geopandas)
[2025-09-05T20:07:11.382+0000] {subprocess.py:93} INFO -   Downloading pyogrio-0.11.1-cp312-cp312-manylinux_2_28_x86_64.whl.metadata (5.3 kB)
[2025-09-05T20:07:11.390+0000] {subprocess.py:93} INFO - Requirement already satisfied: packaging in /home/***/.local/lib/python3.12/site-packages (from geopandas) (24.0)
[2025-09-05T20:07:11.510+0000] {subprocess.py:93} INFO - Collecting pyproj>=3.5.0 (from geopandas)
[2025-09-05T20:07:11.531+0000] {subprocess.py:93} INFO -   Downloading pyproj-3.7.2-cp312-cp312-manylinux_2_28_x86_64.whl.metadata (31 kB)
[2025-09-05T20:07:11.551+0000] {subprocess.py:93} INFO - Requirement already satisfied: shapely>=2.0.0 in /home/***/.local/lib/python3.12/site-packages (from geopandas) (2.0.4)
[2025-09-05T20:07:11.581+0000] {subprocess.py:93} INFO - Requirement already satisfied: greenlet!=0.4.17 in /home/***/.local/lib/python3.12/site-packages (from sqlalchemy) (3.0.3)
[2025-09-05T20:07:11.598+0000] {subprocess.py:93} INFO - Requirement already satisfied: certifi in /home/***/.local/lib/python3.12/site-packages (from pyogrio>=0.7.2->geopandas) (2024.6.2)
[2025-09-05T20:07:11.604+0000] {subprocess.py:93} INFO - Requirement already satisfied: six>=1.5 in /home/***/.local/lib/python3.12/site-packages (from python-dateutil>=2.8.2->pandas) (1.16.0)
[2025-09-05T20:07:11.642+0000] {subprocess.py:93} INFO - Downloading geopandas-1.1.1-py3-none-any.whl (338 kB)
[2025-09-05T20:07:11.694+0000] {subprocess.py:93} INFO -    ━━━━━━━━━━━━━━━━━━━━━━━━━━━━━━━━━━━━━━━━ 338.4/338.4 kB 6.8 MB/s eta 0:00:00
[2025-09-05T20:07:11.716+0000] {subprocess.py:93} INFO - Downloading pyogrio-0.11.1-cp312-cp312-manylinux_2_28_x86_64.whl (27.7 MB)
[2025-09-05T20:07:13.338+0000] {subprocess.py:93} INFO -    ━━━━━━━━━━━━━━━━━━━━━━━━━━━━━━━━━━━━━━━━ 27.7/27.7 MB 13.3 MB/s eta 0:00:00
[2025-09-05T20:07:13.359+0000] {subprocess.py:93} INFO - Downloading pyproj-3.7.2-cp312-cp312-manylinux_2_28_x86_64.whl (9.6 MB)
[2025-09-05T20:07:14.265+0000] {subprocess.py:93} INFO -    ━━━━━━━━━━━━━━━━━━━━━━━━━━━━━━━━━━━━━━━━ 9.6/9.6 MB 10.6 MB/s eta 0:00:00
[2025-09-05T20:07:16.411+0000] {subprocess.py:93} INFO - Installing collected packages: pyproj, pyogrio, geopandas
[2025-09-05T20:07:17.519+0000] {subprocess.py:93} INFO - Successfully installed geopandas-1.1.1 pyogrio-0.11.1 pyproj-3.7.2
[2025-09-05T20:07:17.681+0000] {subprocess.py:93} INFO - 
[2025-09-05T20:07:17.682+0000] {subprocess.py:93} INFO - [notice] A new release of pip is available: 24.0 -> 25.2
[2025-09-05T20:07:17.682+0000] {subprocess.py:93} INFO - [notice] To update, run: pip install --upgrade pip
[2025-09-05T20:07:19.945+0000] {subprocess.py:93} INFO - /opt/***/pipelines/ippuc.py:51: UserWarning: Geometry column does not contain geometry.
[2025-09-05T20:07:19.945+0000] {subprocess.py:93} INFO -   gdf_transformado['geometry'] = gdf_transformado['geometry'].apply(lambda geom: geom.wkt)
[2025-09-05T20:07:20.401+0000] {subprocess.py:93} INFO - Arquivo 'SIST_VIARIO_CLASSIFICADO.shp' lido com sucesso!
[2025-09-05T20:07:20.407+0000] {subprocess.py:93} INFO - 
[2025-09-05T20:07:20.408+0000] {subprocess.py:93} INFO - --- Iniciando transformação dos dados geográficos ---
[2025-09-05T20:07:20.408+0000] {subprocess.py:93} INFO - Coluna de geometria convertida para WKT.
[2025-09-05T20:07:20.409+0000] {subprocess.py:93} INFO - 
[2025-09-05T20:07:20.409+0000] {subprocess.py:93} INFO - --- Informações do DataFrame Final ---
[2025-09-05T20:07:20.410+0000] {subprocess.py:93} INFO - <class 'geopandas.geodataframe.GeoDataFrame'>
[2025-09-05T20:07:20.410+0000] {subprocess.py:93} INFO - RangeIndex: 1240 entries, 0 to 1239
[2025-09-05T20:07:20.410+0000] {subprocess.py:93} INFO - Data columns (total 4 columns):
[2025-09-05T20:07:20.411+0000] {subprocess.py:93} INFO -  #   Column          Non-Null Count  Dtype
[2025-09-05T20:07:20.412+0000] {subprocess.py:93} INFO - ---  ------          --------------  -----
[2025-09-05T20:07:20.412+0000] {subprocess.py:93} INFO -  0   nome_via        1227 non-null   object
[2025-09-05T20:07:20.412+0000] {subprocess.py:93} INFO -  1   sistema_viario  1240 non-null   object
[2025-09-05T20:07:20.413+0000] {subprocess.py:93} INFO -  2   hierarquia_via  1240 non-null   object
[2025-09-05T20:07:20.413+0000] {subprocess.py:93} INFO -  3   geometry        1240 non-null   object
[2025-09-05T20:07:20.414+0000] {subprocess.py:93} INFO - dtypes: object(4)
[2025-09-05T20:07:20.414+0000] {subprocess.py:93} INFO - memory usage: 38.9+ KB
[2025-09-05T20:07:20.415+0000] {subprocess.py:93} INFO - 
[2025-09-05T20:07:20.416+0000] {subprocess.py:93} INFO - --- Iniciando carregamento para a tabela 'sistema_viario' no MySQL ---
[2025-09-05T20:07:20.417+0000] {subprocess.py:93} INFO - Carga de 1240 linhas para a tabela 'sistema_viario' concluída com sucesso!
[2025-09-05T20:07:20.548+0000] {subprocess.py:97} INFO - Command exited with return code 0
[2025-09-05T20:07:20.549+0000] {taskinstance.py:441} INFO - ::group::Post task execution logs
[2025-09-05T20:07:20.571+0000] {taskinstance.py:1206} INFO - Marking task as SUCCESS. dag_id=pipeline_dados_transito_tcc, task_id=processar_ippuc, run_id=scheduled__2025-09-04T08:00:00+00:00, execution_date=20250904T080000, start_date=20250905T200708, end_date=20250905T200720
[2025-09-05T20:07:20.601+0000] {local_task_job_runner.py:240} INFO - Task exited with return code 0
[2025-09-05T20:07:20.616+0000] {taskinstance.py:3503} INFO - 0 downstream tasks scheduled from follow-on schedule check
[2025-09-05T20:07:20.617+0000] {local_task_job_runner.py:222} INFO - ::endgroup::
