[2025-09-04T13:34:25.550+0000] {local_task_job_runner.py:120} INFO - ::group::Pre task execution logs
[2025-09-04T13:34:25.585+0000] {taskinstance.py:2076} INFO - Dependencies all met for dep_context=non-requeueable deps ti=<TaskInstance: pipeline_dados_transito_tcc.processar_sigesguarda manual__2025-09-04T13:34:23.465295+00:00 [queued]>
[2025-09-04T13:34:25.597+0000] {taskinstance.py:2076} INFO - Dependencies all met for dep_context=requeueable deps ti=<TaskInstance: pipeline_dados_transito_tcc.processar_sigesguarda manual__2025-09-04T13:34:23.465295+00:00 [queued]>
[2025-09-04T13:34:25.598+0000] {taskinstance.py:2306} INFO - Starting attempt 1 of 1
[2025-09-04T13:34:25.621+0000] {taskinstance.py:2330} INFO - Executing <Task(BashOperator): processar_sigesguarda> on 2025-09-04 13:34:23.465295+00:00
[2025-09-04T13:34:25.632+0000] {warnings.py:112} WARNING - /home/***/.local/lib/python3.12/site-packages/***/task/task_runner/standard_task_runner.py:61: DeprecationWarning: This process (pid=75) is multi-threaded, use of fork() may lead to deadlocks in the child.
  pid = os.fork()

[2025-09-04T13:34:25.634+0000] {standard_task_runner.py:90} INFO - Running: ['***', 'tasks', 'run', 'pipeline_dados_transito_tcc', 'processar_sigesguarda', 'manual__2025-09-04T13:34:23.465295+00:00', '--job-id', '27', '--raw', '--subdir', 'DAGS_FOLDER/tcc_pipeline_dag.py', '--cfg-path', '/tmp/tmp2s7cfyod']
[2025-09-04T13:34:25.638+0000] {standard_task_runner.py:63} INFO - Started process 78 to run task
[2025-09-04T13:34:25.639+0000] {standard_task_runner.py:91} INFO - Job 27: Subtask processar_sigesguarda
[2025-09-04T13:34:25.713+0000] {task_command.py:426} INFO - Running <TaskInstance: pipeline_dados_transito_tcc.processar_sigesguarda manual__2025-09-04T13:34:23.465295+00:00 [running]> on host 1a5e57583c12
[2025-09-04T13:34:25.813+0000] {taskinstance.py:2648} INFO - Exporting env vars: AIRFLOW_CTX_DAG_OWNER='***' AIRFLOW_CTX_DAG_ID='pipeline_dados_transito_tcc' AIRFLOW_CTX_TASK_ID='processar_sigesguarda' AIRFLOW_CTX_EXECUTION_DATE='2025-09-04T13:34:23.465295+00:00' AIRFLOW_CTX_TRY_NUMBER='1' AIRFLOW_CTX_DAG_RUN_ID='manual__2025-09-04T13:34:23.465295+00:00'
[2025-09-04T13:34:25.814+0000] {taskinstance.py:430} INFO - ::endgroup::
[2025-09-04T13:34:25.848+0000] {subprocess.py:63} INFO - Tmp dir root location: /tmp
[2025-09-04T13:34:25.849+0000] {subprocess.py:75} INFO - Running command: ['/usr/bin/bash', '-c', 'pip install pandas sqlalchemy mysql-connector-python && python /opt/***/pipelines/sigesguarda.py']
[2025-09-04T13:34:25.858+0000] {subprocess.py:86} INFO - Output:
[2025-09-04T13:34:28.515+0000] {subprocess.py:93} INFO - Requirement already satisfied: pandas in /home/***/.local/lib/python3.12/site-packages (2.1.4)
[2025-09-04T13:34:28.530+0000] {subprocess.py:93} INFO - Requirement already satisfied: sqlalchemy in /home/***/.local/lib/python3.12/site-packages (1.4.52)
[2025-09-04T13:34:28.574+0000] {subprocess.py:93} INFO - Requirement already satisfied: mysql-connector-python in /home/***/.local/lib/python3.12/site-packages (8.4.0)
[2025-09-04T13:34:28.641+0000] {subprocess.py:93} INFO - Requirement already satisfied: numpy<2,>=1.26.0 in /home/***/.local/lib/python3.12/site-packages (from pandas) (1.26.4)
[2025-09-04T13:34:28.644+0000] {subprocess.py:93} INFO - Requirement already satisfied: python-dateutil>=2.8.2 in /home/***/.local/lib/python3.12/site-packages (from pandas) (2.9.0.post0)
[2025-09-04T13:34:28.646+0000] {subprocess.py:93} INFO - Requirement already satisfied: pytz>=2020.1 in /home/***/.local/lib/python3.12/site-packages (from pandas) (2024.1)
[2025-09-04T13:34:28.651+0000] {subprocess.py:93} INFO - Requirement already satisfied: tzdata>=2022.1 in /home/***/.local/lib/python3.12/site-packages (from pandas) (2024.1)
[2025-09-04T13:34:28.720+0000] {subprocess.py:93} INFO - Requirement already satisfied: greenlet!=0.4.17 in /home/***/.local/lib/python3.12/site-packages (from sqlalchemy) (3.0.3)
[2025-09-04T13:34:28.742+0000] {subprocess.py:93} INFO - Requirement already satisfied: six>=1.5 in /home/***/.local/lib/python3.12/site-packages (from python-dateutil>=2.8.2->pandas) (1.16.0)
[2025-09-04T13:34:33.099+0000] {subprocess.py:93} INFO - 
[2025-09-04T13:34:33.101+0000] {subprocess.py:93} INFO - [notice] A new release of pip is available: 24.0 -> 25.2
[2025-09-04T13:34:33.102+0000] {subprocess.py:93} INFO - [notice] To update, run: pip install --upgrade pip
[2025-09-04T13:34:36.680+0000] {subprocess.py:93} INFO - ERRO: Arquivo não encontrado em '/opt/***/data/brutos/sigesguarda/2025-06-25_sigesguarda_-_Base_de_Dados.csv'
[2025-09-04T13:34:36.681+0000] {subprocess.py:93} INFO - 
[2025-09-04T13:34:36.682+0000] {subprocess.py:93} INFO - Pipeline encerrado. Não foi possível extrair os dados.
[2025-09-04T13:34:36.822+0000] {subprocess.py:97} INFO - Command exited with return code 0
[2025-09-04T13:34:36.823+0000] {taskinstance.py:441} INFO - ::group::Post task execution logs
[2025-09-04T13:34:36.856+0000] {taskinstance.py:1206} INFO - Marking task as SUCCESS. dag_id=pipeline_dados_transito_tcc, task_id=processar_sigesguarda, run_id=manual__2025-09-04T13:34:23.465295+00:00, execution_date=20250904T133423, start_date=20250904T133425, end_date=20250904T133436
[2025-09-04T13:34:36.900+0000] {local_task_job_runner.py:240} INFO - Task exited with return code 0
[2025-09-04T13:34:36.921+0000] {taskinstance.py:3503} INFO - 0 downstream tasks scheduled from follow-on schedule check
[2025-09-04T13:34:36.924+0000] {local_task_job_runner.py:222} INFO - ::endgroup::
