[2025-09-05T18:19:46.878+0000] {local_task_job_runner.py:120} INFO - ::group::Pre task execution logs
[2025-09-05T18:19:46.901+0000] {taskinstance.py:2076} INFO - Dependencies all met for dep_context=non-requeueable deps ti=<TaskInstance: pipeline_dados_transito_tcc.processar_sigesguarda scheduled__2025-09-04T08:00:00+00:00 [queued]>
[2025-09-05T18:19:46.909+0000] {taskinstance.py:2076} INFO - Dependencies all met for dep_context=requeueable deps ti=<TaskInstance: pipeline_dados_transito_tcc.processar_sigesguarda scheduled__2025-09-04T08:00:00+00:00 [queued]>
[2025-09-05T18:19:46.910+0000] {taskinstance.py:2306} INFO - Starting attempt 1 of 1
[2025-09-05T18:19:46.922+0000] {taskinstance.py:2330} INFO - Executing <Task(BashOperator): processar_sigesguarda> on 2025-09-04 08:00:00+00:00
[2025-09-05T18:19:46.928+0000] {warnings.py:112} WARNING - /home/***/.local/lib/python3.12/site-packages/***/task/task_runner/standard_task_runner.py:61: DeprecationWarning: This process (pid=60) is multi-threaded, use of fork() may lead to deadlocks in the child.
  pid = os.fork()

[2025-09-05T18:19:46.931+0000] {standard_task_runner.py:63} INFO - Started process 62 to run task
[2025-09-05T18:19:46.933+0000] {standard_task_runner.py:90} INFO - Running: ['***', 'tasks', 'run', 'pipeline_dados_transito_tcc', 'processar_sigesguarda', 'scheduled__2025-09-04T08:00:00+00:00', '--job-id', '7', '--raw', '--subdir', 'DAGS_FOLDER/tcc_pipeline_dag.py', '--cfg-path', '/tmp/tmp5kce1nec']
[2025-09-05T18:19:46.934+0000] {standard_task_runner.py:91} INFO - Job 7: Subtask processar_sigesguarda
[2025-09-05T18:19:47.006+0000] {task_command.py:426} INFO - Running <TaskInstance: pipeline_dados_transito_tcc.processar_sigesguarda scheduled__2025-09-04T08:00:00+00:00 [running]> on host b3d6fcf7f0dc
[2025-09-05T18:19:47.111+0000] {taskinstance.py:2648} INFO - Exporting env vars: AIRFLOW_CTX_DAG_OWNER='***' AIRFLOW_CTX_DAG_ID='pipeline_dados_transito_tcc' AIRFLOW_CTX_TASK_ID='processar_sigesguarda' AIRFLOW_CTX_EXECUTION_DATE='2025-09-04T08:00:00+00:00' AIRFLOW_CTX_TRY_NUMBER='1' AIRFLOW_CTX_DAG_RUN_ID='scheduled__2025-09-04T08:00:00+00:00'
[2025-09-05T18:19:47.112+0000] {taskinstance.py:430} INFO - ::endgroup::
[2025-09-05T18:19:47.128+0000] {subprocess.py:63} INFO - Tmp dir root location: /tmp
[2025-09-05T18:19:47.130+0000] {subprocess.py:75} INFO - Running command: ['/usr/bin/bash', '-c', 'pip install pandas sqlalchemy mysql-connector-python && python /opt/***/pipelines/sigesguarda.py']
[2025-09-05T18:19:47.138+0000] {subprocess.py:86} INFO - Output:
[2025-09-05T18:19:48.216+0000] {subprocess.py:93} INFO - Requirement already satisfied: pandas in /home/***/.local/lib/python3.12/site-packages (2.1.4)
[2025-09-05T18:19:48.217+0000] {subprocess.py:93} INFO - Requirement already satisfied: sqlalchemy in /home/***/.local/lib/python3.12/site-packages (1.4.52)
[2025-09-05T18:19:48.218+0000] {subprocess.py:93} INFO - Requirement already satisfied: mysql-connector-python in /home/***/.local/lib/python3.12/site-packages (8.4.0)
[2025-09-05T18:19:48.274+0000] {subprocess.py:93} INFO - Requirement already satisfied: numpy<2,>=1.26.0 in /home/***/.local/lib/python3.12/site-packages (from pandas) (1.26.4)
[2025-09-05T18:19:48.279+0000] {subprocess.py:93} INFO - Requirement already satisfied: python-dateutil>=2.8.2 in /home/***/.local/lib/python3.12/site-packages (from pandas) (2.9.0.post0)
[2025-09-05T18:19:48.279+0000] {subprocess.py:93} INFO - Requirement already satisfied: pytz>=2020.1 in /home/***/.local/lib/python3.12/site-packages (from pandas) (2024.1)
[2025-09-05T18:19:48.280+0000] {subprocess.py:93} INFO - Requirement already satisfied: tzdata>=2022.1 in /home/***/.local/lib/python3.12/site-packages (from pandas) (2024.1)
[2025-09-05T18:19:48.314+0000] {subprocess.py:93} INFO - Requirement already satisfied: greenlet!=0.4.17 in /home/***/.local/lib/python3.12/site-packages (from sqlalchemy) (3.0.3)
[2025-09-05T18:19:48.333+0000] {subprocess.py:93} INFO - Requirement already satisfied: six>=1.5 in /home/***/.local/lib/python3.12/site-packages (from python-dateutil>=2.8.2->pandas) (1.16.0)
[2025-09-05T18:19:50.044+0000] {subprocess.py:93} INFO - 
[2025-09-05T18:19:50.045+0000] {subprocess.py:93} INFO - [notice] A new release of pip is available: 24.0 -> 25.2
[2025-09-05T18:19:50.046+0000] {subprocess.py:93} INFO - [notice] To update, run: pip install --upgrade pip
[2025-09-05T18:19:59.511+0000] {subprocess.py:93} INFO - Arquivo '2025-06-25_sigesguarda_-_Base_de_Dados.csv' lido com sucesso!
[2025-09-05T18:19:59.512+0000] {subprocess.py:93} INFO - 
[2025-09-05T18:19:59.512+0000] {subprocess.py:93} INFO - --- Iniciando transformação de Data e Hora ---
[2025-09-05T18:19:59.514+0000] {subprocess.py:93} INFO - Transformação de data e hora concluída.
[2025-09-05T18:19:59.514+0000] {subprocess.py:93} INFO - 
[2025-09-05T18:19:59.515+0000] {subprocess.py:93} INFO - --- Selecionando e reordenando colunas finais ---
[2025-09-05T18:19:59.515+0000] {subprocess.py:93} INFO - 
[2025-09-05T18:19:59.515+0000] {subprocess.py:93} INFO - --- Informações do DataFrame Final ---
[2025-09-05T18:19:59.516+0000] {subprocess.py:93} INFO - <class 'pandas.core.frame.DataFrame'>
[2025-09-05T18:19:59.516+0000] {subprocess.py:93} INFO - RangeIndex: 122457 entries, 0 to 122456
[2025-09-05T18:19:59.517+0000] {subprocess.py:93} INFO - Data columns (total 17 columns):
[2025-09-05T18:19:59.517+0000] {subprocess.py:93} INFO -  #   Column                    Non-Null Count   Dtype
[2025-09-05T18:19:59.517+0000] {subprocess.py:93} INFO - ---  ------                    --------------   -----
[2025-09-05T18:19:59.518+0000] {subprocess.py:93} INFO -  0   OCORRENCIA_TIMESTAMP      122457 non-null  datetime64[ns]
[2025-09-05T18:19:59.518+0000] {subprocess.py:93} INFO -  1   ANO                       122457 non-null  Int64
[2025-09-05T18:19:59.519+0000] {subprocess.py:93} INFO -  2   MES                       122457 non-null  Int64
[2025-09-05T18:19:59.519+0000] {subprocess.py:93} INFO -  3   DIA                       122457 non-null  Int64
[2025-09-05T18:19:59.520+0000] {subprocess.py:93} INFO -  4   HORA                      122457 non-null  Int64
[2025-09-05T18:19:59.520+0000] {subprocess.py:93} INFO -  5   MINUTO                    122457 non-null  Int64
[2025-09-05T18:19:59.521+0000] {subprocess.py:93} INFO -  6   NOME_DIA_SEMANA           122457 non-null  object
[2025-09-05T18:19:59.521+0000] {subprocess.py:93} INFO -  7   DIA_DA_SEMANA_NUM         122457 non-null  Int64
[2025-09-05T18:19:59.521+0000] {subprocess.py:93} INFO -  8   ATENDIMENTO_BAIRRO_NOME   122372 non-null  object
[2025-09-05T18:19:59.522+0000] {subprocess.py:93} INFO -  9   LOGRADOURO_NOME           119270 non-null  object
[2025-09-05T18:19:59.522+0000] {subprocess.py:93} INFO -  10  REGIONAL_FATO_NOME        122292 non-null  object
[2025-09-05T18:19:59.523+0000] {subprocess.py:93} INFO -  11  NATUREZA1_DESCRICAO       122431 non-null  object
[2025-09-05T18:19:59.523+0000] {subprocess.py:93} INFO -  12  SUBCATEGORIA1_DESCRICAO   103896 non-null  object
[2025-09-05T18:19:59.523+0000] {subprocess.py:93} INFO -  13  EQUIPAMENTO_URBANO_NOME   14827 non-null   object
[2025-09-05T18:19:59.524+0000] {subprocess.py:93} INFO -  14  ORIGEM_CHAMADO_DESCRICAO  122457 non-null  object
[2025-09-05T18:19:59.524+0000] {subprocess.py:93} INFO -  15  OCORRENCIA_CODIGO         122166 non-null  object
[2025-09-05T18:19:59.524+0000] {subprocess.py:93} INFO -  16  NUMERO_PROTOCOLO_156      1071 non-null    float64
[2025-09-05T18:19:59.525+0000] {subprocess.py:93} INFO - dtypes: Int64(6), datetime64[ns](1), float64(1), object(9)
[2025-09-05T18:19:59.525+0000] {subprocess.py:93} INFO - memory usage: 16.6+ MB
[2025-09-05T18:19:59.526+0000] {subprocess.py:93} INFO - 
[2025-09-05T18:19:59.526+0000] {subprocess.py:93} INFO - --- Iniciando carregamento para a tabela 'ocorrencias' no MySQL ---
[2025-09-05T18:19:59.527+0000] {subprocess.py:93} INFO - Carga de 122457 linhas para a tabela 'ocorrencias' concluída com sucesso!
[2025-09-05T18:19:59.693+0000] {subprocess.py:97} INFO - Command exited with return code 0
[2025-09-05T18:19:59.696+0000] {taskinstance.py:441} INFO - ::group::Post task execution logs
[2025-09-05T18:19:59.746+0000] {taskinstance.py:1206} INFO - Marking task as SUCCESS. dag_id=pipeline_dados_transito_tcc, task_id=processar_sigesguarda, run_id=scheduled__2025-09-04T08:00:00+00:00, execution_date=20250904T080000, start_date=20250905T181946, end_date=20250905T181959
[2025-09-05T18:19:59.847+0000] {local_task_job_runner.py:240} INFO - Task exited with return code 0
[2025-09-05T18:19:59.873+0000] {taskinstance.py:3503} INFO - 0 downstream tasks scheduled from follow-on schedule check
[2025-09-05T18:19:59.877+0000] {local_task_job_runner.py:222} INFO - ::endgroup::
[2025-09-05T20:07:08.821+0000] {local_task_job_runner.py:120} INFO - ::group::Pre task execution logs
[2025-09-05T20:07:08.844+0000] {taskinstance.py:2076} INFO - Dependencies all met for dep_context=non-requeueable deps ti=<TaskInstance: pipeline_dados_transito_tcc.processar_sigesguarda scheduled__2025-09-04T08:00:00+00:00 [queued]>
[2025-09-05T20:07:08.852+0000] {taskinstance.py:2076} INFO - Dependencies all met for dep_context=requeueable deps ti=<TaskInstance: pipeline_dados_transito_tcc.processar_sigesguarda scheduled__2025-09-04T08:00:00+00:00 [queued]>
[2025-09-05T20:07:08.853+0000] {taskinstance.py:2306} INFO - Starting attempt 1 of 1
[2025-09-05T20:07:08.864+0000] {taskinstance.py:2330} INFO - Executing <Task(BashOperator): processar_sigesguarda> on 2025-09-04 08:00:00+00:00
[2025-09-05T20:07:08.870+0000] {warnings.py:112} WARNING - /home/***/.local/lib/python3.12/site-packages/***/task/task_runner/standard_task_runner.py:61: DeprecationWarning: This process (pid=69) is multi-threaded, use of fork() may lead to deadlocks in the child.
  pid = os.fork()

[2025-09-05T20:07:08.872+0000] {standard_task_runner.py:90} INFO - Running: ['***', 'tasks', 'run', 'pipeline_dados_transito_tcc', 'processar_sigesguarda', 'scheduled__2025-09-04T08:00:00+00:00', '--job-id', '3', '--raw', '--subdir', 'DAGS_FOLDER/tcc_pipeline_dag.py', '--cfg-path', '/tmp/tmp5slh647u']
[2025-09-05T20:07:08.873+0000] {standard_task_runner.py:63} INFO - Started process 70 to run task
[2025-09-05T20:07:08.873+0000] {standard_task_runner.py:91} INFO - Job 3: Subtask processar_sigesguarda
[2025-09-05T20:07:08.987+0000] {task_command.py:426} INFO - Running <TaskInstance: pipeline_dados_transito_tcc.processar_sigesguarda scheduled__2025-09-04T08:00:00+00:00 [running]> on host 6739f19e6c49
[2025-09-05T20:07:09.067+0000] {taskinstance.py:2648} INFO - Exporting env vars: AIRFLOW_CTX_DAG_OWNER='***' AIRFLOW_CTX_DAG_ID='pipeline_dados_transito_tcc' AIRFLOW_CTX_TASK_ID='processar_sigesguarda' AIRFLOW_CTX_EXECUTION_DATE='2025-09-04T08:00:00+00:00' AIRFLOW_CTX_TRY_NUMBER='1' AIRFLOW_CTX_DAG_RUN_ID='scheduled__2025-09-04T08:00:00+00:00'
[2025-09-05T20:07:09.069+0000] {taskinstance.py:430} INFO - ::endgroup::
[2025-09-05T20:07:09.098+0000] {subprocess.py:63} INFO - Tmp dir root location: /tmp
[2025-09-05T20:07:09.099+0000] {subprocess.py:75} INFO - Running command: ['/usr/bin/bash', '-c', 'pip install pandas sqlalchemy mysql-connector-python && python /opt/***/pipelines/sigesguarda.py']
[2025-09-05T20:07:09.109+0000] {subprocess.py:86} INFO - Output:
[2025-09-05T20:07:10.875+0000] {subprocess.py:93} INFO - Requirement already satisfied: pandas in /home/***/.local/lib/python3.12/site-packages (2.1.4)
[2025-09-05T20:07:10.876+0000] {subprocess.py:93} INFO - Requirement already satisfied: sqlalchemy in /home/***/.local/lib/python3.12/site-packages (1.4.52)
[2025-09-05T20:07:10.878+0000] {subprocess.py:93} INFO - Requirement already satisfied: mysql-connector-python in /home/***/.local/lib/python3.12/site-packages (8.4.0)
[2025-09-05T20:07:10.947+0000] {subprocess.py:93} INFO - Requirement already satisfied: numpy<2,>=1.26.0 in /home/***/.local/lib/python3.12/site-packages (from pandas) (1.26.4)
[2025-09-05T20:07:10.949+0000] {subprocess.py:93} INFO - Requirement already satisfied: python-dateutil>=2.8.2 in /home/***/.local/lib/python3.12/site-packages (from pandas) (2.9.0.post0)
[2025-09-05T20:07:10.952+0000] {subprocess.py:93} INFO - Requirement already satisfied: pytz>=2020.1 in /home/***/.local/lib/python3.12/site-packages (from pandas) (2024.1)
[2025-09-05T20:07:10.953+0000] {subprocess.py:93} INFO - Requirement already satisfied: tzdata>=2022.1 in /home/***/.local/lib/python3.12/site-packages (from pandas) (2024.1)
[2025-09-05T20:07:11.013+0000] {subprocess.py:93} INFO - Requirement already satisfied: greenlet!=0.4.17 in /home/***/.local/lib/python3.12/site-packages (from sqlalchemy) (3.0.3)
[2025-09-05T20:07:11.037+0000] {subprocess.py:93} INFO - Requirement already satisfied: six>=1.5 in /home/***/.local/lib/python3.12/site-packages (from python-dateutil>=2.8.2->pandas) (1.16.0)
[2025-09-05T20:07:14.532+0000] {subprocess.py:93} INFO - 
[2025-09-05T20:07:14.533+0000] {subprocess.py:93} INFO - [notice] A new release of pip is available: 24.0 -> 25.2
[2025-09-05T20:07:14.534+0000] {subprocess.py:93} INFO - [notice] To update, run: pip install --upgrade pip
[2025-09-05T20:07:25.171+0000] {subprocess.py:93} INFO - Arquivo '2025-06-25_sigesguarda_-_Base_de_Dados.csv' lido com sucesso!
[2025-09-05T20:07:25.171+0000] {subprocess.py:93} INFO - 
[2025-09-05T20:07:25.172+0000] {subprocess.py:93} INFO - --- Iniciando transformação de Data e Hora ---
[2025-09-05T20:07:25.173+0000] {subprocess.py:93} INFO - Transformação de data e hora concluída.
[2025-09-05T20:07:25.173+0000] {subprocess.py:93} INFO - 
[2025-09-05T20:07:25.174+0000] {subprocess.py:93} INFO - --- Informações do DataFrame Final ---
[2025-09-05T20:07:25.174+0000] {subprocess.py:93} INFO - <class 'pandas.core.frame.DataFrame'>
[2025-09-05T20:07:25.175+0000] {subprocess.py:93} INFO - RangeIndex: 122457 entries, 0 to 122456
[2025-09-05T20:07:25.175+0000] {subprocess.py:93} INFO - Data columns (total 17 columns):
[2025-09-05T20:07:25.176+0000] {subprocess.py:93} INFO -  #   Column                    Non-Null Count   Dtype
[2025-09-05T20:07:25.176+0000] {subprocess.py:93} INFO - ---  ------                    --------------   -----
[2025-09-05T20:07:25.177+0000] {subprocess.py:93} INFO -  0   OCORRENCIA_TIMESTAMP      122457 non-null  datetime64[ns]
[2025-09-05T20:07:25.177+0000] {subprocess.py:93} INFO -  1   ANO                       122457 non-null  Int64
[2025-09-05T20:07:25.178+0000] {subprocess.py:93} INFO -  2   MES                       122457 non-null  Int64
[2025-09-05T20:07:25.178+0000] {subprocess.py:93} INFO -  3   DIA                       122457 non-null  Int64
[2025-09-05T20:07:25.179+0000] {subprocess.py:93} INFO -  4   HORA                      122457 non-null  Int64
[2025-09-05T20:07:25.179+0000] {subprocess.py:93} INFO -  5   MINUTO                    122457 non-null  Int64
[2025-09-05T20:07:25.179+0000] {subprocess.py:93} INFO -  6   NOME_DIA_SEMANA           122457 non-null  object
[2025-09-05T20:07:25.180+0000] {subprocess.py:93} INFO -  7   DIA_DA_SEMANA_NUM         122457 non-null  Int64
[2025-09-05T20:07:25.180+0000] {subprocess.py:93} INFO -  8   ATENDIMENTO_BAIRRO_NOME   122372 non-null  object
[2025-09-05T20:07:25.181+0000] {subprocess.py:93} INFO -  9   LOGRADOURO_NOME           119270 non-null  object
[2025-09-05T20:07:25.181+0000] {subprocess.py:93} INFO -  10  REGIONAL_FATO_NOME        122292 non-null  object
[2025-09-05T20:07:25.182+0000] {subprocess.py:93} INFO -  11  NATUREZA1_DESCRICAO       122431 non-null  object
[2025-09-05T20:07:25.182+0000] {subprocess.py:93} INFO -  12  SUBCATEGORIA1_DESCRICAO   103896 non-null  object
[2025-09-05T20:07:25.183+0000] {subprocess.py:93} INFO -  13  EQUIPAMENTO_URBANO_NOME   14827 non-null   object
[2025-09-05T20:07:25.183+0000] {subprocess.py:93} INFO -  14  ORIGEM_CHAMADO_DESCRICAO  122457 non-null  object
[2025-09-05T20:07:25.184+0000] {subprocess.py:93} INFO -  15  OCORRENCIA_CODIGO         122166 non-null  object
[2025-09-05T20:07:25.184+0000] {subprocess.py:93} INFO -  16  NUMERO_PROTOCOLO_156      1071 non-null    float64
[2025-09-05T20:07:25.184+0000] {subprocess.py:93} INFO - dtypes: Int64(6), datetime64[ns](1), float64(1), object(9)
[2025-09-05T20:07:25.185+0000] {subprocess.py:93} INFO - memory usage: 16.6+ MB
[2025-09-05T20:07:25.185+0000] {subprocess.py:93} INFO - 
[2025-09-05T20:07:25.186+0000] {subprocess.py:93} INFO - --- Iniciando carregamento para a tabela 'ocorrencias' no MySQL ---
[2025-09-05T20:07:25.186+0000] {subprocess.py:93} INFO - Carga de 122457 linhas para a tabela 'ocorrencias' concluída com sucesso!
[2025-09-05T20:07:25.306+0000] {subprocess.py:97} INFO - Command exited with return code 0
[2025-09-05T20:07:25.307+0000] {taskinstance.py:441} INFO - ::group::Post task execution logs
[2025-09-05T20:07:25.326+0000] {taskinstance.py:1206} INFO - Marking task as SUCCESS. dag_id=pipeline_dados_transito_tcc, task_id=processar_sigesguarda, run_id=scheduled__2025-09-04T08:00:00+00:00, execution_date=20250904T080000, start_date=20250905T200708, end_date=20250905T200725
[2025-09-05T20:07:25.355+0000] {local_task_job_runner.py:240} INFO - Task exited with return code 0
[2025-09-05T20:07:25.367+0000] {taskinstance.py:3503} INFO - 0 downstream tasks scheduled from follow-on schedule check
[2025-09-05T20:07:25.369+0000] {local_task_job_runner.py:222} INFO - ::endgroup::
