[2025-09-05T00:45:10.854+0000] {local_task_job_runner.py:120} INFO - ::group::Pre task execution logs
[2025-09-05T00:45:10.875+0000] {taskinstance.py:2076} INFO - Dependencies all met for dep_context=non-requeueable deps ti=<TaskInstance: pipeline_dados_transito_tcc.processar_ippuc manual__2025-09-05T00:45:09.629013+00:00 [queued]>
[2025-09-05T00:45:10.882+0000] {taskinstance.py:2076} INFO - Dependencies all met for dep_context=requeueable deps ti=<TaskInstance: pipeline_dados_transito_tcc.processar_ippuc manual__2025-09-05T00:45:09.629013+00:00 [queued]>
[2025-09-05T00:45:10.883+0000] {taskinstance.py:2306} INFO - Starting attempt 1 of 1
[2025-09-05T00:45:10.894+0000] {taskinstance.py:2330} INFO - Executing <Task(BashOperator): processar_ippuc> on 2025-09-05 00:45:09.629013+00:00
[2025-09-05T00:45:10.898+0000] {warnings.py:112} WARNING - /home/***/.local/lib/python3.12/site-packages/***/task/task_runner/standard_task_runner.py:61: DeprecationWarning: This process (pid=67) is multi-threaded, use of fork() may lead to deadlocks in the child.
  pid = os.fork()

[2025-09-05T00:45:10.900+0000] {standard_task_runner.py:90} INFO - Running: ['***', 'tasks', 'run', 'pipeline_dados_transito_tcc', 'processar_ippuc', 'manual__2025-09-05T00:45:09.629013+00:00', '--job-id', '3', '--raw', '--subdir', 'DAGS_FOLDER/tcc_pipeline_dag.py', '--cfg-path', '/tmp/tmp626p21ci']
[2025-09-05T00:45:10.901+0000] {standard_task_runner.py:91} INFO - Job 3: Subtask processar_ippuc
[2025-09-05T00:45:10.901+0000] {standard_task_runner.py:63} INFO - Started process 69 to run task
[2025-09-05T00:45:10.971+0000] {task_command.py:426} INFO - Running <TaskInstance: pipeline_dados_transito_tcc.processar_ippuc manual__2025-09-05T00:45:09.629013+00:00 [running]> on host b3d6fcf7f0dc
[2025-09-05T00:45:11.033+0000] {taskinstance.py:2648} INFO - Exporting env vars: AIRFLOW_CTX_DAG_OWNER='***' AIRFLOW_CTX_DAG_ID='pipeline_dados_transito_tcc' AIRFLOW_CTX_TASK_ID='processar_ippuc' AIRFLOW_CTX_EXECUTION_DATE='2025-09-05T00:45:09.629013+00:00' AIRFLOW_CTX_TRY_NUMBER='1' AIRFLOW_CTX_DAG_RUN_ID='manual__2025-09-05T00:45:09.629013+00:00'
[2025-09-05T00:45:11.035+0000] {taskinstance.py:430} INFO - ::endgroup::
[2025-09-05T00:45:11.061+0000] {subprocess.py:63} INFO - Tmp dir root location: /tmp
[2025-09-05T00:45:11.062+0000] {subprocess.py:75} INFO - Running command: ['/usr/bin/bash', '-c', 'pip install pandas geopandas sqlalchemy mysql-connector-python && python /opt/***/pipelines/ippuc.py']
[2025-09-05T00:45:11.069+0000] {subprocess.py:86} INFO - Output:
[2025-09-05T00:45:12.721+0000] {subprocess.py:93} INFO - Requirement already satisfied: pandas in /home/***/.local/lib/python3.12/site-packages (2.1.4)
[2025-09-05T00:45:13.115+0000] {subprocess.py:93} INFO - Collecting geopandas
[2025-09-05T00:45:13.243+0000] {subprocess.py:93} INFO -   Downloading geopandas-1.1.1-py3-none-any.whl.metadata (2.3 kB)
[2025-09-05T00:45:13.252+0000] {subprocess.py:93} INFO - Requirement already satisfied: sqlalchemy in /home/***/.local/lib/python3.12/site-packages (1.4.52)
[2025-09-05T00:45:13.253+0000] {subprocess.py:93} INFO - Requirement already satisfied: mysql-connector-python in /home/***/.local/lib/python3.12/site-packages (8.4.0)
[2025-09-05T00:45:13.341+0000] {subprocess.py:93} INFO - Requirement already satisfied: numpy<2,>=1.26.0 in /home/***/.local/lib/python3.12/site-packages (from pandas) (1.26.4)
[2025-09-05T00:45:13.342+0000] {subprocess.py:93} INFO - Requirement already satisfied: python-dateutil>=2.8.2 in /home/***/.local/lib/python3.12/site-packages (from pandas) (2.9.0.post0)
[2025-09-05T00:45:13.343+0000] {subprocess.py:93} INFO - Requirement already satisfied: pytz>=2020.1 in /home/***/.local/lib/python3.12/site-packages (from pandas) (2024.1)
[2025-09-05T00:45:13.344+0000] {subprocess.py:93} INFO - Requirement already satisfied: tzdata>=2022.1 in /home/***/.local/lib/python3.12/site-packages (from pandas) (2024.1)
[2025-09-05T00:45:13.479+0000] {subprocess.py:93} INFO - Collecting pyogrio>=0.7.2 (from geopandas)
[2025-09-05T00:45:13.500+0000] {subprocess.py:93} INFO -   Downloading pyogrio-0.11.1-cp312-cp312-manylinux_2_28_x86_64.whl.metadata (5.3 kB)
[2025-09-05T00:45:13.508+0000] {subprocess.py:93} INFO - Requirement already satisfied: packaging in /home/***/.local/lib/python3.12/site-packages (from geopandas) (24.0)
[2025-09-05T00:45:13.627+0000] {subprocess.py:93} INFO - Collecting pyproj>=3.5.0 (from geopandas)
[2025-09-05T00:45:13.650+0000] {subprocess.py:93} INFO -   Downloading pyproj-3.7.2-cp312-cp312-manylinux_2_28_x86_64.whl.metadata (31 kB)
[2025-09-05T00:45:13.671+0000] {subprocess.py:93} INFO - Requirement already satisfied: shapely>=2.0.0 in /home/***/.local/lib/python3.12/site-packages (from geopandas) (2.0.4)
[2025-09-05T00:45:13.714+0000] {subprocess.py:93} INFO - Requirement already satisfied: greenlet!=0.4.17 in /home/***/.local/lib/python3.12/site-packages (from sqlalchemy) (3.0.3)
[2025-09-05T00:45:13.733+0000] {subprocess.py:93} INFO - Requirement already satisfied: certifi in /home/***/.local/lib/python3.12/site-packages (from pyogrio>=0.7.2->geopandas) (2024.6.2)
[2025-09-05T00:45:13.740+0000] {subprocess.py:93} INFO - Requirement already satisfied: six>=1.5 in /home/***/.local/lib/python3.12/site-packages (from python-dateutil>=2.8.2->pandas) (1.16.0)
[2025-09-05T00:45:13.773+0000] {subprocess.py:93} INFO - Downloading geopandas-1.1.1-py3-none-any.whl (338 kB)
[2025-09-05T00:45:13.823+0000] {subprocess.py:93} INFO -    ━━━━━━━━━━━━━━━━━━━━━━━━━━━━━━━━━━━━━━━━ 338.4/338.4 kB 7.0 MB/s eta 0:00:00
[2025-09-05T00:45:13.843+0000] {subprocess.py:93} INFO - Downloading pyogrio-0.11.1-cp312-cp312-manylinux_2_28_x86_64.whl (27.7 MB)
[2025-09-05T00:45:15.218+0000] {subprocess.py:93} INFO -    ━━━━━━━━━━━━━━━━━━━━━━━━━━━━━━━━━━━━━━━━ 27.7/27.7 MB 34.7 MB/s eta 0:00:00
[2025-09-05T00:45:15.240+0000] {subprocess.py:93} INFO - Downloading pyproj-3.7.2-cp312-cp312-manylinux_2_28_x86_64.whl (9.6 MB)
[2025-09-05T00:45:15.513+0000] {subprocess.py:93} INFO -    ━━━━━━━━━━━━━━━━━━━━━━━━━━━━━━━━━━━━━━━━ 9.6/9.6 MB 35.5 MB/s eta 0:00:00
[2025-09-05T00:45:17.483+0000] {subprocess.py:93} INFO - Installing collected packages: pyproj, pyogrio, geopandas
[2025-09-05T00:45:18.816+0000] {subprocess.py:93} INFO - Successfully installed geopandas-1.1.1 pyogrio-0.11.1 pyproj-3.7.2
[2025-09-05T00:45:18.972+0000] {subprocess.py:93} INFO - 
[2025-09-05T00:45:18.973+0000] {subprocess.py:93} INFO - [notice] A new release of pip is available: 24.0 -> 25.2
[2025-09-05T00:45:18.974+0000] {subprocess.py:93} INFO - [notice] To update, run: pip install --upgrade pip
[2025-09-05T00:45:21.226+0000] {subprocess.py:93} INFO - /opt/***/pipelines/ippuc.py:51: UserWarning: Geometry column does not contain geometry.
[2025-09-05T00:45:21.227+0000] {subprocess.py:93} INFO -   gdf_transformado['geometry'] = gdf_transformado['geometry'].apply(lambda geom: geom.wkt)
[2025-09-05T00:45:21.549+0000] {subprocess.py:93} INFO - Arquivo 'SIST_VIARIO_CLASSIFICADO.shp' lido com sucesso!
[2025-09-05T00:45:21.550+0000] {subprocess.py:93} INFO - 
[2025-09-05T00:45:21.551+0000] {subprocess.py:93} INFO - --- Iniciando transformação dos dados geográficos ---
[2025-09-05T00:45:21.551+0000] {subprocess.py:93} INFO - Coluna de geometria convertida para WKT.
[2025-09-05T00:45:21.552+0000] {subprocess.py:93} INFO - 
[2025-09-05T00:45:21.552+0000] {subprocess.py:93} INFO - --- Informações do DataFrame Final ---
[2025-09-05T00:45:21.553+0000] {subprocess.py:93} INFO - <class 'geopandas.geodataframe.GeoDataFrame'>
[2025-09-05T00:45:21.553+0000] {subprocess.py:93} INFO - RangeIndex: 1240 entries, 0 to 1239
[2025-09-05T00:45:21.554+0000] {subprocess.py:93} INFO - Data columns (total 4 columns):
[2025-09-05T00:45:21.555+0000] {subprocess.py:93} INFO -  #   Column          Non-Null Count  Dtype
[2025-09-05T00:45:21.555+0000] {subprocess.py:93} INFO - ---  ------          --------------  -----
[2025-09-05T00:45:21.556+0000] {subprocess.py:93} INFO -  0   nome_via        1227 non-null   object
[2025-09-05T00:45:21.556+0000] {subprocess.py:93} INFO -  1   sistema_viario  1240 non-null   object
[2025-09-05T00:45:21.557+0000] {subprocess.py:93} INFO -  2   hierarquia_via  1240 non-null   object
[2025-09-05T00:45:21.557+0000] {subprocess.py:93} INFO -  3   geometry        1240 non-null   object
[2025-09-05T00:45:21.557+0000] {subprocess.py:93} INFO - dtypes: object(4)
[2025-09-05T00:45:21.558+0000] {subprocess.py:93} INFO - memory usage: 38.9+ KB
[2025-09-05T00:45:21.558+0000] {subprocess.py:93} INFO - 
[2025-09-05T00:45:21.559+0000] {subprocess.py:93} INFO - --- Iniciando carregamento para a tabela 'sistema_viario' no MySQL ---
[2025-09-05T00:45:21.559+0000] {subprocess.py:93} INFO - Carga de 1240 linhas para a tabela 'sistema_viario' concluída com sucesso!
[2025-09-05T00:45:21.688+0000] {subprocess.py:97} INFO - Command exited with return code 0
[2025-09-05T00:45:21.689+0000] {taskinstance.py:441} INFO - ::group::Post task execution logs
[2025-09-05T00:45:21.713+0000] {taskinstance.py:1206} INFO - Marking task as SUCCESS. dag_id=pipeline_dados_transito_tcc, task_id=processar_ippuc, run_id=manual__2025-09-05T00:45:09.629013+00:00, execution_date=20250905T004509, start_date=20250905T004510, end_date=20250905T004521
[2025-09-05T00:45:21.751+0000] {local_task_job_runner.py:240} INFO - Task exited with return code 0
[2025-09-05T00:45:21.771+0000] {taskinstance.py:3503} INFO - 0 downstream tasks scheduled from follow-on schedule check
[2025-09-05T00:45:21.773+0000] {local_task_job_runner.py:222} INFO - ::endgroup::
