[2025-09-04T14:37:19.894+0000] {local_task_job_runner.py:120} INFO - ::group::Pre task execution logs
[2025-09-04T14:37:19.921+0000] {taskinstance.py:2076} INFO - Dependencies all met for dep_context=non-requeueable deps ti=<TaskInstance: pipeline_dados_transito_tcc.processar_ippuc manual__2025-09-04T14:37:18.696685+00:00 [queued]>
[2025-09-04T14:37:19.932+0000] {taskinstance.py:2076} INFO - Dependencies all met for dep_context=requeueable deps ti=<TaskInstance: pipeline_dados_transito_tcc.processar_ippuc manual__2025-09-04T14:37:18.696685+00:00 [queued]>
[2025-09-04T14:37:19.933+0000] {taskinstance.py:2306} INFO - Starting attempt 1 of 1
[2025-09-04T14:37:19.951+0000] {taskinstance.py:2330} INFO - Executing <Task(BashOperator): processar_ippuc> on 2025-09-04 14:37:18.696685+00:00
[2025-09-04T14:37:19.958+0000] {warnings.py:112} WARNING - /home/***/.local/lib/python3.12/site-packages/***/task/task_runner/standard_task_runner.py:61: DeprecationWarning: This process (pid=114) is multi-threaded, use of fork() may lead to deadlocks in the child.
  pid = os.fork()

[2025-09-04T14:37:19.960+0000] {standard_task_runner.py:90} INFO - Running: ['***', 'tasks', 'run', 'pipeline_dados_transito_tcc', 'processar_ippuc', 'manual__2025-09-04T14:37:18.696685+00:00', '--job-id', '5', '--raw', '--subdir', 'DAGS_FOLDER/tcc_pipeline_dag.py', '--cfg-path', '/tmp/tmp46kpfxdp']
[2025-09-04T14:37:19.962+0000] {standard_task_runner.py:91} INFO - Job 5: Subtask processar_ippuc
[2025-09-04T14:37:19.962+0000] {standard_task_runner.py:63} INFO - Started process 118 to run task
[2025-09-04T14:37:20.048+0000] {task_command.py:426} INFO - Running <TaskInstance: pipeline_dados_transito_tcc.processar_ippuc manual__2025-09-04T14:37:18.696685+00:00 [running]> on host ed8031400d3b
[2025-09-04T14:37:20.113+0000] {taskinstance.py:2648} INFO - Exporting env vars: AIRFLOW_CTX_DAG_OWNER='***' AIRFLOW_CTX_DAG_ID='pipeline_dados_transito_tcc' AIRFLOW_CTX_TASK_ID='processar_ippuc' AIRFLOW_CTX_EXECUTION_DATE='2025-09-04T14:37:18.696685+00:00' AIRFLOW_CTX_TRY_NUMBER='1' AIRFLOW_CTX_DAG_RUN_ID='manual__2025-09-04T14:37:18.696685+00:00'
[2025-09-04T14:37:20.115+0000] {taskinstance.py:430} INFO - ::endgroup::
[2025-09-04T14:37:20.127+0000] {subprocess.py:63} INFO - Tmp dir root location: /tmp
[2025-09-04T14:37:20.129+0000] {subprocess.py:75} INFO - Running command: ['/usr/bin/bash', '-c', 'pip install pandas geopandas sqlalchemy mysql-connector-python && python /opt/***/pipelines/ippuc.py']
[2025-09-04T14:37:20.137+0000] {subprocess.py:86} INFO - Output:
[2025-09-04T14:37:21.469+0000] {subprocess.py:93} INFO - Requirement already satisfied: pandas in /home/***/.local/lib/python3.12/site-packages (2.1.4)
[2025-09-04T14:37:21.598+0000] {subprocess.py:93} INFO - Collecting geopandas
[2025-09-04T14:37:21.601+0000] {subprocess.py:93} INFO -   Using cached geopandas-1.1.1-py3-none-any.whl.metadata (2.3 kB)
[2025-09-04T14:37:21.605+0000] {subprocess.py:93} INFO - Requirement already satisfied: sqlalchemy in /home/***/.local/lib/python3.12/site-packages (1.4.52)
[2025-09-04T14:37:21.606+0000] {subprocess.py:93} INFO - Requirement already satisfied: mysql-connector-python in /home/***/.local/lib/python3.12/site-packages (8.4.0)
[2025-09-04T14:37:21.698+0000] {subprocess.py:93} INFO - Requirement already satisfied: numpy<2,>=1.26.0 in /home/***/.local/lib/python3.12/site-packages (from pandas) (1.26.4)
[2025-09-04T14:37:21.700+0000] {subprocess.py:93} INFO - Requirement already satisfied: python-dateutil>=2.8.2 in /home/***/.local/lib/python3.12/site-packages (from pandas) (2.9.0.post0)
[2025-09-04T14:37:21.703+0000] {subprocess.py:93} INFO - Requirement already satisfied: pytz>=2020.1 in /home/***/.local/lib/python3.12/site-packages (from pandas) (2024.1)
[2025-09-04T14:37:21.706+0000] {subprocess.py:93} INFO - Requirement already satisfied: tzdata>=2022.1 in /home/***/.local/lib/python3.12/site-packages (from pandas) (2024.1)
[2025-09-04T14:37:21.795+0000] {subprocess.py:93} INFO - Collecting pyogrio>=0.7.2 (from geopandas)
[2025-09-04T14:37:21.797+0000] {subprocess.py:93} INFO -   Using cached pyogrio-0.11.1-cp312-cp312-manylinux_2_28_x86_64.whl.metadata (5.3 kB)
[2025-09-04T14:37:21.799+0000] {subprocess.py:93} INFO - Requirement already satisfied: packaging in /home/***/.local/lib/python3.12/site-packages (from geopandas) (24.0)
[2025-09-04T14:37:21.922+0000] {subprocess.py:93} INFO - Collecting pyproj>=3.5.0 (from geopandas)
[2025-09-04T14:37:21.923+0000] {subprocess.py:93} INFO -   Using cached pyproj-3.7.2-cp312-cp312-manylinux_2_28_x86_64.whl.metadata (31 kB)
[2025-09-04T14:37:21.928+0000] {subprocess.py:93} INFO - Requirement already satisfied: shapely>=2.0.0 in /home/***/.local/lib/python3.12/site-packages (from geopandas) (2.0.4)
[2025-09-04T14:37:21.969+0000] {subprocess.py:93} INFO - Requirement already satisfied: greenlet!=0.4.17 in /home/***/.local/lib/python3.12/site-packages (from sqlalchemy) (3.0.3)
[2025-09-04T14:37:21.994+0000] {subprocess.py:93} INFO - Requirement already satisfied: certifi in /home/***/.local/lib/python3.12/site-packages (from pyogrio>=0.7.2->geopandas) (2024.6.2)
[2025-09-04T14:37:22.001+0000] {subprocess.py:93} INFO - Requirement already satisfied: six>=1.5 in /home/***/.local/lib/python3.12/site-packages (from python-dateutil>=2.8.2->pandas) (1.16.0)
[2025-09-04T14:37:22.021+0000] {subprocess.py:93} INFO - Using cached geopandas-1.1.1-py3-none-any.whl (338 kB)
[2025-09-04T14:37:22.022+0000] {subprocess.py:93} INFO - Using cached pyogrio-0.11.1-cp312-cp312-manylinux_2_28_x86_64.whl (27.7 MB)
[2025-09-04T14:37:22.075+0000] {subprocess.py:93} INFO - Using cached pyproj-3.7.2-cp312-cp312-manylinux_2_28_x86_64.whl (9.6 MB)
[2025-09-04T14:37:24.825+0000] {subprocess.py:93} INFO - Installing collected packages: pyproj, pyogrio, geopandas
[2025-09-04T14:37:26.080+0000] {subprocess.py:93} INFO - Successfully installed geopandas-1.1.1 pyogrio-0.11.1 pyproj-3.7.2
[2025-09-04T14:37:26.234+0000] {subprocess.py:93} INFO - 
[2025-09-04T14:37:26.235+0000] {subprocess.py:93} INFO - [notice] A new release of pip is available: 24.0 -> 25.2
[2025-09-04T14:37:26.236+0000] {subprocess.py:93} INFO - [notice] To update, run: pip install --upgrade pip
[2025-09-04T14:37:27.618+0000] {subprocess.py:93} INFO - Ocorreu um erro inesperado ao ler o arquivo Shapefile: /opt/***/data/brutos/ippuc/SIST_VIARIO_CLASSIFICADO_SIRGAS/SIST_VIARIO_CLASSIFICADO.shp: No such file or directory
[2025-09-04T14:37:27.619+0000] {subprocess.py:93} INFO - 
[2025-09-04T14:37:27.621+0000] {subprocess.py:93} INFO - Pipeline encerrado. Não foi possível extrair os dados.
[2025-09-04T14:37:27.759+0000] {subprocess.py:97} INFO - Command exited with return code 0
[2025-09-04T14:37:27.763+0000] {taskinstance.py:441} INFO - ::group::Post task execution logs
[2025-09-04T14:37:27.801+0000] {taskinstance.py:1206} INFO - Marking task as SUCCESS. dag_id=pipeline_dados_transito_tcc, task_id=processar_ippuc, run_id=manual__2025-09-04T14:37:18.696685+00:00, execution_date=20250904T143718, start_date=20250904T143719, end_date=20250904T143727
[2025-09-04T14:37:27.854+0000] {local_task_job_runner.py:240} INFO - Task exited with return code 0
[2025-09-04T14:37:27.874+0000] {taskinstance.py:3503} INFO - 0 downstream tasks scheduled from follow-on schedule check
[2025-09-04T14:37:27.877+0000] {local_task_job_runner.py:222} INFO - ::endgroup::
