[2025-09-05T20:01:14.466+0000] {local_task_job_runner.py:120} INFO - ::group::Pre task execution logs
[2025-09-05T20:01:14.491+0000] {taskinstance.py:2076} INFO - Dependencies all met for dep_context=non-requeueable deps ti=<TaskInstance: pipeline_dados_transito_tcc.processar_ippuc manual__2025-09-05T20:01:13.396334+00:00 [queued]>
[2025-09-05T20:01:14.500+0000] {taskinstance.py:2076} INFO - Dependencies all met for dep_context=requeueable deps ti=<TaskInstance: pipeline_dados_transito_tcc.processar_ippuc manual__2025-09-05T20:01:13.396334+00:00 [queued]>
[2025-09-05T20:01:14.501+0000] {taskinstance.py:2306} INFO - Starting attempt 1 of 1
[2025-09-05T20:01:14.515+0000] {taskinstance.py:2330} INFO - Executing <Task(BashOperator): processar_ippuc> on 2025-09-05 20:01:13.396334+00:00
[2025-09-05T20:01:14.519+0000] {warnings.py:112} WARNING - /home/***/.local/lib/python3.12/site-packages/***/task/task_runner/standard_task_runner.py:61: DeprecationWarning: This process (pid=1514) is multi-threaded, use of fork() may lead to deadlocks in the child.
  pid = os.fork()

[2025-09-05T20:01:14.522+0000] {standard_task_runner.py:63} INFO - Started process 1515 to run task
[2025-09-05T20:01:14.522+0000] {standard_task_runner.py:90} INFO - Running: ['***', 'tasks', 'run', 'pipeline_dados_transito_tcc', 'processar_ippuc', 'manual__2025-09-05T20:01:13.396334+00:00', '--job-id', '12', '--raw', '--subdir', 'DAGS_FOLDER/tcc_pipeline_dag.py', '--cfg-path', '/tmp/tmptaysiwum']
[2025-09-05T20:01:14.524+0000] {standard_task_runner.py:91} INFO - Job 12: Subtask processar_ippuc
[2025-09-05T20:01:14.605+0000] {task_command.py:426} INFO - Running <TaskInstance: pipeline_dados_transito_tcc.processar_ippuc manual__2025-09-05T20:01:13.396334+00:00 [running]> on host b3d6fcf7f0dc
[2025-09-05T20:01:14.727+0000] {taskinstance.py:2648} INFO - Exporting env vars: AIRFLOW_CTX_DAG_OWNER='***' AIRFLOW_CTX_DAG_ID='pipeline_dados_transito_tcc' AIRFLOW_CTX_TASK_ID='processar_ippuc' AIRFLOW_CTX_EXECUTION_DATE='2025-09-05T20:01:13.396334+00:00' AIRFLOW_CTX_TRY_NUMBER='1' AIRFLOW_CTX_DAG_RUN_ID='manual__2025-09-05T20:01:13.396334+00:00'
[2025-09-05T20:01:14.730+0000] {taskinstance.py:430} INFO - ::endgroup::
[2025-09-05T20:01:14.747+0000] {subprocess.py:63} INFO - Tmp dir root location: /tmp
[2025-09-05T20:01:14.750+0000] {subprocess.py:75} INFO - Running command: ['/usr/bin/bash', '-c', 'pip install pandas geopandas sqlalchemy mysql-connector-python && python /opt/***/pipelines/ippuc.py']
[2025-09-05T20:01:14.759+0000] {subprocess.py:86} INFO - Output:
[2025-09-05T20:01:15.842+0000] {subprocess.py:93} INFO - Requirement already satisfied: pandas in /home/***/.local/lib/python3.12/site-packages (2.1.4)
[2025-09-05T20:01:15.843+0000] {subprocess.py:93} INFO - Requirement already satisfied: geopandas in /home/***/.local/lib/python3.12/site-packages (1.1.1)
[2025-09-05T20:01:15.844+0000] {subprocess.py:93} INFO - Requirement already satisfied: sqlalchemy in /home/***/.local/lib/python3.12/site-packages (1.4.52)
[2025-09-05T20:01:15.845+0000] {subprocess.py:93} INFO - Requirement already satisfied: mysql-connector-python in /home/***/.local/lib/python3.12/site-packages (8.4.0)
[2025-09-05T20:01:15.910+0000] {subprocess.py:93} INFO - Requirement already satisfied: numpy<2,>=1.26.0 in /home/***/.local/lib/python3.12/site-packages (from pandas) (1.26.4)
[2025-09-05T20:01:15.911+0000] {subprocess.py:93} INFO - Requirement already satisfied: python-dateutil>=2.8.2 in /home/***/.local/lib/python3.12/site-packages (from pandas) (2.9.0.post0)
[2025-09-05T20:01:15.913+0000] {subprocess.py:93} INFO - Requirement already satisfied: pytz>=2020.1 in /home/***/.local/lib/python3.12/site-packages (from pandas) (2024.1)
[2025-09-05T20:01:15.913+0000] {subprocess.py:93} INFO - Requirement already satisfied: tzdata>=2022.1 in /home/***/.local/lib/python3.12/site-packages (from pandas) (2024.1)
[2025-09-05T20:01:15.927+0000] {subprocess.py:93} INFO - Requirement already satisfied: pyogrio>=0.7.2 in /home/***/.local/lib/python3.12/site-packages (from geopandas) (0.11.1)
[2025-09-05T20:01:15.928+0000] {subprocess.py:93} INFO - Requirement already satisfied: packaging in /home/***/.local/lib/python3.12/site-packages (from geopandas) (24.0)
[2025-09-05T20:01:15.931+0000] {subprocess.py:93} INFO - Requirement already satisfied: pyproj>=3.5.0 in /home/***/.local/lib/python3.12/site-packages (from geopandas) (3.7.2)
[2025-09-05T20:01:15.932+0000] {subprocess.py:93} INFO - Requirement already satisfied: shapely>=2.0.0 in /home/***/.local/lib/python3.12/site-packages (from geopandas) (2.0.4)
[2025-09-05T20:01:15.969+0000] {subprocess.py:93} INFO - Requirement already satisfied: greenlet!=0.4.17 in /home/***/.local/lib/python3.12/site-packages (from sqlalchemy) (3.0.3)
[2025-09-05T20:01:15.988+0000] {subprocess.py:93} INFO - Requirement already satisfied: certifi in /home/***/.local/lib/python3.12/site-packages (from pyogrio>=0.7.2->geopandas) (2024.6.2)
[2025-09-05T20:01:15.995+0000] {subprocess.py:93} INFO - Requirement already satisfied: six>=1.5 in /home/***/.local/lib/python3.12/site-packages (from python-dateutil>=2.8.2->pandas) (1.16.0)
[2025-09-05T20:01:18.019+0000] {subprocess.py:93} INFO - 
[2025-09-05T20:01:18.021+0000] {subprocess.py:93} INFO - [notice] A new release of pip is available: 24.0 -> 25.2
[2025-09-05T20:01:18.022+0000] {subprocess.py:93} INFO - [notice] To update, run: pip install --upgrade pip
[2025-09-05T20:01:20.051+0000] {subprocess.py:93} INFO - /opt/***/pipelines/ippuc.py:51: UserWarning: Geometry column does not contain geometry.
[2025-09-05T20:01:20.051+0000] {subprocess.py:93} INFO -   gdf_transformado['geometry'] = gdf_transformado['geometry'].apply(lambda geom: geom.wkt)
[2025-09-05T20:01:20.383+0000] {subprocess.py:93} INFO - Arquivo 'SIST_VIARIO_CLASSIFICADO.shp' lido com sucesso!
[2025-09-05T20:01:20.384+0000] {subprocess.py:93} INFO - 
[2025-09-05T20:01:20.384+0000] {subprocess.py:93} INFO - --- Iniciando transformação dos dados geográficos ---
[2025-09-05T20:01:20.384+0000] {subprocess.py:93} INFO - Coluna de geometria convertida para WKT.
[2025-09-05T20:01:20.384+0000] {subprocess.py:93} INFO - 
[2025-09-05T20:01:20.385+0000] {subprocess.py:93} INFO - --- Informações do DataFrame Final ---
[2025-09-05T20:01:20.385+0000] {subprocess.py:93} INFO - <class 'geopandas.geodataframe.GeoDataFrame'>
[2025-09-05T20:01:20.386+0000] {subprocess.py:93} INFO - RangeIndex: 1240 entries, 0 to 1239
[2025-09-05T20:01:20.386+0000] {subprocess.py:93} INFO - Data columns (total 4 columns):
[2025-09-05T20:01:20.386+0000] {subprocess.py:93} INFO -  #   Column          Non-Null Count  Dtype
[2025-09-05T20:01:20.387+0000] {subprocess.py:93} INFO - ---  ------          --------------  -----
[2025-09-05T20:01:20.387+0000] {subprocess.py:93} INFO -  0   nome_via        1227 non-null   object
[2025-09-05T20:01:20.388+0000] {subprocess.py:93} INFO -  1   sistema_viario  1240 non-null   object
[2025-09-05T20:01:20.388+0000] {subprocess.py:93} INFO -  2   hierarquia_via  1240 non-null   object
[2025-09-05T20:01:20.389+0000] {subprocess.py:93} INFO -  3   geometry        1240 non-null   object
[2025-09-05T20:01:20.389+0000] {subprocess.py:93} INFO - dtypes: object(4)
[2025-09-05T20:01:20.390+0000] {subprocess.py:93} INFO - memory usage: 38.9+ KB
[2025-09-05T20:01:20.390+0000] {subprocess.py:93} INFO - 
[2025-09-05T20:01:20.391+0000] {subprocess.py:93} INFO - --- Iniciando carregamento para a tabela 'sistema_viario' no MySQL ---
[2025-09-05T20:01:20.391+0000] {subprocess.py:93} INFO - Carga de 1240 linhas para a tabela 'sistema_viario' concluída com sucesso!
[2025-09-05T20:01:20.491+0000] {subprocess.py:97} INFO - Command exited with return code 0
[2025-09-05T20:01:20.492+0000] {taskinstance.py:441} INFO - ::group::Post task execution logs
[2025-09-05T20:01:20.512+0000] {taskinstance.py:1206} INFO - Marking task as SUCCESS. dag_id=pipeline_dados_transito_tcc, task_id=processar_ippuc, run_id=manual__2025-09-05T20:01:13.396334+00:00, execution_date=20250905T200113, start_date=20250905T200114, end_date=20250905T200120
[2025-09-05T20:01:20.557+0000] {local_task_job_runner.py:240} INFO - Task exited with return code 0
[2025-09-05T20:01:20.572+0000] {taskinstance.py:3503} INFO - 0 downstream tasks scheduled from follow-on schedule check
[2025-09-05T20:01:20.573+0000] {local_task_job_runner.py:222} INFO - ::endgroup::
