[2025-09-04T14:37:19.902+0000] {local_task_job_runner.py:120} INFO - ::group::Pre task execution logs
[2025-09-04T14:37:19.929+0000] {taskinstance.py:2076} INFO - Dependencies all met for dep_context=non-requeueable deps ti=<TaskInstance: pipeline_dados_transito_tcc.processar_sigesguarda manual__2025-09-04T14:37:18.696685+00:00 [queued]>
[2025-09-04T14:37:19.940+0000] {taskinstance.py:2076} INFO - Dependencies all met for dep_context=requeueable deps ti=<TaskInstance: pipeline_dados_transito_tcc.processar_sigesguarda manual__2025-09-04T14:37:18.696685+00:00 [queued]>
[2025-09-04T14:37:19.941+0000] {taskinstance.py:2306} INFO - Starting attempt 1 of 1
[2025-09-04T14:37:19.955+0000] {taskinstance.py:2330} INFO - Executing <Task(BashOperator): processar_sigesguarda> on 2025-09-04 14:37:18.696685+00:00
[2025-09-04T14:37:19.967+0000] {warnings.py:112} WARNING - /home/***/.local/lib/python3.12/site-packages/***/task/task_runner/standard_task_runner.py:61: DeprecationWarning: This process (pid=115) is multi-threaded, use of fork() may lead to deadlocks in the child.
  pid = os.fork()

[2025-09-04T14:37:19.971+0000] {standard_task_runner.py:63} INFO - Started process 119 to run task
[2025-09-04T14:37:19.971+0000] {standard_task_runner.py:90} INFO - Running: ['***', 'tasks', 'run', 'pipeline_dados_transito_tcc', 'processar_sigesguarda', 'manual__2025-09-04T14:37:18.696685+00:00', '--job-id', '6', '--raw', '--subdir', 'DAGS_FOLDER/tcc_pipeline_dag.py', '--cfg-path', '/tmp/tmplz0h01gs']
[2025-09-04T14:37:19.973+0000] {standard_task_runner.py:91} INFO - Job 6: Subtask processar_sigesguarda
[2025-09-04T14:37:20.041+0000] {task_command.py:426} INFO - Running <TaskInstance: pipeline_dados_transito_tcc.processar_sigesguarda manual__2025-09-04T14:37:18.696685+00:00 [running]> on host ed8031400d3b
[2025-09-04T14:37:20.113+0000] {taskinstance.py:2648} INFO - Exporting env vars: AIRFLOW_CTX_DAG_OWNER='***' AIRFLOW_CTX_DAG_ID='pipeline_dados_transito_tcc' AIRFLOW_CTX_TASK_ID='processar_sigesguarda' AIRFLOW_CTX_EXECUTION_DATE='2025-09-04T14:37:18.696685+00:00' AIRFLOW_CTX_TRY_NUMBER='1' AIRFLOW_CTX_DAG_RUN_ID='manual__2025-09-04T14:37:18.696685+00:00'
[2025-09-04T14:37:20.115+0000] {taskinstance.py:430} INFO - ::endgroup::
[2025-09-04T14:37:20.127+0000] {subprocess.py:63} INFO - Tmp dir root location: /tmp
[2025-09-04T14:37:20.129+0000] {subprocess.py:75} INFO - Running command: ['/usr/bin/bash', '-c', 'pip install pandas sqlalchemy mysql-connector-python && python /opt/***/pipelines/sigesguarda.py']
[2025-09-04T14:37:20.137+0000] {subprocess.py:86} INFO - Output:
[2025-09-04T14:37:21.485+0000] {subprocess.py:93} INFO - Requirement already satisfied: pandas in /home/***/.local/lib/python3.12/site-packages (2.1.4)
[2025-09-04T14:37:21.487+0000] {subprocess.py:93} INFO - Requirement already satisfied: sqlalchemy in /home/***/.local/lib/python3.12/site-packages (1.4.52)
[2025-09-04T14:37:21.488+0000] {subprocess.py:93} INFO - Requirement already satisfied: mysql-connector-python in /home/***/.local/lib/python3.12/site-packages (8.4.0)
[2025-09-04T14:37:21.593+0000] {subprocess.py:93} INFO - Requirement already satisfied: numpy<2,>=1.26.0 in /home/***/.local/lib/python3.12/site-packages (from pandas) (1.26.4)
[2025-09-04T14:37:21.596+0000] {subprocess.py:93} INFO - Requirement already satisfied: python-dateutil>=2.8.2 in /home/***/.local/lib/python3.12/site-packages (from pandas) (2.9.0.post0)
[2025-09-04T14:37:21.598+0000] {subprocess.py:93} INFO - Requirement already satisfied: pytz>=2020.1 in /home/***/.local/lib/python3.12/site-packages (from pandas) (2024.1)
[2025-09-04T14:37:21.600+0000] {subprocess.py:93} INFO - Requirement already satisfied: tzdata>=2022.1 in /home/***/.local/lib/python3.12/site-packages (from pandas) (2024.1)
[2025-09-04T14:37:21.658+0000] {subprocess.py:93} INFO - Requirement already satisfied: greenlet!=0.4.17 in /home/***/.local/lib/python3.12/site-packages (from sqlalchemy) (3.0.3)
[2025-09-04T14:37:21.681+0000] {subprocess.py:93} INFO - Requirement already satisfied: six>=1.5 in /home/***/.local/lib/python3.12/site-packages (from python-dateutil>=2.8.2->pandas) (1.16.0)
[2025-09-04T14:37:24.427+0000] {subprocess.py:93} INFO - 
[2025-09-04T14:37:24.428+0000] {subprocess.py:93} INFO - [notice] A new release of pip is available: 24.0 -> 25.2
[2025-09-04T14:37:24.429+0000] {subprocess.py:93} INFO - [notice] To update, run: pip install --upgrade pip
[2025-09-04T14:37:25.605+0000] {subprocess.py:93} INFO - ERRO: Arquivo não encontrado em '/opt/***/data/brutos/sigesguarda/2025-06-25_sigesguarda_-_Base_de_Dados.csv'
[2025-09-04T14:37:25.606+0000] {subprocess.py:93} INFO - 
[2025-09-04T14:37:25.607+0000] {subprocess.py:93} INFO - Pipeline encerrado. Não foi possível extrair os dados.
[2025-09-04T14:37:25.711+0000] {subprocess.py:97} INFO - Command exited with return code 0
[2025-09-04T14:37:25.713+0000] {taskinstance.py:441} INFO - ::group::Post task execution logs
[2025-09-04T14:37:25.750+0000] {taskinstance.py:1206} INFO - Marking task as SUCCESS. dag_id=pipeline_dados_transito_tcc, task_id=processar_sigesguarda, run_id=manual__2025-09-04T14:37:18.696685+00:00, execution_date=20250904T143718, start_date=20250904T143719, end_date=20250904T143725
[2025-09-04T14:37:25.809+0000] {local_task_job_runner.py:240} INFO - Task exited with return code 0
[2025-09-04T14:37:25.823+0000] {taskinstance.py:3503} INFO - 0 downstream tasks scheduled from follow-on schedule check
[2025-09-04T14:37:25.825+0000] {local_task_job_runner.py:222} INFO - ::endgroup::
