[2025-09-04T13:17:45.960+0000] {local_task_job_runner.py:120} INFO - ::group::Pre task execution logs
[2025-09-04T13:17:45.987+0000] {taskinstance.py:2076} INFO - Dependencies all met for dep_context=non-requeueable deps ti=<TaskInstance: pipeline_dados_transito_tcc.processar_ippuc manual__2025-09-04T13:17:44.136305+00:00 [queued]>
[2025-09-04T13:17:45.997+0000] {taskinstance.py:2076} INFO - Dependencies all met for dep_context=requeueable deps ti=<TaskInstance: pipeline_dados_transito_tcc.processar_ippuc manual__2025-09-04T13:17:44.136305+00:00 [queued]>
[2025-09-04T13:17:45.998+0000] {taskinstance.py:2306} INFO - Starting attempt 1 of 1
[2025-09-04T13:17:46.016+0000] {taskinstance.py:2330} INFO - Executing <Task(BashOperator): processar_ippuc> on 2025-09-04 13:17:44.136305+00:00
[2025-09-04T13:17:46.023+0000] {warnings.py:112} WARNING - /home/***/.local/lib/python3.12/site-packages/***/task/task_runner/standard_task_runner.py:61: DeprecationWarning: This process (pid=97) is multi-threaded, use of fork() may lead to deadlocks in the child.
  pid = os.fork()

[2025-09-04T13:17:46.025+0000] {standard_task_runner.py:90} INFO - Running: ['***', 'tasks', 'run', 'pipeline_dados_transito_tcc', 'processar_ippuc', 'manual__2025-09-04T13:17:44.136305+00:00', '--job-id', '20', '--raw', '--subdir', 'DAGS_FOLDER/tcc_pipeline_dag.py', '--cfg-path', '/tmp/tmpu2_z41cm']
[2025-09-04T13:17:46.026+0000] {standard_task_runner.py:63} INFO - Started process 100 to run task
[2025-09-04T13:17:46.027+0000] {standard_task_runner.py:91} INFO - Job 20: Subtask processar_ippuc
[2025-09-04T13:17:46.104+0000] {task_command.py:426} INFO - Running <TaskInstance: pipeline_dados_transito_tcc.processar_ippuc manual__2025-09-04T13:17:44.136305+00:00 [running]> on host 3146da5647c6
[2025-09-04T13:17:46.202+0000] {taskinstance.py:2648} INFO - Exporting env vars: AIRFLOW_CTX_DAG_OWNER='***' AIRFLOW_CTX_DAG_ID='pipeline_dados_transito_tcc' AIRFLOW_CTX_TASK_ID='processar_ippuc' AIRFLOW_CTX_EXECUTION_DATE='2025-09-04T13:17:44.136305+00:00' AIRFLOW_CTX_TRY_NUMBER='1' AIRFLOW_CTX_DAG_RUN_ID='manual__2025-09-04T13:17:44.136305+00:00'
[2025-09-04T13:17:46.203+0000] {taskinstance.py:430} INFO - ::endgroup::
[2025-09-04T13:17:46.235+0000] {subprocess.py:63} INFO - Tmp dir root location: /tmp
[2025-09-04T13:17:46.236+0000] {subprocess.py:75} INFO - Running command: ['/usr/bin/bash', '-c', 'pip install pandas geopandas sqlalchemy mysql-connector-python && python /opt/***/pipelines/ippuc.py']
[2025-09-04T13:17:46.246+0000] {subprocess.py:86} INFO - Output:
[2025-09-04T13:17:49.436+0000] {subprocess.py:93} INFO - Requirement already satisfied: pandas in /home/***/.local/lib/python3.12/site-packages (2.1.4)
[2025-09-04T13:17:49.726+0000] {subprocess.py:93} INFO - Collecting geopandas
[2025-09-04T13:17:49.882+0000] {subprocess.py:93} INFO -   Downloading geopandas-1.1.1-py3-none-any.whl.metadata (2.3 kB)
[2025-09-04T13:17:49.895+0000] {subprocess.py:93} INFO - Requirement already satisfied: sqlalchemy in /home/***/.local/lib/python3.12/site-packages (1.4.52)
[2025-09-04T13:17:49.896+0000] {subprocess.py:93} INFO - Requirement already satisfied: mysql-connector-python in /home/***/.local/lib/python3.12/site-packages (8.4.0)
[2025-09-04T13:17:49.999+0000] {subprocess.py:93} INFO - Requirement already satisfied: numpy<2,>=1.26.0 in /home/***/.local/lib/python3.12/site-packages (from pandas) (1.26.4)
[2025-09-04T13:17:50.014+0000] {subprocess.py:93} INFO - Requirement already satisfied: python-dateutil>=2.8.2 in /home/***/.local/lib/python3.12/site-packages (from pandas) (2.9.0.post0)
[2025-09-04T13:17:50.015+0000] {subprocess.py:93} INFO - Requirement already satisfied: pytz>=2020.1 in /home/***/.local/lib/python3.12/site-packages (from pandas) (2024.1)
[2025-09-04T13:17:50.016+0000] {subprocess.py:93} INFO - Requirement already satisfied: tzdata>=2022.1 in /home/***/.local/lib/python3.12/site-packages (from pandas) (2024.1)
[2025-09-04T13:17:50.172+0000] {subprocess.py:93} INFO - Collecting pyogrio>=0.7.2 (from geopandas)
[2025-09-04T13:17:50.203+0000] {subprocess.py:93} INFO -   Downloading pyogrio-0.11.1-cp312-cp312-manylinux_2_28_x86_64.whl.metadata (5.3 kB)
[2025-09-04T13:17:50.213+0000] {subprocess.py:93} INFO - Requirement already satisfied: packaging in /home/***/.local/lib/python3.12/site-packages (from geopandas) (24.0)
[2025-09-04T13:17:50.430+0000] {subprocess.py:93} INFO - Collecting pyproj>=3.5.0 (from geopandas)
[2025-09-04T13:17:50.459+0000] {subprocess.py:93} INFO -   Downloading pyproj-3.7.2-cp312-cp312-manylinux_2_28_x86_64.whl.metadata (31 kB)
[2025-09-04T13:17:50.501+0000] {subprocess.py:93} INFO - Requirement already satisfied: shapely>=2.0.0 in /home/***/.local/lib/python3.12/site-packages (from geopandas) (2.0.4)
[2025-09-04T13:17:50.555+0000] {subprocess.py:93} INFO - Requirement already satisfied: greenlet!=0.4.17 in /home/***/.local/lib/python3.12/site-packages (from sqlalchemy) (3.0.3)
[2025-09-04T13:17:50.580+0000] {subprocess.py:93} INFO - Requirement already satisfied: certifi in /home/***/.local/lib/python3.12/site-packages (from pyogrio>=0.7.2->geopandas) (2024.6.2)
[2025-09-04T13:17:50.590+0000] {subprocess.py:93} INFO - Requirement already satisfied: six>=1.5 in /home/***/.local/lib/python3.12/site-packages (from python-dateutil>=2.8.2->pandas) (1.16.0)
[2025-09-04T13:17:50.642+0000] {subprocess.py:93} INFO - Downloading geopandas-1.1.1-py3-none-any.whl (338 kB)
[2025-09-04T13:17:50.778+0000] {subprocess.py:93} INFO -    ━━━━━━━━━━━━━━━━━━━━━━━━━━━━━━━━━━━━━━━━ 338.4/338.4 kB 2.5 MB/s eta 0:00:00
[2025-09-04T13:17:50.808+0000] {subprocess.py:93} INFO - Downloading pyogrio-0.11.1-cp312-cp312-manylinux_2_28_x86_64.whl (27.7 MB)
[2025-09-04T13:17:57.614+0000] {subprocess.py:93} INFO -    ━━━━━━━━━━━━━━━━━━━━━━━━━━━━━━━━━━━━━━━━ 27.7/27.7 MB 3.3 MB/s eta 0:00:00
[2025-09-04T13:17:57.672+0000] {subprocess.py:93} INFO - Downloading pyproj-3.7.2-cp312-cp312-manylinux_2_28_x86_64.whl (9.6 MB)
[2025-09-04T13:17:59.327+0000] {subprocess.py:93} INFO -    ━━━━━━━━━━━━━━━━━━━━━━━━━━━━━━━━━━━━━━━━ 9.6/9.6 MB 5.8 MB/s eta 0:00:00
[2025-09-04T13:18:02.309+0000] {subprocess.py:93} INFO - Installing collected packages: pyproj, pyogrio, geopandas
[2025-09-04T13:18:04.454+0000] {subprocess.py:93} INFO - Successfully installed geopandas-1.1.1 pyogrio-0.11.1 pyproj-3.7.2
[2025-09-04T13:18:04.715+0000] {subprocess.py:93} INFO - 
[2025-09-04T13:18:04.716+0000] {subprocess.py:93} INFO - [notice] A new release of pip is available: 24.0 -> 25.2
[2025-09-04T13:18:04.716+0000] {subprocess.py:93} INFO - [notice] To update, run: pip install --upgrade pip
[2025-09-04T13:18:07.210+0000] {subprocess.py:93} INFO - Ocorreu um erro inesperado ao ler o arquivo Shapefile: C:\Users\Jonas\Desktop\dados tcc/brutos/ippuc/SIST_VIARIO_CLASSIFICADO_SIRGAS/SIST_VIARIO_CLASSIFICADO.shp: No such file or directory
[2025-09-04T13:18:07.210+0000] {subprocess.py:93} INFO - 
[2025-09-04T13:18:07.211+0000] {subprocess.py:93} INFO - Pipeline encerrado. Não foi possível extrair os dados.
[2025-09-04T13:18:07.356+0000] {subprocess.py:97} INFO - Command exited with return code 0
[2025-09-04T13:18:07.358+0000] {taskinstance.py:441} INFO - ::group::Post task execution logs
[2025-09-04T13:18:07.391+0000] {taskinstance.py:1206} INFO - Marking task as SUCCESS. dag_id=pipeline_dados_transito_tcc, task_id=processar_ippuc, run_id=manual__2025-09-04T13:17:44.136305+00:00, execution_date=20250904T131744, start_date=20250904T131745, end_date=20250904T131807
[2025-09-04T13:18:07.441+0000] {local_task_job_runner.py:240} INFO - Task exited with return code 0
[2025-09-04T13:18:07.460+0000] {taskinstance.py:3503} INFO - 0 downstream tasks scheduled from follow-on schedule check
[2025-09-04T13:18:07.469+0000] {local_task_job_runner.py:222} INFO - ::endgroup::
