[2025-09-05T20:11:15.344+0000] {local_task_job_runner.py:120} INFO - ::group::Pre task execution logs
[2025-09-05T20:11:15.364+0000] {taskinstance.py:2076} INFO - Dependencies all met for dep_context=non-requeueable deps ti=<TaskInstance: pipeline_dados_transito_tcc.processar_ippuc manual__2025-09-05T20:11:13.735953+00:00 [queued]>
[2025-09-05T20:11:15.373+0000] {taskinstance.py:2076} INFO - Dependencies all met for dep_context=requeueable deps ti=<TaskInstance: pipeline_dados_transito_tcc.processar_ippuc manual__2025-09-05T20:11:13.735953+00:00 [queued]>
[2025-09-05T20:11:15.374+0000] {taskinstance.py:2306} INFO - Starting attempt 1 of 1
[2025-09-05T20:11:15.386+0000] {taskinstance.py:2330} INFO - Executing <Task(BashOperator): processar_ippuc> on 2025-09-05 20:11:13.735953+00:00
[2025-09-05T20:11:15.392+0000] {warnings.py:112} WARNING - /home/***/.local/lib/python3.12/site-packages/***/task/task_runner/standard_task_runner.py:61: DeprecationWarning: This process (pid=254) is multi-threaded, use of fork() may lead to deadlocks in the child.
  pid = os.fork()

[2025-09-05T20:11:15.395+0000] {standard_task_runner.py:90} INFO - Running: ['***', 'tasks', 'run', 'pipeline_dados_transito_tcc', 'processar_ippuc', 'manual__2025-09-05T20:11:13.735953+00:00', '--job-id', '8', '--raw', '--subdir', 'DAGS_FOLDER/tcc_pipeline_dag.py', '--cfg-path', '/tmp/tmpj9a2c6rq']
[2025-09-05T20:11:15.396+0000] {standard_task_runner.py:63} INFO - Started process 257 to run task
[2025-09-05T20:11:15.396+0000] {standard_task_runner.py:91} INFO - Job 8: Subtask processar_ippuc
[2025-09-05T20:11:15.468+0000] {task_command.py:426} INFO - Running <TaskInstance: pipeline_dados_transito_tcc.processar_ippuc manual__2025-09-05T20:11:13.735953+00:00 [running]> on host 6739f19e6c49
[2025-09-05T20:11:15.556+0000] {taskinstance.py:2648} INFO - Exporting env vars: AIRFLOW_CTX_DAG_OWNER='***' AIRFLOW_CTX_DAG_ID='pipeline_dados_transito_tcc' AIRFLOW_CTX_TASK_ID='processar_ippuc' AIRFLOW_CTX_EXECUTION_DATE='2025-09-05T20:11:13.735953+00:00' AIRFLOW_CTX_TRY_NUMBER='1' AIRFLOW_CTX_DAG_RUN_ID='manual__2025-09-05T20:11:13.735953+00:00'
[2025-09-05T20:11:15.557+0000] {taskinstance.py:430} INFO - ::endgroup::
[2025-09-05T20:11:15.571+0000] {subprocess.py:63} INFO - Tmp dir root location: /tmp
[2025-09-05T20:11:15.573+0000] {subprocess.py:75} INFO - Running command: ['/usr/bin/bash', '-c', 'pip install pandas geopandas sqlalchemy mysql-connector-python && python /opt/***/pipelines/ippuc.py']
[2025-09-05T20:11:15.581+0000] {subprocess.py:86} INFO - Output:
[2025-09-05T20:11:16.546+0000] {subprocess.py:93} INFO - Requirement already satisfied: pandas in /home/***/.local/lib/python3.12/site-packages (2.1.4)
[2025-09-05T20:11:16.547+0000] {subprocess.py:93} INFO - Requirement already satisfied: geopandas in /home/***/.local/lib/python3.12/site-packages (1.1.1)
[2025-09-05T20:11:16.549+0000] {subprocess.py:93} INFO - Requirement already satisfied: sqlalchemy in /home/***/.local/lib/python3.12/site-packages (1.4.52)
[2025-09-05T20:11:16.550+0000] {subprocess.py:93} INFO - Requirement already satisfied: mysql-connector-python in /home/***/.local/lib/python3.12/site-packages (8.4.0)
[2025-09-05T20:11:16.610+0000] {subprocess.py:93} INFO - Requirement already satisfied: numpy<2,>=1.26.0 in /home/***/.local/lib/python3.12/site-packages (from pandas) (1.26.4)
[2025-09-05T20:11:16.611+0000] {subprocess.py:93} INFO - Requirement already satisfied: python-dateutil>=2.8.2 in /home/***/.local/lib/python3.12/site-packages (from pandas) (2.9.0.post0)
[2025-09-05T20:11:16.612+0000] {subprocess.py:93} INFO - Requirement already satisfied: pytz>=2020.1 in /home/***/.local/lib/python3.12/site-packages (from pandas) (2024.1)
[2025-09-05T20:11:16.613+0000] {subprocess.py:93} INFO - Requirement already satisfied: tzdata>=2022.1 in /home/***/.local/lib/python3.12/site-packages (from pandas) (2024.1)
[2025-09-05T20:11:16.626+0000] {subprocess.py:93} INFO - Requirement already satisfied: pyogrio>=0.7.2 in /home/***/.local/lib/python3.12/site-packages (from geopandas) (0.11.1)
[2025-09-05T20:11:16.627+0000] {subprocess.py:93} INFO - Requirement already satisfied: packaging in /home/***/.local/lib/python3.12/site-packages (from geopandas) (24.0)
[2025-09-05T20:11:16.629+0000] {subprocess.py:93} INFO - Requirement already satisfied: pyproj>=3.5.0 in /home/***/.local/lib/python3.12/site-packages (from geopandas) (3.7.2)
[2025-09-05T20:11:16.630+0000] {subprocess.py:93} INFO - Requirement already satisfied: shapely>=2.0.0 in /home/***/.local/lib/python3.12/site-packages (from geopandas) (2.0.4)
[2025-09-05T20:11:16.661+0000] {subprocess.py:93} INFO - Requirement already satisfied: greenlet!=0.4.17 in /home/***/.local/lib/python3.12/site-packages (from sqlalchemy) (3.0.3)
[2025-09-05T20:11:16.677+0000] {subprocess.py:93} INFO - Requirement already satisfied: certifi in /home/***/.local/lib/python3.12/site-packages (from pyogrio>=0.7.2->geopandas) (2024.6.2)
[2025-09-05T20:11:16.683+0000] {subprocess.py:93} INFO - Requirement already satisfied: six>=1.5 in /home/***/.local/lib/python3.12/site-packages (from python-dateutil>=2.8.2->pandas) (1.16.0)
[2025-09-05T20:11:18.485+0000] {subprocess.py:93} INFO - 
[2025-09-05T20:11:18.486+0000] {subprocess.py:93} INFO - [notice] A new release of pip is available: 24.0 -> 25.2
[2025-09-05T20:11:18.487+0000] {subprocess.py:93} INFO - [notice] To update, run: pip install --upgrade pip
[2025-09-05T20:11:20.637+0000] {subprocess.py:93} INFO - /opt/***/pipelines/ippuc.py:51: UserWarning: Geometry column does not contain geometry.
[2025-09-05T20:11:20.638+0000] {subprocess.py:93} INFO -   gdf_transformado['geometry'] = gdf_transformado['geometry'].apply(lambda geom: geom.wkt)
[2025-09-05T20:11:21.034+0000] {subprocess.py:93} INFO - Arquivo 'SIST_VIARIO_CLASSIFICADO.shp' lido com sucesso!
[2025-09-05T20:11:21.035+0000] {subprocess.py:93} INFO - 
[2025-09-05T20:11:21.035+0000] {subprocess.py:93} INFO - --- Iniciando transformação dos dados geográficos ---
[2025-09-05T20:11:21.036+0000] {subprocess.py:93} INFO - Coluna de geometria convertida para WKT.
[2025-09-05T20:11:21.037+0000] {subprocess.py:93} INFO - 
[2025-09-05T20:11:21.037+0000] {subprocess.py:93} INFO - --- Informações do DataFrame Final ---
[2025-09-05T20:11:21.038+0000] {subprocess.py:93} INFO - <class 'geopandas.geodataframe.GeoDataFrame'>
[2025-09-05T20:11:21.038+0000] {subprocess.py:93} INFO - RangeIndex: 1240 entries, 0 to 1239
[2025-09-05T20:11:21.039+0000] {subprocess.py:93} INFO - Data columns (total 4 columns):
[2025-09-05T20:11:21.039+0000] {subprocess.py:93} INFO -  #   Column          Non-Null Count  Dtype
[2025-09-05T20:11:21.041+0000] {subprocess.py:93} INFO - ---  ------          --------------  -----
[2025-09-05T20:11:21.042+0000] {subprocess.py:93} INFO -  0   nome_via        1227 non-null   object
[2025-09-05T20:11:21.044+0000] {subprocess.py:93} INFO -  1   sistema_viario  1240 non-null   object
[2025-09-05T20:11:21.045+0000] {subprocess.py:93} INFO -  2   hierarquia_via  1240 non-null   object
[2025-09-05T20:11:21.048+0000] {subprocess.py:93} INFO -  3   geometry        1240 non-null   object
[2025-09-05T20:11:21.049+0000] {subprocess.py:93} INFO - dtypes: object(4)
[2025-09-05T20:11:21.050+0000] {subprocess.py:93} INFO - memory usage: 38.9+ KB
[2025-09-05T20:11:21.051+0000] {subprocess.py:93} INFO - 
[2025-09-05T20:11:21.052+0000] {subprocess.py:93} INFO - --- Iniciando carregamento para a tabela 'sistema_viario' no MySQL ---
[2025-09-05T20:11:21.054+0000] {subprocess.py:93} INFO - Carga de 1240 linhas para a tabela 'sistema_viario' concluída com sucesso!
[2025-09-05T20:11:21.265+0000] {subprocess.py:97} INFO - Command exited with return code 0
[2025-09-05T20:11:21.267+0000] {taskinstance.py:441} INFO - ::group::Post task execution logs
[2025-09-05T20:11:21.295+0000] {taskinstance.py:1206} INFO - Marking task as SUCCESS. dag_id=pipeline_dados_transito_tcc, task_id=processar_ippuc, run_id=manual__2025-09-05T20:11:13.735953+00:00, execution_date=20250905T201113, start_date=20250905T201115, end_date=20250905T201121
[2025-09-05T20:11:21.355+0000] {local_task_job_runner.py:240} INFO - Task exited with return code 0
[2025-09-05T20:11:21.368+0000] {taskinstance.py:3503} INFO - 0 downstream tasks scheduled from follow-on schedule check
[2025-09-05T20:11:21.370+0000] {local_task_job_runner.py:222} INFO - ::endgroup::
