[2025-09-04T13:24:51.479+0000] {local_task_job_runner.py:120} INFO - ::group::Pre task execution logs
[2025-09-04T13:24:51.524+0000] {taskinstance.py:2076} INFO - Dependencies all met for dep_context=non-requeueable deps ti=<TaskInstance: pipeline_dados_transito_tcc.processar_ippuc manual__2025-09-04T13:24:50.086809+00:00 [queued]>
[2025-09-04T13:24:51.541+0000] {taskinstance.py:2076} INFO - Dependencies all met for dep_context=requeueable deps ti=<TaskInstance: pipeline_dados_transito_tcc.processar_ippuc manual__2025-09-04T13:24:50.086809+00:00 [queued]>
[2025-09-04T13:24:51.542+0000] {taskinstance.py:2306} INFO - Starting attempt 1 of 1
[2025-09-04T13:24:51.579+0000] {taskinstance.py:2330} INFO - Executing <Task(BashOperator): processar_ippuc> on 2025-09-04 13:24:50.086809+00:00
[2025-09-04T13:24:51.589+0000] {warnings.py:112} WARNING - /home/***/.local/lib/python3.12/site-packages/***/task/task_runner/standard_task_runner.py:61: DeprecationWarning: This process (pid=68) is multi-threaded, use of fork() may lead to deadlocks in the child.
  pid = os.fork()

[2025-09-04T13:24:51.592+0000] {standard_task_runner.py:63} INFO - Started process 71 to run task
[2025-09-04T13:24:51.592+0000] {standard_task_runner.py:90} INFO - Running: ['***', 'tasks', 'run', 'pipeline_dados_transito_tcc', 'processar_ippuc', 'manual__2025-09-04T13:24:50.086809+00:00', '--job-id', '24', '--raw', '--subdir', 'DAGS_FOLDER/tcc_pipeline_dag.py', '--cfg-path', '/tmp/tmpowryvru1']
[2025-09-04T13:24:51.595+0000] {standard_task_runner.py:91} INFO - Job 24: Subtask processar_ippuc
[2025-09-04T13:24:51.707+0000] {task_command.py:426} INFO - Running <TaskInstance: pipeline_dados_transito_tcc.processar_ippuc manual__2025-09-04T13:24:50.086809+00:00 [running]> on host 5c7bf46a5109
[2025-09-04T13:24:51.805+0000] {taskinstance.py:2648} INFO - Exporting env vars: AIRFLOW_CTX_DAG_OWNER='***' AIRFLOW_CTX_DAG_ID='pipeline_dados_transito_tcc' AIRFLOW_CTX_TASK_ID='processar_ippuc' AIRFLOW_CTX_EXECUTION_DATE='2025-09-04T13:24:50.086809+00:00' AIRFLOW_CTX_TRY_NUMBER='1' AIRFLOW_CTX_DAG_RUN_ID='manual__2025-09-04T13:24:50.086809+00:00'
[2025-09-04T13:24:51.807+0000] {taskinstance.py:430} INFO - ::endgroup::
[2025-09-04T13:24:51.851+0000] {subprocess.py:63} INFO - Tmp dir root location: /tmp
[2025-09-04T13:24:51.853+0000] {subprocess.py:75} INFO - Running command: ['/usr/bin/bash', '-c', 'pip install pandas geopandas sqlalchemy mysql-connector-python && python /opt/***/pipelines/ippuc.py']
[2025-09-04T13:24:51.869+0000] {subprocess.py:86} INFO - Output:
[2025-09-04T13:24:54.759+0000] {subprocess.py:93} INFO - Requirement already satisfied: pandas in /home/***/.local/lib/python3.12/site-packages (2.1.4)
[2025-09-04T13:24:55.014+0000] {subprocess.py:93} INFO - Collecting geopandas
[2025-09-04T13:24:55.166+0000] {subprocess.py:93} INFO -   Downloading geopandas-1.1.1-py3-none-any.whl.metadata (2.3 kB)
[2025-09-04T13:24:55.183+0000] {subprocess.py:93} INFO - Requirement already satisfied: sqlalchemy in /home/***/.local/lib/python3.12/site-packages (1.4.52)
[2025-09-04T13:24:55.184+0000] {subprocess.py:93} INFO - Requirement already satisfied: mysql-connector-python in /home/***/.local/lib/python3.12/site-packages (8.4.0)
[2025-09-04T13:24:55.309+0000] {subprocess.py:93} INFO - Requirement already satisfied: numpy<2,>=1.26.0 in /home/***/.local/lib/python3.12/site-packages (from pandas) (1.26.4)
[2025-09-04T13:24:55.311+0000] {subprocess.py:93} INFO - Requirement already satisfied: python-dateutil>=2.8.2 in /home/***/.local/lib/python3.12/site-packages (from pandas) (2.9.0.post0)
[2025-09-04T13:24:55.317+0000] {subprocess.py:93} INFO - Requirement already satisfied: pytz>=2020.1 in /home/***/.local/lib/python3.12/site-packages (from pandas) (2024.1)
[2025-09-04T13:24:55.318+0000] {subprocess.py:93} INFO - Requirement already satisfied: tzdata>=2022.1 in /home/***/.local/lib/python3.12/site-packages (from pandas) (2024.1)
[2025-09-04T13:24:55.496+0000] {subprocess.py:93} INFO - Collecting pyogrio>=0.7.2 (from geopandas)
[2025-09-04T13:24:55.527+0000] {subprocess.py:93} INFO -   Downloading pyogrio-0.11.1-cp312-cp312-manylinux_2_28_x86_64.whl.metadata (5.3 kB)
[2025-09-04T13:24:55.540+0000] {subprocess.py:93} INFO - Requirement already satisfied: packaging in /home/***/.local/lib/python3.12/site-packages (from geopandas) (24.0)
[2025-09-04T13:24:55.790+0000] {subprocess.py:93} INFO - Collecting pyproj>=3.5.0 (from geopandas)
[2025-09-04T13:24:55.823+0000] {subprocess.py:93} INFO -   Downloading pyproj-3.7.2-cp312-cp312-manylinux_2_28_x86_64.whl.metadata (31 kB)
[2025-09-04T13:24:55.893+0000] {subprocess.py:93} INFO - Requirement already satisfied: shapely>=2.0.0 in /home/***/.local/lib/python3.12/site-packages (from geopandas) (2.0.4)
[2025-09-04T13:24:55.999+0000] {subprocess.py:93} INFO - Requirement already satisfied: greenlet!=0.4.17 in /home/***/.local/lib/python3.12/site-packages (from sqlalchemy) (3.0.3)
[2025-09-04T13:24:56.041+0000] {subprocess.py:93} INFO - Requirement already satisfied: certifi in /home/***/.local/lib/python3.12/site-packages (from pyogrio>=0.7.2->geopandas) (2024.6.2)
[2025-09-04T13:24:56.073+0000] {subprocess.py:93} INFO - Requirement already satisfied: six>=1.5 in /home/***/.local/lib/python3.12/site-packages (from python-dateutil>=2.8.2->pandas) (1.16.0)
[2025-09-04T13:24:56.138+0000] {subprocess.py:93} INFO - Downloading geopandas-1.1.1-py3-none-any.whl (338 kB)
[2025-09-04T13:24:56.442+0000] {subprocess.py:93} INFO -    ━━━━━━━━━━━━━━━━━━━━━━━━━━━━━━━━━━━━━━━━ 338.4/338.4 kB 1.1 MB/s eta 0:00:00
[2025-09-04T13:24:56.500+0000] {subprocess.py:93} INFO - Downloading pyogrio-0.11.1-cp312-cp312-manylinux_2_28_x86_64.whl (27.7 MB)
[2025-09-04T13:25:01.405+0000] {subprocess.py:93} INFO -    ━━━━━━━━━━━━━━━━━━━━━━━━━━━━━━━━━━━━━━━━ 27.7/27.7 MB 5.8 MB/s eta 0:00:00
[2025-09-04T13:25:01.439+0000] {subprocess.py:93} INFO - Downloading pyproj-3.7.2-cp312-cp312-manylinux_2_28_x86_64.whl (9.6 MB)
[2025-09-04T13:25:02.968+0000] {subprocess.py:93} INFO -    ━━━━━━━━━━━━━━━━━━━━━━━━━━━━━━━━━━━━━━━━ 9.6/9.6 MB 6.3 MB/s eta 0:00:00
[2025-09-04T13:25:06.335+0000] {subprocess.py:93} INFO - Installing collected packages: pyproj, pyogrio, geopandas
[2025-09-04T13:25:08.247+0000] {subprocess.py:93} INFO - Successfully installed geopandas-1.1.1 pyogrio-0.11.1 pyproj-3.7.2
[2025-09-04T13:25:08.521+0000] {subprocess.py:93} INFO - 
[2025-09-04T13:25:08.522+0000] {subprocess.py:93} INFO - [notice] A new release of pip is available: 24.0 -> 25.2
[2025-09-04T13:25:08.522+0000] {subprocess.py:93} INFO - [notice] To update, run: pip install --upgrade pip
[2025-09-04T13:25:10.600+0000] {subprocess.py:93} INFO - Ocorreu um erro inesperado ao ler o arquivo Shapefile: C:\Users\Jonas\Desktop\dados tcc/brutos/ippuc/SIST_VIARIO_CLASSIFICADO_SIRGAS/SIST_VIARIO_CLASSIFICADO.shp: No such file or directory
[2025-09-04T13:25:10.602+0000] {subprocess.py:93} INFO - 
[2025-09-04T13:25:10.602+0000] {subprocess.py:93} INFO - Pipeline encerrado. Não foi possível extrair os dados.
[2025-09-04T13:25:10.787+0000] {subprocess.py:97} INFO - Command exited with return code 0
[2025-09-04T13:25:10.789+0000] {taskinstance.py:441} INFO - ::group::Post task execution logs
[2025-09-04T13:25:10.822+0000] {taskinstance.py:1206} INFO - Marking task as SUCCESS. dag_id=pipeline_dados_transito_tcc, task_id=processar_ippuc, run_id=manual__2025-09-04T13:24:50.086809+00:00, execution_date=20250904T132450, start_date=20250904T132451, end_date=20250904T132510
[2025-09-04T13:25:10.875+0000] {local_task_job_runner.py:240} INFO - Task exited with return code 0
[2025-09-04T13:25:10.901+0000] {taskinstance.py:3503} INFO - 0 downstream tasks scheduled from follow-on schedule check
[2025-09-04T13:25:10.907+0000] {local_task_job_runner.py:222} INFO - ::endgroup::
