[2025-09-04T12:31:10.750+0000] {local_task_job_runner.py:120} INFO - ::group::Pre task execution logs
[2025-09-04T12:31:10.772+0000] {taskinstance.py:2076} INFO - Dependencies all met for dep_context=non-requeueable deps ti=<TaskInstance: tcc_transito_pipeline.processa_dados_sigesguarda manual__2025-09-04T12:31:09.625178+00:00 [queued]>
[2025-09-04T12:31:10.780+0000] {taskinstance.py:2076} INFO - Dependencies all met for dep_context=requeueable deps ti=<TaskInstance: tcc_transito_pipeline.processa_dados_sigesguarda manual__2025-09-04T12:31:09.625178+00:00 [queued]>
[2025-09-04T12:31:10.781+0000] {taskinstance.py:2306} INFO - Starting attempt 1 of 1
[2025-09-04T12:31:10.794+0000] {taskinstance.py:2330} INFO - Executing <Task(BashOperator): processa_dados_sigesguarda> on 2025-09-04 12:31:09.625178+00:00
[2025-09-04T12:31:10.801+0000] {warnings.py:112} WARNING - /home/***/.local/lib/python3.12/site-packages/***/task/task_runner/standard_task_runner.py:61: DeprecationWarning: This process (pid=75) is multi-threaded, use of fork() may lead to deadlocks in the child.
  pid = os.fork()

[2025-09-04T12:31:10.802+0000] {standard_task_runner.py:63} INFO - Started process 77 to run task
[2025-09-04T12:31:10.803+0000] {standard_task_runner.py:90} INFO - Running: ['***', 'tasks', 'run', 'tcc_transito_pipeline', 'processa_dados_sigesguarda', 'manual__2025-09-04T12:31:09.625178+00:00', '--job-id', '8', '--raw', '--subdir', 'DAGS_FOLDER/tcc_pipeline_dag.py', '--cfg-path', '/tmp/tmp0dius5td']
[2025-09-04T12:31:10.804+0000] {standard_task_runner.py:91} INFO - Job 8: Subtask processa_dados_sigesguarda
[2025-09-04T12:31:10.880+0000] {task_command.py:426} INFO - Running <TaskInstance: tcc_transito_pipeline.processa_dados_sigesguarda manual__2025-09-04T12:31:09.625178+00:00 [running]> on host 36ab4e42fefc
[2025-09-04T12:31:10.971+0000] {taskinstance.py:2648} INFO - Exporting env vars: AIRFLOW_CTX_DAG_OWNER='***' AIRFLOW_CTX_DAG_ID='tcc_transito_pipeline' AIRFLOW_CTX_TASK_ID='processa_dados_sigesguarda' AIRFLOW_CTX_EXECUTION_DATE='2025-09-04T12:31:09.625178+00:00' AIRFLOW_CTX_TRY_NUMBER='1' AIRFLOW_CTX_DAG_RUN_ID='manual__2025-09-04T12:31:09.625178+00:00'
[2025-09-04T12:31:10.972+0000] {taskinstance.py:430} INFO - ::endgroup::
[2025-09-04T12:31:10.998+0000] {subprocess.py:63} INFO - Tmp dir root location: /tmp
[2025-09-04T12:31:10.999+0000] {subprocess.py:75} INFO - Running command: ['/usr/bin/bash', '-c', 'python /opt/***/pipelines/sigesguarda.py']
[2025-09-04T12:31:11.008+0000] {subprocess.py:86} INFO - Output:
[2025-09-04T12:31:11.092+0000] {subprocess.py:93} INFO - python: can't open file '/opt/***/pipelines/sigesguarda.py': [Errno 2] No such file or directory
[2025-09-04T12:31:11.095+0000] {subprocess.py:97} INFO - Command exited with return code 2
[2025-09-04T12:31:11.096+0000] {taskinstance.py:441} INFO - ::group::Post task execution logs
[2025-09-04T12:31:11.104+0000] {taskinstance.py:2905} ERROR - Task failed with exception
Traceback (most recent call last):
  File "/home/airflow/.local/lib/python3.12/site-packages/airflow/models/taskinstance.py", line 465, in _execute_task
    result = _execute_callable(context=context, **execute_callable_kwargs)
             ^^^^^^^^^^^^^^^^^^^^^^^^^^^^^^^^^^^^^^^^^^^^^^^^^^^^^^^^^^^^^
  File "/home/airflow/.local/lib/python3.12/site-packages/airflow/models/taskinstance.py", line 432, in _execute_callable
    return execute_callable(context=context, **execute_callable_kwargs)
           ^^^^^^^^^^^^^^^^^^^^^^^^^^^^^^^^^^^^^^^^^^^^^^^^^^^^^^^^^^^^
  File "/home/airflow/.local/lib/python3.12/site-packages/airflow/models/baseoperator.py", line 401, in wrapper
    return func(self, *args, **kwargs)
           ^^^^^^^^^^^^^^^^^^^^^^^^^^^
  File "/home/airflow/.local/lib/python3.12/site-packages/airflow/operators/bash.py", line 243, in execute
    raise AirflowException(
airflow.exceptions.AirflowException: Bash command failed. The command returned a non-zero exit code 2.
[2025-09-04T12:31:11.107+0000] {taskinstance.py:1206} INFO - Marking task as FAILED. dag_id=tcc_transito_pipeline, task_id=processa_dados_sigesguarda, run_id=manual__2025-09-04T12:31:09.625178+00:00, execution_date=20250904T123109, start_date=20250904T123110, end_date=20250904T123111
[2025-09-04T12:31:11.118+0000] {standard_task_runner.py:110} ERROR - Failed to execute job 8 for task processa_dados_sigesguarda (Bash command failed. The command returned a non-zero exit code 2.; 77)
[2025-09-04T12:31:11.177+0000] {local_task_job_runner.py:240} INFO - Task exited with return code 1
[2025-09-04T12:31:11.215+0000] {taskinstance.py:3503} INFO - 0 downstream tasks scheduled from follow-on schedule check
[2025-09-04T12:31:11.217+0000] {local_task_job_runner.py:222} INFO - ::endgroup::
