[2025-09-04T11:50:06.183+0000] {processor.py:161} INFO - Started process (PID=92) to work on /home/airflow/.local/lib/python3.12/site-packages/airflow/example_dags/example_time_delta_sensor_async.py
[2025-09-04T11:50:06.184+0000] {processor.py:830} INFO - Processing file /home/airflow/.local/lib/python3.12/site-packages/airflow/example_dags/example_time_delta_sensor_async.py for tasks to queue
[2025-09-04T11:50:06.187+0000] {logging_mixin.py:188} INFO - [2025-09-04T11:50:06.186+0000] {dagbag.py:545} INFO - Filling up the DagBag from /home/airflow/.local/lib/python3.12/site-packages/airflow/example_dags/example_time_delta_sensor_async.py
[2025-09-04T11:50:06.194+0000] {processor.py:840} INFO - DAG(s) 'example_time_delta_sensor_async' retrieved from /home/airflow/.local/lib/python3.12/site-packages/airflow/example_dags/example_time_delta_sensor_async.py
[2025-09-04T11:50:06.287+0000] {logging_mixin.py:188} INFO - [2025-09-04T11:50:06.286+0000] {override.py:1829} INFO - Created Permission View: can edit on DAG:example_time_delta_sensor_async
[2025-09-04T11:50:06.298+0000] {logging_mixin.py:188} INFO - [2025-09-04T11:50:06.297+0000] {override.py:1829} INFO - Created Permission View: can read on DAG:example_time_delta_sensor_async
[2025-09-04T11:50:06.306+0000] {logging_mixin.py:188} INFO - [2025-09-04T11:50:06.305+0000] {override.py:1829} INFO - Created Permission View: can delete on DAG:example_time_delta_sensor_async
[2025-09-04T11:50:06.307+0000] {logging_mixin.py:188} INFO - [2025-09-04T11:50:06.307+0000] {dag.py:3096} INFO - Sync 1 DAGs
[2025-09-04T11:50:06.319+0000] {logging_mixin.py:188} INFO - [2025-09-04T11:50:06.318+0000] {dag.py:3118} INFO - Creating ORM DAG for example_time_delta_sensor_async
[2025-09-04T11:50:06.320+0000] {logging_mixin.py:188} INFO - [2025-09-04T11:50:06.320+0000] {dag.py:3954} INFO - Setting next_dagrun for example_time_delta_sensor_async to None, run_after=None
[2025-09-04T11:50:06.356+0000] {processor.py:183} INFO - Processing /home/airflow/.local/lib/python3.12/site-packages/airflow/example_dags/example_time_delta_sensor_async.py took 0.179 seconds
[2025-09-04T11:50:36.456+0000] {processor.py:161} INFO - Started process (PID=150) to work on /home/airflow/.local/lib/python3.12/site-packages/airflow/example_dags/example_time_delta_sensor_async.py
[2025-09-04T11:50:36.458+0000] {processor.py:830} INFO - Processing file /home/airflow/.local/lib/python3.12/site-packages/airflow/example_dags/example_time_delta_sensor_async.py for tasks to queue
[2025-09-04T11:50:36.460+0000] {logging_mixin.py:188} INFO - [2025-09-04T11:50:36.460+0000] {dagbag.py:545} INFO - Filling up the DagBag from /home/airflow/.local/lib/python3.12/site-packages/airflow/example_dags/example_time_delta_sensor_async.py
[2025-09-04T11:50:36.465+0000] {processor.py:840} INFO - DAG(s) 'example_time_delta_sensor_async' retrieved from /home/airflow/.local/lib/python3.12/site-packages/airflow/example_dags/example_time_delta_sensor_async.py
[2025-09-04T11:50:36.490+0000] {logging_mixin.py:188} INFO - [2025-09-04T11:50:36.490+0000] {dag.py:3096} INFO - Sync 1 DAGs
[2025-09-04T11:50:36.503+0000] {logging_mixin.py:188} INFO - [2025-09-04T11:50:36.503+0000] {dag.py:3954} INFO - Setting next_dagrun for example_time_delta_sensor_async to None, run_after=None
[2025-09-04T11:50:36.523+0000] {processor.py:183} INFO - Processing /home/airflow/.local/lib/python3.12/site-packages/airflow/example_dags/example_time_delta_sensor_async.py took 0.077 seconds
[2025-09-04T11:51:07.283+0000] {processor.py:161} INFO - Started process (PID=207) to work on /home/airflow/.local/lib/python3.12/site-packages/airflow/example_dags/example_time_delta_sensor_async.py
[2025-09-04T11:51:07.284+0000] {processor.py:830} INFO - Processing file /home/airflow/.local/lib/python3.12/site-packages/airflow/example_dags/example_time_delta_sensor_async.py for tasks to queue
[2025-09-04T11:51:07.287+0000] {logging_mixin.py:188} INFO - [2025-09-04T11:51:07.286+0000] {dagbag.py:545} INFO - Filling up the DagBag from /home/airflow/.local/lib/python3.12/site-packages/airflow/example_dags/example_time_delta_sensor_async.py
[2025-09-04T11:51:07.293+0000] {processor.py:840} INFO - DAG(s) 'example_time_delta_sensor_async' retrieved from /home/airflow/.local/lib/python3.12/site-packages/airflow/example_dags/example_time_delta_sensor_async.py
[2025-09-04T11:51:07.313+0000] {logging_mixin.py:188} INFO - [2025-09-04T11:51:07.312+0000] {dag.py:3096} INFO - Sync 1 DAGs
[2025-09-04T11:51:07.323+0000] {logging_mixin.py:188} INFO - [2025-09-04T11:51:07.323+0000] {dag.py:3954} INFO - Setting next_dagrun for example_time_delta_sensor_async to None, run_after=None
[2025-09-04T11:51:07.343+0000] {processor.py:183} INFO - Processing /home/airflow/.local/lib/python3.12/site-packages/airflow/example_dags/example_time_delta_sensor_async.py took 0.066 seconds
[2025-09-04T11:51:38.193+0000] {processor.py:161} INFO - Started process (PID=265) to work on /home/airflow/.local/lib/python3.12/site-packages/airflow/example_dags/example_time_delta_sensor_async.py
[2025-09-04T11:51:38.194+0000] {processor.py:830} INFO - Processing file /home/airflow/.local/lib/python3.12/site-packages/airflow/example_dags/example_time_delta_sensor_async.py for tasks to queue
[2025-09-04T11:51:38.196+0000] {logging_mixin.py:188} INFO - [2025-09-04T11:51:38.195+0000] {dagbag.py:545} INFO - Filling up the DagBag from /home/airflow/.local/lib/python3.12/site-packages/airflow/example_dags/example_time_delta_sensor_async.py
[2025-09-04T11:51:38.200+0000] {processor.py:840} INFO - DAG(s) 'example_time_delta_sensor_async' retrieved from /home/airflow/.local/lib/python3.12/site-packages/airflow/example_dags/example_time_delta_sensor_async.py
[2025-09-04T11:51:38.216+0000] {logging_mixin.py:188} INFO - [2025-09-04T11:51:38.216+0000] {dag.py:3096} INFO - Sync 1 DAGs
[2025-09-04T11:51:38.227+0000] {logging_mixin.py:188} INFO - [2025-09-04T11:51:38.227+0000] {dag.py:3954} INFO - Setting next_dagrun for example_time_delta_sensor_async to None, run_after=None
[2025-09-04T11:51:38.242+0000] {processor.py:183} INFO - Processing /home/airflow/.local/lib/python3.12/site-packages/airflow/example_dags/example_time_delta_sensor_async.py took 0.054 seconds
[2025-09-04T11:52:08.990+0000] {processor.py:161} INFO - Started process (PID=323) to work on /home/airflow/.local/lib/python3.12/site-packages/airflow/example_dags/example_time_delta_sensor_async.py
[2025-09-04T11:52:08.993+0000] {processor.py:830} INFO - Processing file /home/airflow/.local/lib/python3.12/site-packages/airflow/example_dags/example_time_delta_sensor_async.py for tasks to queue
[2025-09-04T11:52:08.997+0000] {logging_mixin.py:188} INFO - [2025-09-04T11:52:08.996+0000] {dagbag.py:545} INFO - Filling up the DagBag from /home/airflow/.local/lib/python3.12/site-packages/airflow/example_dags/example_time_delta_sensor_async.py
[2025-09-04T11:52:09.007+0000] {processor.py:840} INFO - DAG(s) 'example_time_delta_sensor_async' retrieved from /home/airflow/.local/lib/python3.12/site-packages/airflow/example_dags/example_time_delta_sensor_async.py
[2025-09-04T11:52:09.046+0000] {logging_mixin.py:188} INFO - [2025-09-04T11:52:09.045+0000] {dag.py:3096} INFO - Sync 1 DAGs
[2025-09-04T11:52:09.062+0000] {logging_mixin.py:188} INFO - [2025-09-04T11:52:09.061+0000] {dag.py:3954} INFO - Setting next_dagrun for example_time_delta_sensor_async to None, run_after=None
[2025-09-04T11:52:09.082+0000] {processor.py:183} INFO - Processing /home/airflow/.local/lib/python3.12/site-packages/airflow/example_dags/example_time_delta_sensor_async.py took 0.102 seconds
[2025-09-04T11:52:40.305+0000] {processor.py:161} INFO - Started process (PID=381) to work on /home/airflow/.local/lib/python3.12/site-packages/airflow/example_dags/example_time_delta_sensor_async.py
[2025-09-04T11:52:40.306+0000] {processor.py:830} INFO - Processing file /home/airflow/.local/lib/python3.12/site-packages/airflow/example_dags/example_time_delta_sensor_async.py for tasks to queue
[2025-09-04T11:52:40.309+0000] {logging_mixin.py:188} INFO - [2025-09-04T11:52:40.308+0000] {dagbag.py:545} INFO - Filling up the DagBag from /home/airflow/.local/lib/python3.12/site-packages/airflow/example_dags/example_time_delta_sensor_async.py
[2025-09-04T11:52:40.315+0000] {processor.py:840} INFO - DAG(s) 'example_time_delta_sensor_async' retrieved from /home/airflow/.local/lib/python3.12/site-packages/airflow/example_dags/example_time_delta_sensor_async.py
[2025-09-04T11:52:40.340+0000] {logging_mixin.py:188} INFO - [2025-09-04T11:52:40.339+0000] {dag.py:3096} INFO - Sync 1 DAGs
[2025-09-04T11:52:40.360+0000] {logging_mixin.py:188} INFO - [2025-09-04T11:52:40.359+0000] {dag.py:3954} INFO - Setting next_dagrun for example_time_delta_sensor_async to None, run_after=None
[2025-09-04T11:52:40.392+0000] {processor.py:183} INFO - Processing /home/airflow/.local/lib/python3.12/site-packages/airflow/example_dags/example_time_delta_sensor_async.py took 0.092 seconds
[2025-09-04T11:53:10.615+0000] {processor.py:161} INFO - Started process (PID=439) to work on /home/airflow/.local/lib/python3.12/site-packages/airflow/example_dags/example_time_delta_sensor_async.py
[2025-09-04T11:53:10.617+0000] {processor.py:830} INFO - Processing file /home/airflow/.local/lib/python3.12/site-packages/airflow/example_dags/example_time_delta_sensor_async.py for tasks to queue
[2025-09-04T11:53:10.620+0000] {logging_mixin.py:188} INFO - [2025-09-04T11:53:10.619+0000] {dagbag.py:545} INFO - Filling up the DagBag from /home/airflow/.local/lib/python3.12/site-packages/airflow/example_dags/example_time_delta_sensor_async.py
[2025-09-04T11:53:10.624+0000] {processor.py:840} INFO - DAG(s) 'example_time_delta_sensor_async' retrieved from /home/airflow/.local/lib/python3.12/site-packages/airflow/example_dags/example_time_delta_sensor_async.py
[2025-09-04T11:53:10.642+0000] {logging_mixin.py:188} INFO - [2025-09-04T11:53:10.642+0000] {dag.py:3096} INFO - Sync 1 DAGs
[2025-09-04T11:53:10.653+0000] {logging_mixin.py:188} INFO - [2025-09-04T11:53:10.653+0000] {dag.py:3954} INFO - Setting next_dagrun for example_time_delta_sensor_async to None, run_after=None
[2025-09-04T11:53:10.669+0000] {processor.py:183} INFO - Processing /home/airflow/.local/lib/python3.12/site-packages/airflow/example_dags/example_time_delta_sensor_async.py took 0.062 seconds
[2025-09-04T11:53:40.976+0000] {processor.py:161} INFO - Started process (PID=497) to work on /home/airflow/.local/lib/python3.12/site-packages/airflow/example_dags/example_time_delta_sensor_async.py
[2025-09-04T11:53:40.979+0000] {processor.py:830} INFO - Processing file /home/airflow/.local/lib/python3.12/site-packages/airflow/example_dags/example_time_delta_sensor_async.py for tasks to queue
[2025-09-04T11:53:40.983+0000] {logging_mixin.py:188} INFO - [2025-09-04T11:53:40.982+0000] {dagbag.py:545} INFO - Filling up the DagBag from /home/airflow/.local/lib/python3.12/site-packages/airflow/example_dags/example_time_delta_sensor_async.py
[2025-09-04T11:53:40.992+0000] {processor.py:840} INFO - DAG(s) 'example_time_delta_sensor_async' retrieved from /home/airflow/.local/lib/python3.12/site-packages/airflow/example_dags/example_time_delta_sensor_async.py
[2025-09-04T11:53:41.014+0000] {logging_mixin.py:188} INFO - [2025-09-04T11:53:41.014+0000] {dag.py:3096} INFO - Sync 1 DAGs
[2025-09-04T11:53:41.026+0000] {logging_mixin.py:188} INFO - [2025-09-04T11:53:41.026+0000] {dag.py:3954} INFO - Setting next_dagrun for example_time_delta_sensor_async to None, run_after=None
[2025-09-04T11:53:41.047+0000] {processor.py:183} INFO - Processing /home/airflow/.local/lib/python3.12/site-packages/airflow/example_dags/example_time_delta_sensor_async.py took 0.089 seconds
[2025-09-04T11:54:11.283+0000] {processor.py:161} INFO - Started process (PID=555) to work on /home/airflow/.local/lib/python3.12/site-packages/airflow/example_dags/example_time_delta_sensor_async.py
[2025-09-04T11:54:11.285+0000] {processor.py:830} INFO - Processing file /home/airflow/.local/lib/python3.12/site-packages/airflow/example_dags/example_time_delta_sensor_async.py for tasks to queue
[2025-09-04T11:54:11.287+0000] {logging_mixin.py:188} INFO - [2025-09-04T11:54:11.287+0000] {dagbag.py:545} INFO - Filling up the DagBag from /home/airflow/.local/lib/python3.12/site-packages/airflow/example_dags/example_time_delta_sensor_async.py
[2025-09-04T11:54:11.293+0000] {processor.py:840} INFO - DAG(s) 'example_time_delta_sensor_async' retrieved from /home/airflow/.local/lib/python3.12/site-packages/airflow/example_dags/example_time_delta_sensor_async.py
[2025-09-04T11:54:11.322+0000] {logging_mixin.py:188} INFO - [2025-09-04T11:54:11.321+0000] {dag.py:3096} INFO - Sync 1 DAGs
[2025-09-04T11:54:11.334+0000] {logging_mixin.py:188} INFO - [2025-09-04T11:54:11.333+0000] {dag.py:3954} INFO - Setting next_dagrun for example_time_delta_sensor_async to None, run_after=None
[2025-09-04T11:54:11.364+0000] {processor.py:183} INFO - Processing /home/airflow/.local/lib/python3.12/site-packages/airflow/example_dags/example_time_delta_sensor_async.py took 0.089 seconds
[2025-09-04T11:54:41.623+0000] {processor.py:161} INFO - Started process (PID=613) to work on /home/airflow/.local/lib/python3.12/site-packages/airflow/example_dags/example_time_delta_sensor_async.py
[2025-09-04T11:54:41.624+0000] {processor.py:830} INFO - Processing file /home/airflow/.local/lib/python3.12/site-packages/airflow/example_dags/example_time_delta_sensor_async.py for tasks to queue
[2025-09-04T11:54:41.626+0000] {logging_mixin.py:188} INFO - [2025-09-04T11:54:41.626+0000] {dagbag.py:545} INFO - Filling up the DagBag from /home/airflow/.local/lib/python3.12/site-packages/airflow/example_dags/example_time_delta_sensor_async.py
[2025-09-04T11:54:41.630+0000] {processor.py:840} INFO - DAG(s) 'example_time_delta_sensor_async' retrieved from /home/airflow/.local/lib/python3.12/site-packages/airflow/example_dags/example_time_delta_sensor_async.py
[2025-09-04T11:54:41.649+0000] {logging_mixin.py:188} INFO - [2025-09-04T11:54:41.649+0000] {dag.py:3096} INFO - Sync 1 DAGs
[2025-09-04T11:54:41.664+0000] {logging_mixin.py:188} INFO - [2025-09-04T11:54:41.663+0000] {dag.py:3954} INFO - Setting next_dagrun for example_time_delta_sensor_async to None, run_after=None
[2025-09-04T11:54:41.678+0000] {processor.py:183} INFO - Processing /home/airflow/.local/lib/python3.12/site-packages/airflow/example_dags/example_time_delta_sensor_async.py took 0.060 seconds
[2025-09-04T11:55:12.238+0000] {processor.py:161} INFO - Started process (PID=671) to work on /home/airflow/.local/lib/python3.12/site-packages/airflow/example_dags/example_time_delta_sensor_async.py
[2025-09-04T11:55:12.240+0000] {processor.py:830} INFO - Processing file /home/airflow/.local/lib/python3.12/site-packages/airflow/example_dags/example_time_delta_sensor_async.py for tasks to queue
[2025-09-04T11:55:12.242+0000] {logging_mixin.py:188} INFO - [2025-09-04T11:55:12.242+0000] {dagbag.py:545} INFO - Filling up the DagBag from /home/airflow/.local/lib/python3.12/site-packages/airflow/example_dags/example_time_delta_sensor_async.py
[2025-09-04T11:55:12.247+0000] {processor.py:840} INFO - DAG(s) 'example_time_delta_sensor_async' retrieved from /home/airflow/.local/lib/python3.12/site-packages/airflow/example_dags/example_time_delta_sensor_async.py
[2025-09-04T11:55:12.267+0000] {logging_mixin.py:188} INFO - [2025-09-04T11:55:12.267+0000] {dag.py:3096} INFO - Sync 1 DAGs
[2025-09-04T11:55:12.279+0000] {logging_mixin.py:188} INFO - [2025-09-04T11:55:12.279+0000] {dag.py:3954} INFO - Setting next_dagrun for example_time_delta_sensor_async to None, run_after=None
[2025-09-04T11:55:12.304+0000] {processor.py:183} INFO - Processing /home/airflow/.local/lib/python3.12/site-packages/airflow/example_dags/example_time_delta_sensor_async.py took 0.075 seconds
[2025-09-04T11:55:42.629+0000] {processor.py:161} INFO - Started process (PID=729) to work on /home/airflow/.local/lib/python3.12/site-packages/airflow/example_dags/example_time_delta_sensor_async.py
[2025-09-04T11:55:42.630+0000] {processor.py:830} INFO - Processing file /home/airflow/.local/lib/python3.12/site-packages/airflow/example_dags/example_time_delta_sensor_async.py for tasks to queue
[2025-09-04T11:55:42.632+0000] {logging_mixin.py:188} INFO - [2025-09-04T11:55:42.632+0000] {dagbag.py:545} INFO - Filling up the DagBag from /home/airflow/.local/lib/python3.12/site-packages/airflow/example_dags/example_time_delta_sensor_async.py
[2025-09-04T11:55:42.636+0000] {processor.py:840} INFO - DAG(s) 'example_time_delta_sensor_async' retrieved from /home/airflow/.local/lib/python3.12/site-packages/airflow/example_dags/example_time_delta_sensor_async.py
[2025-09-04T11:55:42.662+0000] {logging_mixin.py:188} INFO - [2025-09-04T11:55:42.662+0000] {dag.py:3096} INFO - Sync 1 DAGs
[2025-09-04T11:55:42.674+0000] {logging_mixin.py:188} INFO - [2025-09-04T11:55:42.674+0000] {dag.py:3954} INFO - Setting next_dagrun for example_time_delta_sensor_async to None, run_after=None
[2025-09-04T11:55:42.695+0000] {processor.py:183} INFO - Processing /home/airflow/.local/lib/python3.12/site-packages/airflow/example_dags/example_time_delta_sensor_async.py took 0.072 seconds
[2025-09-04T11:56:13.172+0000] {processor.py:161} INFO - Started process (PID=787) to work on /home/airflow/.local/lib/python3.12/site-packages/airflow/example_dags/example_time_delta_sensor_async.py
[2025-09-04T11:56:13.173+0000] {processor.py:830} INFO - Processing file /home/airflow/.local/lib/python3.12/site-packages/airflow/example_dags/example_time_delta_sensor_async.py for tasks to queue
[2025-09-04T11:56:13.177+0000] {logging_mixin.py:188} INFO - [2025-09-04T11:56:13.176+0000] {dagbag.py:545} INFO - Filling up the DagBag from /home/airflow/.local/lib/python3.12/site-packages/airflow/example_dags/example_time_delta_sensor_async.py
[2025-09-04T11:56:13.188+0000] {processor.py:840} INFO - DAG(s) 'example_time_delta_sensor_async' retrieved from /home/airflow/.local/lib/python3.12/site-packages/airflow/example_dags/example_time_delta_sensor_async.py
[2025-09-04T11:56:13.218+0000] {logging_mixin.py:188} INFO - [2025-09-04T11:56:13.218+0000] {dag.py:3096} INFO - Sync 1 DAGs
[2025-09-04T11:56:13.230+0000] {logging_mixin.py:188} INFO - [2025-09-04T11:56:13.229+0000] {dag.py:3954} INFO - Setting next_dagrun for example_time_delta_sensor_async to None, run_after=None
[2025-09-04T11:56:13.249+0000] {processor.py:183} INFO - Processing /home/airflow/.local/lib/python3.12/site-packages/airflow/example_dags/example_time_delta_sensor_async.py took 0.089 seconds
[2025-09-04T11:56:43.641+0000] {processor.py:161} INFO - Started process (PID=845) to work on /home/airflow/.local/lib/python3.12/site-packages/airflow/example_dags/example_time_delta_sensor_async.py
[2025-09-04T11:56:43.649+0000] {processor.py:830} INFO - Processing file /home/airflow/.local/lib/python3.12/site-packages/airflow/example_dags/example_time_delta_sensor_async.py for tasks to queue
[2025-09-04T11:56:43.654+0000] {logging_mixin.py:188} INFO - [2025-09-04T11:56:43.653+0000] {dagbag.py:545} INFO - Filling up the DagBag from /home/airflow/.local/lib/python3.12/site-packages/airflow/example_dags/example_time_delta_sensor_async.py
[2025-09-04T11:56:43.666+0000] {processor.py:840} INFO - DAG(s) 'example_time_delta_sensor_async' retrieved from /home/airflow/.local/lib/python3.12/site-packages/airflow/example_dags/example_time_delta_sensor_async.py
[2025-09-04T11:56:43.691+0000] {logging_mixin.py:188} INFO - [2025-09-04T11:56:43.691+0000] {dag.py:3096} INFO - Sync 1 DAGs
[2025-09-04T11:56:43.701+0000] {logging_mixin.py:188} INFO - [2025-09-04T11:56:43.701+0000] {dag.py:3954} INFO - Setting next_dagrun for example_time_delta_sensor_async to None, run_after=None
[2025-09-04T11:56:43.719+0000] {processor.py:183} INFO - Processing /home/airflow/.local/lib/python3.12/site-packages/airflow/example_dags/example_time_delta_sensor_async.py took 0.083 seconds
[2025-09-04T11:57:14.791+0000] {processor.py:161} INFO - Started process (PID=903) to work on /home/airflow/.local/lib/python3.12/site-packages/airflow/example_dags/example_time_delta_sensor_async.py
[2025-09-04T11:57:14.792+0000] {processor.py:830} INFO - Processing file /home/airflow/.local/lib/python3.12/site-packages/airflow/example_dags/example_time_delta_sensor_async.py for tasks to queue
[2025-09-04T11:57:14.794+0000] {logging_mixin.py:188} INFO - [2025-09-04T11:57:14.793+0000] {dagbag.py:545} INFO - Filling up the DagBag from /home/airflow/.local/lib/python3.12/site-packages/airflow/example_dags/example_time_delta_sensor_async.py
[2025-09-04T11:57:14.798+0000] {processor.py:840} INFO - DAG(s) 'example_time_delta_sensor_async' retrieved from /home/airflow/.local/lib/python3.12/site-packages/airflow/example_dags/example_time_delta_sensor_async.py
[2025-09-04T11:57:14.813+0000] {logging_mixin.py:188} INFO - [2025-09-04T11:57:14.813+0000] {dag.py:3096} INFO - Sync 1 DAGs
[2025-09-04T11:57:14.823+0000] {logging_mixin.py:188} INFO - [2025-09-04T11:57:14.823+0000] {dag.py:3954} INFO - Setting next_dagrun for example_time_delta_sensor_async to None, run_after=None
[2025-09-04T11:57:14.837+0000] {processor.py:183} INFO - Processing /home/airflow/.local/lib/python3.12/site-packages/airflow/example_dags/example_time_delta_sensor_async.py took 0.051 seconds
[2025-09-04T11:57:45.049+0000] {processor.py:161} INFO - Started process (PID=961) to work on /home/airflow/.local/lib/python3.12/site-packages/airflow/example_dags/example_time_delta_sensor_async.py
[2025-09-04T11:57:45.051+0000] {processor.py:830} INFO - Processing file /home/airflow/.local/lib/python3.12/site-packages/airflow/example_dags/example_time_delta_sensor_async.py for tasks to queue
[2025-09-04T11:57:45.053+0000] {logging_mixin.py:188} INFO - [2025-09-04T11:57:45.052+0000] {dagbag.py:545} INFO - Filling up the DagBag from /home/airflow/.local/lib/python3.12/site-packages/airflow/example_dags/example_time_delta_sensor_async.py
[2025-09-04T11:57:45.057+0000] {processor.py:840} INFO - DAG(s) 'example_time_delta_sensor_async' retrieved from /home/airflow/.local/lib/python3.12/site-packages/airflow/example_dags/example_time_delta_sensor_async.py
[2025-09-04T11:57:45.073+0000] {logging_mixin.py:188} INFO - [2025-09-04T11:57:45.073+0000] {dag.py:3096} INFO - Sync 1 DAGs
[2025-09-04T11:57:45.083+0000] {logging_mixin.py:188} INFO - [2025-09-04T11:57:45.083+0000] {dag.py:3954} INFO - Setting next_dagrun for example_time_delta_sensor_async to None, run_after=None
[2025-09-04T11:57:45.097+0000] {processor.py:183} INFO - Processing /home/airflow/.local/lib/python3.12/site-packages/airflow/example_dags/example_time_delta_sensor_async.py took 0.053 seconds
[2025-09-04T11:58:15.434+0000] {processor.py:161} INFO - Started process (PID=1020) to work on /home/airflow/.local/lib/python3.12/site-packages/airflow/example_dags/example_time_delta_sensor_async.py
[2025-09-04T11:58:15.435+0000] {processor.py:830} INFO - Processing file /home/airflow/.local/lib/python3.12/site-packages/airflow/example_dags/example_time_delta_sensor_async.py for tasks to queue
[2025-09-04T11:58:15.438+0000] {logging_mixin.py:188} INFO - [2025-09-04T11:58:15.437+0000] {dagbag.py:545} INFO - Filling up the DagBag from /home/airflow/.local/lib/python3.12/site-packages/airflow/example_dags/example_time_delta_sensor_async.py
[2025-09-04T11:58:15.442+0000] {processor.py:840} INFO - DAG(s) 'example_time_delta_sensor_async' retrieved from /home/airflow/.local/lib/python3.12/site-packages/airflow/example_dags/example_time_delta_sensor_async.py
[2025-09-04T11:58:15.462+0000] {logging_mixin.py:188} INFO - [2025-09-04T11:58:15.462+0000] {dag.py:3096} INFO - Sync 1 DAGs
[2025-09-04T11:58:15.478+0000] {logging_mixin.py:188} INFO - [2025-09-04T11:58:15.477+0000] {dag.py:3954} INFO - Setting next_dagrun for example_time_delta_sensor_async to None, run_after=None
[2025-09-04T11:58:15.502+0000] {processor.py:183} INFO - Processing /home/airflow/.local/lib/python3.12/site-packages/airflow/example_dags/example_time_delta_sensor_async.py took 0.076 seconds
[2025-09-04T11:58:46.312+0000] {processor.py:161} INFO - Started process (PID=1078) to work on /home/airflow/.local/lib/python3.12/site-packages/airflow/example_dags/example_time_delta_sensor_async.py
[2025-09-04T11:58:46.318+0000] {processor.py:830} INFO - Processing file /home/airflow/.local/lib/python3.12/site-packages/airflow/example_dags/example_time_delta_sensor_async.py for tasks to queue
[2025-09-04T11:58:46.325+0000] {logging_mixin.py:188} INFO - [2025-09-04T11:58:46.325+0000] {dagbag.py:545} INFO - Filling up the DagBag from /home/airflow/.local/lib/python3.12/site-packages/airflow/example_dags/example_time_delta_sensor_async.py
[2025-09-04T11:58:46.335+0000] {processor.py:840} INFO - DAG(s) 'example_time_delta_sensor_async' retrieved from /home/airflow/.local/lib/python3.12/site-packages/airflow/example_dags/example_time_delta_sensor_async.py
[2025-09-04T11:58:46.373+0000] {logging_mixin.py:188} INFO - [2025-09-04T11:58:46.372+0000] {dag.py:3096} INFO - Sync 1 DAGs
[2025-09-04T11:58:46.395+0000] {logging_mixin.py:188} INFO - [2025-09-04T11:58:46.394+0000] {dag.py:3954} INFO - Setting next_dagrun for example_time_delta_sensor_async to None, run_after=None
[2025-09-04T11:58:46.428+0000] {processor.py:183} INFO - Processing /home/airflow/.local/lib/python3.12/site-packages/airflow/example_dags/example_time_delta_sensor_async.py took 0.125 seconds
[2025-09-04T11:59:17.254+0000] {processor.py:161} INFO - Started process (PID=1136) to work on /home/airflow/.local/lib/python3.12/site-packages/airflow/example_dags/example_time_delta_sensor_async.py
[2025-09-04T11:59:17.256+0000] {processor.py:830} INFO - Processing file /home/airflow/.local/lib/python3.12/site-packages/airflow/example_dags/example_time_delta_sensor_async.py for tasks to queue
[2025-09-04T11:59:17.258+0000] {logging_mixin.py:188} INFO - [2025-09-04T11:59:17.258+0000] {dagbag.py:545} INFO - Filling up the DagBag from /home/airflow/.local/lib/python3.12/site-packages/airflow/example_dags/example_time_delta_sensor_async.py
[2025-09-04T11:59:17.264+0000] {processor.py:840} INFO - DAG(s) 'example_time_delta_sensor_async' retrieved from /home/airflow/.local/lib/python3.12/site-packages/airflow/example_dags/example_time_delta_sensor_async.py
[2025-09-04T11:59:17.290+0000] {logging_mixin.py:188} INFO - [2025-09-04T11:59:17.290+0000] {dag.py:3096} INFO - Sync 1 DAGs
[2025-09-04T11:59:17.306+0000] {logging_mixin.py:188} INFO - [2025-09-04T11:59:17.306+0000] {dag.py:3954} INFO - Setting next_dagrun for example_time_delta_sensor_async to None, run_after=None
[2025-09-04T11:59:17.333+0000] {processor.py:183} INFO - Processing /home/airflow/.local/lib/python3.12/site-packages/airflow/example_dags/example_time_delta_sensor_async.py took 0.085 seconds
[2025-09-04T12:01:33.708+0000] {processor.py:161} INFO - Started process (PID=86) to work on /home/airflow/.local/lib/python3.12/site-packages/airflow/example_dags/example_time_delta_sensor_async.py
[2025-09-04T12:01:33.710+0000] {processor.py:830} INFO - Processing file /home/airflow/.local/lib/python3.12/site-packages/airflow/example_dags/example_time_delta_sensor_async.py for tasks to queue
[2025-09-04T12:01:33.715+0000] {logging_mixin.py:188} INFO - [2025-09-04T12:01:33.714+0000] {dagbag.py:545} INFO - Filling up the DagBag from /home/airflow/.local/lib/python3.12/site-packages/airflow/example_dags/example_time_delta_sensor_async.py
[2025-09-04T12:01:33.724+0000] {processor.py:840} INFO - DAG(s) 'example_time_delta_sensor_async' retrieved from /home/airflow/.local/lib/python3.12/site-packages/airflow/example_dags/example_time_delta_sensor_async.py
[2025-09-04T12:01:33.846+0000] {logging_mixin.py:188} INFO - [2025-09-04T12:01:33.846+0000] {dag.py:3096} INFO - Sync 1 DAGs
[2025-09-04T12:01:33.864+0000] {logging_mixin.py:188} INFO - [2025-09-04T12:01:33.864+0000] {dag.py:3954} INFO - Setting next_dagrun for example_time_delta_sensor_async to None, run_after=None
[2025-09-04T12:01:33.889+0000] {processor.py:183} INFO - Processing /home/airflow/.local/lib/python3.12/site-packages/airflow/example_dags/example_time_delta_sensor_async.py took 0.188 seconds
[2025-09-04T12:02:04.490+0000] {processor.py:161} INFO - Started process (PID=144) to work on /home/airflow/.local/lib/python3.12/site-packages/airflow/example_dags/example_time_delta_sensor_async.py
[2025-09-04T12:02:04.491+0000] {processor.py:830} INFO - Processing file /home/airflow/.local/lib/python3.12/site-packages/airflow/example_dags/example_time_delta_sensor_async.py for tasks to queue
[2025-09-04T12:02:04.493+0000] {logging_mixin.py:188} INFO - [2025-09-04T12:02:04.493+0000] {dagbag.py:545} INFO - Filling up the DagBag from /home/airflow/.local/lib/python3.12/site-packages/airflow/example_dags/example_time_delta_sensor_async.py
[2025-09-04T12:02:04.497+0000] {processor.py:840} INFO - DAG(s) 'example_time_delta_sensor_async' retrieved from /home/airflow/.local/lib/python3.12/site-packages/airflow/example_dags/example_time_delta_sensor_async.py
[2025-09-04T12:02:04.529+0000] {logging_mixin.py:188} INFO - [2025-09-04T12:02:04.528+0000] {dag.py:3096} INFO - Sync 1 DAGs
[2025-09-04T12:02:04.547+0000] {logging_mixin.py:188} INFO - [2025-09-04T12:02:04.547+0000] {dag.py:3954} INFO - Setting next_dagrun for example_time_delta_sensor_async to None, run_after=None
[2025-09-04T12:02:04.568+0000] {processor.py:183} INFO - Processing /home/airflow/.local/lib/python3.12/site-packages/airflow/example_dags/example_time_delta_sensor_async.py took 0.084 seconds
[2025-09-04T12:02:35.260+0000] {processor.py:161} INFO - Started process (PID=202) to work on /home/airflow/.local/lib/python3.12/site-packages/airflow/example_dags/example_time_delta_sensor_async.py
[2025-09-04T12:02:35.262+0000] {processor.py:830} INFO - Processing file /home/airflow/.local/lib/python3.12/site-packages/airflow/example_dags/example_time_delta_sensor_async.py for tasks to queue
[2025-09-04T12:02:35.264+0000] {logging_mixin.py:188} INFO - [2025-09-04T12:02:35.263+0000] {dagbag.py:545} INFO - Filling up the DagBag from /home/airflow/.local/lib/python3.12/site-packages/airflow/example_dags/example_time_delta_sensor_async.py
[2025-09-04T12:02:35.267+0000] {processor.py:840} INFO - DAG(s) 'example_time_delta_sensor_async' retrieved from /home/airflow/.local/lib/python3.12/site-packages/airflow/example_dags/example_time_delta_sensor_async.py
[2025-09-04T12:02:35.291+0000] {logging_mixin.py:188} INFO - [2025-09-04T12:02:35.290+0000] {dag.py:3096} INFO - Sync 1 DAGs
[2025-09-04T12:02:35.306+0000] {logging_mixin.py:188} INFO - [2025-09-04T12:02:35.305+0000] {dag.py:3954} INFO - Setting next_dagrun for example_time_delta_sensor_async to None, run_after=None
[2025-09-04T12:02:35.322+0000] {processor.py:183} INFO - Processing /home/airflow/.local/lib/python3.12/site-packages/airflow/example_dags/example_time_delta_sensor_async.py took 0.067 seconds
[2025-09-04T12:03:05.537+0000] {processor.py:161} INFO - Started process (PID=260) to work on /home/airflow/.local/lib/python3.12/site-packages/airflow/example_dags/example_time_delta_sensor_async.py
[2025-09-04T12:03:05.540+0000] {processor.py:830} INFO - Processing file /home/airflow/.local/lib/python3.12/site-packages/airflow/example_dags/example_time_delta_sensor_async.py for tasks to queue
[2025-09-04T12:03:05.542+0000] {logging_mixin.py:188} INFO - [2025-09-04T12:03:05.542+0000] {dagbag.py:545} INFO - Filling up the DagBag from /home/airflow/.local/lib/python3.12/site-packages/airflow/example_dags/example_time_delta_sensor_async.py
[2025-09-04T12:03:05.549+0000] {processor.py:840} INFO - DAG(s) 'example_time_delta_sensor_async' retrieved from /home/airflow/.local/lib/python3.12/site-packages/airflow/example_dags/example_time_delta_sensor_async.py
[2025-09-04T12:03:05.578+0000] {logging_mixin.py:188} INFO - [2025-09-04T12:03:05.578+0000] {dag.py:3096} INFO - Sync 1 DAGs
[2025-09-04T12:03:05.593+0000] {logging_mixin.py:188} INFO - [2025-09-04T12:03:05.593+0000] {dag.py:3954} INFO - Setting next_dagrun for example_time_delta_sensor_async to None, run_after=None
[2025-09-04T12:03:05.623+0000] {processor.py:183} INFO - Processing /home/airflow/.local/lib/python3.12/site-packages/airflow/example_dags/example_time_delta_sensor_async.py took 0.095 seconds
[2025-09-04T12:03:35.862+0000] {processor.py:161} INFO - Started process (PID=318) to work on /home/airflow/.local/lib/python3.12/site-packages/airflow/example_dags/example_time_delta_sensor_async.py
[2025-09-04T12:03:35.863+0000] {processor.py:830} INFO - Processing file /home/airflow/.local/lib/python3.12/site-packages/airflow/example_dags/example_time_delta_sensor_async.py for tasks to queue
[2025-09-04T12:03:35.865+0000] {logging_mixin.py:188} INFO - [2025-09-04T12:03:35.865+0000] {dagbag.py:545} INFO - Filling up the DagBag from /home/airflow/.local/lib/python3.12/site-packages/airflow/example_dags/example_time_delta_sensor_async.py
[2025-09-04T12:03:35.869+0000] {processor.py:840} INFO - DAG(s) 'example_time_delta_sensor_async' retrieved from /home/airflow/.local/lib/python3.12/site-packages/airflow/example_dags/example_time_delta_sensor_async.py
[2025-09-04T12:03:35.885+0000] {logging_mixin.py:188} INFO - [2025-09-04T12:03:35.884+0000] {dag.py:3096} INFO - Sync 1 DAGs
[2025-09-04T12:03:35.895+0000] {logging_mixin.py:188} INFO - [2025-09-04T12:03:35.894+0000] {dag.py:3954} INFO - Setting next_dagrun for example_time_delta_sensor_async to None, run_after=None
[2025-09-04T12:03:35.912+0000] {processor.py:183} INFO - Processing /home/airflow/.local/lib/python3.12/site-packages/airflow/example_dags/example_time_delta_sensor_async.py took 0.054 seconds
[2025-09-04T12:04:06.985+0000] {processor.py:161} INFO - Started process (PID=376) to work on /home/airflow/.local/lib/python3.12/site-packages/airflow/example_dags/example_time_delta_sensor_async.py
[2025-09-04T12:04:06.987+0000] {processor.py:830} INFO - Processing file /home/airflow/.local/lib/python3.12/site-packages/airflow/example_dags/example_time_delta_sensor_async.py for tasks to queue
[2025-09-04T12:04:06.991+0000] {logging_mixin.py:188} INFO - [2025-09-04T12:04:06.990+0000] {dagbag.py:545} INFO - Filling up the DagBag from /home/airflow/.local/lib/python3.12/site-packages/airflow/example_dags/example_time_delta_sensor_async.py
[2025-09-04T12:04:06.998+0000] {processor.py:840} INFO - DAG(s) 'example_time_delta_sensor_async' retrieved from /home/airflow/.local/lib/python3.12/site-packages/airflow/example_dags/example_time_delta_sensor_async.py
[2025-09-04T12:04:07.019+0000] {logging_mixin.py:188} INFO - [2025-09-04T12:04:07.019+0000] {dag.py:3096} INFO - Sync 1 DAGs
[2025-09-04T12:04:07.032+0000] {logging_mixin.py:188} INFO - [2025-09-04T12:04:07.031+0000] {dag.py:3954} INFO - Setting next_dagrun for example_time_delta_sensor_async to None, run_after=None
[2025-09-04T12:04:07.057+0000] {processor.py:183} INFO - Processing /home/airflow/.local/lib/python3.12/site-packages/airflow/example_dags/example_time_delta_sensor_async.py took 0.083 seconds
[2025-09-04T12:04:37.149+0000] {processor.py:161} INFO - Started process (PID=434) to work on /home/airflow/.local/lib/python3.12/site-packages/airflow/example_dags/example_time_delta_sensor_async.py
[2025-09-04T12:04:37.150+0000] {processor.py:830} INFO - Processing file /home/airflow/.local/lib/python3.12/site-packages/airflow/example_dags/example_time_delta_sensor_async.py for tasks to queue
[2025-09-04T12:04:37.152+0000] {logging_mixin.py:188} INFO - [2025-09-04T12:04:37.151+0000] {dagbag.py:545} INFO - Filling up the DagBag from /home/airflow/.local/lib/python3.12/site-packages/airflow/example_dags/example_time_delta_sensor_async.py
[2025-09-04T12:04:37.156+0000] {processor.py:840} INFO - DAG(s) 'example_time_delta_sensor_async' retrieved from /home/airflow/.local/lib/python3.12/site-packages/airflow/example_dags/example_time_delta_sensor_async.py
[2025-09-04T12:04:37.173+0000] {logging_mixin.py:188} INFO - [2025-09-04T12:04:37.173+0000] {dag.py:3096} INFO - Sync 1 DAGs
[2025-09-04T12:04:37.182+0000] {logging_mixin.py:188} INFO - [2025-09-04T12:04:37.182+0000] {dag.py:3954} INFO - Setting next_dagrun for example_time_delta_sensor_async to None, run_after=None
[2025-09-04T12:04:37.205+0000] {processor.py:183} INFO - Processing /home/airflow/.local/lib/python3.12/site-packages/airflow/example_dags/example_time_delta_sensor_async.py took 0.061 seconds
[2025-09-04T12:05:07.716+0000] {processor.py:161} INFO - Started process (PID=492) to work on /home/airflow/.local/lib/python3.12/site-packages/airflow/example_dags/example_time_delta_sensor_async.py
[2025-09-04T12:05:07.718+0000] {processor.py:830} INFO - Processing file /home/airflow/.local/lib/python3.12/site-packages/airflow/example_dags/example_time_delta_sensor_async.py for tasks to queue
[2025-09-04T12:05:07.722+0000] {logging_mixin.py:188} INFO - [2025-09-04T12:05:07.721+0000] {dagbag.py:545} INFO - Filling up the DagBag from /home/airflow/.local/lib/python3.12/site-packages/airflow/example_dags/example_time_delta_sensor_async.py
[2025-09-04T12:05:07.730+0000] {processor.py:840} INFO - DAG(s) 'example_time_delta_sensor_async' retrieved from /home/airflow/.local/lib/python3.12/site-packages/airflow/example_dags/example_time_delta_sensor_async.py
[2025-09-04T12:05:07.758+0000] {logging_mixin.py:188} INFO - [2025-09-04T12:05:07.758+0000] {dag.py:3096} INFO - Sync 1 DAGs
[2025-09-04T12:05:07.772+0000] {logging_mixin.py:188} INFO - [2025-09-04T12:05:07.771+0000] {dag.py:3954} INFO - Setting next_dagrun for example_time_delta_sensor_async to None, run_after=None
[2025-09-04T12:05:07.817+0000] {processor.py:183} INFO - Processing /home/airflow/.local/lib/python3.12/site-packages/airflow/example_dags/example_time_delta_sensor_async.py took 0.113 seconds
[2025-09-04T12:05:38.053+0000] {processor.py:161} INFO - Started process (PID=550) to work on /home/airflow/.local/lib/python3.12/site-packages/airflow/example_dags/example_time_delta_sensor_async.py
[2025-09-04T12:05:38.054+0000] {processor.py:830} INFO - Processing file /home/airflow/.local/lib/python3.12/site-packages/airflow/example_dags/example_time_delta_sensor_async.py for tasks to queue
[2025-09-04T12:05:38.057+0000] {logging_mixin.py:188} INFO - [2025-09-04T12:05:38.056+0000] {dagbag.py:545} INFO - Filling up the DagBag from /home/airflow/.local/lib/python3.12/site-packages/airflow/example_dags/example_time_delta_sensor_async.py
[2025-09-04T12:05:38.063+0000] {processor.py:840} INFO - DAG(s) 'example_time_delta_sensor_async' retrieved from /home/airflow/.local/lib/python3.12/site-packages/airflow/example_dags/example_time_delta_sensor_async.py
[2025-09-04T12:05:38.095+0000] {logging_mixin.py:188} INFO - [2025-09-04T12:05:38.095+0000] {dag.py:3096} INFO - Sync 1 DAGs
[2025-09-04T12:05:38.109+0000] {logging_mixin.py:188} INFO - [2025-09-04T12:05:38.108+0000] {dag.py:3954} INFO - Setting next_dagrun for example_time_delta_sensor_async to None, run_after=None
[2025-09-04T12:05:38.131+0000] {processor.py:183} INFO - Processing /home/airflow/.local/lib/python3.12/site-packages/airflow/example_dags/example_time_delta_sensor_async.py took 0.083 seconds
[2025-09-04T12:06:36.487+0000] {processor.py:161} INFO - Started process (PID=86) to work on /home/airflow/.local/lib/python3.12/site-packages/airflow/example_dags/example_time_delta_sensor_async.py
[2025-09-04T12:06:36.489+0000] {processor.py:830} INFO - Processing file /home/airflow/.local/lib/python3.12/site-packages/airflow/example_dags/example_time_delta_sensor_async.py for tasks to queue
[2025-09-04T12:06:36.491+0000] {logging_mixin.py:188} INFO - [2025-09-04T12:06:36.491+0000] {dagbag.py:545} INFO - Filling up the DagBag from /home/airflow/.local/lib/python3.12/site-packages/airflow/example_dags/example_time_delta_sensor_async.py
[2025-09-04T12:06:36.498+0000] {processor.py:840} INFO - DAG(s) 'example_time_delta_sensor_async' retrieved from /home/airflow/.local/lib/python3.12/site-packages/airflow/example_dags/example_time_delta_sensor_async.py
[2025-09-04T12:06:36.508+0000] {logging_mixin.py:188} INFO - [2025-09-04T12:06:36.508+0000] {dag.py:3096} INFO - Sync 1 DAGs
[2025-09-04T12:06:36.522+0000] {logging_mixin.py:188} INFO - [2025-09-04T12:06:36.522+0000] {dag.py:3954} INFO - Setting next_dagrun for example_time_delta_sensor_async to None, run_after=None
[2025-09-04T12:06:36.541+0000] {processor.py:183} INFO - Processing /home/airflow/.local/lib/python3.12/site-packages/airflow/example_dags/example_time_delta_sensor_async.py took 0.060 seconds
[2025-09-04T12:07:08.738+0000] {processor.py:161} INFO - Started process (PID=150) to work on /home/airflow/.local/lib/python3.12/site-packages/airflow/example_dags/example_time_delta_sensor_async.py
[2025-09-04T12:07:08.740+0000] {processor.py:830} INFO - Processing file /home/airflow/.local/lib/python3.12/site-packages/airflow/example_dags/example_time_delta_sensor_async.py for tasks to queue
[2025-09-04T12:07:08.742+0000] {logging_mixin.py:188} INFO - [2025-09-04T12:07:08.742+0000] {dagbag.py:545} INFO - Filling up the DagBag from /home/airflow/.local/lib/python3.12/site-packages/airflow/example_dags/example_time_delta_sensor_async.py
[2025-09-04T12:07:08.748+0000] {processor.py:840} INFO - DAG(s) 'example_time_delta_sensor_async' retrieved from /home/airflow/.local/lib/python3.12/site-packages/airflow/example_dags/example_time_delta_sensor_async.py
[2025-09-04T12:07:08.833+0000] {logging_mixin.py:188} INFO - [2025-09-04T12:07:08.833+0000] {dag.py:3096} INFO - Sync 1 DAGs
[2025-09-04T12:07:08.845+0000] {logging_mixin.py:188} INFO - [2025-09-04T12:07:08.845+0000] {dag.py:3954} INFO - Setting next_dagrun for example_time_delta_sensor_async to None, run_after=None
[2025-09-04T12:07:08.870+0000] {processor.py:183} INFO - Processing /home/airflow/.local/lib/python3.12/site-packages/airflow/example_dags/example_time_delta_sensor_async.py took 0.139 seconds
[2025-09-04T12:07:39.698+0000] {processor.py:161} INFO - Started process (PID=208) to work on /home/airflow/.local/lib/python3.12/site-packages/airflow/example_dags/example_time_delta_sensor_async.py
[2025-09-04T12:07:39.700+0000] {processor.py:830} INFO - Processing file /home/airflow/.local/lib/python3.12/site-packages/airflow/example_dags/example_time_delta_sensor_async.py for tasks to queue
[2025-09-04T12:07:39.702+0000] {logging_mixin.py:188} INFO - [2025-09-04T12:07:39.702+0000] {dagbag.py:545} INFO - Filling up the DagBag from /home/airflow/.local/lib/python3.12/site-packages/airflow/example_dags/example_time_delta_sensor_async.py
[2025-09-04T12:07:39.709+0000] {processor.py:840} INFO - DAG(s) 'example_time_delta_sensor_async' retrieved from /home/airflow/.local/lib/python3.12/site-packages/airflow/example_dags/example_time_delta_sensor_async.py
[2025-09-04T12:07:39.752+0000] {logging_mixin.py:188} INFO - [2025-09-04T12:07:39.751+0000] {dag.py:3096} INFO - Sync 1 DAGs
[2025-09-04T12:07:39.785+0000] {logging_mixin.py:188} INFO - [2025-09-04T12:07:39.784+0000] {dag.py:3954} INFO - Setting next_dagrun for example_time_delta_sensor_async to None, run_after=None
[2025-09-04T12:07:39.813+0000] {processor.py:183} INFO - Processing /home/airflow/.local/lib/python3.12/site-packages/airflow/example_dags/example_time_delta_sensor_async.py took 0.123 seconds
[2025-09-04T12:08:10.815+0000] {processor.py:161} INFO - Started process (PID=266) to work on /home/airflow/.local/lib/python3.12/site-packages/airflow/example_dags/example_time_delta_sensor_async.py
[2025-09-04T12:08:10.816+0000] {processor.py:830} INFO - Processing file /home/airflow/.local/lib/python3.12/site-packages/airflow/example_dags/example_time_delta_sensor_async.py for tasks to queue
[2025-09-04T12:08:10.818+0000] {logging_mixin.py:188} INFO - [2025-09-04T12:08:10.818+0000] {dagbag.py:545} INFO - Filling up the DagBag from /home/airflow/.local/lib/python3.12/site-packages/airflow/example_dags/example_time_delta_sensor_async.py
[2025-09-04T12:08:10.822+0000] {processor.py:840} INFO - DAG(s) 'example_time_delta_sensor_async' retrieved from /home/airflow/.local/lib/python3.12/site-packages/airflow/example_dags/example_time_delta_sensor_async.py
[2025-09-04T12:08:10.844+0000] {logging_mixin.py:188} INFO - [2025-09-04T12:08:10.843+0000] {dag.py:3096} INFO - Sync 1 DAGs
[2025-09-04T12:08:10.855+0000] {logging_mixin.py:188} INFO - [2025-09-04T12:08:10.855+0000] {dag.py:3954} INFO - Setting next_dagrun for example_time_delta_sensor_async to None, run_after=None
[2025-09-04T12:08:10.876+0000] {processor.py:183} INFO - Processing /home/airflow/.local/lib/python3.12/site-packages/airflow/example_dags/example_time_delta_sensor_async.py took 0.070 seconds
[2025-09-04T12:08:41.270+0000] {processor.py:161} INFO - Started process (PID=324) to work on /home/airflow/.local/lib/python3.12/site-packages/airflow/example_dags/example_time_delta_sensor_async.py
[2025-09-04T12:08:41.271+0000] {processor.py:830} INFO - Processing file /home/airflow/.local/lib/python3.12/site-packages/airflow/example_dags/example_time_delta_sensor_async.py for tasks to queue
[2025-09-04T12:08:41.275+0000] {logging_mixin.py:188} INFO - [2025-09-04T12:08:41.274+0000] {dagbag.py:545} INFO - Filling up the DagBag from /home/airflow/.local/lib/python3.12/site-packages/airflow/example_dags/example_time_delta_sensor_async.py
[2025-09-04T12:08:41.279+0000] {processor.py:840} INFO - DAG(s) 'example_time_delta_sensor_async' retrieved from /home/airflow/.local/lib/python3.12/site-packages/airflow/example_dags/example_time_delta_sensor_async.py
[2025-09-04T12:08:41.303+0000] {logging_mixin.py:188} INFO - [2025-09-04T12:08:41.302+0000] {dag.py:3096} INFO - Sync 1 DAGs
[2025-09-04T12:08:41.315+0000] {logging_mixin.py:188} INFO - [2025-09-04T12:08:41.315+0000] {dag.py:3954} INFO - Setting next_dagrun for example_time_delta_sensor_async to None, run_after=None
[2025-09-04T12:08:41.353+0000] {processor.py:183} INFO - Processing /home/airflow/.local/lib/python3.12/site-packages/airflow/example_dags/example_time_delta_sensor_async.py took 0.090 seconds
