[2025-09-04T11:50:06.414+0000] {processor.py:161} INFO - Started process (PID=94) to work on /home/airflow/.local/lib/python3.12/site-packages/airflow/example_dags/example_external_task_marker_dag.py
[2025-09-04T11:50:06.415+0000] {processor.py:830} INFO - Processing file /home/airflow/.local/lib/python3.12/site-packages/airflow/example_dags/example_external_task_marker_dag.py for tasks to queue
[2025-09-04T11:50:06.418+0000] {logging_mixin.py:188} INFO - [2025-09-04T11:50:06.418+0000] {dagbag.py:545} INFO - Filling up the DagBag from /home/airflow/.local/lib/python3.12/site-packages/airflow/example_dags/example_external_task_marker_dag.py
[2025-09-04T11:50:06.432+0000] {processor.py:840} INFO - DAG(s) 'example_external_task_marker_child', 'example_external_task_marker_parent' retrieved from /home/airflow/.local/lib/python3.12/site-packages/airflow/example_dags/example_external_task_marker_dag.py
[2025-09-04T11:50:06.548+0000] {logging_mixin.py:188} INFO - [2025-09-04T11:50:06.547+0000] {override.py:1829} INFO - Created Permission View: can edit on DAG:example_external_task_marker_child
[2025-09-04T11:50:06.568+0000] {logging_mixin.py:188} INFO - [2025-09-04T11:50:06.568+0000] {override.py:1829} INFO - Created Permission View: can read on DAG:example_external_task_marker_child
[2025-09-04T11:50:06.583+0000] {logging_mixin.py:188} INFO - [2025-09-04T11:50:06.583+0000] {override.py:1829} INFO - Created Permission View: can delete on DAG:example_external_task_marker_child
[2025-09-04T11:50:06.601+0000] {logging_mixin.py:188} INFO - [2025-09-04T11:50:06.601+0000] {override.py:1829} INFO - Created Permission View: can edit on DAG:example_external_task_marker_parent
[2025-09-04T11:50:06.610+0000] {logging_mixin.py:188} INFO - [2025-09-04T11:50:06.609+0000] {override.py:1829} INFO - Created Permission View: can read on DAG:example_external_task_marker_parent
[2025-09-04T11:50:06.617+0000] {logging_mixin.py:188} INFO - [2025-09-04T11:50:06.617+0000] {override.py:1829} INFO - Created Permission View: can delete on DAG:example_external_task_marker_parent
[2025-09-04T11:50:06.618+0000] {logging_mixin.py:188} INFO - [2025-09-04T11:50:06.618+0000] {dag.py:3096} INFO - Sync 2 DAGs
[2025-09-04T11:50:06.628+0000] {logging_mixin.py:188} INFO - [2025-09-04T11:50:06.628+0000] {dag.py:3118} INFO - Creating ORM DAG for example_external_task_marker_child
[2025-09-04T11:50:06.630+0000] {logging_mixin.py:188} INFO - [2025-09-04T11:50:06.629+0000] {dag.py:3118} INFO - Creating ORM DAG for example_external_task_marker_parent
[2025-09-04T11:50:06.632+0000] {logging_mixin.py:188} INFO - [2025-09-04T11:50:06.632+0000] {dag.py:3954} INFO - Setting next_dagrun for example_external_task_marker_child to None, run_after=None
[2025-09-04T11:50:06.635+0000] {logging_mixin.py:188} INFO - [2025-09-04T11:50:06.635+0000] {dag.py:3954} INFO - Setting next_dagrun for example_external_task_marker_parent to None, run_after=None
[2025-09-04T11:50:06.657+0000] {processor.py:183} INFO - Processing /home/airflow/.local/lib/python3.12/site-packages/airflow/example_dags/example_external_task_marker_dag.py took 0.253 seconds
[2025-09-04T11:50:36.731+0000] {processor.py:161} INFO - Started process (PID=152) to work on /home/airflow/.local/lib/python3.12/site-packages/airflow/example_dags/example_external_task_marker_dag.py
[2025-09-04T11:50:36.733+0000] {processor.py:830} INFO - Processing file /home/airflow/.local/lib/python3.12/site-packages/airflow/example_dags/example_external_task_marker_dag.py for tasks to queue
[2025-09-04T11:50:36.736+0000] {logging_mixin.py:188} INFO - [2025-09-04T11:50:36.736+0000] {dagbag.py:545} INFO - Filling up the DagBag from /home/airflow/.local/lib/python3.12/site-packages/airflow/example_dags/example_external_task_marker_dag.py
[2025-09-04T11:50:36.742+0000] {processor.py:840} INFO - DAG(s) 'example_external_task_marker_parent', 'example_external_task_marker_child' retrieved from /home/airflow/.local/lib/python3.12/site-packages/airflow/example_dags/example_external_task_marker_dag.py
[2025-09-04T11:50:36.766+0000] {logging_mixin.py:188} INFO - [2025-09-04T11:50:36.766+0000] {dag.py:3096} INFO - Sync 2 DAGs
[2025-09-04T11:50:36.776+0000] {logging_mixin.py:188} INFO - [2025-09-04T11:50:36.776+0000] {dag.py:3954} INFO - Setting next_dagrun for example_external_task_marker_child to None, run_after=None
[2025-09-04T11:50:36.780+0000] {logging_mixin.py:188} INFO - [2025-09-04T11:50:36.780+0000] {dag.py:3954} INFO - Setting next_dagrun for example_external_task_marker_parent to None, run_after=None
[2025-09-04T11:50:36.812+0000] {processor.py:183} INFO - Processing /home/airflow/.local/lib/python3.12/site-packages/airflow/example_dags/example_external_task_marker_dag.py took 0.086 seconds
[2025-09-04T11:51:07.492+0000] {processor.py:161} INFO - Started process (PID=209) to work on /home/airflow/.local/lib/python3.12/site-packages/airflow/example_dags/example_external_task_marker_dag.py
[2025-09-04T11:51:07.494+0000] {processor.py:830} INFO - Processing file /home/airflow/.local/lib/python3.12/site-packages/airflow/example_dags/example_external_task_marker_dag.py for tasks to queue
[2025-09-04T11:51:07.497+0000] {logging_mixin.py:188} INFO - [2025-09-04T11:51:07.496+0000] {dagbag.py:545} INFO - Filling up the DagBag from /home/airflow/.local/lib/python3.12/site-packages/airflow/example_dags/example_external_task_marker_dag.py
[2025-09-04T11:51:07.508+0000] {processor.py:840} INFO - DAG(s) 'example_external_task_marker_parent', 'example_external_task_marker_child' retrieved from /home/airflow/.local/lib/python3.12/site-packages/airflow/example_dags/example_external_task_marker_dag.py
[2025-09-04T11:51:07.546+0000] {logging_mixin.py:188} INFO - [2025-09-04T11:51:07.546+0000] {dag.py:3096} INFO - Sync 2 DAGs
[2025-09-04T11:51:07.567+0000] {logging_mixin.py:188} INFO - [2025-09-04T11:51:07.567+0000] {dag.py:3954} INFO - Setting next_dagrun for example_external_task_marker_child to None, run_after=None
[2025-09-04T11:51:07.573+0000] {logging_mixin.py:188} INFO - [2025-09-04T11:51:07.573+0000] {dag.py:3954} INFO - Setting next_dagrun for example_external_task_marker_parent to None, run_after=None
[2025-09-04T11:51:07.594+0000] {processor.py:183} INFO - Processing /home/airflow/.local/lib/python3.12/site-packages/airflow/example_dags/example_external_task_marker_dag.py took 0.107 seconds
[2025-09-04T11:51:38.299+0000] {processor.py:161} INFO - Started process (PID=267) to work on /home/airflow/.local/lib/python3.12/site-packages/airflow/example_dags/example_external_task_marker_dag.py
[2025-09-04T11:51:38.300+0000] {processor.py:830} INFO - Processing file /home/airflow/.local/lib/python3.12/site-packages/airflow/example_dags/example_external_task_marker_dag.py for tasks to queue
[2025-09-04T11:51:38.303+0000] {logging_mixin.py:188} INFO - [2025-09-04T11:51:38.302+0000] {dagbag.py:545} INFO - Filling up the DagBag from /home/airflow/.local/lib/python3.12/site-packages/airflow/example_dags/example_external_task_marker_dag.py
[2025-09-04T11:51:38.308+0000] {processor.py:840} INFO - DAG(s) 'example_external_task_marker_child', 'example_external_task_marker_parent' retrieved from /home/airflow/.local/lib/python3.12/site-packages/airflow/example_dags/example_external_task_marker_dag.py
[2025-09-04T11:51:38.339+0000] {logging_mixin.py:188} INFO - [2025-09-04T11:51:38.339+0000] {dag.py:3096} INFO - Sync 2 DAGs
[2025-09-04T11:51:38.381+0000] {logging_mixin.py:188} INFO - [2025-09-04T11:51:38.381+0000] {dag.py:3954} INFO - Setting next_dagrun for example_external_task_marker_child to None, run_after=None
[2025-09-04T11:51:38.390+0000] {logging_mixin.py:188} INFO - [2025-09-04T11:51:38.389+0000] {dag.py:3954} INFO - Setting next_dagrun for example_external_task_marker_parent to None, run_after=None
[2025-09-04T11:51:38.423+0000] {processor.py:183} INFO - Processing /home/airflow/.local/lib/python3.12/site-packages/airflow/example_dags/example_external_task_marker_dag.py took 0.130 seconds
[2025-09-04T11:52:09.146+0000] {processor.py:161} INFO - Started process (PID=325) to work on /home/airflow/.local/lib/python3.12/site-packages/airflow/example_dags/example_external_task_marker_dag.py
[2025-09-04T11:52:09.148+0000] {processor.py:830} INFO - Processing file /home/airflow/.local/lib/python3.12/site-packages/airflow/example_dags/example_external_task_marker_dag.py for tasks to queue
[2025-09-04T11:52:09.150+0000] {logging_mixin.py:188} INFO - [2025-09-04T11:52:09.149+0000] {dagbag.py:545} INFO - Filling up the DagBag from /home/airflow/.local/lib/python3.12/site-packages/airflow/example_dags/example_external_task_marker_dag.py
[2025-09-04T11:52:09.156+0000] {processor.py:840} INFO - DAG(s) 'example_external_task_marker_parent', 'example_external_task_marker_child' retrieved from /home/airflow/.local/lib/python3.12/site-packages/airflow/example_dags/example_external_task_marker_dag.py
[2025-09-04T11:52:09.183+0000] {logging_mixin.py:188} INFO - [2025-09-04T11:52:09.182+0000] {dag.py:3096} INFO - Sync 2 DAGs
[2025-09-04T11:52:09.200+0000] {logging_mixin.py:188} INFO - [2025-09-04T11:52:09.200+0000] {dag.py:3954} INFO - Setting next_dagrun for example_external_task_marker_child to None, run_after=None
[2025-09-04T11:52:09.205+0000] {logging_mixin.py:188} INFO - [2025-09-04T11:52:09.205+0000] {dag.py:3954} INFO - Setting next_dagrun for example_external_task_marker_parent to None, run_after=None
[2025-09-04T11:52:09.223+0000] {processor.py:183} INFO - Processing /home/airflow/.local/lib/python3.12/site-packages/airflow/example_dags/example_external_task_marker_dag.py took 0.082 seconds
[2025-09-04T11:52:40.452+0000] {processor.py:161} INFO - Started process (PID=383) to work on /home/airflow/.local/lib/python3.12/site-packages/airflow/example_dags/example_external_task_marker_dag.py
[2025-09-04T11:52:40.454+0000] {processor.py:830} INFO - Processing file /home/airflow/.local/lib/python3.12/site-packages/airflow/example_dags/example_external_task_marker_dag.py for tasks to queue
[2025-09-04T11:52:40.457+0000] {logging_mixin.py:188} INFO - [2025-09-04T11:52:40.457+0000] {dagbag.py:545} INFO - Filling up the DagBag from /home/airflow/.local/lib/python3.12/site-packages/airflow/example_dags/example_external_task_marker_dag.py
[2025-09-04T11:52:40.470+0000] {processor.py:840} INFO - DAG(s) 'example_external_task_marker_child', 'example_external_task_marker_parent' retrieved from /home/airflow/.local/lib/python3.12/site-packages/airflow/example_dags/example_external_task_marker_dag.py
[2025-09-04T11:52:40.517+0000] {logging_mixin.py:188} INFO - [2025-09-04T11:52:40.516+0000] {dag.py:3096} INFO - Sync 2 DAGs
[2025-09-04T11:52:40.547+0000] {logging_mixin.py:188} INFO - [2025-09-04T11:52:40.547+0000] {dag.py:3954} INFO - Setting next_dagrun for example_external_task_marker_child to None, run_after=None
[2025-09-04T11:52:40.555+0000] {logging_mixin.py:188} INFO - [2025-09-04T11:52:40.555+0000] {dag.py:3954} INFO - Setting next_dagrun for example_external_task_marker_parent to None, run_after=None
[2025-09-04T11:52:40.584+0000] {processor.py:183} INFO - Processing /home/airflow/.local/lib/python3.12/site-packages/airflow/example_dags/example_external_task_marker_dag.py took 0.140 seconds
[2025-09-04T11:53:10.735+0000] {processor.py:161} INFO - Started process (PID=441) to work on /home/airflow/.local/lib/python3.12/site-packages/airflow/example_dags/example_external_task_marker_dag.py
[2025-09-04T11:53:10.736+0000] {processor.py:830} INFO - Processing file /home/airflow/.local/lib/python3.12/site-packages/airflow/example_dags/example_external_task_marker_dag.py for tasks to queue
[2025-09-04T11:53:10.739+0000] {logging_mixin.py:188} INFO - [2025-09-04T11:53:10.738+0000] {dagbag.py:545} INFO - Filling up the DagBag from /home/airflow/.local/lib/python3.12/site-packages/airflow/example_dags/example_external_task_marker_dag.py
[2025-09-04T11:53:10.745+0000] {processor.py:840} INFO - DAG(s) 'example_external_task_marker_child', 'example_external_task_marker_parent' retrieved from /home/airflow/.local/lib/python3.12/site-packages/airflow/example_dags/example_external_task_marker_dag.py
[2025-09-04T11:53:10.767+0000] {logging_mixin.py:188} INFO - [2025-09-04T11:53:10.767+0000] {dag.py:3096} INFO - Sync 2 DAGs
[2025-09-04T11:53:10.779+0000] {logging_mixin.py:188} INFO - [2025-09-04T11:53:10.779+0000] {dag.py:3954} INFO - Setting next_dagrun for example_external_task_marker_child to None, run_after=None
[2025-09-04T11:53:10.783+0000] {logging_mixin.py:188} INFO - [2025-09-04T11:53:10.783+0000] {dag.py:3954} INFO - Setting next_dagrun for example_external_task_marker_parent to None, run_after=None
[2025-09-04T11:53:10.803+0000] {processor.py:183} INFO - Processing /home/airflow/.local/lib/python3.12/site-packages/airflow/example_dags/example_external_task_marker_dag.py took 0.074 seconds
[2025-09-04T11:53:41.109+0000] {processor.py:161} INFO - Started process (PID=499) to work on /home/airflow/.local/lib/python3.12/site-packages/airflow/example_dags/example_external_task_marker_dag.py
[2025-09-04T11:53:41.110+0000] {processor.py:830} INFO - Processing file /home/airflow/.local/lib/python3.12/site-packages/airflow/example_dags/example_external_task_marker_dag.py for tasks to queue
[2025-09-04T11:53:41.112+0000] {logging_mixin.py:188} INFO - [2025-09-04T11:53:41.112+0000] {dagbag.py:545} INFO - Filling up the DagBag from /home/airflow/.local/lib/python3.12/site-packages/airflow/example_dags/example_external_task_marker_dag.py
[2025-09-04T11:53:41.120+0000] {processor.py:840} INFO - DAG(s) 'example_external_task_marker_parent', 'example_external_task_marker_child' retrieved from /home/airflow/.local/lib/python3.12/site-packages/airflow/example_dags/example_external_task_marker_dag.py
[2025-09-04T11:53:41.142+0000] {logging_mixin.py:188} INFO - [2025-09-04T11:53:41.142+0000] {dag.py:3096} INFO - Sync 2 DAGs
[2025-09-04T11:53:41.154+0000] {logging_mixin.py:188} INFO - [2025-09-04T11:53:41.154+0000] {dag.py:3954} INFO - Setting next_dagrun for example_external_task_marker_child to None, run_after=None
[2025-09-04T11:53:41.157+0000] {logging_mixin.py:188} INFO - [2025-09-04T11:53:41.157+0000] {dag.py:3954} INFO - Setting next_dagrun for example_external_task_marker_parent to None, run_after=None
[2025-09-04T11:53:41.171+0000] {processor.py:183} INFO - Processing /home/airflow/.local/lib/python3.12/site-packages/airflow/example_dags/example_external_task_marker_dag.py took 0.066 seconds
[2025-09-04T11:54:11.440+0000] {processor.py:161} INFO - Started process (PID=556) to work on /home/airflow/.local/lib/python3.12/site-packages/airflow/example_dags/example_external_task_marker_dag.py
[2025-09-04T11:54:11.442+0000] {processor.py:830} INFO - Processing file /home/airflow/.local/lib/python3.12/site-packages/airflow/example_dags/example_external_task_marker_dag.py for tasks to queue
[2025-09-04T11:54:11.444+0000] {logging_mixin.py:188} INFO - [2025-09-04T11:54:11.444+0000] {dagbag.py:545} INFO - Filling up the DagBag from /home/airflow/.local/lib/python3.12/site-packages/airflow/example_dags/example_external_task_marker_dag.py
[2025-09-04T11:54:11.452+0000] {processor.py:840} INFO - DAG(s) 'example_external_task_marker_parent', 'example_external_task_marker_child' retrieved from /home/airflow/.local/lib/python3.12/site-packages/airflow/example_dags/example_external_task_marker_dag.py
[2025-09-04T11:54:11.478+0000] {logging_mixin.py:188} INFO - [2025-09-04T11:54:11.478+0000] {dag.py:3096} INFO - Sync 2 DAGs
[2025-09-04T11:54:11.491+0000] {logging_mixin.py:188} INFO - [2025-09-04T11:54:11.491+0000] {dag.py:3954} INFO - Setting next_dagrun for example_external_task_marker_child to None, run_after=None
[2025-09-04T11:54:11.495+0000] {logging_mixin.py:188} INFO - [2025-09-04T11:54:11.495+0000] {dag.py:3954} INFO - Setting next_dagrun for example_external_task_marker_parent to None, run_after=None
[2025-09-04T11:54:11.516+0000] {processor.py:183} INFO - Processing /home/airflow/.local/lib/python3.12/site-packages/airflow/example_dags/example_external_task_marker_dag.py took 0.083 seconds
[2025-09-04T11:54:41.625+0000] {processor.py:161} INFO - Started process (PID=614) to work on /home/airflow/.local/lib/python3.12/site-packages/airflow/example_dags/example_external_task_marker_dag.py
[2025-09-04T11:54:41.626+0000] {processor.py:830} INFO - Processing file /home/airflow/.local/lib/python3.12/site-packages/airflow/example_dags/example_external_task_marker_dag.py for tasks to queue
[2025-09-04T11:54:41.628+0000] {logging_mixin.py:188} INFO - [2025-09-04T11:54:41.628+0000] {dagbag.py:545} INFO - Filling up the DagBag from /home/airflow/.local/lib/python3.12/site-packages/airflow/example_dags/example_external_task_marker_dag.py
[2025-09-04T11:54:41.634+0000] {processor.py:840} INFO - DAG(s) 'example_external_task_marker_parent', 'example_external_task_marker_child' retrieved from /home/airflow/.local/lib/python3.12/site-packages/airflow/example_dags/example_external_task_marker_dag.py
[2025-09-04T11:54:41.658+0000] {logging_mixin.py:188} INFO - [2025-09-04T11:54:41.658+0000] {dag.py:3096} INFO - Sync 2 DAGs
[2025-09-04T11:54:41.670+0000] {logging_mixin.py:188} INFO - [2025-09-04T11:54:41.670+0000] {dag.py:3954} INFO - Setting next_dagrun for example_external_task_marker_child to None, run_after=None
[2025-09-04T11:54:41.673+0000] {logging_mixin.py:188} INFO - [2025-09-04T11:54:41.673+0000] {dag.py:3954} INFO - Setting next_dagrun for example_external_task_marker_parent to None, run_after=None
[2025-09-04T11:54:41.689+0000] {processor.py:183} INFO - Processing /home/airflow/.local/lib/python3.12/site-packages/airflow/example_dags/example_external_task_marker_dag.py took 0.070 seconds
[2025-09-04T11:55:12.361+0000] {processor.py:161} INFO - Started process (PID=673) to work on /home/airflow/.local/lib/python3.12/site-packages/airflow/example_dags/example_external_task_marker_dag.py
[2025-09-04T11:55:12.363+0000] {processor.py:830} INFO - Processing file /home/airflow/.local/lib/python3.12/site-packages/airflow/example_dags/example_external_task_marker_dag.py for tasks to queue
[2025-09-04T11:55:12.368+0000] {logging_mixin.py:188} INFO - [2025-09-04T11:55:12.367+0000] {dagbag.py:545} INFO - Filling up the DagBag from /home/airflow/.local/lib/python3.12/site-packages/airflow/example_dags/example_external_task_marker_dag.py
[2025-09-04T11:55:12.390+0000] {processor.py:840} INFO - DAG(s) 'example_external_task_marker_parent', 'example_external_task_marker_child' retrieved from /home/airflow/.local/lib/python3.12/site-packages/airflow/example_dags/example_external_task_marker_dag.py
[2025-09-04T11:55:12.419+0000] {logging_mixin.py:188} INFO - [2025-09-04T11:55:12.418+0000] {dag.py:3096} INFO - Sync 2 DAGs
[2025-09-04T11:55:12.439+0000] {logging_mixin.py:188} INFO - [2025-09-04T11:55:12.439+0000] {dag.py:3954} INFO - Setting next_dagrun for example_external_task_marker_child to None, run_after=None
[2025-09-04T11:55:12.446+0000] {logging_mixin.py:188} INFO - [2025-09-04T11:55:12.446+0000] {dag.py:3954} INFO - Setting next_dagrun for example_external_task_marker_parent to None, run_after=None
[2025-09-04T11:55:12.473+0000] {processor.py:183} INFO - Processing /home/airflow/.local/lib/python3.12/site-packages/airflow/example_dags/example_external_task_marker_dag.py took 0.125 seconds
[2025-09-04T11:55:42.886+0000] {processor.py:161} INFO - Started process (PID=731) to work on /home/airflow/.local/lib/python3.12/site-packages/airflow/example_dags/example_external_task_marker_dag.py
[2025-09-04T11:55:42.887+0000] {processor.py:830} INFO - Processing file /home/airflow/.local/lib/python3.12/site-packages/airflow/example_dags/example_external_task_marker_dag.py for tasks to queue
[2025-09-04T11:55:42.890+0000] {logging_mixin.py:188} INFO - [2025-09-04T11:55:42.890+0000] {dagbag.py:545} INFO - Filling up the DagBag from /home/airflow/.local/lib/python3.12/site-packages/airflow/example_dags/example_external_task_marker_dag.py
[2025-09-04T11:55:42.897+0000] {processor.py:840} INFO - DAG(s) 'example_external_task_marker_parent', 'example_external_task_marker_child' retrieved from /home/airflow/.local/lib/python3.12/site-packages/airflow/example_dags/example_external_task_marker_dag.py
[2025-09-04T11:55:42.919+0000] {logging_mixin.py:188} INFO - [2025-09-04T11:55:42.919+0000] {dag.py:3096} INFO - Sync 2 DAGs
[2025-09-04T11:55:42.933+0000] {logging_mixin.py:188} INFO - [2025-09-04T11:55:42.932+0000] {dag.py:3954} INFO - Setting next_dagrun for example_external_task_marker_child to None, run_after=None
[2025-09-04T11:55:42.937+0000] {logging_mixin.py:188} INFO - [2025-09-04T11:55:42.936+0000] {dag.py:3954} INFO - Setting next_dagrun for example_external_task_marker_parent to None, run_after=None
[2025-09-04T11:55:42.955+0000] {processor.py:183} INFO - Processing /home/airflow/.local/lib/python3.12/site-packages/airflow/example_dags/example_external_task_marker_dag.py took 0.074 seconds
[2025-09-04T11:56:13.312+0000] {processor.py:161} INFO - Started process (PID=789) to work on /home/airflow/.local/lib/python3.12/site-packages/airflow/example_dags/example_external_task_marker_dag.py
[2025-09-04T11:56:13.313+0000] {processor.py:830} INFO - Processing file /home/airflow/.local/lib/python3.12/site-packages/airflow/example_dags/example_external_task_marker_dag.py for tasks to queue
[2025-09-04T11:56:13.316+0000] {logging_mixin.py:188} INFO - [2025-09-04T11:56:13.315+0000] {dagbag.py:545} INFO - Filling up the DagBag from /home/airflow/.local/lib/python3.12/site-packages/airflow/example_dags/example_external_task_marker_dag.py
[2025-09-04T11:56:13.333+0000] {processor.py:840} INFO - DAG(s) 'example_external_task_marker_child', 'example_external_task_marker_parent' retrieved from /home/airflow/.local/lib/python3.12/site-packages/airflow/example_dags/example_external_task_marker_dag.py
[2025-09-04T11:56:13.374+0000] {logging_mixin.py:188} INFO - [2025-09-04T11:56:13.374+0000] {dag.py:3096} INFO - Sync 2 DAGs
[2025-09-04T11:56:13.390+0000] {logging_mixin.py:188} INFO - [2025-09-04T11:56:13.389+0000] {dag.py:3954} INFO - Setting next_dagrun for example_external_task_marker_child to None, run_after=None
[2025-09-04T11:56:13.395+0000] {logging_mixin.py:188} INFO - [2025-09-04T11:56:13.395+0000] {dag.py:3954} INFO - Setting next_dagrun for example_external_task_marker_parent to None, run_after=None
[2025-09-04T11:56:13.422+0000] {processor.py:183} INFO - Processing /home/airflow/.local/lib/python3.12/site-packages/airflow/example_dags/example_external_task_marker_dag.py took 0.120 seconds
[2025-09-04T11:56:43.758+0000] {processor.py:161} INFO - Started process (PID=847) to work on /home/airflow/.local/lib/python3.12/site-packages/airflow/example_dags/example_external_task_marker_dag.py
[2025-09-04T11:56:43.760+0000] {processor.py:830} INFO - Processing file /home/airflow/.local/lib/python3.12/site-packages/airflow/example_dags/example_external_task_marker_dag.py for tasks to queue
[2025-09-04T11:56:43.762+0000] {logging_mixin.py:188} INFO - [2025-09-04T11:56:43.762+0000] {dagbag.py:545} INFO - Filling up the DagBag from /home/airflow/.local/lib/python3.12/site-packages/airflow/example_dags/example_external_task_marker_dag.py
[2025-09-04T11:56:43.769+0000] {processor.py:840} INFO - DAG(s) 'example_external_task_marker_child', 'example_external_task_marker_parent' retrieved from /home/airflow/.local/lib/python3.12/site-packages/airflow/example_dags/example_external_task_marker_dag.py
[2025-09-04T11:56:43.791+0000] {logging_mixin.py:188} INFO - [2025-09-04T11:56:43.790+0000] {dag.py:3096} INFO - Sync 2 DAGs
[2025-09-04T11:56:43.801+0000] {logging_mixin.py:188} INFO - [2025-09-04T11:56:43.801+0000] {dag.py:3954} INFO - Setting next_dagrun for example_external_task_marker_child to None, run_after=None
[2025-09-04T11:56:43.805+0000] {logging_mixin.py:188} INFO - [2025-09-04T11:56:43.805+0000] {dag.py:3954} INFO - Setting next_dagrun for example_external_task_marker_parent to None, run_after=None
[2025-09-04T11:56:43.826+0000] {processor.py:183} INFO - Processing /home/airflow/.local/lib/python3.12/site-packages/airflow/example_dags/example_external_task_marker_dag.py took 0.075 seconds
[2025-09-04T11:57:14.872+0000] {processor.py:161} INFO - Started process (PID=905) to work on /home/airflow/.local/lib/python3.12/site-packages/airflow/example_dags/example_external_task_marker_dag.py
[2025-09-04T11:57:14.873+0000] {processor.py:830} INFO - Processing file /home/airflow/.local/lib/python3.12/site-packages/airflow/example_dags/example_external_task_marker_dag.py for tasks to queue
[2025-09-04T11:57:14.874+0000] {logging_mixin.py:188} INFO - [2025-09-04T11:57:14.874+0000] {dagbag.py:545} INFO - Filling up the DagBag from /home/airflow/.local/lib/python3.12/site-packages/airflow/example_dags/example_external_task_marker_dag.py
[2025-09-04T11:57:14.880+0000] {processor.py:840} INFO - DAG(s) 'example_external_task_marker_child', 'example_external_task_marker_parent' retrieved from /home/airflow/.local/lib/python3.12/site-packages/airflow/example_dags/example_external_task_marker_dag.py
[2025-09-04T11:57:14.899+0000] {logging_mixin.py:188} INFO - [2025-09-04T11:57:14.899+0000] {dag.py:3096} INFO - Sync 2 DAGs
[2025-09-04T11:57:14.909+0000] {logging_mixin.py:188} INFO - [2025-09-04T11:57:14.909+0000] {dag.py:3954} INFO - Setting next_dagrun for example_external_task_marker_child to None, run_after=None
[2025-09-04T11:57:14.912+0000] {logging_mixin.py:188} INFO - [2025-09-04T11:57:14.912+0000] {dag.py:3954} INFO - Setting next_dagrun for example_external_task_marker_parent to None, run_after=None
[2025-09-04T11:57:14.925+0000] {processor.py:183} INFO - Processing /home/airflow/.local/lib/python3.12/site-packages/airflow/example_dags/example_external_task_marker_dag.py took 0.057 seconds
[2025-09-04T11:57:45.227+0000] {processor.py:161} INFO - Started process (PID=963) to work on /home/airflow/.local/lib/python3.12/site-packages/airflow/example_dags/example_external_task_marker_dag.py
[2025-09-04T11:57:45.228+0000] {processor.py:830} INFO - Processing file /home/airflow/.local/lib/python3.12/site-packages/airflow/example_dags/example_external_task_marker_dag.py for tasks to queue
[2025-09-04T11:57:45.229+0000] {logging_mixin.py:188} INFO - [2025-09-04T11:57:45.229+0000] {dagbag.py:545} INFO - Filling up the DagBag from /home/airflow/.local/lib/python3.12/site-packages/airflow/example_dags/example_external_task_marker_dag.py
[2025-09-04T11:57:45.234+0000] {processor.py:840} INFO - DAG(s) 'example_external_task_marker_parent', 'example_external_task_marker_child' retrieved from /home/airflow/.local/lib/python3.12/site-packages/airflow/example_dags/example_external_task_marker_dag.py
[2025-09-04T11:57:45.259+0000] {logging_mixin.py:188} INFO - [2025-09-04T11:57:45.259+0000] {dag.py:3096} INFO - Sync 2 DAGs
[2025-09-04T11:57:45.275+0000] {logging_mixin.py:188} INFO - [2025-09-04T11:57:45.275+0000] {dag.py:3954} INFO - Setting next_dagrun for example_external_task_marker_child to None, run_after=None
[2025-09-04T11:57:45.281+0000] {logging_mixin.py:188} INFO - [2025-09-04T11:57:45.280+0000] {dag.py:3954} INFO - Setting next_dagrun for example_external_task_marker_parent to None, run_after=None
[2025-09-04T11:57:45.295+0000] {processor.py:183} INFO - Processing /home/airflow/.local/lib/python3.12/site-packages/airflow/example_dags/example_external_task_marker_dag.py took 0.073 seconds
[2025-09-04T11:58:15.584+0000] {processor.py:161} INFO - Started process (PID=1022) to work on /home/airflow/.local/lib/python3.12/site-packages/airflow/example_dags/example_external_task_marker_dag.py
[2025-09-04T11:58:15.586+0000] {processor.py:830} INFO - Processing file /home/airflow/.local/lib/python3.12/site-packages/airflow/example_dags/example_external_task_marker_dag.py for tasks to queue
[2025-09-04T11:58:15.589+0000] {logging_mixin.py:188} INFO - [2025-09-04T11:58:15.589+0000] {dagbag.py:545} INFO - Filling up the DagBag from /home/airflow/.local/lib/python3.12/site-packages/airflow/example_dags/example_external_task_marker_dag.py
[2025-09-04T11:58:15.596+0000] {processor.py:840} INFO - DAG(s) 'example_external_task_marker_child', 'example_external_task_marker_parent' retrieved from /home/airflow/.local/lib/python3.12/site-packages/airflow/example_dags/example_external_task_marker_dag.py
[2025-09-04T11:58:15.629+0000] {logging_mixin.py:188} INFO - [2025-09-04T11:58:15.629+0000] {dag.py:3096} INFO - Sync 2 DAGs
[2025-09-04T11:58:15.645+0000] {logging_mixin.py:188} INFO - [2025-09-04T11:58:15.645+0000] {dag.py:3954} INFO - Setting next_dagrun for example_external_task_marker_child to None, run_after=None
[2025-09-04T11:58:15.650+0000] {logging_mixin.py:188} INFO - [2025-09-04T11:58:15.649+0000] {dag.py:3954} INFO - Setting next_dagrun for example_external_task_marker_parent to None, run_after=None
[2025-09-04T11:58:15.669+0000] {processor.py:183} INFO - Processing /home/airflow/.local/lib/python3.12/site-packages/airflow/example_dags/example_external_task_marker_dag.py took 0.097 seconds
[2025-09-04T11:58:46.491+0000] {processor.py:161} INFO - Started process (PID=1080) to work on /home/airflow/.local/lib/python3.12/site-packages/airflow/example_dags/example_external_task_marker_dag.py
[2025-09-04T11:58:46.494+0000] {processor.py:830} INFO - Processing file /home/airflow/.local/lib/python3.12/site-packages/airflow/example_dags/example_external_task_marker_dag.py for tasks to queue
[2025-09-04T11:58:46.499+0000] {logging_mixin.py:188} INFO - [2025-09-04T11:58:46.498+0000] {dagbag.py:545} INFO - Filling up the DagBag from /home/airflow/.local/lib/python3.12/site-packages/airflow/example_dags/example_external_task_marker_dag.py
[2025-09-04T11:58:46.508+0000] {processor.py:840} INFO - DAG(s) 'example_external_task_marker_child', 'example_external_task_marker_parent' retrieved from /home/airflow/.local/lib/python3.12/site-packages/airflow/example_dags/example_external_task_marker_dag.py
[2025-09-04T11:58:46.539+0000] {logging_mixin.py:188} INFO - [2025-09-04T11:58:46.538+0000] {dag.py:3096} INFO - Sync 2 DAGs
[2025-09-04T11:58:46.558+0000] {logging_mixin.py:188} INFO - [2025-09-04T11:58:46.557+0000] {dag.py:3954} INFO - Setting next_dagrun for example_external_task_marker_child to None, run_after=None
[2025-09-04T11:58:46.563+0000] {logging_mixin.py:188} INFO - [2025-09-04T11:58:46.563+0000] {dag.py:3954} INFO - Setting next_dagrun for example_external_task_marker_parent to None, run_after=None
[2025-09-04T11:58:46.593+0000] {processor.py:183} INFO - Processing /home/airflow/.local/lib/python3.12/site-packages/airflow/example_dags/example_external_task_marker_dag.py took 0.110 seconds
[2025-09-04T11:59:17.385+0000] {processor.py:161} INFO - Started process (PID=1138) to work on /home/airflow/.local/lib/python3.12/site-packages/airflow/example_dags/example_external_task_marker_dag.py
[2025-09-04T11:59:17.388+0000] {processor.py:830} INFO - Processing file /home/airflow/.local/lib/python3.12/site-packages/airflow/example_dags/example_external_task_marker_dag.py for tasks to queue
[2025-09-04T11:59:17.392+0000] {logging_mixin.py:188} INFO - [2025-09-04T11:59:17.391+0000] {dagbag.py:545} INFO - Filling up the DagBag from /home/airflow/.local/lib/python3.12/site-packages/airflow/example_dags/example_external_task_marker_dag.py
[2025-09-04T11:59:17.406+0000] {processor.py:840} INFO - DAG(s) 'example_external_task_marker_parent', 'example_external_task_marker_child' retrieved from /home/airflow/.local/lib/python3.12/site-packages/airflow/example_dags/example_external_task_marker_dag.py
[2025-09-04T11:59:17.467+0000] {logging_mixin.py:188} INFO - [2025-09-04T11:59:17.466+0000] {dag.py:3096} INFO - Sync 2 DAGs
[2025-09-04T11:59:17.500+0000] {logging_mixin.py:188} INFO - [2025-09-04T11:59:17.499+0000] {dag.py:3954} INFO - Setting next_dagrun for example_external_task_marker_child to None, run_after=None
[2025-09-04T11:59:17.509+0000] {logging_mixin.py:188} INFO - [2025-09-04T11:59:17.508+0000] {dag.py:3954} INFO - Setting next_dagrun for example_external_task_marker_parent to None, run_after=None
[2025-09-04T11:59:17.536+0000] {processor.py:183} INFO - Processing /home/airflow/.local/lib/python3.12/site-packages/airflow/example_dags/example_external_task_marker_dag.py took 0.160 seconds
[2025-09-04T12:01:33.973+0000] {processor.py:161} INFO - Started process (PID=88) to work on /home/airflow/.local/lib/python3.12/site-packages/airflow/example_dags/example_external_task_marker_dag.py
[2025-09-04T12:01:33.976+0000] {processor.py:830} INFO - Processing file /home/airflow/.local/lib/python3.12/site-packages/airflow/example_dags/example_external_task_marker_dag.py for tasks to queue
[2025-09-04T12:01:33.980+0000] {logging_mixin.py:188} INFO - [2025-09-04T12:01:33.979+0000] {dagbag.py:545} INFO - Filling up the DagBag from /home/airflow/.local/lib/python3.12/site-packages/airflow/example_dags/example_external_task_marker_dag.py
[2025-09-04T12:01:33.994+0000] {processor.py:840} INFO - DAG(s) 'example_external_task_marker_parent', 'example_external_task_marker_child' retrieved from /home/airflow/.local/lib/python3.12/site-packages/airflow/example_dags/example_external_task_marker_dag.py
[2025-09-04T12:01:34.145+0000] {logging_mixin.py:188} INFO - [2025-09-04T12:01:34.144+0000] {dag.py:3096} INFO - Sync 2 DAGs
[2025-09-04T12:01:34.157+0000] {logging_mixin.py:188} INFO - [2025-09-04T12:01:34.157+0000] {dag.py:3954} INFO - Setting next_dagrun for example_external_task_marker_child to None, run_after=None
[2025-09-04T12:01:34.160+0000] {logging_mixin.py:188} INFO - [2025-09-04T12:01:34.160+0000] {dag.py:3954} INFO - Setting next_dagrun for example_external_task_marker_parent to None, run_after=None
[2025-09-04T12:01:34.193+0000] {processor.py:183} INFO - Processing /home/airflow/.local/lib/python3.12/site-packages/airflow/example_dags/example_external_task_marker_dag.py took 0.229 seconds
[2025-09-04T12:02:04.638+0000] {processor.py:161} INFO - Started process (PID=146) to work on /home/airflow/.local/lib/python3.12/site-packages/airflow/example_dags/example_external_task_marker_dag.py
[2025-09-04T12:02:04.641+0000] {processor.py:830} INFO - Processing file /home/airflow/.local/lib/python3.12/site-packages/airflow/example_dags/example_external_task_marker_dag.py for tasks to queue
[2025-09-04T12:02:04.645+0000] {logging_mixin.py:188} INFO - [2025-09-04T12:02:04.644+0000] {dagbag.py:545} INFO - Filling up the DagBag from /home/airflow/.local/lib/python3.12/site-packages/airflow/example_dags/example_external_task_marker_dag.py
[2025-09-04T12:02:04.651+0000] {processor.py:840} INFO - DAG(s) 'example_external_task_marker_child', 'example_external_task_marker_parent' retrieved from /home/airflow/.local/lib/python3.12/site-packages/airflow/example_dags/example_external_task_marker_dag.py
[2025-09-04T12:02:04.672+0000] {logging_mixin.py:188} INFO - [2025-09-04T12:02:04.672+0000] {dag.py:3096} INFO - Sync 2 DAGs
[2025-09-04T12:02:04.683+0000] {logging_mixin.py:188} INFO - [2025-09-04T12:02:04.683+0000] {dag.py:3954} INFO - Setting next_dagrun for example_external_task_marker_child to None, run_after=None
[2025-09-04T12:02:04.687+0000] {logging_mixin.py:188} INFO - [2025-09-04T12:02:04.687+0000] {dag.py:3954} INFO - Setting next_dagrun for example_external_task_marker_parent to None, run_after=None
[2025-09-04T12:02:04.702+0000] {processor.py:183} INFO - Processing /home/airflow/.local/lib/python3.12/site-packages/airflow/example_dags/example_external_task_marker_dag.py took 0.075 seconds
[2025-09-04T12:02:35.362+0000] {processor.py:161} INFO - Started process (PID=204) to work on /home/airflow/.local/lib/python3.12/site-packages/airflow/example_dags/example_external_task_marker_dag.py
[2025-09-04T12:02:35.364+0000] {processor.py:830} INFO - Processing file /home/airflow/.local/lib/python3.12/site-packages/airflow/example_dags/example_external_task_marker_dag.py for tasks to queue
[2025-09-04T12:02:35.366+0000] {logging_mixin.py:188} INFO - [2025-09-04T12:02:35.366+0000] {dagbag.py:545} INFO - Filling up the DagBag from /home/airflow/.local/lib/python3.12/site-packages/airflow/example_dags/example_external_task_marker_dag.py
[2025-09-04T12:02:35.374+0000] {processor.py:840} INFO - DAG(s) 'example_external_task_marker_parent', 'example_external_task_marker_child' retrieved from /home/airflow/.local/lib/python3.12/site-packages/airflow/example_dags/example_external_task_marker_dag.py
[2025-09-04T12:02:35.398+0000] {logging_mixin.py:188} INFO - [2025-09-04T12:02:35.398+0000] {dag.py:3096} INFO - Sync 2 DAGs
[2025-09-04T12:02:35.415+0000] {logging_mixin.py:188} INFO - [2025-09-04T12:02:35.414+0000] {dag.py:3954} INFO - Setting next_dagrun for example_external_task_marker_child to None, run_after=None
[2025-09-04T12:02:35.421+0000] {logging_mixin.py:188} INFO - [2025-09-04T12:02:35.420+0000] {dag.py:3954} INFO - Setting next_dagrun for example_external_task_marker_parent to None, run_after=None
[2025-09-04T12:02:35.438+0000] {processor.py:183} INFO - Processing /home/airflow/.local/lib/python3.12/site-packages/airflow/example_dags/example_external_task_marker_dag.py took 0.084 seconds
[2025-09-04T12:03:05.726+0000] {processor.py:161} INFO - Started process (PID=262) to work on /home/airflow/.local/lib/python3.12/site-packages/airflow/example_dags/example_external_task_marker_dag.py
[2025-09-04T12:03:05.728+0000] {processor.py:830} INFO - Processing file /home/airflow/.local/lib/python3.12/site-packages/airflow/example_dags/example_external_task_marker_dag.py for tasks to queue
[2025-09-04T12:03:05.732+0000] {logging_mixin.py:188} INFO - [2025-09-04T12:03:05.731+0000] {dagbag.py:545} INFO - Filling up the DagBag from /home/airflow/.local/lib/python3.12/site-packages/airflow/example_dags/example_external_task_marker_dag.py
[2025-09-04T12:03:05.746+0000] {processor.py:840} INFO - DAG(s) 'example_external_task_marker_child', 'example_external_task_marker_parent' retrieved from /home/airflow/.local/lib/python3.12/site-packages/airflow/example_dags/example_external_task_marker_dag.py
[2025-09-04T12:03:05.782+0000] {logging_mixin.py:188} INFO - [2025-09-04T12:03:05.781+0000] {dag.py:3096} INFO - Sync 2 DAGs
[2025-09-04T12:03:05.801+0000] {logging_mixin.py:188} INFO - [2025-09-04T12:03:05.801+0000] {dag.py:3954} INFO - Setting next_dagrun for example_external_task_marker_child to None, run_after=None
[2025-09-04T12:03:05.806+0000] {logging_mixin.py:188} INFO - [2025-09-04T12:03:05.806+0000] {dag.py:3954} INFO - Setting next_dagrun for example_external_task_marker_parent to None, run_after=None
[2025-09-04T12:03:05.838+0000] {processor.py:183} INFO - Processing /home/airflow/.local/lib/python3.12/site-packages/airflow/example_dags/example_external_task_marker_dag.py took 0.128 seconds
[2025-09-04T12:03:35.976+0000] {processor.py:161} INFO - Started process (PID=320) to work on /home/airflow/.local/lib/python3.12/site-packages/airflow/example_dags/example_external_task_marker_dag.py
[2025-09-04T12:03:35.977+0000] {processor.py:830} INFO - Processing file /home/airflow/.local/lib/python3.12/site-packages/airflow/example_dags/example_external_task_marker_dag.py for tasks to queue
[2025-09-04T12:03:35.979+0000] {logging_mixin.py:188} INFO - [2025-09-04T12:03:35.978+0000] {dagbag.py:545} INFO - Filling up the DagBag from /home/airflow/.local/lib/python3.12/site-packages/airflow/example_dags/example_external_task_marker_dag.py
[2025-09-04T12:03:35.984+0000] {processor.py:840} INFO - DAG(s) 'example_external_task_marker_parent', 'example_external_task_marker_child' retrieved from /home/airflow/.local/lib/python3.12/site-packages/airflow/example_dags/example_external_task_marker_dag.py
[2025-09-04T12:03:36.007+0000] {logging_mixin.py:188} INFO - [2025-09-04T12:03:36.007+0000] {dag.py:3096} INFO - Sync 2 DAGs
[2025-09-04T12:03:36.021+0000] {logging_mixin.py:188} INFO - [2025-09-04T12:03:36.020+0000] {dag.py:3954} INFO - Setting next_dagrun for example_external_task_marker_child to None, run_after=None
[2025-09-04T12:03:36.024+0000] {logging_mixin.py:188} INFO - [2025-09-04T12:03:36.024+0000] {dag.py:3954} INFO - Setting next_dagrun for example_external_task_marker_parent to None, run_after=None
[2025-09-04T12:03:36.038+0000] {processor.py:183} INFO - Processing /home/airflow/.local/lib/python3.12/site-packages/airflow/example_dags/example_external_task_marker_dag.py took 0.068 seconds
[2025-09-04T12:04:07.136+0000] {processor.py:161} INFO - Started process (PID=378) to work on /home/airflow/.local/lib/python3.12/site-packages/airflow/example_dags/example_external_task_marker_dag.py
[2025-09-04T12:04:07.138+0000] {processor.py:830} INFO - Processing file /home/airflow/.local/lib/python3.12/site-packages/airflow/example_dags/example_external_task_marker_dag.py for tasks to queue
[2025-09-04T12:04:07.142+0000] {logging_mixin.py:188} INFO - [2025-09-04T12:04:07.142+0000] {dagbag.py:545} INFO - Filling up the DagBag from /home/airflow/.local/lib/python3.12/site-packages/airflow/example_dags/example_external_task_marker_dag.py
[2025-09-04T12:04:07.151+0000] {processor.py:840} INFO - DAG(s) 'example_external_task_marker_child', 'example_external_task_marker_parent' retrieved from /home/airflow/.local/lib/python3.12/site-packages/airflow/example_dags/example_external_task_marker_dag.py
[2025-09-04T12:04:07.178+0000] {logging_mixin.py:188} INFO - [2025-09-04T12:04:07.178+0000] {dag.py:3096} INFO - Sync 2 DAGs
[2025-09-04T12:04:07.192+0000] {logging_mixin.py:188} INFO - [2025-09-04T12:04:07.192+0000] {dag.py:3954} INFO - Setting next_dagrun for example_external_task_marker_child to None, run_after=None
[2025-09-04T12:04:07.198+0000] {logging_mixin.py:188} INFO - [2025-09-04T12:04:07.198+0000] {dag.py:3954} INFO - Setting next_dagrun for example_external_task_marker_parent to None, run_after=None
[2025-09-04T12:04:07.221+0000] {processor.py:183} INFO - Processing /home/airflow/.local/lib/python3.12/site-packages/airflow/example_dags/example_external_task_marker_dag.py took 0.096 seconds
[2025-09-04T12:04:37.336+0000] {processor.py:161} INFO - Started process (PID=436) to work on /home/airflow/.local/lib/python3.12/site-packages/airflow/example_dags/example_external_task_marker_dag.py
[2025-09-04T12:04:37.338+0000] {processor.py:830} INFO - Processing file /home/airflow/.local/lib/python3.12/site-packages/airflow/example_dags/example_external_task_marker_dag.py for tasks to queue
[2025-09-04T12:04:37.342+0000] {logging_mixin.py:188} INFO - [2025-09-04T12:04:37.342+0000] {dagbag.py:545} INFO - Filling up the DagBag from /home/airflow/.local/lib/python3.12/site-packages/airflow/example_dags/example_external_task_marker_dag.py
[2025-09-04T12:04:37.353+0000] {processor.py:840} INFO - DAG(s) 'example_external_task_marker_child', 'example_external_task_marker_parent' retrieved from /home/airflow/.local/lib/python3.12/site-packages/airflow/example_dags/example_external_task_marker_dag.py
[2025-09-04T12:04:37.373+0000] {logging_mixin.py:188} INFO - [2025-09-04T12:04:37.373+0000] {dag.py:3096} INFO - Sync 2 DAGs
[2025-09-04T12:04:37.384+0000] {logging_mixin.py:188} INFO - [2025-09-04T12:04:37.384+0000] {dag.py:3954} INFO - Setting next_dagrun for example_external_task_marker_child to None, run_after=None
[2025-09-04T12:04:37.388+0000] {logging_mixin.py:188} INFO - [2025-09-04T12:04:37.387+0000] {dag.py:3954} INFO - Setting next_dagrun for example_external_task_marker_parent to None, run_after=None
[2025-09-04T12:04:37.403+0000] {processor.py:183} INFO - Processing /home/airflow/.local/lib/python3.12/site-packages/airflow/example_dags/example_external_task_marker_dag.py took 0.072 seconds
[2025-09-04T12:05:07.904+0000] {processor.py:161} INFO - Started process (PID=494) to work on /home/airflow/.local/lib/python3.12/site-packages/airflow/example_dags/example_external_task_marker_dag.py
[2025-09-04T12:05:07.907+0000] {processor.py:830} INFO - Processing file /home/airflow/.local/lib/python3.12/site-packages/airflow/example_dags/example_external_task_marker_dag.py for tasks to queue
[2025-09-04T12:05:07.911+0000] {logging_mixin.py:188} INFO - [2025-09-04T12:05:07.910+0000] {dagbag.py:545} INFO - Filling up the DagBag from /home/airflow/.local/lib/python3.12/site-packages/airflow/example_dags/example_external_task_marker_dag.py
[2025-09-04T12:05:07.922+0000] {processor.py:840} INFO - DAG(s) 'example_external_task_marker_child', 'example_external_task_marker_parent' retrieved from /home/airflow/.local/lib/python3.12/site-packages/airflow/example_dags/example_external_task_marker_dag.py
[2025-09-04T12:05:07.953+0000] {logging_mixin.py:188} INFO - [2025-09-04T12:05:07.952+0000] {dag.py:3096} INFO - Sync 2 DAGs
[2025-09-04T12:05:07.970+0000] {logging_mixin.py:188} INFO - [2025-09-04T12:05:07.970+0000] {dag.py:3954} INFO - Setting next_dagrun for example_external_task_marker_child to None, run_after=None
[2025-09-04T12:05:07.975+0000] {logging_mixin.py:188} INFO - [2025-09-04T12:05:07.975+0000] {dag.py:3954} INFO - Setting next_dagrun for example_external_task_marker_parent to None, run_after=None
[2025-09-04T12:05:07.996+0000] {processor.py:183} INFO - Processing /home/airflow/.local/lib/python3.12/site-packages/airflow/example_dags/example_external_task_marker_dag.py took 0.106 seconds
[2025-09-04T12:05:38.182+0000] {processor.py:161} INFO - Started process (PID=552) to work on /home/airflow/.local/lib/python3.12/site-packages/airflow/example_dags/example_external_task_marker_dag.py
[2025-09-04T12:05:38.183+0000] {processor.py:830} INFO - Processing file /home/airflow/.local/lib/python3.12/site-packages/airflow/example_dags/example_external_task_marker_dag.py for tasks to queue
[2025-09-04T12:05:38.185+0000] {logging_mixin.py:188} INFO - [2025-09-04T12:05:38.184+0000] {dagbag.py:545} INFO - Filling up the DagBag from /home/airflow/.local/lib/python3.12/site-packages/airflow/example_dags/example_external_task_marker_dag.py
[2025-09-04T12:05:38.190+0000] {processor.py:840} INFO - DAG(s) 'example_external_task_marker_parent', 'example_external_task_marker_child' retrieved from /home/airflow/.local/lib/python3.12/site-packages/airflow/example_dags/example_external_task_marker_dag.py
[2025-09-04T12:05:38.211+0000] {logging_mixin.py:188} INFO - [2025-09-04T12:05:38.211+0000] {dag.py:3096} INFO - Sync 2 DAGs
[2025-09-04T12:05:38.223+0000] {logging_mixin.py:188} INFO - [2025-09-04T12:05:38.223+0000] {dag.py:3954} INFO - Setting next_dagrun for example_external_task_marker_child to None, run_after=None
[2025-09-04T12:05:38.227+0000] {logging_mixin.py:188} INFO - [2025-09-04T12:05:38.227+0000] {dag.py:3954} INFO - Setting next_dagrun for example_external_task_marker_parent to None, run_after=None
[2025-09-04T12:05:38.244+0000] {processor.py:183} INFO - Processing /home/airflow/.local/lib/python3.12/site-packages/airflow/example_dags/example_external_task_marker_dag.py took 0.067 seconds
[2025-09-04T12:06:36.584+0000] {processor.py:161} INFO - Started process (PID=88) to work on /home/airflow/.local/lib/python3.12/site-packages/airflow/example_dags/example_external_task_marker_dag.py
[2025-09-04T12:06:36.585+0000] {processor.py:830} INFO - Processing file /home/airflow/.local/lib/python3.12/site-packages/airflow/example_dags/example_external_task_marker_dag.py for tasks to queue
[2025-09-04T12:06:36.588+0000] {logging_mixin.py:188} INFO - [2025-09-04T12:06:36.588+0000] {dagbag.py:545} INFO - Filling up the DagBag from /home/airflow/.local/lib/python3.12/site-packages/airflow/example_dags/example_external_task_marker_dag.py
[2025-09-04T12:06:36.596+0000] {processor.py:840} INFO - DAG(s) 'example_external_task_marker_parent', 'example_external_task_marker_child' retrieved from /home/airflow/.local/lib/python3.12/site-packages/airflow/example_dags/example_external_task_marker_dag.py
[2025-09-04T12:06:36.612+0000] {logging_mixin.py:188} INFO - [2025-09-04T12:06:36.612+0000] {dag.py:3096} INFO - Sync 2 DAGs
[2025-09-04T12:06:36.624+0000] {logging_mixin.py:188} INFO - [2025-09-04T12:06:36.624+0000] {dag.py:3954} INFO - Setting next_dagrun for example_external_task_marker_child to None, run_after=None
[2025-09-04T12:06:36.628+0000] {logging_mixin.py:188} INFO - [2025-09-04T12:06:36.628+0000] {dag.py:3954} INFO - Setting next_dagrun for example_external_task_marker_parent to None, run_after=None
[2025-09-04T12:06:36.644+0000] {processor.py:183} INFO - Processing /home/airflow/.local/lib/python3.12/site-packages/airflow/example_dags/example_external_task_marker_dag.py took 0.065 seconds
[2025-09-04T12:07:09.109+0000] {processor.py:161} INFO - Started process (PID=152) to work on /home/airflow/.local/lib/python3.12/site-packages/airflow/example_dags/example_external_task_marker_dag.py
[2025-09-04T12:07:09.111+0000] {processor.py:830} INFO - Processing file /home/airflow/.local/lib/python3.12/site-packages/airflow/example_dags/example_external_task_marker_dag.py for tasks to queue
[2025-09-04T12:07:09.114+0000] {logging_mixin.py:188} INFO - [2025-09-04T12:07:09.114+0000] {dagbag.py:545} INFO - Filling up the DagBag from /home/airflow/.local/lib/python3.12/site-packages/airflow/example_dags/example_external_task_marker_dag.py
[2025-09-04T12:07:09.120+0000] {processor.py:840} INFO - DAG(s) 'example_external_task_marker_parent', 'example_external_task_marker_child' retrieved from /home/airflow/.local/lib/python3.12/site-packages/airflow/example_dags/example_external_task_marker_dag.py
[2025-09-04T12:07:09.231+0000] {logging_mixin.py:188} INFO - [2025-09-04T12:07:09.231+0000] {dag.py:3096} INFO - Sync 2 DAGs
[2025-09-04T12:07:09.245+0000] {logging_mixin.py:188} INFO - [2025-09-04T12:07:09.245+0000] {dag.py:3954} INFO - Setting next_dagrun for example_external_task_marker_child to None, run_after=None
[2025-09-04T12:07:09.249+0000] {logging_mixin.py:188} INFO - [2025-09-04T12:07:09.249+0000] {dag.py:3954} INFO - Setting next_dagrun for example_external_task_marker_parent to None, run_after=None
[2025-09-04T12:07:09.273+0000] {processor.py:183} INFO - Processing /home/airflow/.local/lib/python3.12/site-packages/airflow/example_dags/example_external_task_marker_dag.py took 0.170 seconds
[2025-09-04T12:07:40.107+0000] {processor.py:161} INFO - Started process (PID=210) to work on /home/airflow/.local/lib/python3.12/site-packages/airflow/example_dags/example_external_task_marker_dag.py
[2025-09-04T12:07:40.109+0000] {processor.py:830} INFO - Processing file /home/airflow/.local/lib/python3.12/site-packages/airflow/example_dags/example_external_task_marker_dag.py for tasks to queue
[2025-09-04T12:07:40.111+0000] {logging_mixin.py:188} INFO - [2025-09-04T12:07:40.111+0000] {dagbag.py:545} INFO - Filling up the DagBag from /home/airflow/.local/lib/python3.12/site-packages/airflow/example_dags/example_external_task_marker_dag.py
[2025-09-04T12:07:40.119+0000] {processor.py:840} INFO - DAG(s) 'example_external_task_marker_parent', 'example_external_task_marker_child' retrieved from /home/airflow/.local/lib/python3.12/site-packages/airflow/example_dags/example_external_task_marker_dag.py
[2025-09-04T12:07:40.149+0000] {logging_mixin.py:188} INFO - [2025-09-04T12:07:40.148+0000] {dag.py:3096} INFO - Sync 2 DAGs
[2025-09-04T12:07:40.165+0000] {logging_mixin.py:188} INFO - [2025-09-04T12:07:40.165+0000] {dag.py:3954} INFO - Setting next_dagrun for example_external_task_marker_child to None, run_after=None
[2025-09-04T12:07:40.169+0000] {logging_mixin.py:188} INFO - [2025-09-04T12:07:40.168+0000] {dag.py:3954} INFO - Setting next_dagrun for example_external_task_marker_parent to None, run_after=None
[2025-09-04T12:07:40.184+0000] {processor.py:183} INFO - Processing /home/airflow/.local/lib/python3.12/site-packages/airflow/example_dags/example_external_task_marker_dag.py took 0.085 seconds
[2025-09-04T12:08:10.923+0000] {processor.py:161} INFO - Started process (PID=268) to work on /home/airflow/.local/lib/python3.12/site-packages/airflow/example_dags/example_external_task_marker_dag.py
[2025-09-04T12:08:10.924+0000] {processor.py:830} INFO - Processing file /home/airflow/.local/lib/python3.12/site-packages/airflow/example_dags/example_external_task_marker_dag.py for tasks to queue
[2025-09-04T12:08:10.926+0000] {logging_mixin.py:188} INFO - [2025-09-04T12:08:10.926+0000] {dagbag.py:545} INFO - Filling up the DagBag from /home/airflow/.local/lib/python3.12/site-packages/airflow/example_dags/example_external_task_marker_dag.py
[2025-09-04T12:08:10.932+0000] {processor.py:840} INFO - DAG(s) 'example_external_task_marker_parent', 'example_external_task_marker_child' retrieved from /home/airflow/.local/lib/python3.12/site-packages/airflow/example_dags/example_external_task_marker_dag.py
[2025-09-04T12:08:10.953+0000] {logging_mixin.py:188} INFO - [2025-09-04T12:08:10.952+0000] {dag.py:3096} INFO - Sync 2 DAGs
[2025-09-04T12:08:10.964+0000] {logging_mixin.py:188} INFO - [2025-09-04T12:08:10.964+0000] {dag.py:3954} INFO - Setting next_dagrun for example_external_task_marker_child to None, run_after=None
[2025-09-04T12:08:10.968+0000] {logging_mixin.py:188} INFO - [2025-09-04T12:08:10.967+0000] {dag.py:3954} INFO - Setting next_dagrun for example_external_task_marker_parent to None, run_after=None
[2025-09-04T12:08:10.983+0000] {processor.py:183} INFO - Processing /home/airflow/.local/lib/python3.12/site-packages/airflow/example_dags/example_external_task_marker_dag.py took 0.066 seconds
[2025-09-04T12:08:41.608+0000] {processor.py:161} INFO - Started process (PID=326) to work on /home/airflow/.local/lib/python3.12/site-packages/airflow/example_dags/example_external_task_marker_dag.py
[2025-09-04T12:08:41.610+0000] {processor.py:830} INFO - Processing file /home/airflow/.local/lib/python3.12/site-packages/airflow/example_dags/example_external_task_marker_dag.py for tasks to queue
[2025-09-04T12:08:41.613+0000] {logging_mixin.py:188} INFO - [2025-09-04T12:08:41.612+0000] {dagbag.py:545} INFO - Filling up the DagBag from /home/airflow/.local/lib/python3.12/site-packages/airflow/example_dags/example_external_task_marker_dag.py
[2025-09-04T12:08:41.619+0000] {processor.py:840} INFO - DAG(s) 'example_external_task_marker_parent', 'example_external_task_marker_child' retrieved from /home/airflow/.local/lib/python3.12/site-packages/airflow/example_dags/example_external_task_marker_dag.py
[2025-09-04T12:08:41.640+0000] {logging_mixin.py:188} INFO - [2025-09-04T12:08:41.640+0000] {dag.py:3096} INFO - Sync 2 DAGs
[2025-09-04T12:08:41.652+0000] {logging_mixin.py:188} INFO - [2025-09-04T12:08:41.651+0000] {dag.py:3954} INFO - Setting next_dagrun for example_external_task_marker_child to None, run_after=None
[2025-09-04T12:08:41.655+0000] {logging_mixin.py:188} INFO - [2025-09-04T12:08:41.655+0000] {dag.py:3954} INFO - Setting next_dagrun for example_external_task_marker_parent to None, run_after=None
[2025-09-04T12:08:41.675+0000] {processor.py:183} INFO - Processing /home/airflow/.local/lib/python3.12/site-packages/airflow/example_dags/example_external_task_marker_dag.py took 0.072 seconds
