[2025-09-04T11:49:59.572+0000] {processor.py:161} INFO - Started process (PID=52) to work on /home/airflow/.local/lib/python3.12/site-packages/airflow/example_dags/example_sla_dag.py
[2025-09-04T11:49:59.574+0000] {processor.py:830} INFO - Processing file /home/airflow/.local/lib/python3.12/site-packages/airflow/example_dags/example_sla_dag.py for tasks to queue
[2025-09-04T11:49:59.582+0000] {logging_mixin.py:188} INFO - [2025-09-04T11:49:59.582+0000] {dagbag.py:545} INFO - Filling up the DagBag from /home/airflow/.local/lib/python3.12/site-packages/airflow/example_dags/example_sla_dag.py
[2025-09-04T11:49:59.612+0000] {processor.py:840} INFO - DAG(s) 'example_sla_dag' retrieved from /home/airflow/.local/lib/python3.12/site-packages/airflow/example_dags/example_sla_dag.py
[2025-09-04T11:49:59.998+0000] {logging_mixin.py:188} INFO - [2025-09-04T11:49:59.997+0000] {override.py:1829} INFO - Created Permission View: can edit on DAG:example_sla_dag
[2025-09-04T11:50:00.014+0000] {logging_mixin.py:188} INFO - [2025-09-04T11:50:00.014+0000] {override.py:1829} INFO - Created Permission View: can read on DAG:example_sla_dag
[2025-09-04T11:50:00.027+0000] {logging_mixin.py:188} INFO - [2025-09-04T11:50:00.026+0000] {override.py:1829} INFO - Created Permission View: can delete on DAG:example_sla_dag
[2025-09-04T11:50:00.032+0000] {logging_mixin.py:188} INFO - [2025-09-04T11:50:00.032+0000] {dag.py:3096} INFO - Sync 1 DAGs
[2025-09-04T11:50:00.052+0000] {logging_mixin.py:188} INFO - [2025-09-04T11:50:00.052+0000] {dag.py:3118} INFO - Creating ORM DAG for example_sla_dag
[2025-09-04T11:50:00.067+0000] {logging_mixin.py:188} INFO - [2025-09-04T11:50:00.067+0000] {dag.py:3954} INFO - Setting next_dagrun for example_sla_dag to 2025-09-04 11:48:00+00:00, run_after=2025-09-04 11:50:00+00:00
[2025-09-04T11:50:00.092+0000] {processor.py:183} INFO - Processing /home/airflow/.local/lib/python3.12/site-packages/airflow/example_dags/example_sla_dag.py took 0.529 seconds
[2025-09-04T11:50:30.190+0000] {processor.py:161} INFO - Started process (PID=110) to work on /home/airflow/.local/lib/python3.12/site-packages/airflow/example_dags/example_sla_dag.py
[2025-09-04T11:50:30.192+0000] {processor.py:830} INFO - Processing file /home/airflow/.local/lib/python3.12/site-packages/airflow/example_dags/example_sla_dag.py for tasks to queue
[2025-09-04T11:50:30.195+0000] {logging_mixin.py:188} INFO - [2025-09-04T11:50:30.195+0000] {dagbag.py:545} INFO - Filling up the DagBag from /home/airflow/.local/lib/python3.12/site-packages/airflow/example_dags/example_sla_dag.py
[2025-09-04T11:50:30.205+0000] {processor.py:840} INFO - DAG(s) 'example_sla_dag' retrieved from /home/airflow/.local/lib/python3.12/site-packages/airflow/example_dags/example_sla_dag.py
[2025-09-04T11:50:30.230+0000] {logging_mixin.py:188} INFO - [2025-09-04T11:50:30.230+0000] {dag.py:3096} INFO - Sync 1 DAGs
[2025-09-04T11:50:30.267+0000] {logging_mixin.py:188} INFO - [2025-09-04T11:50:30.267+0000] {dag.py:3954} INFO - Setting next_dagrun for example_sla_dag to 2025-09-04 11:48:00+00:00, run_after=2025-09-04 11:50:00+00:00
[2025-09-04T11:50:30.297+0000] {processor.py:183} INFO - Processing /home/airflow/.local/lib/python3.12/site-packages/airflow/example_dags/example_sla_dag.py took 0.115 seconds
[2025-09-04T11:51:00.659+0000] {processor.py:161} INFO - Started process (PID=168) to work on /home/airflow/.local/lib/python3.12/site-packages/airflow/example_dags/example_sla_dag.py
[2025-09-04T11:51:00.664+0000] {processor.py:830} INFO - Processing file /home/airflow/.local/lib/python3.12/site-packages/airflow/example_dags/example_sla_dag.py for tasks to queue
[2025-09-04T11:51:00.670+0000] {logging_mixin.py:188} INFO - [2025-09-04T11:51:00.670+0000] {dagbag.py:545} INFO - Filling up the DagBag from /home/airflow/.local/lib/python3.12/site-packages/airflow/example_dags/example_sla_dag.py
[2025-09-04T11:51:00.685+0000] {processor.py:840} INFO - DAG(s) 'example_sla_dag' retrieved from /home/airflow/.local/lib/python3.12/site-packages/airflow/example_dags/example_sla_dag.py
[2025-09-04T11:51:00.712+0000] {logging_mixin.py:188} INFO - [2025-09-04T11:51:00.712+0000] {dag.py:3096} INFO - Sync 1 DAGs
[2025-09-04T11:51:00.742+0000] {logging_mixin.py:188} INFO - [2025-09-04T11:51:00.741+0000] {dag.py:3954} INFO - Setting next_dagrun for example_sla_dag to 2025-09-04 11:48:00+00:00, run_after=2025-09-04 11:50:00+00:00
[2025-09-04T11:51:00.759+0000] {processor.py:183} INFO - Processing /home/airflow/.local/lib/python3.12/site-packages/airflow/example_dags/example_sla_dag.py took 0.118 seconds
[2025-09-04T11:51:30.959+0000] {processor.py:161} INFO - Started process (PID=225) to work on /home/airflow/.local/lib/python3.12/site-packages/airflow/example_dags/example_sla_dag.py
[2025-09-04T11:51:30.961+0000] {processor.py:830} INFO - Processing file /home/airflow/.local/lib/python3.12/site-packages/airflow/example_dags/example_sla_dag.py for tasks to queue
[2025-09-04T11:51:30.964+0000] {logging_mixin.py:188} INFO - [2025-09-04T11:51:30.964+0000] {dagbag.py:545} INFO - Filling up the DagBag from /home/airflow/.local/lib/python3.12/site-packages/airflow/example_dags/example_sla_dag.py
[2025-09-04T11:51:30.983+0000] {processor.py:840} INFO - DAG(s) 'example_sla_dag' retrieved from /home/airflow/.local/lib/python3.12/site-packages/airflow/example_dags/example_sla_dag.py
[2025-09-04T11:51:31.011+0000] {logging_mixin.py:188} INFO - [2025-09-04T11:51:31.011+0000] {dag.py:3096} INFO - Sync 1 DAGs
[2025-09-04T11:51:31.036+0000] {logging_mixin.py:188} INFO - [2025-09-04T11:51:31.036+0000] {dag.py:3954} INFO - Setting next_dagrun for example_sla_dag to 2025-09-04 11:48:00+00:00, run_after=2025-09-04 11:50:00+00:00
[2025-09-04T11:51:31.056+0000] {processor.py:183} INFO - Processing /home/airflow/.local/lib/python3.12/site-packages/airflow/example_dags/example_sla_dag.py took 0.106 seconds
[2025-09-04T11:52:01.719+0000] {processor.py:161} INFO - Started process (PID=283) to work on /home/airflow/.local/lib/python3.12/site-packages/airflow/example_dags/example_sla_dag.py
[2025-09-04T11:52:01.721+0000] {processor.py:830} INFO - Processing file /home/airflow/.local/lib/python3.12/site-packages/airflow/example_dags/example_sla_dag.py for tasks to queue
[2025-09-04T11:52:01.727+0000] {logging_mixin.py:188} INFO - [2025-09-04T11:52:01.727+0000] {dagbag.py:545} INFO - Filling up the DagBag from /home/airflow/.local/lib/python3.12/site-packages/airflow/example_dags/example_sla_dag.py
[2025-09-04T11:52:01.743+0000] {processor.py:840} INFO - DAG(s) 'example_sla_dag' retrieved from /home/airflow/.local/lib/python3.12/site-packages/airflow/example_dags/example_sla_dag.py
[2025-09-04T11:52:01.763+0000] {logging_mixin.py:188} INFO - [2025-09-04T11:52:01.763+0000] {dag.py:3096} INFO - Sync 1 DAGs
[2025-09-04T11:52:01.783+0000] {logging_mixin.py:188} INFO - [2025-09-04T11:52:01.783+0000] {dag.py:3954} INFO - Setting next_dagrun for example_sla_dag to 2025-09-04 11:50:00+00:00, run_after=2025-09-04 11:52:00+00:00
[2025-09-04T11:52:01.800+0000] {processor.py:183} INFO - Processing /home/airflow/.local/lib/python3.12/site-packages/airflow/example_dags/example_sla_dag.py took 0.091 seconds
[2025-09-04T11:52:32.102+0000] {processor.py:161} INFO - Started process (PID=341) to work on /home/airflow/.local/lib/python3.12/site-packages/airflow/example_dags/example_sla_dag.py
[2025-09-04T11:52:32.104+0000] {processor.py:830} INFO - Processing file /home/airflow/.local/lib/python3.12/site-packages/airflow/example_dags/example_sla_dag.py for tasks to queue
[2025-09-04T11:52:32.106+0000] {logging_mixin.py:188} INFO - [2025-09-04T11:52:32.106+0000] {dagbag.py:545} INFO - Filling up the DagBag from /home/airflow/.local/lib/python3.12/site-packages/airflow/example_dags/example_sla_dag.py
[2025-09-04T11:52:32.114+0000] {processor.py:840} INFO - DAG(s) 'example_sla_dag' retrieved from /home/airflow/.local/lib/python3.12/site-packages/airflow/example_dags/example_sla_dag.py
[2025-09-04T11:52:32.135+0000] {logging_mixin.py:188} INFO - [2025-09-04T11:52:32.135+0000] {dag.py:3096} INFO - Sync 1 DAGs
[2025-09-04T11:52:32.167+0000] {logging_mixin.py:188} INFO - [2025-09-04T11:52:32.167+0000] {dag.py:3954} INFO - Setting next_dagrun for example_sla_dag to 2025-09-04 11:50:00+00:00, run_after=2025-09-04 11:52:00+00:00
[2025-09-04T11:52:32.183+0000] {processor.py:183} INFO - Processing /home/airflow/.local/lib/python3.12/site-packages/airflow/example_dags/example_sla_dag.py took 0.088 seconds
[2025-09-04T11:53:02.464+0000] {processor.py:161} INFO - Started process (PID=399) to work on /home/airflow/.local/lib/python3.12/site-packages/airflow/example_dags/example_sla_dag.py
[2025-09-04T11:53:02.466+0000] {processor.py:830} INFO - Processing file /home/airflow/.local/lib/python3.12/site-packages/airflow/example_dags/example_sla_dag.py for tasks to queue
[2025-09-04T11:53:02.467+0000] {logging_mixin.py:188} INFO - [2025-09-04T11:53:02.467+0000] {dagbag.py:545} INFO - Filling up the DagBag from /home/airflow/.local/lib/python3.12/site-packages/airflow/example_dags/example_sla_dag.py
[2025-09-04T11:53:02.473+0000] {processor.py:840} INFO - DAG(s) 'example_sla_dag' retrieved from /home/airflow/.local/lib/python3.12/site-packages/airflow/example_dags/example_sla_dag.py
[2025-09-04T11:53:02.491+0000] {logging_mixin.py:188} INFO - [2025-09-04T11:53:02.490+0000] {dag.py:3096} INFO - Sync 1 DAGs
[2025-09-04T11:53:02.511+0000] {logging_mixin.py:188} INFO - [2025-09-04T11:53:02.511+0000] {dag.py:3954} INFO - Setting next_dagrun for example_sla_dag to 2025-09-04 11:50:00+00:00, run_after=2025-09-04 11:52:00+00:00
[2025-09-04T11:53:02.525+0000] {processor.py:183} INFO - Processing /home/airflow/.local/lib/python3.12/site-packages/airflow/example_dags/example_sla_dag.py took 0.065 seconds
[2025-09-04T11:53:32.778+0000] {processor.py:161} INFO - Started process (PID=457) to work on /home/airflow/.local/lib/python3.12/site-packages/airflow/example_dags/example_sla_dag.py
[2025-09-04T11:53:32.780+0000] {processor.py:830} INFO - Processing file /home/airflow/.local/lib/python3.12/site-packages/airflow/example_dags/example_sla_dag.py for tasks to queue
[2025-09-04T11:53:32.783+0000] {logging_mixin.py:188} INFO - [2025-09-04T11:53:32.783+0000] {dagbag.py:545} INFO - Filling up the DagBag from /home/airflow/.local/lib/python3.12/site-packages/airflow/example_dags/example_sla_dag.py
[2025-09-04T11:53:32.797+0000] {processor.py:840} INFO - DAG(s) 'example_sla_dag' retrieved from /home/airflow/.local/lib/python3.12/site-packages/airflow/example_dags/example_sla_dag.py
[2025-09-04T11:53:32.835+0000] {logging_mixin.py:188} INFO - [2025-09-04T11:53:32.835+0000] {dag.py:3096} INFO - Sync 1 DAGs
[2025-09-04T11:53:32.864+0000] {logging_mixin.py:188} INFO - [2025-09-04T11:53:32.864+0000] {dag.py:3954} INFO - Setting next_dagrun for example_sla_dag to 2025-09-04 11:50:00+00:00, run_after=2025-09-04 11:52:00+00:00
[2025-09-04T11:53:32.883+0000] {processor.py:183} INFO - Processing /home/airflow/.local/lib/python3.12/site-packages/airflow/example_dags/example_sla_dag.py took 0.110 seconds
[2025-09-04T11:54:03.367+0000] {processor.py:161} INFO - Started process (PID=515) to work on /home/airflow/.local/lib/python3.12/site-packages/airflow/example_dags/example_sla_dag.py
[2025-09-04T11:54:03.370+0000] {processor.py:830} INFO - Processing file /home/airflow/.local/lib/python3.12/site-packages/airflow/example_dags/example_sla_dag.py for tasks to queue
[2025-09-04T11:54:03.372+0000] {logging_mixin.py:188} INFO - [2025-09-04T11:54:03.371+0000] {dagbag.py:545} INFO - Filling up the DagBag from /home/airflow/.local/lib/python3.12/site-packages/airflow/example_dags/example_sla_dag.py
[2025-09-04T11:54:03.394+0000] {processor.py:840} INFO - DAG(s) 'example_sla_dag' retrieved from /home/airflow/.local/lib/python3.12/site-packages/airflow/example_dags/example_sla_dag.py
[2025-09-04T11:54:03.434+0000] {logging_mixin.py:188} INFO - [2025-09-04T11:54:03.434+0000] {dag.py:3096} INFO - Sync 1 DAGs
[2025-09-04T11:54:03.482+0000] {logging_mixin.py:188} INFO - [2025-09-04T11:54:03.482+0000] {dag.py:3954} INFO - Setting next_dagrun for example_sla_dag to 2025-09-04 11:52:00+00:00, run_after=2025-09-04 11:54:00+00:00
[2025-09-04T11:54:03.518+0000] {processor.py:183} INFO - Processing /home/airflow/.local/lib/python3.12/site-packages/airflow/example_dags/example_sla_dag.py took 0.156 seconds
[2025-09-04T11:54:33.747+0000] {processor.py:161} INFO - Started process (PID=573) to work on /home/airflow/.local/lib/python3.12/site-packages/airflow/example_dags/example_sla_dag.py
[2025-09-04T11:54:33.751+0000] {processor.py:830} INFO - Processing file /home/airflow/.local/lib/python3.12/site-packages/airflow/example_dags/example_sla_dag.py for tasks to queue
[2025-09-04T11:54:33.757+0000] {logging_mixin.py:188} INFO - [2025-09-04T11:54:33.756+0000] {dagbag.py:545} INFO - Filling up the DagBag from /home/airflow/.local/lib/python3.12/site-packages/airflow/example_dags/example_sla_dag.py
[2025-09-04T11:54:33.769+0000] {processor.py:840} INFO - DAG(s) 'example_sla_dag' retrieved from /home/airflow/.local/lib/python3.12/site-packages/airflow/example_dags/example_sla_dag.py
[2025-09-04T11:54:33.808+0000] {logging_mixin.py:188} INFO - [2025-09-04T11:54:33.808+0000] {dag.py:3096} INFO - Sync 1 DAGs
[2025-09-04T11:54:33.837+0000] {logging_mixin.py:188} INFO - [2025-09-04T11:54:33.837+0000] {dag.py:3954} INFO - Setting next_dagrun for example_sla_dag to 2025-09-04 11:52:00+00:00, run_after=2025-09-04 11:54:00+00:00
[2025-09-04T11:54:33.859+0000] {processor.py:183} INFO - Processing /home/airflow/.local/lib/python3.12/site-packages/airflow/example_dags/example_sla_dag.py took 0.126 seconds
[2025-09-04T11:55:04.051+0000] {processor.py:161} INFO - Started process (PID=631) to work on /home/airflow/.local/lib/python3.12/site-packages/airflow/example_dags/example_sla_dag.py
[2025-09-04T11:55:04.053+0000] {processor.py:830} INFO - Processing file /home/airflow/.local/lib/python3.12/site-packages/airflow/example_dags/example_sla_dag.py for tasks to queue
[2025-09-04T11:55:04.056+0000] {logging_mixin.py:188} INFO - [2025-09-04T11:55:04.056+0000] {dagbag.py:545} INFO - Filling up the DagBag from /home/airflow/.local/lib/python3.12/site-packages/airflow/example_dags/example_sla_dag.py
[2025-09-04T11:55:04.066+0000] {processor.py:840} INFO - DAG(s) 'example_sla_dag' retrieved from /home/airflow/.local/lib/python3.12/site-packages/airflow/example_dags/example_sla_dag.py
[2025-09-04T11:55:04.092+0000] {logging_mixin.py:188} INFO - [2025-09-04T11:55:04.091+0000] {dag.py:3096} INFO - Sync 1 DAGs
[2025-09-04T11:55:04.118+0000] {logging_mixin.py:188} INFO - [2025-09-04T11:55:04.117+0000] {dag.py:3954} INFO - Setting next_dagrun for example_sla_dag to 2025-09-04 11:52:00+00:00, run_after=2025-09-04 11:54:00+00:00
[2025-09-04T11:55:04.141+0000] {processor.py:183} INFO - Processing /home/airflow/.local/lib/python3.12/site-packages/airflow/example_dags/example_sla_dag.py took 0.099 seconds
[2025-09-04T11:55:34.726+0000] {processor.py:161} INFO - Started process (PID=689) to work on /home/airflow/.local/lib/python3.12/site-packages/airflow/example_dags/example_sla_dag.py
[2025-09-04T11:55:34.729+0000] {processor.py:830} INFO - Processing file /home/airflow/.local/lib/python3.12/site-packages/airflow/example_dags/example_sla_dag.py for tasks to queue
[2025-09-04T11:55:34.735+0000] {logging_mixin.py:188} INFO - [2025-09-04T11:55:34.735+0000] {dagbag.py:545} INFO - Filling up the DagBag from /home/airflow/.local/lib/python3.12/site-packages/airflow/example_dags/example_sla_dag.py
[2025-09-04T11:55:34.752+0000] {processor.py:840} INFO - DAG(s) 'example_sla_dag' retrieved from /home/airflow/.local/lib/python3.12/site-packages/airflow/example_dags/example_sla_dag.py
[2025-09-04T11:55:34.777+0000] {logging_mixin.py:188} INFO - [2025-09-04T11:55:34.777+0000] {dag.py:3096} INFO - Sync 1 DAGs
[2025-09-04T11:55:34.804+0000] {logging_mixin.py:188} INFO - [2025-09-04T11:55:34.803+0000] {dag.py:3954} INFO - Setting next_dagrun for example_sla_dag to 2025-09-04 11:52:00+00:00, run_after=2025-09-04 11:54:00+00:00
[2025-09-04T11:55:34.832+0000] {processor.py:183} INFO - Processing /home/airflow/.local/lib/python3.12/site-packages/airflow/example_dags/example_sla_dag.py took 0.111 seconds
[2025-09-04T11:56:05.266+0000] {processor.py:161} INFO - Started process (PID=753) to work on /home/airflow/.local/lib/python3.12/site-packages/airflow/example_dags/example_sla_dag.py
[2025-09-04T11:56:05.269+0000] {processor.py:830} INFO - Processing file /home/airflow/.local/lib/python3.12/site-packages/airflow/example_dags/example_sla_dag.py for tasks to queue
[2025-09-04T11:56:05.271+0000] {logging_mixin.py:188} INFO - [2025-09-04T11:56:05.270+0000] {dagbag.py:545} INFO - Filling up the DagBag from /home/airflow/.local/lib/python3.12/site-packages/airflow/example_dags/example_sla_dag.py
[2025-09-04T11:56:05.286+0000] {processor.py:840} INFO - DAG(s) 'example_sla_dag' retrieved from /home/airflow/.local/lib/python3.12/site-packages/airflow/example_dags/example_sla_dag.py
[2025-09-04T11:56:05.312+0000] {logging_mixin.py:188} INFO - [2025-09-04T11:56:05.311+0000] {dag.py:3096} INFO - Sync 1 DAGs
[2025-09-04T11:56:05.340+0000] {logging_mixin.py:188} INFO - [2025-09-04T11:56:05.340+0000] {dag.py:3954} INFO - Setting next_dagrun for example_sla_dag to 2025-09-04 11:54:00+00:00, run_after=2025-09-04 11:56:00+00:00
[2025-09-04T11:56:05.367+0000] {processor.py:183} INFO - Processing /home/airflow/.local/lib/python3.12/site-packages/airflow/example_dags/example_sla_dag.py took 0.110 seconds
[2025-09-04T11:56:35.449+0000] {processor.py:161} INFO - Started process (PID=811) to work on /home/airflow/.local/lib/python3.12/site-packages/airflow/example_dags/example_sla_dag.py
[2025-09-04T11:56:35.451+0000] {processor.py:830} INFO - Processing file /home/airflow/.local/lib/python3.12/site-packages/airflow/example_dags/example_sla_dag.py for tasks to queue
[2025-09-04T11:56:35.453+0000] {logging_mixin.py:188} INFO - [2025-09-04T11:56:35.453+0000] {dagbag.py:545} INFO - Filling up the DagBag from /home/airflow/.local/lib/python3.12/site-packages/airflow/example_dags/example_sla_dag.py
[2025-09-04T11:56:35.465+0000] {processor.py:840} INFO - DAG(s) 'example_sla_dag' retrieved from /home/airflow/.local/lib/python3.12/site-packages/airflow/example_dags/example_sla_dag.py
[2025-09-04T11:56:35.503+0000] {logging_mixin.py:188} INFO - [2025-09-04T11:56:35.502+0000] {dag.py:3096} INFO - Sync 1 DAGs
[2025-09-04T11:56:35.523+0000] {logging_mixin.py:188} INFO - [2025-09-04T11:56:35.523+0000] {dag.py:3954} INFO - Setting next_dagrun for example_sla_dag to 2025-09-04 11:54:00+00:00, run_after=2025-09-04 11:56:00+00:00
[2025-09-04T11:56:35.544+0000] {processor.py:183} INFO - Processing /home/airflow/.local/lib/python3.12/site-packages/airflow/example_dags/example_sla_dag.py took 0.101 seconds
[2025-09-04T11:57:05.740+0000] {processor.py:161} INFO - Started process (PID=869) to work on /home/airflow/.local/lib/python3.12/site-packages/airflow/example_dags/example_sla_dag.py
[2025-09-04T11:57:05.742+0000] {processor.py:830} INFO - Processing file /home/airflow/.local/lib/python3.12/site-packages/airflow/example_dags/example_sla_dag.py for tasks to queue
[2025-09-04T11:57:05.745+0000] {logging_mixin.py:188} INFO - [2025-09-04T11:57:05.744+0000] {dagbag.py:545} INFO - Filling up the DagBag from /home/airflow/.local/lib/python3.12/site-packages/airflow/example_dags/example_sla_dag.py
[2025-09-04T11:57:05.755+0000] {processor.py:840} INFO - DAG(s) 'example_sla_dag' retrieved from /home/airflow/.local/lib/python3.12/site-packages/airflow/example_dags/example_sla_dag.py
[2025-09-04T11:57:05.782+0000] {logging_mixin.py:188} INFO - [2025-09-04T11:57:05.781+0000] {dag.py:3096} INFO - Sync 1 DAGs
[2025-09-04T11:57:05.811+0000] {logging_mixin.py:188} INFO - [2025-09-04T11:57:05.811+0000] {dag.py:3954} INFO - Setting next_dagrun for example_sla_dag to 2025-09-04 11:54:00+00:00, run_after=2025-09-04 11:56:00+00:00
[2025-09-04T11:57:05.835+0000] {processor.py:183} INFO - Processing /home/airflow/.local/lib/python3.12/site-packages/airflow/example_dags/example_sla_dag.py took 0.101 seconds
[2025-09-04T11:57:36.111+0000] {processor.py:161} INFO - Started process (PID=927) to work on /home/airflow/.local/lib/python3.12/site-packages/airflow/example_dags/example_sla_dag.py
[2025-09-04T11:57:36.112+0000] {processor.py:830} INFO - Processing file /home/airflow/.local/lib/python3.12/site-packages/airflow/example_dags/example_sla_dag.py for tasks to queue
[2025-09-04T11:57:36.116+0000] {logging_mixin.py:188} INFO - [2025-09-04T11:57:36.115+0000] {dagbag.py:545} INFO - Filling up the DagBag from /home/airflow/.local/lib/python3.12/site-packages/airflow/example_dags/example_sla_dag.py
[2025-09-04T11:57:36.131+0000] {processor.py:840} INFO - DAG(s) 'example_sla_dag' retrieved from /home/airflow/.local/lib/python3.12/site-packages/airflow/example_dags/example_sla_dag.py
[2025-09-04T11:57:36.166+0000] {logging_mixin.py:188} INFO - [2025-09-04T11:57:36.166+0000] {dag.py:3096} INFO - Sync 1 DAGs
[2025-09-04T11:57:36.193+0000] {logging_mixin.py:188} INFO - [2025-09-04T11:57:36.193+0000] {dag.py:3954} INFO - Setting next_dagrun for example_sla_dag to 2025-09-04 11:54:00+00:00, run_after=2025-09-04 11:56:00+00:00
[2025-09-04T11:57:36.213+0000] {processor.py:183} INFO - Processing /home/airflow/.local/lib/python3.12/site-packages/airflow/example_dags/example_sla_dag.py took 0.110 seconds
[2025-09-04T11:58:06.794+0000] {processor.py:161} INFO - Started process (PID=986) to work on /home/airflow/.local/lib/python3.12/site-packages/airflow/example_dags/example_sla_dag.py
[2025-09-04T11:58:06.796+0000] {processor.py:830} INFO - Processing file /home/airflow/.local/lib/python3.12/site-packages/airflow/example_dags/example_sla_dag.py for tasks to queue
[2025-09-04T11:58:06.798+0000] {logging_mixin.py:188} INFO - [2025-09-04T11:58:06.798+0000] {dagbag.py:545} INFO - Filling up the DagBag from /home/airflow/.local/lib/python3.12/site-packages/airflow/example_dags/example_sla_dag.py
[2025-09-04T11:58:06.809+0000] {processor.py:840} INFO - DAG(s) 'example_sla_dag' retrieved from /home/airflow/.local/lib/python3.12/site-packages/airflow/example_dags/example_sla_dag.py
[2025-09-04T11:58:06.833+0000] {logging_mixin.py:188} INFO - [2025-09-04T11:58:06.832+0000] {dag.py:3096} INFO - Sync 1 DAGs
[2025-09-04T11:58:06.862+0000] {logging_mixin.py:188} INFO - [2025-09-04T11:58:06.862+0000] {dag.py:3954} INFO - Setting next_dagrun for example_sla_dag to 2025-09-04 11:56:00+00:00, run_after=2025-09-04 11:58:00+00:00
[2025-09-04T11:58:06.882+0000] {processor.py:183} INFO - Processing /home/airflow/.local/lib/python3.12/site-packages/airflow/example_dags/example_sla_dag.py took 0.096 seconds
[2025-09-04T11:58:37.013+0000] {processor.py:161} INFO - Started process (PID=1044) to work on /home/airflow/.local/lib/python3.12/site-packages/airflow/example_dags/example_sla_dag.py
[2025-09-04T11:58:37.014+0000] {processor.py:830} INFO - Processing file /home/airflow/.local/lib/python3.12/site-packages/airflow/example_dags/example_sla_dag.py for tasks to queue
[2025-09-04T11:58:37.016+0000] {logging_mixin.py:188} INFO - [2025-09-04T11:58:37.016+0000] {dagbag.py:545} INFO - Filling up the DagBag from /home/airflow/.local/lib/python3.12/site-packages/airflow/example_dags/example_sla_dag.py
[2025-09-04T11:58:37.024+0000] {processor.py:840} INFO - DAG(s) 'example_sla_dag' retrieved from /home/airflow/.local/lib/python3.12/site-packages/airflow/example_dags/example_sla_dag.py
[2025-09-04T11:58:37.041+0000] {logging_mixin.py:188} INFO - [2025-09-04T11:58:37.041+0000] {dag.py:3096} INFO - Sync 1 DAGs
[2025-09-04T11:58:37.060+0000] {logging_mixin.py:188} INFO - [2025-09-04T11:58:37.060+0000] {dag.py:3954} INFO - Setting next_dagrun for example_sla_dag to 2025-09-04 11:56:00+00:00, run_after=2025-09-04 11:58:00+00:00
[2025-09-04T11:58:37.075+0000] {processor.py:183} INFO - Processing /home/airflow/.local/lib/python3.12/site-packages/airflow/example_dags/example_sla_dag.py took 0.068 seconds
[2025-09-04T11:59:07.564+0000] {processor.py:161} INFO - Started process (PID=1102) to work on /home/airflow/.local/lib/python3.12/site-packages/airflow/example_dags/example_sla_dag.py
[2025-09-04T11:59:07.565+0000] {processor.py:830} INFO - Processing file /home/airflow/.local/lib/python3.12/site-packages/airflow/example_dags/example_sla_dag.py for tasks to queue
[2025-09-04T11:59:07.567+0000] {logging_mixin.py:188} INFO - [2025-09-04T11:59:07.567+0000] {dagbag.py:545} INFO - Filling up the DagBag from /home/airflow/.local/lib/python3.12/site-packages/airflow/example_dags/example_sla_dag.py
[2025-09-04T11:59:07.575+0000] {processor.py:840} INFO - DAG(s) 'example_sla_dag' retrieved from /home/airflow/.local/lib/python3.12/site-packages/airflow/example_dags/example_sla_dag.py
[2025-09-04T11:59:07.599+0000] {logging_mixin.py:188} INFO - [2025-09-04T11:59:07.598+0000] {dag.py:3096} INFO - Sync 1 DAGs
[2025-09-04T11:59:07.623+0000] {logging_mixin.py:188} INFO - [2025-09-04T11:59:07.623+0000] {dag.py:3954} INFO - Setting next_dagrun for example_sla_dag to 2025-09-04 11:56:00+00:00, run_after=2025-09-04 11:58:00+00:00
[2025-09-04T11:59:07.644+0000] {processor.py:183} INFO - Processing /home/airflow/.local/lib/python3.12/site-packages/airflow/example_dags/example_sla_dag.py took 0.086 seconds
[2025-09-04T11:59:38.125+0000] {processor.py:161} INFO - Started process (PID=1160) to work on /home/airflow/.local/lib/python3.12/site-packages/airflow/example_dags/example_sla_dag.py
[2025-09-04T11:59:38.127+0000] {processor.py:830} INFO - Processing file /home/airflow/.local/lib/python3.12/site-packages/airflow/example_dags/example_sla_dag.py for tasks to queue
[2025-09-04T11:59:38.129+0000] {logging_mixin.py:188} INFO - [2025-09-04T11:59:38.128+0000] {dagbag.py:545} INFO - Filling up the DagBag from /home/airflow/.local/lib/python3.12/site-packages/airflow/example_dags/example_sla_dag.py
[2025-09-04T11:59:38.137+0000] {processor.py:840} INFO - DAG(s) 'example_sla_dag' retrieved from /home/airflow/.local/lib/python3.12/site-packages/airflow/example_dags/example_sla_dag.py
[2025-09-04T11:59:38.158+0000] {logging_mixin.py:188} INFO - [2025-09-04T11:59:38.158+0000] {dag.py:3096} INFO - Sync 1 DAGs
[2025-09-04T11:59:38.190+0000] {logging_mixin.py:188} INFO - [2025-09-04T11:59:38.190+0000] {dag.py:3954} INFO - Setting next_dagrun for example_sla_dag to 2025-09-04 11:56:00+00:00, run_after=2025-09-04 11:58:00+00:00
[2025-09-04T11:59:38.226+0000] {processor.py:183} INFO - Processing /home/airflow/.local/lib/python3.12/site-packages/airflow/example_dags/example_sla_dag.py took 0.110 seconds
[2025-09-04T12:01:14.821+0000] {processor.py:161} INFO - Started process (PID=52) to work on /home/airflow/.local/lib/python3.12/site-packages/airflow/example_dags/example_sla_dag.py
[2025-09-04T12:01:14.822+0000] {processor.py:830} INFO - Processing file /home/airflow/.local/lib/python3.12/site-packages/airflow/example_dags/example_sla_dag.py for tasks to queue
[2025-09-04T12:01:14.826+0000] {logging_mixin.py:188} INFO - [2025-09-04T12:01:14.825+0000] {dagbag.py:545} INFO - Filling up the DagBag from /home/airflow/.local/lib/python3.12/site-packages/airflow/example_dags/example_sla_dag.py
[2025-09-04T12:01:14.846+0000] {processor.py:840} INFO - DAG(s) 'example_sla_dag' retrieved from /home/airflow/.local/lib/python3.12/site-packages/airflow/example_dags/example_sla_dag.py
[2025-09-04T12:01:14.880+0000] {logging_mixin.py:188} INFO - [2025-09-04T12:01:14.879+0000] {dag.py:3096} INFO - Sync 1 DAGs
[2025-09-04T12:01:14.908+0000] {logging_mixin.py:188} INFO - [2025-09-04T12:01:14.908+0000] {dag.py:3954} INFO - Setting next_dagrun for example_sla_dag to 2025-09-04 11:58:00+00:00, run_after=2025-09-04 12:00:00+00:00
[2025-09-04T12:01:14.933+0000] {processor.py:183} INFO - Processing /home/airflow/.local/lib/python3.12/site-packages/airflow/example_dags/example_sla_dag.py took 0.120 seconds
[2025-09-04T12:01:28.544+0000] {processor.py:161} INFO - Started process (PID=46) to work on /home/airflow/.local/lib/python3.12/site-packages/airflow/example_dags/example_sla_dag.py
[2025-09-04T12:01:28.546+0000] {processor.py:830} INFO - Processing file /home/airflow/.local/lib/python3.12/site-packages/airflow/example_dags/example_sla_dag.py for tasks to queue
[2025-09-04T12:01:28.549+0000] {logging_mixin.py:188} INFO - [2025-09-04T12:01:28.549+0000] {dagbag.py:545} INFO - Filling up the DagBag from /home/airflow/.local/lib/python3.12/site-packages/airflow/example_dags/example_sla_dag.py
[2025-09-04T12:01:28.563+0000] {processor.py:840} INFO - DAG(s) 'example_sla_dag' retrieved from /home/airflow/.local/lib/python3.12/site-packages/airflow/example_dags/example_sla_dag.py
[2025-09-04T12:01:28.784+0000] {logging_mixin.py:188} INFO - [2025-09-04T12:01:28.783+0000] {dag.py:3096} INFO - Sync 1 DAGs
[2025-09-04T12:01:28.805+0000] {logging_mixin.py:188} INFO - [2025-09-04T12:01:28.805+0000] {dag.py:3954} INFO - Setting next_dagrun for example_sla_dag to 2025-09-04 11:58:00+00:00, run_after=2025-09-04 12:00:00+00:00
[2025-09-04T12:01:28.825+0000] {processor.py:183} INFO - Processing /home/airflow/.local/lib/python3.12/site-packages/airflow/example_dags/example_sla_dag.py took 0.289 seconds
[2025-09-04T12:01:58.900+0000] {processor.py:161} INFO - Started process (PID=104) to work on /home/airflow/.local/lib/python3.12/site-packages/airflow/example_dags/example_sla_dag.py
[2025-09-04T12:01:58.903+0000] {processor.py:830} INFO - Processing file /home/airflow/.local/lib/python3.12/site-packages/airflow/example_dags/example_sla_dag.py for tasks to queue
[2025-09-04T12:01:58.905+0000] {logging_mixin.py:188} INFO - [2025-09-04T12:01:58.905+0000] {dagbag.py:545} INFO - Filling up the DagBag from /home/airflow/.local/lib/python3.12/site-packages/airflow/example_dags/example_sla_dag.py
[2025-09-04T12:01:58.912+0000] {processor.py:840} INFO - DAG(s) 'example_sla_dag' retrieved from /home/airflow/.local/lib/python3.12/site-packages/airflow/example_dags/example_sla_dag.py
[2025-09-04T12:01:58.930+0000] {logging_mixin.py:188} INFO - [2025-09-04T12:01:58.930+0000] {dag.py:3096} INFO - Sync 1 DAGs
[2025-09-04T12:01:58.953+0000] {logging_mixin.py:188} INFO - [2025-09-04T12:01:58.953+0000] {dag.py:3954} INFO - Setting next_dagrun for example_sla_dag to 2025-09-04 11:58:00+00:00, run_after=2025-09-04 12:00:00+00:00
[2025-09-04T12:01:58.977+0000] {processor.py:183} INFO - Processing /home/airflow/.local/lib/python3.12/site-packages/airflow/example_dags/example_sla_dag.py took 0.083 seconds
[2025-09-04T12:02:29.826+0000] {processor.py:161} INFO - Started process (PID=162) to work on /home/airflow/.local/lib/python3.12/site-packages/airflow/example_dags/example_sla_dag.py
[2025-09-04T12:02:29.828+0000] {processor.py:830} INFO - Processing file /home/airflow/.local/lib/python3.12/site-packages/airflow/example_dags/example_sla_dag.py for tasks to queue
[2025-09-04T12:02:29.831+0000] {logging_mixin.py:188} INFO - [2025-09-04T12:02:29.831+0000] {dagbag.py:545} INFO - Filling up the DagBag from /home/airflow/.local/lib/python3.12/site-packages/airflow/example_dags/example_sla_dag.py
[2025-09-04T12:02:29.839+0000] {processor.py:840} INFO - DAG(s) 'example_sla_dag' retrieved from /home/airflow/.local/lib/python3.12/site-packages/airflow/example_dags/example_sla_dag.py
[2025-09-04T12:02:29.864+0000] {logging_mixin.py:188} INFO - [2025-09-04T12:02:29.864+0000] {dag.py:3096} INFO - Sync 1 DAGs
[2025-09-04T12:02:29.898+0000] {logging_mixin.py:188} INFO - [2025-09-04T12:02:29.898+0000] {dag.py:3954} INFO - Setting next_dagrun for example_sla_dag to 2025-09-04 12:00:00+00:00, run_after=2025-09-04 12:02:00+00:00
[2025-09-04T12:02:29.920+0000] {processor.py:183} INFO - Processing /home/airflow/.local/lib/python3.12/site-packages/airflow/example_dags/example_sla_dag.py took 0.100 seconds
[2025-09-04T12:03:00.270+0000] {processor.py:161} INFO - Started process (PID=220) to work on /home/airflow/.local/lib/python3.12/site-packages/airflow/example_dags/example_sla_dag.py
[2025-09-04T12:03:00.272+0000] {processor.py:830} INFO - Processing file /home/airflow/.local/lib/python3.12/site-packages/airflow/example_dags/example_sla_dag.py for tasks to queue
[2025-09-04T12:03:00.277+0000] {logging_mixin.py:188} INFO - [2025-09-04T12:03:00.275+0000] {dagbag.py:545} INFO - Filling up the DagBag from /home/airflow/.local/lib/python3.12/site-packages/airflow/example_dags/example_sla_dag.py
[2025-09-04T12:03:00.289+0000] {processor.py:840} INFO - DAG(s) 'example_sla_dag' retrieved from /home/airflow/.local/lib/python3.12/site-packages/airflow/example_dags/example_sla_dag.py
[2025-09-04T12:03:00.312+0000] {logging_mixin.py:188} INFO - [2025-09-04T12:03:00.312+0000] {dag.py:3096} INFO - Sync 1 DAGs
[2025-09-04T12:03:00.340+0000] {logging_mixin.py:188} INFO - [2025-09-04T12:03:00.340+0000] {dag.py:3954} INFO - Setting next_dagrun for example_sla_dag to 2025-09-04 12:00:00+00:00, run_after=2025-09-04 12:02:00+00:00
[2025-09-04T12:03:00.361+0000] {processor.py:183} INFO - Processing /home/airflow/.local/lib/python3.12/site-packages/airflow/example_dags/example_sla_dag.py took 0.098 seconds
[2025-09-04T12:03:30.440+0000] {processor.py:161} INFO - Started process (PID=278) to work on /home/airflow/.local/lib/python3.12/site-packages/airflow/example_dags/example_sla_dag.py
[2025-09-04T12:03:30.442+0000] {processor.py:830} INFO - Processing file /home/airflow/.local/lib/python3.12/site-packages/airflow/example_dags/example_sla_dag.py for tasks to queue
[2025-09-04T12:03:30.444+0000] {logging_mixin.py:188} INFO - [2025-09-04T12:03:30.444+0000] {dagbag.py:545} INFO - Filling up the DagBag from /home/airflow/.local/lib/python3.12/site-packages/airflow/example_dags/example_sla_dag.py
[2025-09-04T12:03:30.452+0000] {processor.py:840} INFO - DAG(s) 'example_sla_dag' retrieved from /home/airflow/.local/lib/python3.12/site-packages/airflow/example_dags/example_sla_dag.py
[2025-09-04T12:03:30.468+0000] {logging_mixin.py:188} INFO - [2025-09-04T12:03:30.468+0000] {dag.py:3096} INFO - Sync 1 DAGs
[2025-09-04T12:03:30.485+0000] {logging_mixin.py:188} INFO - [2025-09-04T12:03:30.485+0000] {dag.py:3954} INFO - Setting next_dagrun for example_sla_dag to 2025-09-04 12:00:00+00:00, run_after=2025-09-04 12:02:00+00:00
[2025-09-04T12:03:30.501+0000] {processor.py:183} INFO - Processing /home/airflow/.local/lib/python3.12/site-packages/airflow/example_dags/example_sla_dag.py took 0.070 seconds
[2025-09-04T12:04:00.574+0000] {processor.py:161} INFO - Started process (PID=336) to work on /home/airflow/.local/lib/python3.12/site-packages/airflow/example_dags/example_sla_dag.py
[2025-09-04T12:04:00.577+0000] {processor.py:830} INFO - Processing file /home/airflow/.local/lib/python3.12/site-packages/airflow/example_dags/example_sla_dag.py for tasks to queue
[2025-09-04T12:04:00.581+0000] {logging_mixin.py:188} INFO - [2025-09-04T12:04:00.580+0000] {dagbag.py:545} INFO - Filling up the DagBag from /home/airflow/.local/lib/python3.12/site-packages/airflow/example_dags/example_sla_dag.py
[2025-09-04T12:04:00.598+0000] {processor.py:840} INFO - DAG(s) 'example_sla_dag' retrieved from /home/airflow/.local/lib/python3.12/site-packages/airflow/example_dags/example_sla_dag.py
[2025-09-04T12:04:00.640+0000] {logging_mixin.py:188} INFO - [2025-09-04T12:04:00.639+0000] {dag.py:3096} INFO - Sync 1 DAGs
[2025-09-04T12:04:00.685+0000] {logging_mixin.py:188} INFO - [2025-09-04T12:04:00.684+0000] {dag.py:3954} INFO - Setting next_dagrun for example_sla_dag to 2025-09-04 12:02:00+00:00, run_after=2025-09-04 12:04:00+00:00
[2025-09-04T12:04:00.727+0000] {processor.py:183} INFO - Processing /home/airflow/.local/lib/python3.12/site-packages/airflow/example_dags/example_sla_dag.py took 0.163 seconds
[2025-09-04T12:04:31.268+0000] {processor.py:161} INFO - Started process (PID=394) to work on /home/airflow/.local/lib/python3.12/site-packages/airflow/example_dags/example_sla_dag.py
[2025-09-04T12:04:31.270+0000] {processor.py:830} INFO - Processing file /home/airflow/.local/lib/python3.12/site-packages/airflow/example_dags/example_sla_dag.py for tasks to queue
[2025-09-04T12:04:31.273+0000] {logging_mixin.py:188} INFO - [2025-09-04T12:04:31.272+0000] {dagbag.py:545} INFO - Filling up the DagBag from /home/airflow/.local/lib/python3.12/site-packages/airflow/example_dags/example_sla_dag.py
[2025-09-04T12:04:31.293+0000] {processor.py:840} INFO - DAG(s) 'example_sla_dag' retrieved from /home/airflow/.local/lib/python3.12/site-packages/airflow/example_dags/example_sla_dag.py
[2025-09-04T12:04:31.320+0000] {logging_mixin.py:188} INFO - [2025-09-04T12:04:31.319+0000] {dag.py:3096} INFO - Sync 1 DAGs
[2025-09-04T12:04:31.340+0000] {logging_mixin.py:188} INFO - [2025-09-04T12:04:31.340+0000] {dag.py:3954} INFO - Setting next_dagrun for example_sla_dag to 2025-09-04 12:02:00+00:00, run_after=2025-09-04 12:04:00+00:00
[2025-09-04T12:04:31.358+0000] {processor.py:183} INFO - Processing /home/airflow/.local/lib/python3.12/site-packages/airflow/example_dags/example_sla_dag.py took 0.098 seconds
[2025-09-04T12:05:01.805+0000] {processor.py:161} INFO - Started process (PID=452) to work on /home/airflow/.local/lib/python3.12/site-packages/airflow/example_dags/example_sla_dag.py
[2025-09-04T12:05:01.807+0000] {processor.py:830} INFO - Processing file /home/airflow/.local/lib/python3.12/site-packages/airflow/example_dags/example_sla_dag.py for tasks to queue
[2025-09-04T12:05:01.811+0000] {logging_mixin.py:188} INFO - [2025-09-04T12:05:01.811+0000] {dagbag.py:545} INFO - Filling up the DagBag from /home/airflow/.local/lib/python3.12/site-packages/airflow/example_dags/example_sla_dag.py
[2025-09-04T12:05:01.829+0000] {processor.py:840} INFO - DAG(s) 'example_sla_dag' retrieved from /home/airflow/.local/lib/python3.12/site-packages/airflow/example_dags/example_sla_dag.py
[2025-09-04T12:05:01.870+0000] {logging_mixin.py:188} INFO - [2025-09-04T12:05:01.870+0000] {dag.py:3096} INFO - Sync 1 DAGs
[2025-09-04T12:05:01.891+0000] {logging_mixin.py:188} INFO - [2025-09-04T12:05:01.891+0000] {dag.py:3954} INFO - Setting next_dagrun for example_sla_dag to 2025-09-04 12:02:00+00:00, run_after=2025-09-04 12:04:00+00:00
[2025-09-04T12:05:01.907+0000] {processor.py:183} INFO - Processing /home/airflow/.local/lib/python3.12/site-packages/airflow/example_dags/example_sla_dag.py took 0.108 seconds
[2025-09-04T12:05:32.327+0000] {processor.py:161} INFO - Started process (PID=510) to work on /home/airflow/.local/lib/python3.12/site-packages/airflow/example_dags/example_sla_dag.py
[2025-09-04T12:05:32.330+0000] {processor.py:830} INFO - Processing file /home/airflow/.local/lib/python3.12/site-packages/airflow/example_dags/example_sla_dag.py for tasks to queue
[2025-09-04T12:05:32.335+0000] {logging_mixin.py:188} INFO - [2025-09-04T12:05:32.334+0000] {dagbag.py:545} INFO - Filling up the DagBag from /home/airflow/.local/lib/python3.12/site-packages/airflow/example_dags/example_sla_dag.py
[2025-09-04T12:05:32.358+0000] {processor.py:840} INFO - DAG(s) 'example_sla_dag' retrieved from /home/airflow/.local/lib/python3.12/site-packages/airflow/example_dags/example_sla_dag.py
[2025-09-04T12:05:32.406+0000] {logging_mixin.py:188} INFO - [2025-09-04T12:05:32.405+0000] {dag.py:3096} INFO - Sync 1 DAGs
[2025-09-04T12:05:32.444+0000] {logging_mixin.py:188} INFO - [2025-09-04T12:05:32.444+0000] {dag.py:3954} INFO - Setting next_dagrun for example_sla_dag to 2025-09-04 12:02:00+00:00, run_after=2025-09-04 12:04:00+00:00
[2025-09-04T12:05:32.460+0000] {processor.py:183} INFO - Processing /home/airflow/.local/lib/python3.12/site-packages/airflow/example_dags/example_sla_dag.py took 0.148 seconds
[2025-09-04T12:06:33.645+0000] {processor.py:161} INFO - Started process (PID=52) to work on /home/airflow/.local/lib/python3.12/site-packages/airflow/example_dags/example_sla_dag.py
[2025-09-04T12:06:33.647+0000] {processor.py:830} INFO - Processing file /home/airflow/.local/lib/python3.12/site-packages/airflow/example_dags/example_sla_dag.py for tasks to queue
[2025-09-04T12:06:33.649+0000] {logging_mixin.py:188} INFO - [2025-09-04T12:06:33.649+0000] {dagbag.py:545} INFO - Filling up the DagBag from /home/airflow/.local/lib/python3.12/site-packages/airflow/example_dags/example_sla_dag.py
[2025-09-04T12:06:33.666+0000] {processor.py:840} INFO - DAG(s) 'example_sla_dag' retrieved from /home/airflow/.local/lib/python3.12/site-packages/airflow/example_dags/example_sla_dag.py
[2025-09-04T12:06:33.697+0000] {logging_mixin.py:188} INFO - [2025-09-04T12:06:33.697+0000] {dag.py:3096} INFO - Sync 1 DAGs
[2025-09-04T12:06:33.726+0000] {logging_mixin.py:188} INFO - [2025-09-04T12:06:33.725+0000] {dag.py:3954} INFO - Setting next_dagrun for example_sla_dag to 2025-09-04 12:04:00+00:00, run_after=2025-09-04 12:06:00+00:00
[2025-09-04T12:06:33.747+0000] {processor.py:183} INFO - Processing /home/airflow/.local/lib/python3.12/site-packages/airflow/example_dags/example_sla_dag.py took 0.107 seconds
[2025-09-04T12:07:03.897+0000] {processor.py:161} INFO - Started process (PID=110) to work on /home/airflow/.local/lib/python3.12/site-packages/airflow/example_dags/example_sla_dag.py
[2025-09-04T12:07:03.899+0000] {processor.py:830} INFO - Processing file /home/airflow/.local/lib/python3.12/site-packages/airflow/example_dags/example_sla_dag.py for tasks to queue
[2025-09-04T12:07:03.901+0000] {logging_mixin.py:188} INFO - [2025-09-04T12:07:03.901+0000] {dagbag.py:545} INFO - Filling up the DagBag from /home/airflow/.local/lib/python3.12/site-packages/airflow/example_dags/example_sla_dag.py
[2025-09-04T12:07:03.909+0000] {processor.py:840} INFO - DAG(s) 'example_sla_dag' retrieved from /home/airflow/.local/lib/python3.12/site-packages/airflow/example_dags/example_sla_dag.py
[2025-09-04T12:07:04.098+0000] {logging_mixin.py:188} INFO - [2025-09-04T12:07:04.098+0000] {dag.py:3096} INFO - Sync 1 DAGs
[2025-09-04T12:07:04.126+0000] {logging_mixin.py:188} INFO - [2025-09-04T12:07:04.125+0000] {dag.py:3954} INFO - Setting next_dagrun for example_sla_dag to 2025-09-04 12:04:00+00:00, run_after=2025-09-04 12:06:00+00:00
[2025-09-04T12:07:04.148+0000] {processor.py:183} INFO - Processing /home/airflow/.local/lib/python3.12/site-packages/airflow/example_dags/example_sla_dag.py took 0.256 seconds
[2025-09-04T12:07:34.296+0000] {processor.py:161} INFO - Started process (PID=168) to work on /home/airflow/.local/lib/python3.12/site-packages/airflow/example_dags/example_sla_dag.py
[2025-09-04T12:07:34.300+0000] {processor.py:830} INFO - Processing file /home/airflow/.local/lib/python3.12/site-packages/airflow/example_dags/example_sla_dag.py for tasks to queue
[2025-09-04T12:07:34.310+0000] {logging_mixin.py:188} INFO - [2025-09-04T12:07:34.308+0000] {dagbag.py:545} INFO - Filling up the DagBag from /home/airflow/.local/lib/python3.12/site-packages/airflow/example_dags/example_sla_dag.py
[2025-09-04T12:07:34.329+0000] {processor.py:840} INFO - DAG(s) 'example_sla_dag' retrieved from /home/airflow/.local/lib/python3.12/site-packages/airflow/example_dags/example_sla_dag.py
[2025-09-04T12:07:34.390+0000] {logging_mixin.py:188} INFO - [2025-09-04T12:07:34.390+0000] {dag.py:3096} INFO - Sync 1 DAGs
[2025-09-04T12:07:34.451+0000] {logging_mixin.py:188} INFO - [2025-09-04T12:07:34.451+0000] {dag.py:3954} INFO - Setting next_dagrun for example_sla_dag to 2025-09-04 12:04:00+00:00, run_after=2025-09-04 12:06:00+00:00
[2025-09-04T12:07:34.499+0000] {processor.py:183} INFO - Processing /home/airflow/.local/lib/python3.12/site-packages/airflow/example_dags/example_sla_dag.py took 0.228 seconds
[2025-09-04T12:08:04.710+0000] {processor.py:161} INFO - Started process (PID=226) to work on /home/airflow/.local/lib/python3.12/site-packages/airflow/example_dags/example_sla_dag.py
[2025-09-04T12:08:04.712+0000] {processor.py:830} INFO - Processing file /home/airflow/.local/lib/python3.12/site-packages/airflow/example_dags/example_sla_dag.py for tasks to queue
[2025-09-04T12:08:04.714+0000] {logging_mixin.py:188} INFO - [2025-09-04T12:08:04.713+0000] {dagbag.py:545} INFO - Filling up the DagBag from /home/airflow/.local/lib/python3.12/site-packages/airflow/example_dags/example_sla_dag.py
[2025-09-04T12:08:04.720+0000] {processor.py:840} INFO - DAG(s) 'example_sla_dag' retrieved from /home/airflow/.local/lib/python3.12/site-packages/airflow/example_dags/example_sla_dag.py
[2025-09-04T12:08:04.739+0000] {logging_mixin.py:188} INFO - [2025-09-04T12:08:04.739+0000] {dag.py:3096} INFO - Sync 1 DAGs
[2025-09-04T12:08:04.761+0000] {logging_mixin.py:188} INFO - [2025-09-04T12:08:04.761+0000] {dag.py:3954} INFO - Setting next_dagrun for example_sla_dag to 2025-09-04 12:06:00+00:00, run_after=2025-09-04 12:08:00+00:00
[2025-09-04T12:08:04.780+0000] {processor.py:183} INFO - Processing /home/airflow/.local/lib/python3.12/site-packages/airflow/example_dags/example_sla_dag.py took 0.075 seconds
[2025-09-04T12:08:34.923+0000] {processor.py:161} INFO - Started process (PID=284) to work on /home/airflow/.local/lib/python3.12/site-packages/airflow/example_dags/example_sla_dag.py
[2025-09-04T12:08:34.925+0000] {processor.py:830} INFO - Processing file /home/airflow/.local/lib/python3.12/site-packages/airflow/example_dags/example_sla_dag.py for tasks to queue
[2025-09-04T12:08:34.929+0000] {logging_mixin.py:188} INFO - [2025-09-04T12:08:34.928+0000] {dagbag.py:545} INFO - Filling up the DagBag from /home/airflow/.local/lib/python3.12/site-packages/airflow/example_dags/example_sla_dag.py
[2025-09-04T12:08:34.940+0000] {processor.py:840} INFO - DAG(s) 'example_sla_dag' retrieved from /home/airflow/.local/lib/python3.12/site-packages/airflow/example_dags/example_sla_dag.py
[2025-09-04T12:08:34.977+0000] {logging_mixin.py:188} INFO - [2025-09-04T12:08:34.977+0000] {dag.py:3096} INFO - Sync 1 DAGs
[2025-09-04T12:08:35.002+0000] {logging_mixin.py:188} INFO - [2025-09-04T12:08:35.002+0000] {dag.py:3954} INFO - Setting next_dagrun for example_sla_dag to 2025-09-04 12:06:00+00:00, run_after=2025-09-04 12:08:00+00:00
[2025-09-04T12:08:35.019+0000] {processor.py:183} INFO - Processing /home/airflow/.local/lib/python3.12/site-packages/airflow/example_dags/example_sla_dag.py took 0.101 seconds
