[2025-09-04T11:50:05.267+0000] {processor.py:161} INFO - Started process (PID=86) to work on /home/airflow/.local/lib/python3.12/site-packages/airflow/example_dags/example_python_operator.py
[2025-09-04T11:50:05.268+0000] {processor.py:830} INFO - Processing file /home/airflow/.local/lib/python3.12/site-packages/airflow/example_dags/example_python_operator.py for tasks to queue
[2025-09-04T11:50:05.271+0000] {logging_mixin.py:188} INFO - [2025-09-04T11:50:05.270+0000] {dagbag.py:545} INFO - Filling up the DagBag from /home/airflow/.local/lib/python3.12/site-packages/airflow/example_dags/example_python_operator.py
[2025-09-04T11:50:05.287+0000] {processor.py:840} INFO - DAG(s) 'example_python_operator' retrieved from /home/airflow/.local/lib/python3.12/site-packages/airflow/example_dags/example_python_operator.py
[2025-09-04T11:50:05.415+0000] {logging_mixin.py:188} INFO - [2025-09-04T11:50:05.414+0000] {override.py:1829} INFO - Created Permission View: can edit on DAG:example_python_operator
[2025-09-04T11:50:05.427+0000] {logging_mixin.py:188} INFO - [2025-09-04T11:50:05.427+0000] {override.py:1829} INFO - Created Permission View: can read on DAG:example_python_operator
[2025-09-04T11:50:05.435+0000] {logging_mixin.py:188} INFO - [2025-09-04T11:50:05.435+0000] {override.py:1829} INFO - Created Permission View: can delete on DAG:example_python_operator
[2025-09-04T11:50:05.436+0000] {logging_mixin.py:188} INFO - [2025-09-04T11:50:05.436+0000] {dag.py:3096} INFO - Sync 1 DAGs
[2025-09-04T11:50:05.448+0000] {logging_mixin.py:188} INFO - [2025-09-04T11:50:05.448+0000] {dag.py:3118} INFO - Creating ORM DAG for example_python_operator
[2025-09-04T11:50:05.449+0000] {logging_mixin.py:188} INFO - [2025-09-04T11:50:05.449+0000] {dag.py:3954} INFO - Setting next_dagrun for example_python_operator to None, run_after=None
[2025-09-04T11:50:05.468+0000] {processor.py:183} INFO - Processing /home/airflow/.local/lib/python3.12/site-packages/airflow/example_dags/example_python_operator.py took 0.206 seconds
[2025-09-04T11:50:35.762+0000] {processor.py:161} INFO - Started process (PID=144) to work on /home/airflow/.local/lib/python3.12/site-packages/airflow/example_dags/example_python_operator.py
[2025-09-04T11:50:35.764+0000] {processor.py:830} INFO - Processing file /home/airflow/.local/lib/python3.12/site-packages/airflow/example_dags/example_python_operator.py for tasks to queue
[2025-09-04T11:50:35.767+0000] {logging_mixin.py:188} INFO - [2025-09-04T11:50:35.766+0000] {dagbag.py:545} INFO - Filling up the DagBag from /home/airflow/.local/lib/python3.12/site-packages/airflow/example_dags/example_python_operator.py
[2025-09-04T11:50:35.779+0000] {processor.py:840} INFO - DAG(s) 'example_python_operator' retrieved from /home/airflow/.local/lib/python3.12/site-packages/airflow/example_dags/example_python_operator.py
[2025-09-04T11:50:35.801+0000] {logging_mixin.py:188} INFO - [2025-09-04T11:50:35.800+0000] {dag.py:3096} INFO - Sync 1 DAGs
[2025-09-04T11:50:35.812+0000] {logging_mixin.py:188} INFO - [2025-09-04T11:50:35.812+0000] {dag.py:3954} INFO - Setting next_dagrun for example_python_operator to None, run_after=None
[2025-09-04T11:50:35.831+0000] {processor.py:183} INFO - Processing /home/airflow/.local/lib/python3.12/site-packages/airflow/example_dags/example_python_operator.py took 0.075 seconds
[2025-09-04T11:51:06.545+0000] {processor.py:161} INFO - Started process (PID=201) to work on /home/airflow/.local/lib/python3.12/site-packages/airflow/example_dags/example_python_operator.py
[2025-09-04T11:51:06.547+0000] {processor.py:830} INFO - Processing file /home/airflow/.local/lib/python3.12/site-packages/airflow/example_dags/example_python_operator.py for tasks to queue
[2025-09-04T11:51:06.550+0000] {logging_mixin.py:188} INFO - [2025-09-04T11:51:06.549+0000] {dagbag.py:545} INFO - Filling up the DagBag from /home/airflow/.local/lib/python3.12/site-packages/airflow/example_dags/example_python_operator.py
[2025-09-04T11:51:06.564+0000] {processor.py:840} INFO - DAG(s) 'example_python_operator' retrieved from /home/airflow/.local/lib/python3.12/site-packages/airflow/example_dags/example_python_operator.py
[2025-09-04T11:51:06.589+0000] {logging_mixin.py:188} INFO - [2025-09-04T11:51:06.589+0000] {dag.py:3096} INFO - Sync 1 DAGs
[2025-09-04T11:51:06.605+0000] {logging_mixin.py:188} INFO - [2025-09-04T11:51:06.604+0000] {dag.py:3954} INFO - Setting next_dagrun for example_python_operator to None, run_after=None
[2025-09-04T11:51:06.631+0000] {processor.py:183} INFO - Processing /home/airflow/.local/lib/python3.12/site-packages/airflow/example_dags/example_python_operator.py took 0.093 seconds
[2025-09-04T11:51:36.778+0000] {processor.py:161} INFO - Started process (PID=259) to work on /home/airflow/.local/lib/python3.12/site-packages/airflow/example_dags/example_python_operator.py
[2025-09-04T11:51:36.781+0000] {processor.py:830} INFO - Processing file /home/airflow/.local/lib/python3.12/site-packages/airflow/example_dags/example_python_operator.py for tasks to queue
[2025-09-04T11:51:36.788+0000] {logging_mixin.py:188} INFO - [2025-09-04T11:51:36.787+0000] {dagbag.py:545} INFO - Filling up the DagBag from /home/airflow/.local/lib/python3.12/site-packages/airflow/example_dags/example_python_operator.py
[2025-09-04T11:51:36.814+0000] {processor.py:840} INFO - DAG(s) 'example_python_operator' retrieved from /home/airflow/.local/lib/python3.12/site-packages/airflow/example_dags/example_python_operator.py
[2025-09-04T11:51:36.845+0000] {logging_mixin.py:188} INFO - [2025-09-04T11:51:36.845+0000] {dag.py:3096} INFO - Sync 1 DAGs
[2025-09-04T11:51:36.865+0000] {logging_mixin.py:188} INFO - [2025-09-04T11:51:36.864+0000] {dag.py:3954} INFO - Setting next_dagrun for example_python_operator to None, run_after=None
[2025-09-04T11:51:36.888+0000] {processor.py:183} INFO - Processing /home/airflow/.local/lib/python3.12/site-packages/airflow/example_dags/example_python_operator.py took 0.121 seconds
[2025-09-04T11:52:07.574+0000] {processor.py:161} INFO - Started process (PID=317) to work on /home/airflow/.local/lib/python3.12/site-packages/airflow/example_dags/example_python_operator.py
[2025-09-04T11:52:07.575+0000] {processor.py:830} INFO - Processing file /home/airflow/.local/lib/python3.12/site-packages/airflow/example_dags/example_python_operator.py for tasks to queue
[2025-09-04T11:52:07.577+0000] {logging_mixin.py:188} INFO - [2025-09-04T11:52:07.577+0000] {dagbag.py:545} INFO - Filling up the DagBag from /home/airflow/.local/lib/python3.12/site-packages/airflow/example_dags/example_python_operator.py
[2025-09-04T11:52:07.592+0000] {processor.py:840} INFO - DAG(s) 'example_python_operator' retrieved from /home/airflow/.local/lib/python3.12/site-packages/airflow/example_dags/example_python_operator.py
[2025-09-04T11:52:07.615+0000] {logging_mixin.py:188} INFO - [2025-09-04T11:52:07.614+0000] {dag.py:3096} INFO - Sync 1 DAGs
[2025-09-04T11:52:07.625+0000] {logging_mixin.py:188} INFO - [2025-09-04T11:52:07.624+0000] {dag.py:3954} INFO - Setting next_dagrun for example_python_operator to None, run_after=None
[2025-09-04T11:52:07.646+0000] {processor.py:183} INFO - Processing /home/airflow/.local/lib/python3.12/site-packages/airflow/example_dags/example_python_operator.py took 0.077 seconds
[2025-09-04T11:52:37.982+0000] {processor.py:161} INFO - Started process (PID=375) to work on /home/airflow/.local/lib/python3.12/site-packages/airflow/example_dags/example_python_operator.py
[2025-09-04T11:52:37.983+0000] {processor.py:830} INFO - Processing file /home/airflow/.local/lib/python3.12/site-packages/airflow/example_dags/example_python_operator.py for tasks to queue
[2025-09-04T11:52:37.985+0000] {logging_mixin.py:188} INFO - [2025-09-04T11:52:37.985+0000] {dagbag.py:545} INFO - Filling up the DagBag from /home/airflow/.local/lib/python3.12/site-packages/airflow/example_dags/example_python_operator.py
[2025-09-04T11:52:37.994+0000] {processor.py:840} INFO - DAG(s) 'example_python_operator' retrieved from /home/airflow/.local/lib/python3.12/site-packages/airflow/example_dags/example_python_operator.py
[2025-09-04T11:52:38.012+0000] {logging_mixin.py:188} INFO - [2025-09-04T11:52:38.012+0000] {dag.py:3096} INFO - Sync 1 DAGs
[2025-09-04T11:52:38.022+0000] {logging_mixin.py:188} INFO - [2025-09-04T11:52:38.022+0000] {dag.py:3954} INFO - Setting next_dagrun for example_python_operator to None, run_after=None
[2025-09-04T11:52:38.036+0000] {processor.py:183} INFO - Processing /home/airflow/.local/lib/python3.12/site-packages/airflow/example_dags/example_python_operator.py took 0.060 seconds
[2025-09-04T11:53:08.263+0000] {processor.py:161} INFO - Started process (PID=433) to work on /home/airflow/.local/lib/python3.12/site-packages/airflow/example_dags/example_python_operator.py
[2025-09-04T11:53:08.264+0000] {processor.py:830} INFO - Processing file /home/airflow/.local/lib/python3.12/site-packages/airflow/example_dags/example_python_operator.py for tasks to queue
[2025-09-04T11:53:08.266+0000] {logging_mixin.py:188} INFO - [2025-09-04T11:53:08.266+0000] {dagbag.py:545} INFO - Filling up the DagBag from /home/airflow/.local/lib/python3.12/site-packages/airflow/example_dags/example_python_operator.py
[2025-09-04T11:53:08.274+0000] {processor.py:840} INFO - DAG(s) 'example_python_operator' retrieved from /home/airflow/.local/lib/python3.12/site-packages/airflow/example_dags/example_python_operator.py
[2025-09-04T11:53:08.292+0000] {logging_mixin.py:188} INFO - [2025-09-04T11:53:08.291+0000] {dag.py:3096} INFO - Sync 1 DAGs
[2025-09-04T11:53:08.301+0000] {logging_mixin.py:188} INFO - [2025-09-04T11:53:08.301+0000] {dag.py:3954} INFO - Setting next_dagrun for example_python_operator to None, run_after=None
[2025-09-04T11:53:08.319+0000] {processor.py:183} INFO - Processing /home/airflow/.local/lib/python3.12/site-packages/airflow/example_dags/example_python_operator.py took 0.063 seconds
[2025-09-04T11:53:38.488+0000] {processor.py:161} INFO - Started process (PID=491) to work on /home/airflow/.local/lib/python3.12/site-packages/airflow/example_dags/example_python_operator.py
[2025-09-04T11:53:38.490+0000] {processor.py:830} INFO - Processing file /home/airflow/.local/lib/python3.12/site-packages/airflow/example_dags/example_python_operator.py for tasks to queue
[2025-09-04T11:53:38.492+0000] {logging_mixin.py:188} INFO - [2025-09-04T11:53:38.492+0000] {dagbag.py:545} INFO - Filling up the DagBag from /home/airflow/.local/lib/python3.12/site-packages/airflow/example_dags/example_python_operator.py
[2025-09-04T11:53:38.501+0000] {processor.py:840} INFO - DAG(s) 'example_python_operator' retrieved from /home/airflow/.local/lib/python3.12/site-packages/airflow/example_dags/example_python_operator.py
[2025-09-04T11:53:38.527+0000] {logging_mixin.py:188} INFO - [2025-09-04T11:53:38.527+0000] {dag.py:3096} INFO - Sync 1 DAGs
[2025-09-04T11:53:38.548+0000] {logging_mixin.py:188} INFO - [2025-09-04T11:53:38.548+0000] {dag.py:3954} INFO - Setting next_dagrun for example_python_operator to None, run_after=None
[2025-09-04T11:53:38.586+0000] {processor.py:183} INFO - Processing /home/airflow/.local/lib/python3.12/site-packages/airflow/example_dags/example_python_operator.py took 0.104 seconds
[2025-09-04T11:54:08.927+0000] {processor.py:161} INFO - Started process (PID=549) to work on /home/airflow/.local/lib/python3.12/site-packages/airflow/example_dags/example_python_operator.py
[2025-09-04T11:54:08.929+0000] {processor.py:830} INFO - Processing file /home/airflow/.local/lib/python3.12/site-packages/airflow/example_dags/example_python_operator.py for tasks to queue
[2025-09-04T11:54:08.933+0000] {logging_mixin.py:188} INFO - [2025-09-04T11:54:08.932+0000] {dagbag.py:545} INFO - Filling up the DagBag from /home/airflow/.local/lib/python3.12/site-packages/airflow/example_dags/example_python_operator.py
[2025-09-04T11:54:08.943+0000] {processor.py:840} INFO - DAG(s) 'example_python_operator' retrieved from /home/airflow/.local/lib/python3.12/site-packages/airflow/example_dags/example_python_operator.py
[2025-09-04T11:54:08.962+0000] {logging_mixin.py:188} INFO - [2025-09-04T11:54:08.962+0000] {dag.py:3096} INFO - Sync 1 DAGs
[2025-09-04T11:54:08.974+0000] {logging_mixin.py:188} INFO - [2025-09-04T11:54:08.973+0000] {dag.py:3954} INFO - Setting next_dagrun for example_python_operator to None, run_after=None
[2025-09-04T11:54:08.994+0000] {processor.py:183} INFO - Processing /home/airflow/.local/lib/python3.12/site-packages/airflow/example_dags/example_python_operator.py took 0.076 seconds
[2025-09-04T11:54:39.319+0000] {processor.py:161} INFO - Started process (PID=607) to work on /home/airflow/.local/lib/python3.12/site-packages/airflow/example_dags/example_python_operator.py
[2025-09-04T11:54:39.320+0000] {processor.py:830} INFO - Processing file /home/airflow/.local/lib/python3.12/site-packages/airflow/example_dags/example_python_operator.py for tasks to queue
[2025-09-04T11:54:39.322+0000] {logging_mixin.py:188} INFO - [2025-09-04T11:54:39.322+0000] {dagbag.py:545} INFO - Filling up the DagBag from /home/airflow/.local/lib/python3.12/site-packages/airflow/example_dags/example_python_operator.py
[2025-09-04T11:54:39.334+0000] {processor.py:840} INFO - DAG(s) 'example_python_operator' retrieved from /home/airflow/.local/lib/python3.12/site-packages/airflow/example_dags/example_python_operator.py
[2025-09-04T11:54:39.353+0000] {logging_mixin.py:188} INFO - [2025-09-04T11:54:39.353+0000] {dag.py:3096} INFO - Sync 1 DAGs
[2025-09-04T11:54:39.364+0000] {logging_mixin.py:188} INFO - [2025-09-04T11:54:39.364+0000] {dag.py:3954} INFO - Setting next_dagrun for example_python_operator to None, run_after=None
[2025-09-04T11:54:39.379+0000] {processor.py:183} INFO - Processing /home/airflow/.local/lib/python3.12/site-packages/airflow/example_dags/example_python_operator.py took 0.067 seconds
[2025-09-04T11:55:09.783+0000] {processor.py:161} INFO - Started process (PID=665) to work on /home/airflow/.local/lib/python3.12/site-packages/airflow/example_dags/example_python_operator.py
[2025-09-04T11:55:09.784+0000] {processor.py:830} INFO - Processing file /home/airflow/.local/lib/python3.12/site-packages/airflow/example_dags/example_python_operator.py for tasks to queue
[2025-09-04T11:55:09.789+0000] {logging_mixin.py:188} INFO - [2025-09-04T11:55:09.788+0000] {dagbag.py:545} INFO - Filling up the DagBag from /home/airflow/.local/lib/python3.12/site-packages/airflow/example_dags/example_python_operator.py
[2025-09-04T11:55:09.804+0000] {processor.py:840} INFO - DAG(s) 'example_python_operator' retrieved from /home/airflow/.local/lib/python3.12/site-packages/airflow/example_dags/example_python_operator.py
[2025-09-04T11:55:09.838+0000] {logging_mixin.py:188} INFO - [2025-09-04T11:55:09.838+0000] {dag.py:3096} INFO - Sync 1 DAGs
[2025-09-04T11:55:09.850+0000] {logging_mixin.py:188} INFO - [2025-09-04T11:55:09.850+0000] {dag.py:3954} INFO - Setting next_dagrun for example_python_operator to None, run_after=None
[2025-09-04T11:55:09.866+0000] {processor.py:183} INFO - Processing /home/airflow/.local/lib/python3.12/site-packages/airflow/example_dags/example_python_operator.py took 0.090 seconds
[2025-09-04T11:55:40.163+0000] {processor.py:161} INFO - Started process (PID=723) to work on /home/airflow/.local/lib/python3.12/site-packages/airflow/example_dags/example_python_operator.py
[2025-09-04T11:55:40.164+0000] {processor.py:830} INFO - Processing file /home/airflow/.local/lib/python3.12/site-packages/airflow/example_dags/example_python_operator.py for tasks to queue
[2025-09-04T11:55:40.166+0000] {logging_mixin.py:188} INFO - [2025-09-04T11:55:40.166+0000] {dagbag.py:545} INFO - Filling up the DagBag from /home/airflow/.local/lib/python3.12/site-packages/airflow/example_dags/example_python_operator.py
[2025-09-04T11:55:40.184+0000] {processor.py:840} INFO - DAG(s) 'example_python_operator' retrieved from /home/airflow/.local/lib/python3.12/site-packages/airflow/example_dags/example_python_operator.py
[2025-09-04T11:55:40.218+0000] {logging_mixin.py:188} INFO - [2025-09-04T11:55:40.217+0000] {dag.py:3096} INFO - Sync 1 DAGs
[2025-09-04T11:55:40.232+0000] {logging_mixin.py:188} INFO - [2025-09-04T11:55:40.232+0000] {dag.py:3954} INFO - Setting next_dagrun for example_python_operator to None, run_after=None
[2025-09-04T11:55:40.253+0000] {processor.py:183} INFO - Processing /home/airflow/.local/lib/python3.12/site-packages/airflow/example_dags/example_python_operator.py took 0.097 seconds
[2025-09-04T11:56:10.580+0000] {processor.py:161} INFO - Started process (PID=781) to work on /home/airflow/.local/lib/python3.12/site-packages/airflow/example_dags/example_python_operator.py
[2025-09-04T11:56:10.581+0000] {processor.py:830} INFO - Processing file /home/airflow/.local/lib/python3.12/site-packages/airflow/example_dags/example_python_operator.py for tasks to queue
[2025-09-04T11:56:10.583+0000] {logging_mixin.py:188} INFO - [2025-09-04T11:56:10.583+0000] {dagbag.py:545} INFO - Filling up the DagBag from /home/airflow/.local/lib/python3.12/site-packages/airflow/example_dags/example_python_operator.py
[2025-09-04T11:56:10.601+0000] {processor.py:840} INFO - DAG(s) 'example_python_operator' retrieved from /home/airflow/.local/lib/python3.12/site-packages/airflow/example_dags/example_python_operator.py
[2025-09-04T11:56:10.657+0000] {logging_mixin.py:188} INFO - [2025-09-04T11:56:10.657+0000] {dag.py:3096} INFO - Sync 1 DAGs
[2025-09-04T11:56:10.681+0000] {logging_mixin.py:188} INFO - [2025-09-04T11:56:10.680+0000] {dag.py:3954} INFO - Setting next_dagrun for example_python_operator to None, run_after=None
[2025-09-04T11:56:10.725+0000] {processor.py:183} INFO - Processing /home/airflow/.local/lib/python3.12/site-packages/airflow/example_dags/example_python_operator.py took 0.151 seconds
[2025-09-04T11:56:41.091+0000] {processor.py:161} INFO - Started process (PID=839) to work on /home/airflow/.local/lib/python3.12/site-packages/airflow/example_dags/example_python_operator.py
[2025-09-04T11:56:41.093+0000] {processor.py:830} INFO - Processing file /home/airflow/.local/lib/python3.12/site-packages/airflow/example_dags/example_python_operator.py for tasks to queue
[2025-09-04T11:56:41.096+0000] {logging_mixin.py:188} INFO - [2025-09-04T11:56:41.096+0000] {dagbag.py:545} INFO - Filling up the DagBag from /home/airflow/.local/lib/python3.12/site-packages/airflow/example_dags/example_python_operator.py
[2025-09-04T11:56:41.111+0000] {processor.py:840} INFO - DAG(s) 'example_python_operator' retrieved from /home/airflow/.local/lib/python3.12/site-packages/airflow/example_dags/example_python_operator.py
[2025-09-04T11:56:41.144+0000] {logging_mixin.py:188} INFO - [2025-09-04T11:56:41.144+0000] {dag.py:3096} INFO - Sync 1 DAGs
[2025-09-04T11:56:41.178+0000] {logging_mixin.py:188} INFO - [2025-09-04T11:56:41.177+0000] {dag.py:3954} INFO - Setting next_dagrun for example_python_operator to None, run_after=None
[2025-09-04T11:56:41.214+0000] {processor.py:183} INFO - Processing /home/airflow/.local/lib/python3.12/site-packages/airflow/example_dags/example_python_operator.py took 0.138 seconds
[2025-09-04T11:57:11.330+0000] {processor.py:161} INFO - Started process (PID=897) to work on /home/airflow/.local/lib/python3.12/site-packages/airflow/example_dags/example_python_operator.py
[2025-09-04T11:57:11.333+0000] {processor.py:830} INFO - Processing file /home/airflow/.local/lib/python3.12/site-packages/airflow/example_dags/example_python_operator.py for tasks to queue
[2025-09-04T11:57:11.335+0000] {logging_mixin.py:188} INFO - [2025-09-04T11:57:11.335+0000] {dagbag.py:545} INFO - Filling up the DagBag from /home/airflow/.local/lib/python3.12/site-packages/airflow/example_dags/example_python_operator.py
[2025-09-04T11:57:11.344+0000] {processor.py:840} INFO - DAG(s) 'example_python_operator' retrieved from /home/airflow/.local/lib/python3.12/site-packages/airflow/example_dags/example_python_operator.py
[2025-09-04T11:57:11.365+0000] {logging_mixin.py:188} INFO - [2025-09-04T11:57:11.364+0000] {dag.py:3096} INFO - Sync 1 DAGs
[2025-09-04T11:57:11.376+0000] {logging_mixin.py:188} INFO - [2025-09-04T11:57:11.376+0000] {dag.py:3954} INFO - Setting next_dagrun for example_python_operator to None, run_after=None
[2025-09-04T11:57:11.401+0000] {processor.py:183} INFO - Processing /home/airflow/.local/lib/python3.12/site-packages/airflow/example_dags/example_python_operator.py took 0.079 seconds
[2025-09-04T11:57:41.637+0000] {processor.py:161} INFO - Started process (PID=955) to work on /home/airflow/.local/lib/python3.12/site-packages/airflow/example_dags/example_python_operator.py
[2025-09-04T11:57:41.639+0000] {processor.py:830} INFO - Processing file /home/airflow/.local/lib/python3.12/site-packages/airflow/example_dags/example_python_operator.py for tasks to queue
[2025-09-04T11:57:41.641+0000] {logging_mixin.py:188} INFO - [2025-09-04T11:57:41.641+0000] {dagbag.py:545} INFO - Filling up the DagBag from /home/airflow/.local/lib/python3.12/site-packages/airflow/example_dags/example_python_operator.py
[2025-09-04T11:57:41.656+0000] {processor.py:840} INFO - DAG(s) 'example_python_operator' retrieved from /home/airflow/.local/lib/python3.12/site-packages/airflow/example_dags/example_python_operator.py
[2025-09-04T11:57:41.683+0000] {logging_mixin.py:188} INFO - [2025-09-04T11:57:41.683+0000] {dag.py:3096} INFO - Sync 1 DAGs
[2025-09-04T11:57:41.699+0000] {logging_mixin.py:188} INFO - [2025-09-04T11:57:41.699+0000] {dag.py:3954} INFO - Setting next_dagrun for example_python_operator to None, run_after=None
[2025-09-04T11:57:41.724+0000] {processor.py:183} INFO - Processing /home/airflow/.local/lib/python3.12/site-packages/airflow/example_dags/example_python_operator.py took 0.096 seconds
[2025-09-04T11:58:11.935+0000] {processor.py:161} INFO - Started process (PID=1014) to work on /home/airflow/.local/lib/python3.12/site-packages/airflow/example_dags/example_python_operator.py
[2025-09-04T11:58:11.936+0000] {processor.py:830} INFO - Processing file /home/airflow/.local/lib/python3.12/site-packages/airflow/example_dags/example_python_operator.py for tasks to queue
[2025-09-04T11:58:11.939+0000] {logging_mixin.py:188} INFO - [2025-09-04T11:58:11.938+0000] {dagbag.py:545} INFO - Filling up the DagBag from /home/airflow/.local/lib/python3.12/site-packages/airflow/example_dags/example_python_operator.py
[2025-09-04T11:58:11.950+0000] {processor.py:840} INFO - DAG(s) 'example_python_operator' retrieved from /home/airflow/.local/lib/python3.12/site-packages/airflow/example_dags/example_python_operator.py
[2025-09-04T11:58:11.977+0000] {logging_mixin.py:188} INFO - [2025-09-04T11:58:11.977+0000] {dag.py:3096} INFO - Sync 1 DAGs
[2025-09-04T11:58:11.990+0000] {logging_mixin.py:188} INFO - [2025-09-04T11:58:11.990+0000] {dag.py:3954} INFO - Setting next_dagrun for example_python_operator to None, run_after=None
[2025-09-04T11:58:12.016+0000] {processor.py:183} INFO - Processing /home/airflow/.local/lib/python3.12/site-packages/airflow/example_dags/example_python_operator.py took 0.088 seconds
[2025-09-04T11:58:42.904+0000] {processor.py:161} INFO - Started process (PID=1072) to work on /home/airflow/.local/lib/python3.12/site-packages/airflow/example_dags/example_python_operator.py
[2025-09-04T11:58:42.906+0000] {processor.py:830} INFO - Processing file /home/airflow/.local/lib/python3.12/site-packages/airflow/example_dags/example_python_operator.py for tasks to queue
[2025-09-04T11:58:42.908+0000] {logging_mixin.py:188} INFO - [2025-09-04T11:58:42.908+0000] {dagbag.py:545} INFO - Filling up the DagBag from /home/airflow/.local/lib/python3.12/site-packages/airflow/example_dags/example_python_operator.py
[2025-09-04T11:58:42.918+0000] {processor.py:840} INFO - DAG(s) 'example_python_operator' retrieved from /home/airflow/.local/lib/python3.12/site-packages/airflow/example_dags/example_python_operator.py
[2025-09-04T11:58:42.941+0000] {logging_mixin.py:188} INFO - [2025-09-04T11:58:42.941+0000] {dag.py:3096} INFO - Sync 1 DAGs
[2025-09-04T11:58:42.955+0000] {logging_mixin.py:188} INFO - [2025-09-04T11:58:42.955+0000] {dag.py:3954} INFO - Setting next_dagrun for example_python_operator to None, run_after=None
[2025-09-04T11:58:42.975+0000] {processor.py:183} INFO - Processing /home/airflow/.local/lib/python3.12/site-packages/airflow/example_dags/example_python_operator.py took 0.080 seconds
[2025-09-04T11:59:13.750+0000] {processor.py:161} INFO - Started process (PID=1130) to work on /home/airflow/.local/lib/python3.12/site-packages/airflow/example_dags/example_python_operator.py
[2025-09-04T11:59:13.751+0000] {processor.py:830} INFO - Processing file /home/airflow/.local/lib/python3.12/site-packages/airflow/example_dags/example_python_operator.py for tasks to queue
[2025-09-04T11:59:13.753+0000] {logging_mixin.py:188} INFO - [2025-09-04T11:59:13.753+0000] {dagbag.py:545} INFO - Filling up the DagBag from /home/airflow/.local/lib/python3.12/site-packages/airflow/example_dags/example_python_operator.py
[2025-09-04T11:59:13.765+0000] {processor.py:840} INFO - DAG(s) 'example_python_operator' retrieved from /home/airflow/.local/lib/python3.12/site-packages/airflow/example_dags/example_python_operator.py
[2025-09-04T11:59:13.790+0000] {logging_mixin.py:188} INFO - [2025-09-04T11:59:13.790+0000] {dag.py:3096} INFO - Sync 1 DAGs
[2025-09-04T11:59:13.812+0000] {logging_mixin.py:188} INFO - [2025-09-04T11:59:13.812+0000] {dag.py:3954} INFO - Setting next_dagrun for example_python_operator to None, run_after=None
[2025-09-04T11:59:13.835+0000] {processor.py:183} INFO - Processing /home/airflow/.local/lib/python3.12/site-packages/airflow/example_dags/example_python_operator.py took 0.091 seconds
[2025-09-04T11:59:43.907+0000] {processor.py:161} INFO - Started process (PID=1188) to work on /home/airflow/.local/lib/python3.12/site-packages/airflow/example_dags/example_python_operator.py
[2025-09-04T11:59:43.909+0000] {processor.py:830} INFO - Processing file /home/airflow/.local/lib/python3.12/site-packages/airflow/example_dags/example_python_operator.py for tasks to queue
[2025-09-04T11:59:43.912+0000] {logging_mixin.py:188} INFO - [2025-09-04T11:59:43.912+0000] {dagbag.py:545} INFO - Filling up the DagBag from /home/airflow/.local/lib/python3.12/site-packages/airflow/example_dags/example_python_operator.py
[2025-09-04T11:59:43.927+0000] {processor.py:840} INFO - DAG(s) 'example_python_operator' retrieved from /home/airflow/.local/lib/python3.12/site-packages/airflow/example_dags/example_python_operator.py
[2025-09-04T11:59:43.953+0000] {logging_mixin.py:188} INFO - [2025-09-04T11:59:43.953+0000] {dag.py:3096} INFO - Sync 1 DAGs
[2025-09-04T11:59:43.963+0000] {logging_mixin.py:188} INFO - [2025-09-04T11:59:43.963+0000] {dag.py:3954} INFO - Setting next_dagrun for example_python_operator to None, run_after=None
[2025-09-04T11:59:43.979+0000] {processor.py:183} INFO - Processing /home/airflow/.local/lib/python3.12/site-packages/airflow/example_dags/example_python_operator.py took 0.079 seconds
[2025-09-04T12:01:32.525+0000] {processor.py:161} INFO - Started process (PID=74) to work on /home/airflow/.local/lib/python3.12/site-packages/airflow/example_dags/example_python_operator.py
[2025-09-04T12:01:32.526+0000] {processor.py:830} INFO - Processing file /home/airflow/.local/lib/python3.12/site-packages/airflow/example_dags/example_python_operator.py for tasks to queue
[2025-09-04T12:01:32.529+0000] {logging_mixin.py:188} INFO - [2025-09-04T12:01:32.528+0000] {dagbag.py:545} INFO - Filling up the DagBag from /home/airflow/.local/lib/python3.12/site-packages/airflow/example_dags/example_python_operator.py
[2025-09-04T12:01:32.541+0000] {processor.py:840} INFO - DAG(s) 'example_python_operator' retrieved from /home/airflow/.local/lib/python3.12/site-packages/airflow/example_dags/example_python_operator.py
[2025-09-04T12:01:32.691+0000] {logging_mixin.py:188} INFO - [2025-09-04T12:01:32.691+0000] {dag.py:3096} INFO - Sync 1 DAGs
[2025-09-04T12:01:32.708+0000] {logging_mixin.py:188} INFO - [2025-09-04T12:01:32.708+0000] {dag.py:3954} INFO - Setting next_dagrun for example_python_operator to None, run_after=None
[2025-09-04T12:01:32.732+0000] {processor.py:183} INFO - Processing /home/airflow/.local/lib/python3.12/site-packages/airflow/example_dags/example_python_operator.py took 0.214 seconds
[2025-09-04T12:02:02.836+0000] {processor.py:161} INFO - Started process (PID=138) to work on /home/airflow/.local/lib/python3.12/site-packages/airflow/example_dags/example_python_operator.py
[2025-09-04T12:02:02.837+0000] {processor.py:830} INFO - Processing file /home/airflow/.local/lib/python3.12/site-packages/airflow/example_dags/example_python_operator.py for tasks to queue
[2025-09-04T12:02:02.839+0000] {logging_mixin.py:188} INFO - [2025-09-04T12:02:02.839+0000] {dagbag.py:545} INFO - Filling up the DagBag from /home/airflow/.local/lib/python3.12/site-packages/airflow/example_dags/example_python_operator.py
[2025-09-04T12:02:02.855+0000] {processor.py:840} INFO - DAG(s) 'example_python_operator' retrieved from /home/airflow/.local/lib/python3.12/site-packages/airflow/example_dags/example_python_operator.py
[2025-09-04T12:02:02.892+0000] {logging_mixin.py:188} INFO - [2025-09-04T12:02:02.892+0000] {dag.py:3096} INFO - Sync 1 DAGs
[2025-09-04T12:02:02.911+0000] {logging_mixin.py:188} INFO - [2025-09-04T12:02:02.910+0000] {dag.py:3954} INFO - Setting next_dagrun for example_python_operator to None, run_after=None
[2025-09-04T12:02:02.934+0000] {processor.py:183} INFO - Processing /home/airflow/.local/lib/python3.12/site-packages/airflow/example_dags/example_python_operator.py took 0.104 seconds
[2025-09-04T12:02:33.884+0000] {processor.py:161} INFO - Started process (PID=196) to work on /home/airflow/.local/lib/python3.12/site-packages/airflow/example_dags/example_python_operator.py
[2025-09-04T12:02:33.886+0000] {processor.py:830} INFO - Processing file /home/airflow/.local/lib/python3.12/site-packages/airflow/example_dags/example_python_operator.py for tasks to queue
[2025-09-04T12:02:33.891+0000] {logging_mixin.py:188} INFO - [2025-09-04T12:02:33.890+0000] {dagbag.py:545} INFO - Filling up the DagBag from /home/airflow/.local/lib/python3.12/site-packages/airflow/example_dags/example_python_operator.py
[2025-09-04T12:02:33.910+0000] {processor.py:840} INFO - DAG(s) 'example_python_operator' retrieved from /home/airflow/.local/lib/python3.12/site-packages/airflow/example_dags/example_python_operator.py
[2025-09-04T12:02:33.938+0000] {logging_mixin.py:188} INFO - [2025-09-04T12:02:33.937+0000] {dag.py:3096} INFO - Sync 1 DAGs
[2025-09-04T12:02:33.952+0000] {logging_mixin.py:188} INFO - [2025-09-04T12:02:33.951+0000] {dag.py:3954} INFO - Setting next_dagrun for example_python_operator to None, run_after=None
[2025-09-04T12:02:33.980+0000] {processor.py:183} INFO - Processing /home/airflow/.local/lib/python3.12/site-packages/airflow/example_dags/example_python_operator.py took 0.108 seconds
[2025-09-04T12:03:05.011+0000] {processor.py:161} INFO - Started process (PID=254) to work on /home/airflow/.local/lib/python3.12/site-packages/airflow/example_dags/example_python_operator.py
[2025-09-04T12:03:05.014+0000] {processor.py:830} INFO - Processing file /home/airflow/.local/lib/python3.12/site-packages/airflow/example_dags/example_python_operator.py for tasks to queue
[2025-09-04T12:03:05.019+0000] {logging_mixin.py:188} INFO - [2025-09-04T12:03:05.018+0000] {dagbag.py:545} INFO - Filling up the DagBag from /home/airflow/.local/lib/python3.12/site-packages/airflow/example_dags/example_python_operator.py
[2025-09-04T12:03:05.036+0000] {processor.py:840} INFO - DAG(s) 'example_python_operator' retrieved from /home/airflow/.local/lib/python3.12/site-packages/airflow/example_dags/example_python_operator.py
[2025-09-04T12:03:05.075+0000] {logging_mixin.py:188} INFO - [2025-09-04T12:03:05.074+0000] {dag.py:3096} INFO - Sync 1 DAGs
[2025-09-04T12:03:05.092+0000] {logging_mixin.py:188} INFO - [2025-09-04T12:03:05.091+0000] {dag.py:3954} INFO - Setting next_dagrun for example_python_operator to None, run_after=None
[2025-09-04T12:03:05.112+0000] {processor.py:183} INFO - Processing /home/airflow/.local/lib/python3.12/site-packages/airflow/example_dags/example_python_operator.py took 0.118 seconds
[2025-09-04T12:03:35.386+0000] {processor.py:161} INFO - Started process (PID=312) to work on /home/airflow/.local/lib/python3.12/site-packages/airflow/example_dags/example_python_operator.py
[2025-09-04T12:03:35.387+0000] {processor.py:830} INFO - Processing file /home/airflow/.local/lib/python3.12/site-packages/airflow/example_dags/example_python_operator.py for tasks to queue
[2025-09-04T12:03:35.389+0000] {logging_mixin.py:188} INFO - [2025-09-04T12:03:35.389+0000] {dagbag.py:545} INFO - Filling up the DagBag from /home/airflow/.local/lib/python3.12/site-packages/airflow/example_dags/example_python_operator.py
[2025-09-04T12:03:35.397+0000] {processor.py:840} INFO - DAG(s) 'example_python_operator' retrieved from /home/airflow/.local/lib/python3.12/site-packages/airflow/example_dags/example_python_operator.py
[2025-09-04T12:03:35.414+0000] {logging_mixin.py:188} INFO - [2025-09-04T12:03:35.414+0000] {dag.py:3096} INFO - Sync 1 DAGs
[2025-09-04T12:03:35.424+0000] {logging_mixin.py:188} INFO - [2025-09-04T12:03:35.424+0000] {dag.py:3954} INFO - Setting next_dagrun for example_python_operator to None, run_after=None
[2025-09-04T12:03:35.439+0000] {processor.py:183} INFO - Processing /home/airflow/.local/lib/python3.12/site-packages/airflow/example_dags/example_python_operator.py took 0.059 seconds
[2025-09-04T12:04:06.319+0000] {processor.py:161} INFO - Started process (PID=370) to work on /home/airflow/.local/lib/python3.12/site-packages/airflow/example_dags/example_python_operator.py
[2025-09-04T12:04:06.323+0000] {processor.py:830} INFO - Processing file /home/airflow/.local/lib/python3.12/site-packages/airflow/example_dags/example_python_operator.py for tasks to queue
[2025-09-04T12:04:06.327+0000] {logging_mixin.py:188} INFO - [2025-09-04T12:04:06.327+0000] {dagbag.py:545} INFO - Filling up the DagBag from /home/airflow/.local/lib/python3.12/site-packages/airflow/example_dags/example_python_operator.py
[2025-09-04T12:04:06.347+0000] {processor.py:840} INFO - DAG(s) 'example_python_operator' retrieved from /home/airflow/.local/lib/python3.12/site-packages/airflow/example_dags/example_python_operator.py
[2025-09-04T12:04:06.390+0000] {logging_mixin.py:188} INFO - [2025-09-04T12:04:06.389+0000] {dag.py:3096} INFO - Sync 1 DAGs
[2025-09-04T12:04:06.406+0000] {logging_mixin.py:188} INFO - [2025-09-04T12:04:06.405+0000] {dag.py:3954} INFO - Setting next_dagrun for example_python_operator to None, run_after=None
[2025-09-04T12:04:06.429+0000] {processor.py:183} INFO - Processing /home/airflow/.local/lib/python3.12/site-packages/airflow/example_dags/example_python_operator.py took 0.121 seconds
[2025-09-04T12:04:36.612+0000] {processor.py:161} INFO - Started process (PID=428) to work on /home/airflow/.local/lib/python3.12/site-packages/airflow/example_dags/example_python_operator.py
[2025-09-04T12:04:36.613+0000] {processor.py:830} INFO - Processing file /home/airflow/.local/lib/python3.12/site-packages/airflow/example_dags/example_python_operator.py for tasks to queue
[2025-09-04T12:04:36.615+0000] {logging_mixin.py:188} INFO - [2025-09-04T12:04:36.615+0000] {dagbag.py:545} INFO - Filling up the DagBag from /home/airflow/.local/lib/python3.12/site-packages/airflow/example_dags/example_python_operator.py
[2025-09-04T12:04:36.625+0000] {processor.py:840} INFO - DAG(s) 'example_python_operator' retrieved from /home/airflow/.local/lib/python3.12/site-packages/airflow/example_dags/example_python_operator.py
[2025-09-04T12:04:36.650+0000] {logging_mixin.py:188} INFO - [2025-09-04T12:04:36.650+0000] {dag.py:3096} INFO - Sync 1 DAGs
[2025-09-04T12:04:36.665+0000] {logging_mixin.py:188} INFO - [2025-09-04T12:04:36.665+0000] {dag.py:3954} INFO - Setting next_dagrun for example_python_operator to None, run_after=None
[2025-09-04T12:04:36.696+0000] {processor.py:183} INFO - Processing /home/airflow/.local/lib/python3.12/site-packages/airflow/example_dags/example_python_operator.py took 0.089 seconds
[2025-09-04T12:05:07.183+0000] {processor.py:161} INFO - Started process (PID=486) to work on /home/airflow/.local/lib/python3.12/site-packages/airflow/example_dags/example_python_operator.py
[2025-09-04T12:05:07.186+0000] {processor.py:830} INFO - Processing file /home/airflow/.local/lib/python3.12/site-packages/airflow/example_dags/example_python_operator.py for tasks to queue
[2025-09-04T12:05:07.190+0000] {logging_mixin.py:188} INFO - [2025-09-04T12:05:07.189+0000] {dagbag.py:545} INFO - Filling up the DagBag from /home/airflow/.local/lib/python3.12/site-packages/airflow/example_dags/example_python_operator.py
[2025-09-04T12:05:07.211+0000] {processor.py:840} INFO - DAG(s) 'example_python_operator' retrieved from /home/airflow/.local/lib/python3.12/site-packages/airflow/example_dags/example_python_operator.py
[2025-09-04T12:05:07.253+0000] {logging_mixin.py:188} INFO - [2025-09-04T12:05:07.253+0000] {dag.py:3096} INFO - Sync 1 DAGs
[2025-09-04T12:05:07.264+0000] {logging_mixin.py:188} INFO - [2025-09-04T12:05:07.264+0000] {dag.py:3954} INFO - Setting next_dagrun for example_python_operator to None, run_after=None
[2025-09-04T12:05:07.284+0000] {processor.py:183} INFO - Processing /home/airflow/.local/lib/python3.12/site-packages/airflow/example_dags/example_python_operator.py took 0.111 seconds
[2025-09-04T12:05:37.458+0000] {processor.py:161} INFO - Started process (PID=544) to work on /home/airflow/.local/lib/python3.12/site-packages/airflow/example_dags/example_python_operator.py
[2025-09-04T12:05:37.461+0000] {processor.py:830} INFO - Processing file /home/airflow/.local/lib/python3.12/site-packages/airflow/example_dags/example_python_operator.py for tasks to queue
[2025-09-04T12:05:37.466+0000] {logging_mixin.py:188} INFO - [2025-09-04T12:05:37.466+0000] {dagbag.py:545} INFO - Filling up the DagBag from /home/airflow/.local/lib/python3.12/site-packages/airflow/example_dags/example_python_operator.py
[2025-09-04T12:05:37.490+0000] {processor.py:840} INFO - DAG(s) 'example_python_operator' retrieved from /home/airflow/.local/lib/python3.12/site-packages/airflow/example_dags/example_python_operator.py
[2025-09-04T12:05:37.526+0000] {logging_mixin.py:188} INFO - [2025-09-04T12:05:37.526+0000] {dag.py:3096} INFO - Sync 1 DAGs
[2025-09-04T12:05:37.541+0000] {logging_mixin.py:188} INFO - [2025-09-04T12:05:37.540+0000] {dag.py:3954} INFO - Setting next_dagrun for example_python_operator to None, run_after=None
[2025-09-04T12:05:37.560+0000] {processor.py:183} INFO - Processing /home/airflow/.local/lib/python3.12/site-packages/airflow/example_dags/example_python_operator.py took 0.114 seconds
[2025-09-04T12:06:35.959+0000] {processor.py:161} INFO - Started process (PID=80) to work on /home/airflow/.local/lib/python3.12/site-packages/airflow/example_dags/example_python_operator.py
[2025-09-04T12:06:35.960+0000] {processor.py:830} INFO - Processing file /home/airflow/.local/lib/python3.12/site-packages/airflow/example_dags/example_python_operator.py for tasks to queue
[2025-09-04T12:06:35.962+0000] {logging_mixin.py:188} INFO - [2025-09-04T12:06:35.962+0000] {dagbag.py:545} INFO - Filling up the DagBag from /home/airflow/.local/lib/python3.12/site-packages/airflow/example_dags/example_python_operator.py
[2025-09-04T12:06:35.976+0000] {processor.py:840} INFO - DAG(s) 'example_python_operator' retrieved from /home/airflow/.local/lib/python3.12/site-packages/airflow/example_dags/example_python_operator.py
[2025-09-04T12:06:35.988+0000] {logging_mixin.py:188} INFO - [2025-09-04T12:06:35.988+0000] {dag.py:3096} INFO - Sync 1 DAGs
[2025-09-04T12:06:36.000+0000] {logging_mixin.py:188} INFO - [2025-09-04T12:06:36.000+0000] {dag.py:3954} INFO - Setting next_dagrun for example_python_operator to None, run_after=None
[2025-09-04T12:06:36.017+0000] {processor.py:183} INFO - Processing /home/airflow/.local/lib/python3.12/site-packages/airflow/example_dags/example_python_operator.py took 0.063 seconds
[2025-09-04T12:07:07.955+0000] {processor.py:161} INFO - Started process (PID=138) to work on /home/airflow/.local/lib/python3.12/site-packages/airflow/example_dags/example_python_operator.py
[2025-09-04T12:07:07.957+0000] {processor.py:830} INFO - Processing file /home/airflow/.local/lib/python3.12/site-packages/airflow/example_dags/example_python_operator.py for tasks to queue
[2025-09-04T12:07:07.958+0000] {logging_mixin.py:188} INFO - [2025-09-04T12:07:07.958+0000] {dagbag.py:545} INFO - Filling up the DagBag from /home/airflow/.local/lib/python3.12/site-packages/airflow/example_dags/example_python_operator.py
[2025-09-04T12:07:07.968+0000] {processor.py:840} INFO - DAG(s) 'example_python_operator' retrieved from /home/airflow/.local/lib/python3.12/site-packages/airflow/example_dags/example_python_operator.py
[2025-09-04T12:07:08.056+0000] {logging_mixin.py:188} INFO - [2025-09-04T12:07:08.053+0000] {dag.py:3096} INFO - Sync 1 DAGs
[2025-09-04T12:07:08.079+0000] {logging_mixin.py:188} INFO - [2025-09-04T12:07:08.079+0000] {dag.py:3954} INFO - Setting next_dagrun for example_python_operator to None, run_after=None
[2025-09-04T12:07:08.096+0000] {processor.py:183} INFO - Processing /home/airflow/.local/lib/python3.12/site-packages/airflow/example_dags/example_python_operator.py took 0.147 seconds
[2025-09-04T12:07:38.988+0000] {processor.py:161} INFO - Started process (PID=202) to work on /home/airflow/.local/lib/python3.12/site-packages/airflow/example_dags/example_python_operator.py
[2025-09-04T12:07:38.991+0000] {processor.py:830} INFO - Processing file /home/airflow/.local/lib/python3.12/site-packages/airflow/example_dags/example_python_operator.py for tasks to queue
[2025-09-04T12:07:38.995+0000] {logging_mixin.py:188} INFO - [2025-09-04T12:07:38.994+0000] {dagbag.py:545} INFO - Filling up the DagBag from /home/airflow/.local/lib/python3.12/site-packages/airflow/example_dags/example_python_operator.py
[2025-09-04T12:07:39.015+0000] {processor.py:840} INFO - DAG(s) 'example_python_operator' retrieved from /home/airflow/.local/lib/python3.12/site-packages/airflow/example_dags/example_python_operator.py
[2025-09-04T12:07:39.052+0000] {logging_mixin.py:188} INFO - [2025-09-04T12:07:39.051+0000] {dag.py:3096} INFO - Sync 1 DAGs
[2025-09-04T12:07:39.066+0000] {logging_mixin.py:188} INFO - [2025-09-04T12:07:39.066+0000] {dag.py:3954} INFO - Setting next_dagrun for example_python_operator to None, run_after=None
[2025-09-04T12:07:39.094+0000] {processor.py:183} INFO - Processing /home/airflow/.local/lib/python3.12/site-packages/airflow/example_dags/example_python_operator.py took 0.116 seconds
[2025-09-04T12:08:09.492+0000] {processor.py:161} INFO - Started process (PID=260) to work on /home/airflow/.local/lib/python3.12/site-packages/airflow/example_dags/example_python_operator.py
[2025-09-04T12:08:09.494+0000] {processor.py:830} INFO - Processing file /home/airflow/.local/lib/python3.12/site-packages/airflow/example_dags/example_python_operator.py for tasks to queue
[2025-09-04T12:08:09.497+0000] {logging_mixin.py:188} INFO - [2025-09-04T12:08:09.496+0000] {dagbag.py:545} INFO - Filling up the DagBag from /home/airflow/.local/lib/python3.12/site-packages/airflow/example_dags/example_python_operator.py
[2025-09-04T12:08:09.508+0000] {processor.py:840} INFO - DAG(s) 'example_python_operator' retrieved from /home/airflow/.local/lib/python3.12/site-packages/airflow/example_dags/example_python_operator.py
[2025-09-04T12:08:09.529+0000] {logging_mixin.py:188} INFO - [2025-09-04T12:08:09.529+0000] {dag.py:3096} INFO - Sync 1 DAGs
[2025-09-04T12:08:09.541+0000] {logging_mixin.py:188} INFO - [2025-09-04T12:08:09.541+0000] {dag.py:3954} INFO - Setting next_dagrun for example_python_operator to None, run_after=None
[2025-09-04T12:08:09.555+0000] {processor.py:183} INFO - Processing /home/airflow/.local/lib/python3.12/site-packages/airflow/example_dags/example_python_operator.py took 0.069 seconds
[2025-09-04T12:08:40.791+0000] {processor.py:161} INFO - Started process (PID=318) to work on /home/airflow/.local/lib/python3.12/site-packages/airflow/example_dags/example_python_operator.py
[2025-09-04T12:08:40.794+0000] {processor.py:830} INFO - Processing file /home/airflow/.local/lib/python3.12/site-packages/airflow/example_dags/example_python_operator.py for tasks to queue
[2025-09-04T12:08:40.797+0000] {logging_mixin.py:188} INFO - [2025-09-04T12:08:40.797+0000] {dagbag.py:545} INFO - Filling up the DagBag from /home/airflow/.local/lib/python3.12/site-packages/airflow/example_dags/example_python_operator.py
[2025-09-04T12:08:40.823+0000] {processor.py:840} INFO - DAG(s) 'example_python_operator' retrieved from /home/airflow/.local/lib/python3.12/site-packages/airflow/example_dags/example_python_operator.py
[2025-09-04T12:08:40.846+0000] {logging_mixin.py:188} INFO - [2025-09-04T12:08:40.846+0000] {dag.py:3096} INFO - Sync 1 DAGs
[2025-09-04T12:08:40.859+0000] {logging_mixin.py:188} INFO - [2025-09-04T12:08:40.859+0000] {dag.py:3954} INFO - Setting next_dagrun for example_python_operator to None, run_after=None
[2025-09-04T12:08:40.883+0000] {processor.py:183} INFO - Processing /home/airflow/.local/lib/python3.12/site-packages/airflow/example_dags/example_python_operator.py took 0.103 seconds
