[2025-09-04T11:50:07.629+0000] {processor.py:161} INFO - Started process (PID=103) to work on /home/airflow/.local/lib/python3.12/site-packages/airflow/example_dags/example_subdag_operator.py
[2025-09-04T11:50:07.631+0000] {processor.py:830} INFO - Processing file /home/airflow/.local/lib/python3.12/site-packages/airflow/example_dags/example_subdag_operator.py for tasks to queue
[2025-09-04T11:50:07.635+0000] {logging_mixin.py:188} INFO - [2025-09-04T11:50:07.634+0000] {dagbag.py:545} INFO - Filling up the DagBag from /home/airflow/.local/lib/python3.12/site-packages/airflow/example_dags/example_subdag_operator.py
[2025-09-04T11:50:07.669+0000] {processor.py:840} INFO - DAG(s) 'example_subdag_operator.section-1', 'example_subdag_operator.section-2', 'example_subdag_operator' retrieved from /home/airflow/.local/lib/python3.12/site-packages/airflow/example_dags/example_subdag_operator.py
[2025-09-04T11:50:07.786+0000] {logging_mixin.py:188} INFO - [2025-09-04T11:50:07.785+0000] {override.py:1829} INFO - Created Permission View: can edit on DAG:example_subdag_operator
[2025-09-04T11:50:07.797+0000] {logging_mixin.py:188} INFO - [2025-09-04T11:50:07.797+0000] {override.py:1829} INFO - Created Permission View: can read on DAG:example_subdag_operator
[2025-09-04T11:50:07.806+0000] {logging_mixin.py:188} INFO - [2025-09-04T11:50:07.805+0000] {override.py:1829} INFO - Created Permission View: can delete on DAG:example_subdag_operator
[2025-09-04T11:50:07.807+0000] {logging_mixin.py:188} INFO - [2025-09-04T11:50:07.807+0000] {dag.py:3096} INFO - Sync 3 DAGs
[2025-09-04T11:50:07.820+0000] {logging_mixin.py:188} INFO - [2025-09-04T11:50:07.819+0000] {dag.py:3118} INFO - Creating ORM DAG for example_subdag_operator.section-1
[2025-09-04T11:50:07.821+0000] {logging_mixin.py:188} INFO - [2025-09-04T11:50:07.821+0000] {dag.py:3118} INFO - Creating ORM DAG for example_subdag_operator
[2025-09-04T11:50:07.823+0000] {logging_mixin.py:188} INFO - [2025-09-04T11:50:07.822+0000] {dag.py:3118} INFO - Creating ORM DAG for example_subdag_operator.section-2
[2025-09-04T11:50:07.835+0000] {logging_mixin.py:188} INFO - [2025-09-04T11:50:07.835+0000] {dag.py:3954} INFO - Setting next_dagrun for example_subdag_operator to 2022-01-01 00:00:00+00:00, run_after=2022-01-01 00:00:00+00:00
[2025-09-04T11:50:07.836+0000] {logging_mixin.py:188} INFO - [2025-09-04T11:50:07.836+0000] {dag.py:3954} INFO - Setting next_dagrun for example_subdag_operator.section-1 to None, run_after=None
[2025-09-04T11:50:07.837+0000] {logging_mixin.py:188} INFO - [2025-09-04T11:50:07.837+0000] {dag.py:3954} INFO - Setting next_dagrun for example_subdag_operator.section-2 to None, run_after=None
[2025-09-04T11:50:07.849+0000] {logging_mixin.py:188} INFO - [2025-09-04T11:50:07.848+0000] {dag.py:3096} INFO - Sync 2 DAGs
[2025-09-04T11:50:07.855+0000] {logging_mixin.py:188} INFO - [2025-09-04T11:50:07.855+0000] {dag.py:3954} INFO - Setting next_dagrun for example_subdag_operator.section-1 to None, run_after=None
[2025-09-04T11:50:07.859+0000] {logging_mixin.py:188} INFO - [2025-09-04T11:50:07.859+0000] {dag.py:3954} INFO - Setting next_dagrun for example_subdag_operator.section-2 to None, run_after=None
[2025-09-04T11:50:07.873+0000] {processor.py:183} INFO - Processing /home/airflow/.local/lib/python3.12/site-packages/airflow/example_dags/example_subdag_operator.py took 0.252 seconds
[2025-09-04T11:50:38.187+0000] {processor.py:161} INFO - Started process (PID=162) to work on /home/airflow/.local/lib/python3.12/site-packages/airflow/example_dags/example_subdag_operator.py
[2025-09-04T11:50:38.189+0000] {processor.py:830} INFO - Processing file /home/airflow/.local/lib/python3.12/site-packages/airflow/example_dags/example_subdag_operator.py for tasks to queue
[2025-09-04T11:50:38.193+0000] {logging_mixin.py:188} INFO - [2025-09-04T11:50:38.192+0000] {dagbag.py:545} INFO - Filling up the DagBag from /home/airflow/.local/lib/python3.12/site-packages/airflow/example_dags/example_subdag_operator.py
[2025-09-04T11:50:38.233+0000] {processor.py:840} INFO - DAG(s) 'example_subdag_operator.section-1', 'example_subdag_operator.section-2', 'example_subdag_operator' retrieved from /home/airflow/.local/lib/python3.12/site-packages/airflow/example_dags/example_subdag_operator.py
[2025-09-04T11:50:38.266+0000] {logging_mixin.py:188} INFO - [2025-09-04T11:50:38.266+0000] {dag.py:3096} INFO - Sync 3 DAGs
[2025-09-04T11:50:38.310+0000] {logging_mixin.py:188} INFO - [2025-09-04T11:50:38.309+0000] {dag.py:3954} INFO - Setting next_dagrun for example_subdag_operator to 2022-01-01 00:00:00+00:00, run_after=2022-01-01 00:00:00+00:00
[2025-09-04T11:50:38.324+0000] {logging_mixin.py:188} INFO - [2025-09-04T11:50:38.324+0000] {dag.py:3954} INFO - Setting next_dagrun for example_subdag_operator.section-1 to None, run_after=None
[2025-09-04T11:50:38.327+0000] {logging_mixin.py:188} INFO - [2025-09-04T11:50:38.327+0000] {dag.py:3954} INFO - Setting next_dagrun for example_subdag_operator.section-2 to None, run_after=None
[2025-09-04T11:50:38.343+0000] {logging_mixin.py:188} INFO - [2025-09-04T11:50:38.343+0000] {dag.py:3096} INFO - Sync 2 DAGs
[2025-09-04T11:50:38.357+0000] {logging_mixin.py:188} INFO - [2025-09-04T11:50:38.356+0000] {dag.py:3954} INFO - Setting next_dagrun for example_subdag_operator.section-1 to None, run_after=None
[2025-09-04T11:50:38.359+0000] {logging_mixin.py:188} INFO - [2025-09-04T11:50:38.358+0000] {dag.py:3954} INFO - Setting next_dagrun for example_subdag_operator.section-2 to None, run_after=None
[2025-09-04T11:50:38.379+0000] {processor.py:183} INFO - Processing /home/airflow/.local/lib/python3.12/site-packages/airflow/example_dags/example_subdag_operator.py took 0.200 seconds
[2025-09-04T11:51:08.651+0000] {processor.py:161} INFO - Started process (PID=221) to work on /home/airflow/.local/lib/python3.12/site-packages/airflow/example_dags/example_subdag_operator.py
[2025-09-04T11:51:08.653+0000] {processor.py:830} INFO - Processing file /home/airflow/.local/lib/python3.12/site-packages/airflow/example_dags/example_subdag_operator.py for tasks to queue
[2025-09-04T11:51:08.655+0000] {logging_mixin.py:188} INFO - [2025-09-04T11:51:08.655+0000] {dagbag.py:545} INFO - Filling up the DagBag from /home/airflow/.local/lib/python3.12/site-packages/airflow/example_dags/example_subdag_operator.py
[2025-09-04T11:51:08.687+0000] {processor.py:840} INFO - DAG(s) 'example_subdag_operator.section-1', 'example_subdag_operator.section-2', 'example_subdag_operator' retrieved from /home/airflow/.local/lib/python3.12/site-packages/airflow/example_dags/example_subdag_operator.py
[2025-09-04T11:51:08.703+0000] {logging_mixin.py:188} INFO - [2025-09-04T11:51:08.703+0000] {dag.py:3096} INFO - Sync 3 DAGs
[2025-09-04T11:51:08.739+0000] {logging_mixin.py:188} INFO - [2025-09-04T11:51:08.739+0000] {dag.py:3954} INFO - Setting next_dagrun for example_subdag_operator to 2022-01-01 00:00:00+00:00, run_after=2022-01-01 00:00:00+00:00
[2025-09-04T11:51:08.745+0000] {logging_mixin.py:188} INFO - [2025-09-04T11:51:08.745+0000] {dag.py:3954} INFO - Setting next_dagrun for example_subdag_operator.section-1 to None, run_after=None
[2025-09-04T11:51:08.747+0000] {logging_mixin.py:188} INFO - [2025-09-04T11:51:08.747+0000] {dag.py:3954} INFO - Setting next_dagrun for example_subdag_operator.section-2 to None, run_after=None
[2025-09-04T11:51:08.759+0000] {logging_mixin.py:188} INFO - [2025-09-04T11:51:08.758+0000] {dag.py:3096} INFO - Sync 2 DAGs
[2025-09-04T11:51:08.767+0000] {logging_mixin.py:188} INFO - [2025-09-04T11:51:08.767+0000] {dag.py:3954} INFO - Setting next_dagrun for example_subdag_operator.section-1 to None, run_after=None
[2025-09-04T11:51:08.768+0000] {logging_mixin.py:188} INFO - [2025-09-04T11:51:08.768+0000] {dag.py:3954} INFO - Setting next_dagrun for example_subdag_operator.section-2 to None, run_after=None
[2025-09-04T11:51:08.788+0000] {processor.py:183} INFO - Processing /home/airflow/.local/lib/python3.12/site-packages/airflow/example_dags/example_subdag_operator.py took 0.146 seconds
[2025-09-04T11:51:39.220+0000] {processor.py:161} INFO - Started process (PID=276) to work on /home/airflow/.local/lib/python3.12/site-packages/airflow/example_dags/example_subdag_operator.py
[2025-09-04T11:51:39.222+0000] {processor.py:830} INFO - Processing file /home/airflow/.local/lib/python3.12/site-packages/airflow/example_dags/example_subdag_operator.py for tasks to queue
[2025-09-04T11:51:39.225+0000] {logging_mixin.py:188} INFO - [2025-09-04T11:51:39.224+0000] {dagbag.py:545} INFO - Filling up the DagBag from /home/airflow/.local/lib/python3.12/site-packages/airflow/example_dags/example_subdag_operator.py
[2025-09-04T11:51:39.246+0000] {processor.py:840} INFO - DAG(s) 'example_subdag_operator.section-1', 'example_subdag_operator.section-2', 'example_subdag_operator' retrieved from /home/airflow/.local/lib/python3.12/site-packages/airflow/example_dags/example_subdag_operator.py
[2025-09-04T11:51:39.258+0000] {logging_mixin.py:188} INFO - [2025-09-04T11:51:39.258+0000] {dag.py:3096} INFO - Sync 3 DAGs
[2025-09-04T11:51:39.283+0000] {logging_mixin.py:188} INFO - [2025-09-04T11:51:39.283+0000] {dag.py:3954} INFO - Setting next_dagrun for example_subdag_operator to 2022-01-01 00:00:00+00:00, run_after=2022-01-01 00:00:00+00:00
[2025-09-04T11:51:39.287+0000] {logging_mixin.py:188} INFO - [2025-09-04T11:51:39.287+0000] {dag.py:3954} INFO - Setting next_dagrun for example_subdag_operator.section-1 to None, run_after=None
[2025-09-04T11:51:39.289+0000] {logging_mixin.py:188} INFO - [2025-09-04T11:51:39.288+0000] {dag.py:3954} INFO - Setting next_dagrun for example_subdag_operator.section-2 to None, run_after=None
[2025-09-04T11:51:39.298+0000] {logging_mixin.py:188} INFO - [2025-09-04T11:51:39.298+0000] {dag.py:3096} INFO - Sync 2 DAGs
[2025-09-04T11:51:39.302+0000] {logging_mixin.py:188} INFO - [2025-09-04T11:51:39.302+0000] {dag.py:3954} INFO - Setting next_dagrun for example_subdag_operator.section-1 to None, run_after=None
[2025-09-04T11:51:39.303+0000] {logging_mixin.py:188} INFO - [2025-09-04T11:51:39.303+0000] {dag.py:3954} INFO - Setting next_dagrun for example_subdag_operator.section-2 to None, run_after=None
[2025-09-04T11:51:39.325+0000] {processor.py:183} INFO - Processing /home/airflow/.local/lib/python3.12/site-packages/airflow/example_dags/example_subdag_operator.py took 0.114 seconds
[2025-09-04T11:52:09.703+0000] {processor.py:161} INFO - Started process (PID=334) to work on /home/airflow/.local/lib/python3.12/site-packages/airflow/example_dags/example_subdag_operator.py
[2025-09-04T11:52:09.705+0000] {processor.py:830} INFO - Processing file /home/airflow/.local/lib/python3.12/site-packages/airflow/example_dags/example_subdag_operator.py for tasks to queue
[2025-09-04T11:52:09.706+0000] {logging_mixin.py:188} INFO - [2025-09-04T11:52:09.706+0000] {dagbag.py:545} INFO - Filling up the DagBag from /home/airflow/.local/lib/python3.12/site-packages/airflow/example_dags/example_subdag_operator.py
[2025-09-04T11:52:09.727+0000] {processor.py:840} INFO - DAG(s) 'example_subdag_operator.section-1', 'example_subdag_operator.section-2', 'example_subdag_operator' retrieved from /home/airflow/.local/lib/python3.12/site-packages/airflow/example_dags/example_subdag_operator.py
[2025-09-04T11:52:09.739+0000] {logging_mixin.py:188} INFO - [2025-09-04T11:52:09.739+0000] {dag.py:3096} INFO - Sync 3 DAGs
[2025-09-04T11:52:09.756+0000] {logging_mixin.py:188} INFO - [2025-09-04T11:52:09.756+0000] {dag.py:3954} INFO - Setting next_dagrun for example_subdag_operator to 2022-01-01 00:00:00+00:00, run_after=2022-01-01 00:00:00+00:00
[2025-09-04T11:52:09.760+0000] {logging_mixin.py:188} INFO - [2025-09-04T11:52:09.759+0000] {dag.py:3954} INFO - Setting next_dagrun for example_subdag_operator.section-1 to None, run_after=None
[2025-09-04T11:52:09.761+0000] {logging_mixin.py:188} INFO - [2025-09-04T11:52:09.761+0000] {dag.py:3954} INFO - Setting next_dagrun for example_subdag_operator.section-2 to None, run_after=None
[2025-09-04T11:52:09.767+0000] {logging_mixin.py:188} INFO - [2025-09-04T11:52:09.767+0000] {dag.py:3096} INFO - Sync 2 DAGs
[2025-09-04T11:52:09.771+0000] {logging_mixin.py:188} INFO - [2025-09-04T11:52:09.771+0000] {dag.py:3954} INFO - Setting next_dagrun for example_subdag_operator.section-1 to None, run_after=None
[2025-09-04T11:52:09.772+0000] {logging_mixin.py:188} INFO - [2025-09-04T11:52:09.772+0000] {dag.py:3954} INFO - Setting next_dagrun for example_subdag_operator.section-2 to None, run_after=None
[2025-09-04T11:52:09.782+0000] {processor.py:183} INFO - Processing /home/airflow/.local/lib/python3.12/site-packages/airflow/example_dags/example_subdag_operator.py took 0.083 seconds
[2025-09-04T11:52:41.067+0000] {processor.py:161} INFO - Started process (PID=392) to work on /home/airflow/.local/lib/python3.12/site-packages/airflow/example_dags/example_subdag_operator.py
[2025-09-04T11:52:41.068+0000] {processor.py:830} INFO - Processing file /home/airflow/.local/lib/python3.12/site-packages/airflow/example_dags/example_subdag_operator.py for tasks to queue
[2025-09-04T11:52:41.071+0000] {logging_mixin.py:188} INFO - [2025-09-04T11:52:41.070+0000] {dagbag.py:545} INFO - Filling up the DagBag from /home/airflow/.local/lib/python3.12/site-packages/airflow/example_dags/example_subdag_operator.py
[2025-09-04T11:52:41.101+0000] {processor.py:840} INFO - DAG(s) 'example_subdag_operator.section-1', 'example_subdag_operator.section-2', 'example_subdag_operator' retrieved from /home/airflow/.local/lib/python3.12/site-packages/airflow/example_dags/example_subdag_operator.py
[2025-09-04T11:52:41.123+0000] {logging_mixin.py:188} INFO - [2025-09-04T11:52:41.123+0000] {dag.py:3096} INFO - Sync 3 DAGs
[2025-09-04T11:52:41.170+0000] {logging_mixin.py:188} INFO - [2025-09-04T11:52:41.170+0000] {dag.py:3954} INFO - Setting next_dagrun for example_subdag_operator to 2022-01-01 00:00:00+00:00, run_after=2022-01-01 00:00:00+00:00
[2025-09-04T11:52:41.176+0000] {logging_mixin.py:188} INFO - [2025-09-04T11:52:41.176+0000] {dag.py:3954} INFO - Setting next_dagrun for example_subdag_operator.section-1 to None, run_after=None
[2025-09-04T11:52:41.179+0000] {logging_mixin.py:188} INFO - [2025-09-04T11:52:41.179+0000] {dag.py:3954} INFO - Setting next_dagrun for example_subdag_operator.section-2 to None, run_after=None
[2025-09-04T11:52:41.190+0000] {logging_mixin.py:188} INFO - [2025-09-04T11:52:41.190+0000] {dag.py:3096} INFO - Sync 2 DAGs
[2025-09-04T11:52:41.201+0000] {logging_mixin.py:188} INFO - [2025-09-04T11:52:41.200+0000] {dag.py:3954} INFO - Setting next_dagrun for example_subdag_operator.section-1 to None, run_after=None
[2025-09-04T11:52:41.205+0000] {logging_mixin.py:188} INFO - [2025-09-04T11:52:41.205+0000] {dag.py:3954} INFO - Setting next_dagrun for example_subdag_operator.section-2 to None, run_after=None
[2025-09-04T11:52:41.221+0000] {processor.py:183} INFO - Processing /home/airflow/.local/lib/python3.12/site-packages/airflow/example_dags/example_subdag_operator.py took 0.159 seconds
[2025-09-04T11:53:11.585+0000] {processor.py:161} INFO - Started process (PID=450) to work on /home/airflow/.local/lib/python3.12/site-packages/airflow/example_dags/example_subdag_operator.py
[2025-09-04T11:53:11.586+0000] {processor.py:830} INFO - Processing file /home/airflow/.local/lib/python3.12/site-packages/airflow/example_dags/example_subdag_operator.py for tasks to queue
[2025-09-04T11:53:11.589+0000] {logging_mixin.py:188} INFO - [2025-09-04T11:53:11.589+0000] {dagbag.py:545} INFO - Filling up the DagBag from /home/airflow/.local/lib/python3.12/site-packages/airflow/example_dags/example_subdag_operator.py
[2025-09-04T11:53:11.621+0000] {processor.py:840} INFO - DAG(s) 'example_subdag_operator.section-1', 'example_subdag_operator.section-2', 'example_subdag_operator' retrieved from /home/airflow/.local/lib/python3.12/site-packages/airflow/example_dags/example_subdag_operator.py
[2025-09-04T11:53:11.635+0000] {logging_mixin.py:188} INFO - [2025-09-04T11:53:11.635+0000] {dag.py:3096} INFO - Sync 3 DAGs
[2025-09-04T11:53:11.661+0000] {logging_mixin.py:188} INFO - [2025-09-04T11:53:11.660+0000] {dag.py:3954} INFO - Setting next_dagrun for example_subdag_operator to 2022-01-01 00:00:00+00:00, run_after=2022-01-01 00:00:00+00:00
[2025-09-04T11:53:11.664+0000] {logging_mixin.py:188} INFO - [2025-09-04T11:53:11.664+0000] {dag.py:3954} INFO - Setting next_dagrun for example_subdag_operator.section-1 to None, run_after=None
[2025-09-04T11:53:11.666+0000] {logging_mixin.py:188} INFO - [2025-09-04T11:53:11.666+0000] {dag.py:3954} INFO - Setting next_dagrun for example_subdag_operator.section-2 to None, run_after=None
[2025-09-04T11:53:11.672+0000] {logging_mixin.py:188} INFO - [2025-09-04T11:53:11.672+0000] {dag.py:3096} INFO - Sync 2 DAGs
[2025-09-04T11:53:11.678+0000] {logging_mixin.py:188} INFO - [2025-09-04T11:53:11.678+0000] {dag.py:3954} INFO - Setting next_dagrun for example_subdag_operator.section-1 to None, run_after=None
[2025-09-04T11:53:11.679+0000] {logging_mixin.py:188} INFO - [2025-09-04T11:53:11.679+0000] {dag.py:3954} INFO - Setting next_dagrun for example_subdag_operator.section-2 to None, run_after=None
[2025-09-04T11:53:11.689+0000] {processor.py:183} INFO - Processing /home/airflow/.local/lib/python3.12/site-packages/airflow/example_dags/example_subdag_operator.py took 0.111 seconds
[2025-09-04T11:53:41.980+0000] {processor.py:161} INFO - Started process (PID=508) to work on /home/airflow/.local/lib/python3.12/site-packages/airflow/example_dags/example_subdag_operator.py
[2025-09-04T11:53:41.981+0000] {processor.py:830} INFO - Processing file /home/airflow/.local/lib/python3.12/site-packages/airflow/example_dags/example_subdag_operator.py for tasks to queue
[2025-09-04T11:53:41.984+0000] {logging_mixin.py:188} INFO - [2025-09-04T11:53:41.983+0000] {dagbag.py:545} INFO - Filling up the DagBag from /home/airflow/.local/lib/python3.12/site-packages/airflow/example_dags/example_subdag_operator.py
[2025-09-04T11:53:42.014+0000] {processor.py:840} INFO - DAG(s) 'example_subdag_operator.section-1', 'example_subdag_operator.section-2', 'example_subdag_operator' retrieved from /home/airflow/.local/lib/python3.12/site-packages/airflow/example_dags/example_subdag_operator.py
[2025-09-04T11:53:42.035+0000] {logging_mixin.py:188} INFO - [2025-09-04T11:53:42.034+0000] {dag.py:3096} INFO - Sync 3 DAGs
[2025-09-04T11:53:42.053+0000] {logging_mixin.py:188} INFO - [2025-09-04T11:53:42.052+0000] {dag.py:3954} INFO - Setting next_dagrun for example_subdag_operator to 2022-01-01 00:00:00+00:00, run_after=2022-01-01 00:00:00+00:00
[2025-09-04T11:53:42.056+0000] {logging_mixin.py:188} INFO - [2025-09-04T11:53:42.056+0000] {dag.py:3954} INFO - Setting next_dagrun for example_subdag_operator.section-1 to None, run_after=None
[2025-09-04T11:53:42.058+0000] {logging_mixin.py:188} INFO - [2025-09-04T11:53:42.058+0000] {dag.py:3954} INFO - Setting next_dagrun for example_subdag_operator.section-2 to None, run_after=None
[2025-09-04T11:53:42.065+0000] {logging_mixin.py:188} INFO - [2025-09-04T11:53:42.065+0000] {dag.py:3096} INFO - Sync 2 DAGs
[2025-09-04T11:53:42.069+0000] {logging_mixin.py:188} INFO - [2025-09-04T11:53:42.069+0000] {dag.py:3954} INFO - Setting next_dagrun for example_subdag_operator.section-1 to None, run_after=None
[2025-09-04T11:53:42.071+0000] {logging_mixin.py:188} INFO - [2025-09-04T11:53:42.071+0000] {dag.py:3954} INFO - Setting next_dagrun for example_subdag_operator.section-2 to None, run_after=None
[2025-09-04T11:53:42.085+0000] {processor.py:183} INFO - Processing /home/airflow/.local/lib/python3.12/site-packages/airflow/example_dags/example_subdag_operator.py took 0.115 seconds
[2025-09-04T11:54:12.343+0000] {processor.py:161} INFO - Started process (PID=566) to work on /home/airflow/.local/lib/python3.12/site-packages/airflow/example_dags/example_subdag_operator.py
[2025-09-04T11:54:12.344+0000] {processor.py:830} INFO - Processing file /home/airflow/.local/lib/python3.12/site-packages/airflow/example_dags/example_subdag_operator.py for tasks to queue
[2025-09-04T11:54:12.346+0000] {logging_mixin.py:188} INFO - [2025-09-04T11:54:12.346+0000] {dagbag.py:545} INFO - Filling up the DagBag from /home/airflow/.local/lib/python3.12/site-packages/airflow/example_dags/example_subdag_operator.py
[2025-09-04T11:54:12.366+0000] {processor.py:840} INFO - DAG(s) 'example_subdag_operator.section-1', 'example_subdag_operator.section-2', 'example_subdag_operator' retrieved from /home/airflow/.local/lib/python3.12/site-packages/airflow/example_dags/example_subdag_operator.py
[2025-09-04T11:54:12.377+0000] {logging_mixin.py:188} INFO - [2025-09-04T11:54:12.377+0000] {dag.py:3096} INFO - Sync 3 DAGs
[2025-09-04T11:54:12.397+0000] {logging_mixin.py:188} INFO - [2025-09-04T11:54:12.397+0000] {dag.py:3954} INFO - Setting next_dagrun for example_subdag_operator to 2022-01-01 00:00:00+00:00, run_after=2022-01-01 00:00:00+00:00
[2025-09-04T11:54:12.401+0000] {logging_mixin.py:188} INFO - [2025-09-04T11:54:12.401+0000] {dag.py:3954} INFO - Setting next_dagrun for example_subdag_operator.section-1 to None, run_after=None
[2025-09-04T11:54:12.402+0000] {logging_mixin.py:188} INFO - [2025-09-04T11:54:12.402+0000] {dag.py:3954} INFO - Setting next_dagrun for example_subdag_operator.section-2 to None, run_after=None
[2025-09-04T11:54:12.411+0000] {logging_mixin.py:188} INFO - [2025-09-04T11:54:12.411+0000] {dag.py:3096} INFO - Sync 2 DAGs
[2025-09-04T11:54:12.417+0000] {logging_mixin.py:188} INFO - [2025-09-04T11:54:12.417+0000] {dag.py:3954} INFO - Setting next_dagrun for example_subdag_operator.section-1 to None, run_after=None
[2025-09-04T11:54:12.419+0000] {logging_mixin.py:188} INFO - [2025-09-04T11:54:12.419+0000] {dag.py:3954} INFO - Setting next_dagrun for example_subdag_operator.section-2 to None, run_after=None
[2025-09-04T11:54:12.430+0000] {processor.py:183} INFO - Processing /home/airflow/.local/lib/python3.12/site-packages/airflow/example_dags/example_subdag_operator.py took 0.091 seconds
[2025-09-04T11:54:43.214+0000] {processor.py:161} INFO - Started process (PID=624) to work on /home/airflow/.local/lib/python3.12/site-packages/airflow/example_dags/example_subdag_operator.py
[2025-09-04T11:54:43.215+0000] {processor.py:830} INFO - Processing file /home/airflow/.local/lib/python3.12/site-packages/airflow/example_dags/example_subdag_operator.py for tasks to queue
[2025-09-04T11:54:43.217+0000] {logging_mixin.py:188} INFO - [2025-09-04T11:54:43.217+0000] {dagbag.py:545} INFO - Filling up the DagBag from /home/airflow/.local/lib/python3.12/site-packages/airflow/example_dags/example_subdag_operator.py
[2025-09-04T11:54:43.235+0000] {processor.py:840} INFO - DAG(s) 'example_subdag_operator.section-1', 'example_subdag_operator.section-2', 'example_subdag_operator' retrieved from /home/airflow/.local/lib/python3.12/site-packages/airflow/example_dags/example_subdag_operator.py
[2025-09-04T11:54:43.247+0000] {logging_mixin.py:188} INFO - [2025-09-04T11:54:43.247+0000] {dag.py:3096} INFO - Sync 3 DAGs
[2025-09-04T11:54:43.267+0000] {logging_mixin.py:188} INFO - [2025-09-04T11:54:43.266+0000] {dag.py:3954} INFO - Setting next_dagrun for example_subdag_operator to 2022-01-01 00:00:00+00:00, run_after=2022-01-01 00:00:00+00:00
[2025-09-04T11:54:43.270+0000] {logging_mixin.py:188} INFO - [2025-09-04T11:54:43.270+0000] {dag.py:3954} INFO - Setting next_dagrun for example_subdag_operator.section-1 to None, run_after=None
[2025-09-04T11:54:43.272+0000] {logging_mixin.py:188} INFO - [2025-09-04T11:54:43.272+0000] {dag.py:3954} INFO - Setting next_dagrun for example_subdag_operator.section-2 to None, run_after=None
[2025-09-04T11:54:43.278+0000] {logging_mixin.py:188} INFO - [2025-09-04T11:54:43.278+0000] {dag.py:3096} INFO - Sync 2 DAGs
[2025-09-04T11:54:43.282+0000] {logging_mixin.py:188} INFO - [2025-09-04T11:54:43.282+0000] {dag.py:3954} INFO - Setting next_dagrun for example_subdag_operator.section-1 to None, run_after=None
[2025-09-04T11:54:43.284+0000] {logging_mixin.py:188} INFO - [2025-09-04T11:54:43.284+0000] {dag.py:3954} INFO - Setting next_dagrun for example_subdag_operator.section-2 to None, run_after=None
[2025-09-04T11:54:43.292+0000] {processor.py:183} INFO - Processing /home/airflow/.local/lib/python3.12/site-packages/airflow/example_dags/example_subdag_operator.py took 0.084 seconds
[2025-09-04T11:55:14.197+0000] {processor.py:161} INFO - Started process (PID=682) to work on /home/airflow/.local/lib/python3.12/site-packages/airflow/example_dags/example_subdag_operator.py
[2025-09-04T11:55:14.200+0000] {processor.py:830} INFO - Processing file /home/airflow/.local/lib/python3.12/site-packages/airflow/example_dags/example_subdag_operator.py for tasks to queue
[2025-09-04T11:55:14.206+0000] {logging_mixin.py:188} INFO - [2025-09-04T11:55:14.205+0000] {dagbag.py:545} INFO - Filling up the DagBag from /home/airflow/.local/lib/python3.12/site-packages/airflow/example_dags/example_subdag_operator.py
[2025-09-04T11:55:14.250+0000] {processor.py:840} INFO - DAG(s) 'example_subdag_operator.section-1', 'example_subdag_operator.section-2', 'example_subdag_operator' retrieved from /home/airflow/.local/lib/python3.12/site-packages/airflow/example_dags/example_subdag_operator.py
[2025-09-04T11:55:14.276+0000] {logging_mixin.py:188} INFO - [2025-09-04T11:55:14.275+0000] {dag.py:3096} INFO - Sync 3 DAGs
[2025-09-04T11:55:14.296+0000] {logging_mixin.py:188} INFO - [2025-09-04T11:55:14.296+0000] {dag.py:3954} INFO - Setting next_dagrun for example_subdag_operator to 2022-01-01 00:00:00+00:00, run_after=2022-01-01 00:00:00+00:00
[2025-09-04T11:55:14.300+0000] {logging_mixin.py:188} INFO - [2025-09-04T11:55:14.300+0000] {dag.py:3954} INFO - Setting next_dagrun for example_subdag_operator.section-1 to None, run_after=None
[2025-09-04T11:55:14.302+0000] {logging_mixin.py:188} INFO - [2025-09-04T11:55:14.301+0000] {dag.py:3954} INFO - Setting next_dagrun for example_subdag_operator.section-2 to None, run_after=None
[2025-09-04T11:55:14.311+0000] {logging_mixin.py:188} INFO - [2025-09-04T11:55:14.311+0000] {dag.py:3096} INFO - Sync 2 DAGs
[2025-09-04T11:55:14.318+0000] {logging_mixin.py:188} INFO - [2025-09-04T11:55:14.318+0000] {dag.py:3954} INFO - Setting next_dagrun for example_subdag_operator.section-1 to None, run_after=None
[2025-09-04T11:55:14.319+0000] {logging_mixin.py:188} INFO - [2025-09-04T11:55:14.319+0000] {dag.py:3954} INFO - Setting next_dagrun for example_subdag_operator.section-2 to None, run_after=None
[2025-09-04T11:55:14.334+0000] {processor.py:183} INFO - Processing /home/airflow/.local/lib/python3.12/site-packages/airflow/example_dags/example_subdag_operator.py took 0.149 seconds
[2025-09-04T11:55:44.422+0000] {processor.py:161} INFO - Started process (PID=741) to work on /home/airflow/.local/lib/python3.12/site-packages/airflow/example_dags/example_subdag_operator.py
[2025-09-04T11:55:44.424+0000] {processor.py:830} INFO - Processing file /home/airflow/.local/lib/python3.12/site-packages/airflow/example_dags/example_subdag_operator.py for tasks to queue
[2025-09-04T11:55:44.426+0000] {logging_mixin.py:188} INFO - [2025-09-04T11:55:44.425+0000] {dagbag.py:545} INFO - Filling up the DagBag from /home/airflow/.local/lib/python3.12/site-packages/airflow/example_dags/example_subdag_operator.py
[2025-09-04T11:55:44.446+0000] {processor.py:840} INFO - DAG(s) 'example_subdag_operator.section-1', 'example_subdag_operator.section-2', 'example_subdag_operator' retrieved from /home/airflow/.local/lib/python3.12/site-packages/airflow/example_dags/example_subdag_operator.py
[2025-09-04T11:55:44.459+0000] {logging_mixin.py:188} INFO - [2025-09-04T11:55:44.458+0000] {dag.py:3096} INFO - Sync 3 DAGs
[2025-09-04T11:55:44.478+0000] {logging_mixin.py:188} INFO - [2025-09-04T11:55:44.477+0000] {dag.py:3954} INFO - Setting next_dagrun for example_subdag_operator to 2022-01-01 00:00:00+00:00, run_after=2022-01-01 00:00:00+00:00
[2025-09-04T11:55:44.482+0000] {logging_mixin.py:188} INFO - [2025-09-04T11:55:44.482+0000] {dag.py:3954} INFO - Setting next_dagrun for example_subdag_operator.section-1 to None, run_after=None
[2025-09-04T11:55:44.484+0000] {logging_mixin.py:188} INFO - [2025-09-04T11:55:44.484+0000] {dag.py:3954} INFO - Setting next_dagrun for example_subdag_operator.section-2 to None, run_after=None
[2025-09-04T11:55:44.490+0000] {logging_mixin.py:188} INFO - [2025-09-04T11:55:44.490+0000] {dag.py:3096} INFO - Sync 2 DAGs
[2025-09-04T11:55:44.499+0000] {logging_mixin.py:188} INFO - [2025-09-04T11:55:44.498+0000] {dag.py:3954} INFO - Setting next_dagrun for example_subdag_operator.section-1 to None, run_after=None
[2025-09-04T11:55:44.500+0000] {logging_mixin.py:188} INFO - [2025-09-04T11:55:44.500+0000] {dag.py:3954} INFO - Setting next_dagrun for example_subdag_operator.section-2 to None, run_after=None
[2025-09-04T11:55:44.516+0000] {processor.py:183} INFO - Processing /home/airflow/.local/lib/python3.12/site-packages/airflow/example_dags/example_subdag_operator.py took 0.106 seconds
[2025-09-04T11:56:15.068+0000] {processor.py:161} INFO - Started process (PID=799) to work on /home/airflow/.local/lib/python3.12/site-packages/airflow/example_dags/example_subdag_operator.py
[2025-09-04T11:56:15.069+0000] {processor.py:830} INFO - Processing file /home/airflow/.local/lib/python3.12/site-packages/airflow/example_dags/example_subdag_operator.py for tasks to queue
[2025-09-04T11:56:15.072+0000] {logging_mixin.py:188} INFO - [2025-09-04T11:56:15.071+0000] {dagbag.py:545} INFO - Filling up the DagBag from /home/airflow/.local/lib/python3.12/site-packages/airflow/example_dags/example_subdag_operator.py
[2025-09-04T11:56:15.096+0000] {processor.py:840} INFO - DAG(s) 'example_subdag_operator.section-1', 'example_subdag_operator.section-2', 'example_subdag_operator' retrieved from /home/airflow/.local/lib/python3.12/site-packages/airflow/example_dags/example_subdag_operator.py
[2025-09-04T11:56:15.115+0000] {logging_mixin.py:188} INFO - [2025-09-04T11:56:15.114+0000] {dag.py:3096} INFO - Sync 3 DAGs
[2025-09-04T11:56:15.145+0000] {logging_mixin.py:188} INFO - [2025-09-04T11:56:15.145+0000] {dag.py:3954} INFO - Setting next_dagrun for example_subdag_operator to 2022-01-01 00:00:00+00:00, run_after=2022-01-01 00:00:00+00:00
[2025-09-04T11:56:15.153+0000] {logging_mixin.py:188} INFO - [2025-09-04T11:56:15.153+0000] {dag.py:3954} INFO - Setting next_dagrun for example_subdag_operator.section-1 to None, run_after=None
[2025-09-04T11:56:15.156+0000] {logging_mixin.py:188} INFO - [2025-09-04T11:56:15.155+0000] {dag.py:3954} INFO - Setting next_dagrun for example_subdag_operator.section-2 to None, run_after=None
[2025-09-04T11:56:15.168+0000] {logging_mixin.py:188} INFO - [2025-09-04T11:56:15.167+0000] {dag.py:3096} INFO - Sync 2 DAGs
[2025-09-04T11:56:15.175+0000] {logging_mixin.py:188} INFO - [2025-09-04T11:56:15.175+0000] {dag.py:3954} INFO - Setting next_dagrun for example_subdag_operator.section-1 to None, run_after=None
[2025-09-04T11:56:15.176+0000] {logging_mixin.py:188} INFO - [2025-09-04T11:56:15.176+0000] {dag.py:3954} INFO - Setting next_dagrun for example_subdag_operator.section-2 to None, run_after=None
[2025-09-04T11:56:15.193+0000] {processor.py:183} INFO - Processing /home/airflow/.local/lib/python3.12/site-packages/airflow/example_dags/example_subdag_operator.py took 0.130 seconds
[2025-09-04T11:56:45.477+0000] {processor.py:161} INFO - Started process (PID=858) to work on /home/airflow/.local/lib/python3.12/site-packages/airflow/example_dags/example_subdag_operator.py
[2025-09-04T11:56:45.480+0000] {processor.py:830} INFO - Processing file /home/airflow/.local/lib/python3.12/site-packages/airflow/example_dags/example_subdag_operator.py for tasks to queue
[2025-09-04T11:56:45.482+0000] {logging_mixin.py:188} INFO - [2025-09-04T11:56:45.482+0000] {dagbag.py:545} INFO - Filling up the DagBag from /home/airflow/.local/lib/python3.12/site-packages/airflow/example_dags/example_subdag_operator.py
[2025-09-04T11:56:45.501+0000] {processor.py:840} INFO - DAG(s) 'example_subdag_operator.section-1', 'example_subdag_operator.section-2', 'example_subdag_operator' retrieved from /home/airflow/.local/lib/python3.12/site-packages/airflow/example_dags/example_subdag_operator.py
[2025-09-04T11:56:45.518+0000] {logging_mixin.py:188} INFO - [2025-09-04T11:56:45.517+0000] {dag.py:3096} INFO - Sync 3 DAGs
[2025-09-04T11:56:45.535+0000] {logging_mixin.py:188} INFO - [2025-09-04T11:56:45.535+0000] {dag.py:3954} INFO - Setting next_dagrun for example_subdag_operator to 2022-01-01 00:00:00+00:00, run_after=2022-01-01 00:00:00+00:00
[2025-09-04T11:56:45.539+0000] {logging_mixin.py:188} INFO - [2025-09-04T11:56:45.539+0000] {dag.py:3954} INFO - Setting next_dagrun for example_subdag_operator.section-1 to None, run_after=None
[2025-09-04T11:56:45.541+0000] {logging_mixin.py:188} INFO - [2025-09-04T11:56:45.540+0000] {dag.py:3954} INFO - Setting next_dagrun for example_subdag_operator.section-2 to None, run_after=None
[2025-09-04T11:56:45.547+0000] {logging_mixin.py:188} INFO - [2025-09-04T11:56:45.547+0000] {dag.py:3096} INFO - Sync 2 DAGs
[2025-09-04T11:56:45.551+0000] {logging_mixin.py:188} INFO - [2025-09-04T11:56:45.551+0000] {dag.py:3954} INFO - Setting next_dagrun for example_subdag_operator.section-1 to None, run_after=None
[2025-09-04T11:56:45.552+0000] {logging_mixin.py:188} INFO - [2025-09-04T11:56:45.552+0000] {dag.py:3954} INFO - Setting next_dagrun for example_subdag_operator.section-2 to None, run_after=None
[2025-09-04T11:56:45.562+0000] {processor.py:183} INFO - Processing /home/airflow/.local/lib/python3.12/site-packages/airflow/example_dags/example_subdag_operator.py took 0.094 seconds
[2025-09-04T11:57:16.476+0000] {processor.py:161} INFO - Started process (PID=914) to work on /home/airflow/.local/lib/python3.12/site-packages/airflow/example_dags/example_subdag_operator.py
[2025-09-04T11:57:16.477+0000] {processor.py:830} INFO - Processing file /home/airflow/.local/lib/python3.12/site-packages/airflow/example_dags/example_subdag_operator.py for tasks to queue
[2025-09-04T11:57:16.480+0000] {logging_mixin.py:188} INFO - [2025-09-04T11:57:16.479+0000] {dagbag.py:545} INFO - Filling up the DagBag from /home/airflow/.local/lib/python3.12/site-packages/airflow/example_dags/example_subdag_operator.py
[2025-09-04T11:57:16.513+0000] {processor.py:840} INFO - DAG(s) 'example_subdag_operator.section-1', 'example_subdag_operator.section-2', 'example_subdag_operator' retrieved from /home/airflow/.local/lib/python3.12/site-packages/airflow/example_dags/example_subdag_operator.py
[2025-09-04T11:57:16.544+0000] {logging_mixin.py:188} INFO - [2025-09-04T11:57:16.543+0000] {dag.py:3096} INFO - Sync 3 DAGs
[2025-09-04T11:57:16.582+0000] {logging_mixin.py:188} INFO - [2025-09-04T11:57:16.582+0000] {dag.py:3954} INFO - Setting next_dagrun for example_subdag_operator to 2022-01-01 00:00:00+00:00, run_after=2022-01-01 00:00:00+00:00
[2025-09-04T11:57:16.589+0000] {logging_mixin.py:188} INFO - [2025-09-04T11:57:16.589+0000] {dag.py:3954} INFO - Setting next_dagrun for example_subdag_operator.section-1 to None, run_after=None
[2025-09-04T11:57:16.591+0000] {logging_mixin.py:188} INFO - [2025-09-04T11:57:16.590+0000] {dag.py:3954} INFO - Setting next_dagrun for example_subdag_operator.section-2 to None, run_after=None
[2025-09-04T11:57:16.602+0000] {logging_mixin.py:188} INFO - [2025-09-04T11:57:16.601+0000] {dag.py:3096} INFO - Sync 2 DAGs
[2025-09-04T11:57:16.608+0000] {logging_mixin.py:188} INFO - [2025-09-04T11:57:16.608+0000] {dag.py:3954} INFO - Setting next_dagrun for example_subdag_operator.section-1 to None, run_after=None
[2025-09-04T11:57:16.609+0000] {logging_mixin.py:188} INFO - [2025-09-04T11:57:16.609+0000] {dag.py:3954} INFO - Setting next_dagrun for example_subdag_operator.section-2 to None, run_after=None
[2025-09-04T11:57:16.617+0000] {processor.py:183} INFO - Processing /home/airflow/.local/lib/python3.12/site-packages/airflow/example_dags/example_subdag_operator.py took 0.146 seconds
[2025-09-04T11:57:46.739+0000] {processor.py:161} INFO - Started process (PID=972) to work on /home/airflow/.local/lib/python3.12/site-packages/airflow/example_dags/example_subdag_operator.py
[2025-09-04T11:57:46.740+0000] {processor.py:830} INFO - Processing file /home/airflow/.local/lib/python3.12/site-packages/airflow/example_dags/example_subdag_operator.py for tasks to queue
[2025-09-04T11:57:46.742+0000] {logging_mixin.py:188} INFO - [2025-09-04T11:57:46.742+0000] {dagbag.py:545} INFO - Filling up the DagBag from /home/airflow/.local/lib/python3.12/site-packages/airflow/example_dags/example_subdag_operator.py
[2025-09-04T11:57:46.772+0000] {processor.py:840} INFO - DAG(s) 'example_subdag_operator.section-1', 'example_subdag_operator.section-2', 'example_subdag_operator' retrieved from /home/airflow/.local/lib/python3.12/site-packages/airflow/example_dags/example_subdag_operator.py
[2025-09-04T11:57:46.783+0000] {logging_mixin.py:188} INFO - [2025-09-04T11:57:46.783+0000] {dag.py:3096} INFO - Sync 3 DAGs
[2025-09-04T11:57:46.799+0000] {logging_mixin.py:188} INFO - [2025-09-04T11:57:46.799+0000] {dag.py:3954} INFO - Setting next_dagrun for example_subdag_operator to 2022-01-01 00:00:00+00:00, run_after=2022-01-01 00:00:00+00:00
[2025-09-04T11:57:46.803+0000] {logging_mixin.py:188} INFO - [2025-09-04T11:57:46.803+0000] {dag.py:3954} INFO - Setting next_dagrun for example_subdag_operator.section-1 to None, run_after=None
[2025-09-04T11:57:46.804+0000] {logging_mixin.py:188} INFO - [2025-09-04T11:57:46.804+0000] {dag.py:3954} INFO - Setting next_dagrun for example_subdag_operator.section-2 to None, run_after=None
[2025-09-04T11:57:46.811+0000] {logging_mixin.py:188} INFO - [2025-09-04T11:57:46.811+0000] {dag.py:3096} INFO - Sync 2 DAGs
[2025-09-04T11:57:46.815+0000] {logging_mixin.py:188} INFO - [2025-09-04T11:57:46.815+0000] {dag.py:3954} INFO - Setting next_dagrun for example_subdag_operator.section-1 to None, run_after=None
[2025-09-04T11:57:46.816+0000] {logging_mixin.py:188} INFO - [2025-09-04T11:57:46.816+0000] {dag.py:3954} INFO - Setting next_dagrun for example_subdag_operator.section-2 to None, run_after=None
[2025-09-04T11:57:46.827+0000] {processor.py:183} INFO - Processing /home/airflow/.local/lib/python3.12/site-packages/airflow/example_dags/example_subdag_operator.py took 0.095 seconds
[2025-09-04T11:58:17.419+0000] {processor.py:161} INFO - Started process (PID=1031) to work on /home/airflow/.local/lib/python3.12/site-packages/airflow/example_dags/example_subdag_operator.py
[2025-09-04T11:58:17.421+0000] {processor.py:830} INFO - Processing file /home/airflow/.local/lib/python3.12/site-packages/airflow/example_dags/example_subdag_operator.py for tasks to queue
[2025-09-04T11:58:17.424+0000] {logging_mixin.py:188} INFO - [2025-09-04T11:58:17.424+0000] {dagbag.py:545} INFO - Filling up the DagBag from /home/airflow/.local/lib/python3.12/site-packages/airflow/example_dags/example_subdag_operator.py
[2025-09-04T11:58:17.451+0000] {processor.py:840} INFO - DAG(s) 'example_subdag_operator.section-1', 'example_subdag_operator.section-2', 'example_subdag_operator' retrieved from /home/airflow/.local/lib/python3.12/site-packages/airflow/example_dags/example_subdag_operator.py
[2025-09-04T11:58:17.467+0000] {logging_mixin.py:188} INFO - [2025-09-04T11:58:17.466+0000] {dag.py:3096} INFO - Sync 3 DAGs
[2025-09-04T11:58:17.486+0000] {logging_mixin.py:188} INFO - [2025-09-04T11:58:17.486+0000] {dag.py:3954} INFO - Setting next_dagrun for example_subdag_operator to 2022-01-01 00:00:00+00:00, run_after=2022-01-01 00:00:00+00:00
[2025-09-04T11:58:17.491+0000] {logging_mixin.py:188} INFO - [2025-09-04T11:58:17.490+0000] {dag.py:3954} INFO - Setting next_dagrun for example_subdag_operator.section-1 to None, run_after=None
[2025-09-04T11:58:17.494+0000] {logging_mixin.py:188} INFO - [2025-09-04T11:58:17.493+0000] {dag.py:3954} INFO - Setting next_dagrun for example_subdag_operator.section-2 to None, run_after=None
[2025-09-04T11:58:17.503+0000] {logging_mixin.py:188} INFO - [2025-09-04T11:58:17.503+0000] {dag.py:3096} INFO - Sync 2 DAGs
[2025-09-04T11:58:17.514+0000] {logging_mixin.py:188} INFO - [2025-09-04T11:58:17.513+0000] {dag.py:3954} INFO - Setting next_dagrun for example_subdag_operator.section-1 to None, run_after=None
[2025-09-04T11:58:17.516+0000] {logging_mixin.py:188} INFO - [2025-09-04T11:58:17.515+0000] {dag.py:3954} INFO - Setting next_dagrun for example_subdag_operator.section-2 to None, run_after=None
[2025-09-04T11:58:17.531+0000] {processor.py:183} INFO - Processing /home/airflow/.local/lib/python3.12/site-packages/airflow/example_dags/example_subdag_operator.py took 0.128 seconds
[2025-09-04T11:58:48.074+0000] {processor.py:161} INFO - Started process (PID=1089) to work on /home/airflow/.local/lib/python3.12/site-packages/airflow/example_dags/example_subdag_operator.py
[2025-09-04T11:58:48.076+0000] {processor.py:830} INFO - Processing file /home/airflow/.local/lib/python3.12/site-packages/airflow/example_dags/example_subdag_operator.py for tasks to queue
[2025-09-04T11:58:48.079+0000] {logging_mixin.py:188} INFO - [2025-09-04T11:58:48.079+0000] {dagbag.py:545} INFO - Filling up the DagBag from /home/airflow/.local/lib/python3.12/site-packages/airflow/example_dags/example_subdag_operator.py
[2025-09-04T11:58:48.098+0000] {processor.py:840} INFO - DAG(s) 'example_subdag_operator.section-1', 'example_subdag_operator.section-2', 'example_subdag_operator' retrieved from /home/airflow/.local/lib/python3.12/site-packages/airflow/example_dags/example_subdag_operator.py
[2025-09-04T11:58:48.109+0000] {logging_mixin.py:188} INFO - [2025-09-04T11:58:48.109+0000] {dag.py:3096} INFO - Sync 3 DAGs
[2025-09-04T11:58:48.126+0000] {logging_mixin.py:188} INFO - [2025-09-04T11:58:48.125+0000] {dag.py:3954} INFO - Setting next_dagrun for example_subdag_operator to 2022-01-01 00:00:00+00:00, run_after=2022-01-01 00:00:00+00:00
[2025-09-04T11:58:48.130+0000] {logging_mixin.py:188} INFO - [2025-09-04T11:58:48.129+0000] {dag.py:3954} INFO - Setting next_dagrun for example_subdag_operator.section-1 to None, run_after=None
[2025-09-04T11:58:48.131+0000] {logging_mixin.py:188} INFO - [2025-09-04T11:58:48.131+0000] {dag.py:3954} INFO - Setting next_dagrun for example_subdag_operator.section-2 to None, run_after=None
[2025-09-04T11:58:48.142+0000] {logging_mixin.py:188} INFO - [2025-09-04T11:58:48.142+0000] {dag.py:3096} INFO - Sync 2 DAGs
[2025-09-04T11:58:48.152+0000] {logging_mixin.py:188} INFO - [2025-09-04T11:58:48.152+0000] {dag.py:3954} INFO - Setting next_dagrun for example_subdag_operator.section-1 to None, run_after=None
[2025-09-04T11:58:48.154+0000] {logging_mixin.py:188} INFO - [2025-09-04T11:58:48.154+0000] {dag.py:3954} INFO - Setting next_dagrun for example_subdag_operator.section-2 to None, run_after=None
[2025-09-04T11:58:48.171+0000] {processor.py:183} INFO - Processing /home/airflow/.local/lib/python3.12/site-packages/airflow/example_dags/example_subdag_operator.py took 0.101 seconds
[2025-09-04T11:59:19.460+0000] {processor.py:161} INFO - Started process (PID=1147) to work on /home/airflow/.local/lib/python3.12/site-packages/airflow/example_dags/example_subdag_operator.py
[2025-09-04T11:59:19.464+0000] {processor.py:830} INFO - Processing file /home/airflow/.local/lib/python3.12/site-packages/airflow/example_dags/example_subdag_operator.py for tasks to queue
[2025-09-04T11:59:19.468+0000] {logging_mixin.py:188} INFO - [2025-09-04T11:59:19.468+0000] {dagbag.py:545} INFO - Filling up the DagBag from /home/airflow/.local/lib/python3.12/site-packages/airflow/example_dags/example_subdag_operator.py
[2025-09-04T11:59:19.507+0000] {processor.py:840} INFO - DAG(s) 'example_subdag_operator.section-1', 'example_subdag_operator.section-2', 'example_subdag_operator' retrieved from /home/airflow/.local/lib/python3.12/site-packages/airflow/example_dags/example_subdag_operator.py
[2025-09-04T11:59:19.528+0000] {logging_mixin.py:188} INFO - [2025-09-04T11:59:19.528+0000] {dag.py:3096} INFO - Sync 3 DAGs
[2025-09-04T11:59:19.551+0000] {logging_mixin.py:188} INFO - [2025-09-04T11:59:19.551+0000] {dag.py:3954} INFO - Setting next_dagrun for example_subdag_operator to 2022-01-01 00:00:00+00:00, run_after=2022-01-01 00:00:00+00:00
[2025-09-04T11:59:19.556+0000] {logging_mixin.py:188} INFO - [2025-09-04T11:59:19.555+0000] {dag.py:3954} INFO - Setting next_dagrun for example_subdag_operator.section-1 to None, run_after=None
[2025-09-04T11:59:19.558+0000] {logging_mixin.py:188} INFO - [2025-09-04T11:59:19.558+0000] {dag.py:3954} INFO - Setting next_dagrun for example_subdag_operator.section-2 to None, run_after=None
[2025-09-04T11:59:19.567+0000] {logging_mixin.py:188} INFO - [2025-09-04T11:59:19.567+0000] {dag.py:3096} INFO - Sync 2 DAGs
[2025-09-04T11:59:19.573+0000] {logging_mixin.py:188} INFO - [2025-09-04T11:59:19.573+0000] {dag.py:3954} INFO - Setting next_dagrun for example_subdag_operator.section-1 to None, run_after=None
[2025-09-04T11:59:19.575+0000] {logging_mixin.py:188} INFO - [2025-09-04T11:59:19.574+0000] {dag.py:3954} INFO - Setting next_dagrun for example_subdag_operator.section-2 to None, run_after=None
[2025-09-04T11:59:19.594+0000] {processor.py:183} INFO - Processing /home/airflow/.local/lib/python3.12/site-packages/airflow/example_dags/example_subdag_operator.py took 0.156 seconds
[2025-09-04T12:01:35.379+0000] {processor.py:161} INFO - Started process (PID=97) to work on /home/airflow/.local/lib/python3.12/site-packages/airflow/example_dags/example_subdag_operator.py
[2025-09-04T12:01:35.381+0000] {processor.py:830} INFO - Processing file /home/airflow/.local/lib/python3.12/site-packages/airflow/example_dags/example_subdag_operator.py for tasks to queue
[2025-09-04T12:01:35.384+0000] {logging_mixin.py:188} INFO - [2025-09-04T12:01:35.384+0000] {dagbag.py:545} INFO - Filling up the DagBag from /home/airflow/.local/lib/python3.12/site-packages/airflow/example_dags/example_subdag_operator.py
[2025-09-04T12:01:35.407+0000] {processor.py:840} INFO - DAG(s) 'example_subdag_operator.section-1', 'example_subdag_operator.section-2', 'example_subdag_operator' retrieved from /home/airflow/.local/lib/python3.12/site-packages/airflow/example_dags/example_subdag_operator.py
[2025-09-04T12:01:35.491+0000] {logging_mixin.py:188} INFO - [2025-09-04T12:01:35.490+0000] {dag.py:3096} INFO - Sync 3 DAGs
[2025-09-04T12:01:35.511+0000] {logging_mixin.py:188} INFO - [2025-09-04T12:01:35.511+0000] {dag.py:3954} INFO - Setting next_dagrun for example_subdag_operator to 2022-01-01 00:00:00+00:00, run_after=2022-01-01 00:00:00+00:00
[2025-09-04T12:01:35.515+0000] {logging_mixin.py:188} INFO - [2025-09-04T12:01:35.515+0000] {dag.py:3954} INFO - Setting next_dagrun for example_subdag_operator.section-1 to None, run_after=None
[2025-09-04T12:01:35.518+0000] {logging_mixin.py:188} INFO - [2025-09-04T12:01:35.518+0000] {dag.py:3954} INFO - Setting next_dagrun for example_subdag_operator.section-2 to None, run_after=None
[2025-09-04T12:01:35.530+0000] {logging_mixin.py:188} INFO - [2025-09-04T12:01:35.529+0000] {dag.py:3096} INFO - Sync 2 DAGs
[2025-09-04T12:01:35.535+0000] {logging_mixin.py:188} INFO - [2025-09-04T12:01:35.535+0000] {dag.py:3954} INFO - Setting next_dagrun for example_subdag_operator.section-1 to None, run_after=None
[2025-09-04T12:01:35.538+0000] {logging_mixin.py:188} INFO - [2025-09-04T12:01:35.537+0000] {dag.py:3954} INFO - Setting next_dagrun for example_subdag_operator.section-2 to None, run_after=None
[2025-09-04T12:01:35.553+0000] {processor.py:183} INFO - Processing /home/airflow/.local/lib/python3.12/site-packages/airflow/example_dags/example_subdag_operator.py took 0.180 seconds
[2025-09-04T12:02:06.232+0000] {processor.py:161} INFO - Started process (PID=155) to work on /home/airflow/.local/lib/python3.12/site-packages/airflow/example_dags/example_subdag_operator.py
[2025-09-04T12:02:06.233+0000] {processor.py:830} INFO - Processing file /home/airflow/.local/lib/python3.12/site-packages/airflow/example_dags/example_subdag_operator.py for tasks to queue
[2025-09-04T12:02:06.236+0000] {logging_mixin.py:188} INFO - [2025-09-04T12:02:06.235+0000] {dagbag.py:545} INFO - Filling up the DagBag from /home/airflow/.local/lib/python3.12/site-packages/airflow/example_dags/example_subdag_operator.py
[2025-09-04T12:02:06.270+0000] {processor.py:840} INFO - DAG(s) 'example_subdag_operator.section-1', 'example_subdag_operator.section-2', 'example_subdag_operator' retrieved from /home/airflow/.local/lib/python3.12/site-packages/airflow/example_dags/example_subdag_operator.py
[2025-09-04T12:02:06.295+0000] {logging_mixin.py:188} INFO - [2025-09-04T12:02:06.295+0000] {dag.py:3096} INFO - Sync 3 DAGs
[2025-09-04T12:02:06.333+0000] {logging_mixin.py:188} INFO - [2025-09-04T12:02:06.333+0000] {dag.py:3954} INFO - Setting next_dagrun for example_subdag_operator to 2022-01-01 00:00:00+00:00, run_after=2022-01-01 00:00:00+00:00
[2025-09-04T12:02:06.338+0000] {logging_mixin.py:188} INFO - [2025-09-04T12:02:06.338+0000] {dag.py:3954} INFO - Setting next_dagrun for example_subdag_operator.section-1 to None, run_after=None
[2025-09-04T12:02:06.341+0000] {logging_mixin.py:188} INFO - [2025-09-04T12:02:06.340+0000] {dag.py:3954} INFO - Setting next_dagrun for example_subdag_operator.section-2 to None, run_after=None
[2025-09-04T12:02:06.351+0000] {logging_mixin.py:188} INFO - [2025-09-04T12:02:06.351+0000] {dag.py:3096} INFO - Sync 2 DAGs
[2025-09-04T12:02:06.357+0000] {logging_mixin.py:188} INFO - [2025-09-04T12:02:06.357+0000] {dag.py:3954} INFO - Setting next_dagrun for example_subdag_operator.section-1 to None, run_after=None
[2025-09-04T12:02:06.358+0000] {logging_mixin.py:188} INFO - [2025-09-04T12:02:06.357+0000] {dag.py:3954} INFO - Setting next_dagrun for example_subdag_operator.section-2 to None, run_after=None
[2025-09-04T12:02:06.370+0000] {processor.py:183} INFO - Processing /home/airflow/.local/lib/python3.12/site-packages/airflow/example_dags/example_subdag_operator.py took 0.144 seconds
[2025-09-04T12:02:36.913+0000] {processor.py:161} INFO - Started process (PID=213) to work on /home/airflow/.local/lib/python3.12/site-packages/airflow/example_dags/example_subdag_operator.py
[2025-09-04T12:02:36.915+0000] {processor.py:830} INFO - Processing file /home/airflow/.local/lib/python3.12/site-packages/airflow/example_dags/example_subdag_operator.py for tasks to queue
[2025-09-04T12:02:36.917+0000] {logging_mixin.py:188} INFO - [2025-09-04T12:02:36.917+0000] {dagbag.py:545} INFO - Filling up the DagBag from /home/airflow/.local/lib/python3.12/site-packages/airflow/example_dags/example_subdag_operator.py
[2025-09-04T12:02:36.943+0000] {processor.py:840} INFO - DAG(s) 'example_subdag_operator.section-1', 'example_subdag_operator.section-2', 'example_subdag_operator' retrieved from /home/airflow/.local/lib/python3.12/site-packages/airflow/example_dags/example_subdag_operator.py
[2025-09-04T12:02:36.955+0000] {logging_mixin.py:188} INFO - [2025-09-04T12:02:36.955+0000] {dag.py:3096} INFO - Sync 3 DAGs
[2025-09-04T12:02:36.971+0000] {logging_mixin.py:188} INFO - [2025-09-04T12:02:36.971+0000] {dag.py:3954} INFO - Setting next_dagrun for example_subdag_operator to 2022-01-01 00:00:00+00:00, run_after=2022-01-01 00:00:00+00:00
[2025-09-04T12:02:36.974+0000] {logging_mixin.py:188} INFO - [2025-09-04T12:02:36.974+0000] {dag.py:3954} INFO - Setting next_dagrun for example_subdag_operator.section-1 to None, run_after=None
[2025-09-04T12:02:36.976+0000] {logging_mixin.py:188} INFO - [2025-09-04T12:02:36.976+0000] {dag.py:3954} INFO - Setting next_dagrun for example_subdag_operator.section-2 to None, run_after=None
[2025-09-04T12:02:36.982+0000] {logging_mixin.py:188} INFO - [2025-09-04T12:02:36.982+0000] {dag.py:3096} INFO - Sync 2 DAGs
[2025-09-04T12:02:36.987+0000] {logging_mixin.py:188} INFO - [2025-09-04T12:02:36.987+0000] {dag.py:3954} INFO - Setting next_dagrun for example_subdag_operator.section-1 to None, run_after=None
[2025-09-04T12:02:36.988+0000] {logging_mixin.py:188} INFO - [2025-09-04T12:02:36.988+0000] {dag.py:3954} INFO - Setting next_dagrun for example_subdag_operator.section-2 to None, run_after=None
[2025-09-04T12:02:36.998+0000] {processor.py:183} INFO - Processing /home/airflow/.local/lib/python3.12/site-packages/airflow/example_dags/example_subdag_operator.py took 0.092 seconds
[2025-09-04T12:03:07.913+0000] {processor.py:161} INFO - Started process (PID=271) to work on /home/airflow/.local/lib/python3.12/site-packages/airflow/example_dags/example_subdag_operator.py
[2025-09-04T12:03:07.915+0000] {processor.py:830} INFO - Processing file /home/airflow/.local/lib/python3.12/site-packages/airflow/example_dags/example_subdag_operator.py for tasks to queue
[2025-09-04T12:03:07.919+0000] {logging_mixin.py:188} INFO - [2025-09-04T12:03:07.918+0000] {dagbag.py:545} INFO - Filling up the DagBag from /home/airflow/.local/lib/python3.12/site-packages/airflow/example_dags/example_subdag_operator.py
[2025-09-04T12:03:07.966+0000] {processor.py:840} INFO - DAG(s) 'example_subdag_operator.section-1', 'example_subdag_operator.section-2', 'example_subdag_operator' retrieved from /home/airflow/.local/lib/python3.12/site-packages/airflow/example_dags/example_subdag_operator.py
[2025-09-04T12:03:08.016+0000] {logging_mixin.py:188} INFO - [2025-09-04T12:03:08.016+0000] {dag.py:3096} INFO - Sync 3 DAGs
[2025-09-04T12:03:08.052+0000] {logging_mixin.py:188} INFO - [2025-09-04T12:03:08.052+0000] {dag.py:3954} INFO - Setting next_dagrun for example_subdag_operator to 2022-01-01 00:00:00+00:00, run_after=2022-01-01 00:00:00+00:00
[2025-09-04T12:03:08.056+0000] {logging_mixin.py:188} INFO - [2025-09-04T12:03:08.056+0000] {dag.py:3954} INFO - Setting next_dagrun for example_subdag_operator.section-1 to None, run_after=None
[2025-09-04T12:03:08.060+0000] {logging_mixin.py:188} INFO - [2025-09-04T12:03:08.060+0000] {dag.py:3954} INFO - Setting next_dagrun for example_subdag_operator.section-2 to None, run_after=None
[2025-09-04T12:03:08.074+0000] {logging_mixin.py:188} INFO - [2025-09-04T12:03:08.073+0000] {dag.py:3096} INFO - Sync 2 DAGs
[2025-09-04T12:03:08.082+0000] {logging_mixin.py:188} INFO - [2025-09-04T12:03:08.082+0000] {dag.py:3954} INFO - Setting next_dagrun for example_subdag_operator.section-1 to None, run_after=None
[2025-09-04T12:03:08.083+0000] {logging_mixin.py:188} INFO - [2025-09-04T12:03:08.083+0000] {dag.py:3954} INFO - Setting next_dagrun for example_subdag_operator.section-2 to None, run_after=None
[2025-09-04T12:03:08.116+0000] {processor.py:183} INFO - Processing /home/airflow/.local/lib/python3.12/site-packages/airflow/example_dags/example_subdag_operator.py took 0.208 seconds
[2025-09-04T12:03:38.689+0000] {processor.py:161} INFO - Started process (PID=329) to work on /home/airflow/.local/lib/python3.12/site-packages/airflow/example_dags/example_subdag_operator.py
[2025-09-04T12:03:38.692+0000] {processor.py:830} INFO - Processing file /home/airflow/.local/lib/python3.12/site-packages/airflow/example_dags/example_subdag_operator.py for tasks to queue
[2025-09-04T12:03:38.696+0000] {logging_mixin.py:188} INFO - [2025-09-04T12:03:38.695+0000] {dagbag.py:545} INFO - Filling up the DagBag from /home/airflow/.local/lib/python3.12/site-packages/airflow/example_dags/example_subdag_operator.py
[2025-09-04T12:03:38.726+0000] {processor.py:840} INFO - DAG(s) 'example_subdag_operator.section-1', 'example_subdag_operator.section-2', 'example_subdag_operator' retrieved from /home/airflow/.local/lib/python3.12/site-packages/airflow/example_dags/example_subdag_operator.py
[2025-09-04T12:03:38.759+0000] {logging_mixin.py:188} INFO - [2025-09-04T12:03:38.758+0000] {dag.py:3096} INFO - Sync 3 DAGs
[2025-09-04T12:03:38.794+0000] {logging_mixin.py:188} INFO - [2025-09-04T12:03:38.794+0000] {dag.py:3954} INFO - Setting next_dagrun for example_subdag_operator to 2022-01-01 00:00:00+00:00, run_after=2022-01-01 00:00:00+00:00
[2025-09-04T12:03:38.801+0000] {logging_mixin.py:188} INFO - [2025-09-04T12:03:38.801+0000] {dag.py:3954} INFO - Setting next_dagrun for example_subdag_operator.section-1 to None, run_after=None
[2025-09-04T12:03:38.804+0000] {logging_mixin.py:188} INFO - [2025-09-04T12:03:38.804+0000] {dag.py:3954} INFO - Setting next_dagrun for example_subdag_operator.section-2 to None, run_after=None
[2025-09-04T12:03:38.815+0000] {logging_mixin.py:188} INFO - [2025-09-04T12:03:38.815+0000] {dag.py:3096} INFO - Sync 2 DAGs
[2025-09-04T12:03:38.823+0000] {logging_mixin.py:188} INFO - [2025-09-04T12:03:38.823+0000] {dag.py:3954} INFO - Setting next_dagrun for example_subdag_operator.section-1 to None, run_after=None
[2025-09-04T12:03:38.825+0000] {logging_mixin.py:188} INFO - [2025-09-04T12:03:38.824+0000] {dag.py:3954} INFO - Setting next_dagrun for example_subdag_operator.section-2 to None, run_after=None
[2025-09-04T12:03:38.845+0000] {processor.py:183} INFO - Processing /home/airflow/.local/lib/python3.12/site-packages/airflow/example_dags/example_subdag_operator.py took 0.170 seconds
[2025-09-04T12:04:08.927+0000] {processor.py:161} INFO - Started process (PID=387) to work on /home/airflow/.local/lib/python3.12/site-packages/airflow/example_dags/example_subdag_operator.py
[2025-09-04T12:04:08.929+0000] {processor.py:830} INFO - Processing file /home/airflow/.local/lib/python3.12/site-packages/airflow/example_dags/example_subdag_operator.py for tasks to queue
[2025-09-04T12:04:08.932+0000] {logging_mixin.py:188} INFO - [2025-09-04T12:04:08.931+0000] {dagbag.py:545} INFO - Filling up the DagBag from /home/airflow/.local/lib/python3.12/site-packages/airflow/example_dags/example_subdag_operator.py
[2025-09-04T12:04:08.966+0000] {processor.py:840} INFO - DAG(s) 'example_subdag_operator.section-1', 'example_subdag_operator.section-2', 'example_subdag_operator' retrieved from /home/airflow/.local/lib/python3.12/site-packages/airflow/example_dags/example_subdag_operator.py
[2025-09-04T12:04:08.989+0000] {logging_mixin.py:188} INFO - [2025-09-04T12:04:08.989+0000] {dag.py:3096} INFO - Sync 3 DAGs
[2025-09-04T12:04:09.026+0000] {logging_mixin.py:188} INFO - [2025-09-04T12:04:09.026+0000] {dag.py:3954} INFO - Setting next_dagrun for example_subdag_operator to 2022-01-01 00:00:00+00:00, run_after=2022-01-01 00:00:00+00:00
[2025-09-04T12:04:09.033+0000] {logging_mixin.py:188} INFO - [2025-09-04T12:04:09.033+0000] {dag.py:3954} INFO - Setting next_dagrun for example_subdag_operator.section-1 to None, run_after=None
[2025-09-04T12:04:09.035+0000] {logging_mixin.py:188} INFO - [2025-09-04T12:04:09.035+0000] {dag.py:3954} INFO - Setting next_dagrun for example_subdag_operator.section-2 to None, run_after=None
[2025-09-04T12:04:09.048+0000] {logging_mixin.py:188} INFO - [2025-09-04T12:04:09.048+0000] {dag.py:3096} INFO - Sync 2 DAGs
[2025-09-04T12:04:09.060+0000] {logging_mixin.py:188} INFO - [2025-09-04T12:04:09.060+0000] {dag.py:3954} INFO - Setting next_dagrun for example_subdag_operator.section-1 to None, run_after=None
[2025-09-04T12:04:09.062+0000] {logging_mixin.py:188} INFO - [2025-09-04T12:04:09.062+0000] {dag.py:3954} INFO - Setting next_dagrun for example_subdag_operator.section-2 to None, run_after=None
[2025-09-04T12:04:09.088+0000] {processor.py:183} INFO - Processing /home/airflow/.local/lib/python3.12/site-packages/airflow/example_dags/example_subdag_operator.py took 0.168 seconds
[2025-09-04T12:04:39.860+0000] {processor.py:161} INFO - Started process (PID=445) to work on /home/airflow/.local/lib/python3.12/site-packages/airflow/example_dags/example_subdag_operator.py
[2025-09-04T12:04:39.862+0000] {processor.py:830} INFO - Processing file /home/airflow/.local/lib/python3.12/site-packages/airflow/example_dags/example_subdag_operator.py for tasks to queue
[2025-09-04T12:04:39.867+0000] {logging_mixin.py:188} INFO - [2025-09-04T12:04:39.866+0000] {dagbag.py:545} INFO - Filling up the DagBag from /home/airflow/.local/lib/python3.12/site-packages/airflow/example_dags/example_subdag_operator.py
[2025-09-04T12:04:39.891+0000] {processor.py:840} INFO - DAG(s) 'example_subdag_operator.section-1', 'example_subdag_operator.section-2', 'example_subdag_operator' retrieved from /home/airflow/.local/lib/python3.12/site-packages/airflow/example_dags/example_subdag_operator.py
[2025-09-04T12:04:39.906+0000] {logging_mixin.py:188} INFO - [2025-09-04T12:04:39.906+0000] {dag.py:3096} INFO - Sync 3 DAGs
[2025-09-04T12:04:39.929+0000] {logging_mixin.py:188} INFO - [2025-09-04T12:04:39.929+0000] {dag.py:3954} INFO - Setting next_dagrun for example_subdag_operator to 2022-01-01 00:00:00+00:00, run_after=2022-01-01 00:00:00+00:00
[2025-09-04T12:04:39.934+0000] {logging_mixin.py:188} INFO - [2025-09-04T12:04:39.933+0000] {dag.py:3954} INFO - Setting next_dagrun for example_subdag_operator.section-1 to None, run_after=None
[2025-09-04T12:04:39.935+0000] {logging_mixin.py:188} INFO - [2025-09-04T12:04:39.935+0000] {dag.py:3954} INFO - Setting next_dagrun for example_subdag_operator.section-2 to None, run_after=None
[2025-09-04T12:04:39.943+0000] {logging_mixin.py:188} INFO - [2025-09-04T12:04:39.943+0000] {dag.py:3096} INFO - Sync 2 DAGs
[2025-09-04T12:04:39.948+0000] {logging_mixin.py:188} INFO - [2025-09-04T12:04:39.948+0000] {dag.py:3954} INFO - Setting next_dagrun for example_subdag_operator.section-1 to None, run_after=None
[2025-09-04T12:04:39.949+0000] {logging_mixin.py:188} INFO - [2025-09-04T12:04:39.949+0000] {dag.py:3954} INFO - Setting next_dagrun for example_subdag_operator.section-2 to None, run_after=None
[2025-09-04T12:04:39.968+0000] {processor.py:183} INFO - Processing /home/airflow/.local/lib/python3.12/site-packages/airflow/example_dags/example_subdag_operator.py took 0.117 seconds
[2025-09-04T12:05:10.776+0000] {processor.py:161} INFO - Started process (PID=503) to work on /home/airflow/.local/lib/python3.12/site-packages/airflow/example_dags/example_subdag_operator.py
[2025-09-04T12:05:10.777+0000] {processor.py:830} INFO - Processing file /home/airflow/.local/lib/python3.12/site-packages/airflow/example_dags/example_subdag_operator.py for tasks to queue
[2025-09-04T12:05:10.779+0000] {logging_mixin.py:188} INFO - [2025-09-04T12:05:10.779+0000] {dagbag.py:545} INFO - Filling up the DagBag from /home/airflow/.local/lib/python3.12/site-packages/airflow/example_dags/example_subdag_operator.py
[2025-09-04T12:05:10.817+0000] {processor.py:840} INFO - DAG(s) 'example_subdag_operator.section-1', 'example_subdag_operator.section-2', 'example_subdag_operator' retrieved from /home/airflow/.local/lib/python3.12/site-packages/airflow/example_dags/example_subdag_operator.py
[2025-09-04T12:05:10.835+0000] {logging_mixin.py:188} INFO - [2025-09-04T12:05:10.834+0000] {dag.py:3096} INFO - Sync 3 DAGs
[2025-09-04T12:05:10.858+0000] {logging_mixin.py:188} INFO - [2025-09-04T12:05:10.857+0000] {dag.py:3954} INFO - Setting next_dagrun for example_subdag_operator to 2022-01-01 00:00:00+00:00, run_after=2022-01-01 00:00:00+00:00
[2025-09-04T12:05:10.862+0000] {logging_mixin.py:188} INFO - [2025-09-04T12:05:10.861+0000] {dag.py:3954} INFO - Setting next_dagrun for example_subdag_operator.section-1 to None, run_after=None
[2025-09-04T12:05:10.865+0000] {logging_mixin.py:188} INFO - [2025-09-04T12:05:10.865+0000] {dag.py:3954} INFO - Setting next_dagrun for example_subdag_operator.section-2 to None, run_after=None
[2025-09-04T12:05:10.876+0000] {logging_mixin.py:188} INFO - [2025-09-04T12:05:10.876+0000] {dag.py:3096} INFO - Sync 2 DAGs
[2025-09-04T12:05:10.883+0000] {logging_mixin.py:188} INFO - [2025-09-04T12:05:10.882+0000] {dag.py:3954} INFO - Setting next_dagrun for example_subdag_operator.section-1 to None, run_after=None
[2025-09-04T12:05:10.884+0000] {logging_mixin.py:188} INFO - [2025-09-04T12:05:10.884+0000] {dag.py:3954} INFO - Setting next_dagrun for example_subdag_operator.section-2 to None, run_after=None
[2025-09-04T12:05:10.900+0000] {processor.py:183} INFO - Processing /home/airflow/.local/lib/python3.12/site-packages/airflow/example_dags/example_subdag_operator.py took 0.130 seconds
[2025-09-04T12:05:40.955+0000] {processor.py:161} INFO - Started process (PID=561) to work on /home/airflow/.local/lib/python3.12/site-packages/airflow/example_dags/example_subdag_operator.py
[2025-09-04T12:05:40.956+0000] {processor.py:830} INFO - Processing file /home/airflow/.local/lib/python3.12/site-packages/airflow/example_dags/example_subdag_operator.py for tasks to queue
[2025-09-04T12:05:40.959+0000] {logging_mixin.py:188} INFO - [2025-09-04T12:05:40.958+0000] {dagbag.py:545} INFO - Filling up the DagBag from /home/airflow/.local/lib/python3.12/site-packages/airflow/example_dags/example_subdag_operator.py
[2025-09-04T12:05:40.982+0000] {processor.py:840} INFO - DAG(s) 'example_subdag_operator.section-1', 'example_subdag_operator.section-2', 'example_subdag_operator' retrieved from /home/airflow/.local/lib/python3.12/site-packages/airflow/example_dags/example_subdag_operator.py
[2025-09-04T12:05:40.995+0000] {logging_mixin.py:188} INFO - [2025-09-04T12:05:40.995+0000] {dag.py:3096} INFO - Sync 3 DAGs
[2025-09-04T12:05:41.018+0000] {logging_mixin.py:188} INFO - [2025-09-04T12:05:41.017+0000] {dag.py:3954} INFO - Setting next_dagrun for example_subdag_operator to 2022-01-01 00:00:00+00:00, run_after=2022-01-01 00:00:00+00:00
[2025-09-04T12:05:41.023+0000] {logging_mixin.py:188} INFO - [2025-09-04T12:05:41.023+0000] {dag.py:3954} INFO - Setting next_dagrun for example_subdag_operator.section-1 to None, run_after=None
[2025-09-04T12:05:41.026+0000] {logging_mixin.py:188} INFO - [2025-09-04T12:05:41.026+0000] {dag.py:3954} INFO - Setting next_dagrun for example_subdag_operator.section-2 to None, run_after=None
[2025-09-04T12:05:41.037+0000] {logging_mixin.py:188} INFO - [2025-09-04T12:05:41.037+0000] {dag.py:3096} INFO - Sync 2 DAGs
[2025-09-04T12:05:41.047+0000] {logging_mixin.py:188} INFO - [2025-09-04T12:05:41.047+0000] {dag.py:3954} INFO - Setting next_dagrun for example_subdag_operator.section-1 to None, run_after=None
[2025-09-04T12:05:41.048+0000] {logging_mixin.py:188} INFO - [2025-09-04T12:05:41.048+0000] {dag.py:3954} INFO - Setting next_dagrun for example_subdag_operator.section-2 to None, run_after=None
[2025-09-04T12:05:41.064+0000] {processor.py:183} INFO - Processing /home/airflow/.local/lib/python3.12/site-packages/airflow/example_dags/example_subdag_operator.py took 0.114 seconds
[2025-09-04T12:06:37.249+0000] {processor.py:161} INFO - Started process (PID=97) to work on /home/airflow/.local/lib/python3.12/site-packages/airflow/example_dags/example_subdag_operator.py
[2025-09-04T12:06:37.251+0000] {processor.py:830} INFO - Processing file /home/airflow/.local/lib/python3.12/site-packages/airflow/example_dags/example_subdag_operator.py for tasks to queue
[2025-09-04T12:06:37.253+0000] {logging_mixin.py:188} INFO - [2025-09-04T12:06:37.253+0000] {dagbag.py:545} INFO - Filling up the DagBag from /home/airflow/.local/lib/python3.12/site-packages/airflow/example_dags/example_subdag_operator.py
[2025-09-04T12:06:37.277+0000] {processor.py:840} INFO - DAG(s) 'example_subdag_operator.section-1', 'example_subdag_operator.section-2', 'example_subdag_operator' retrieved from /home/airflow/.local/lib/python3.12/site-packages/airflow/example_dags/example_subdag_operator.py
[2025-09-04T12:06:37.280+0000] {logging_mixin.py:188} INFO - [2025-09-04T12:06:37.280+0000] {dag.py:3096} INFO - Sync 3 DAGs
[2025-09-04T12:06:37.297+0000] {logging_mixin.py:188} INFO - [2025-09-04T12:06:37.297+0000] {dag.py:3954} INFO - Setting next_dagrun for example_subdag_operator to 2022-01-01 00:00:00+00:00, run_after=2022-01-01 00:00:00+00:00
[2025-09-04T12:06:37.300+0000] {logging_mixin.py:188} INFO - [2025-09-04T12:06:37.300+0000] {dag.py:3954} INFO - Setting next_dagrun for example_subdag_operator.section-1 to None, run_after=None
[2025-09-04T12:06:37.302+0000] {logging_mixin.py:188} INFO - [2025-09-04T12:06:37.302+0000] {dag.py:3954} INFO - Setting next_dagrun for example_subdag_operator.section-2 to None, run_after=None
[2025-09-04T12:06:37.308+0000] {logging_mixin.py:188} INFO - [2025-09-04T12:06:37.307+0000] {dag.py:3096} INFO - Sync 2 DAGs
[2025-09-04T12:06:37.312+0000] {logging_mixin.py:188} INFO - [2025-09-04T12:06:37.312+0000] {dag.py:3954} INFO - Setting next_dagrun for example_subdag_operator.section-1 to None, run_after=None
[2025-09-04T12:06:37.313+0000] {logging_mixin.py:188} INFO - [2025-09-04T12:06:37.313+0000] {dag.py:3954} INFO - Setting next_dagrun for example_subdag_operator.section-2 to None, run_after=None
[2025-09-04T12:06:37.324+0000] {processor.py:183} INFO - Processing /home/airflow/.local/lib/python3.12/site-packages/airflow/example_dags/example_subdag_operator.py took 0.079 seconds
[2025-09-04T12:07:09.894+0000] {processor.py:161} INFO - Started process (PID=161) to work on /home/airflow/.local/lib/python3.12/site-packages/airflow/example_dags/example_subdag_operator.py
[2025-09-04T12:07:09.896+0000] {processor.py:830} INFO - Processing file /home/airflow/.local/lib/python3.12/site-packages/airflow/example_dags/example_subdag_operator.py for tasks to queue
[2025-09-04T12:07:09.898+0000] {logging_mixin.py:188} INFO - [2025-09-04T12:07:09.898+0000] {dagbag.py:545} INFO - Filling up the DagBag from /home/airflow/.local/lib/python3.12/site-packages/airflow/example_dags/example_subdag_operator.py
[2025-09-04T12:07:09.920+0000] {processor.py:840} INFO - DAG(s) 'example_subdag_operator.section-1', 'example_subdag_operator.section-2', 'example_subdag_operator' retrieved from /home/airflow/.local/lib/python3.12/site-packages/airflow/example_dags/example_subdag_operator.py
[2025-09-04T12:07:10.013+0000] {logging_mixin.py:188} INFO - [2025-09-04T12:07:10.013+0000] {dag.py:3096} INFO - Sync 3 DAGs
[2025-09-04T12:07:10.032+0000] {logging_mixin.py:188} INFO - [2025-09-04T12:07:10.032+0000] {dag.py:3954} INFO - Setting next_dagrun for example_subdag_operator to 2022-01-01 00:00:00+00:00, run_after=2022-01-01 00:00:00+00:00
[2025-09-04T12:07:10.035+0000] {logging_mixin.py:188} INFO - [2025-09-04T12:07:10.035+0000] {dag.py:3954} INFO - Setting next_dagrun for example_subdag_operator.section-1 to None, run_after=None
[2025-09-04T12:07:10.036+0000] {logging_mixin.py:188} INFO - [2025-09-04T12:07:10.036+0000] {dag.py:3954} INFO - Setting next_dagrun for example_subdag_operator.section-2 to None, run_after=None
[2025-09-04T12:07:10.047+0000] {logging_mixin.py:188} INFO - [2025-09-04T12:07:10.047+0000] {dag.py:3096} INFO - Sync 2 DAGs
[2025-09-04T12:07:10.054+0000] {logging_mixin.py:188} INFO - [2025-09-04T12:07:10.053+0000] {dag.py:3954} INFO - Setting next_dagrun for example_subdag_operator.section-1 to None, run_after=None
[2025-09-04T12:07:10.056+0000] {logging_mixin.py:188} INFO - [2025-09-04T12:07:10.056+0000] {dag.py:3954} INFO - Setting next_dagrun for example_subdag_operator.section-2 to None, run_after=None
[2025-09-04T12:07:10.071+0000] {processor.py:183} INFO - Processing /home/airflow/.local/lib/python3.12/site-packages/airflow/example_dags/example_subdag_operator.py took 0.182 seconds
[2025-09-04T12:07:41.219+0000] {processor.py:161} INFO - Started process (PID=219) to work on /home/airflow/.local/lib/python3.12/site-packages/airflow/example_dags/example_subdag_operator.py
[2025-09-04T12:07:41.221+0000] {processor.py:830} INFO - Processing file /home/airflow/.local/lib/python3.12/site-packages/airflow/example_dags/example_subdag_operator.py for tasks to queue
[2025-09-04T12:07:41.225+0000] {logging_mixin.py:188} INFO - [2025-09-04T12:07:41.223+0000] {dagbag.py:545} INFO - Filling up the DagBag from /home/airflow/.local/lib/python3.12/site-packages/airflow/example_dags/example_subdag_operator.py
[2025-09-04T12:07:41.249+0000] {processor.py:840} INFO - DAG(s) 'example_subdag_operator.section-1', 'example_subdag_operator.section-2', 'example_subdag_operator' retrieved from /home/airflow/.local/lib/python3.12/site-packages/airflow/example_dags/example_subdag_operator.py
[2025-09-04T12:07:41.277+0000] {logging_mixin.py:188} INFO - [2025-09-04T12:07:41.276+0000] {dag.py:3096} INFO - Sync 3 DAGs
[2025-09-04T12:07:41.316+0000] {logging_mixin.py:188} INFO - [2025-09-04T12:07:41.316+0000] {dag.py:3954} INFO - Setting next_dagrun for example_subdag_operator to 2022-01-01 00:00:00+00:00, run_after=2022-01-01 00:00:00+00:00
[2025-09-04T12:07:41.325+0000] {logging_mixin.py:188} INFO - [2025-09-04T12:07:41.325+0000] {dag.py:3954} INFO - Setting next_dagrun for example_subdag_operator.section-1 to None, run_after=None
[2025-09-04T12:07:41.330+0000] {logging_mixin.py:188} INFO - [2025-09-04T12:07:41.330+0000] {dag.py:3954} INFO - Setting next_dagrun for example_subdag_operator.section-2 to None, run_after=None
[2025-09-04T12:07:41.350+0000] {logging_mixin.py:188} INFO - [2025-09-04T12:07:41.350+0000] {dag.py:3096} INFO - Sync 2 DAGs
[2025-09-04T12:07:41.362+0000] {logging_mixin.py:188} INFO - [2025-09-04T12:07:41.362+0000] {dag.py:3954} INFO - Setting next_dagrun for example_subdag_operator.section-1 to None, run_after=None
[2025-09-04T12:07:41.365+0000] {logging_mixin.py:188} INFO - [2025-09-04T12:07:41.364+0000] {dag.py:3954} INFO - Setting next_dagrun for example_subdag_operator.section-2 to None, run_after=None
[2025-09-04T12:07:41.385+0000] {processor.py:183} INFO - Processing /home/airflow/.local/lib/python3.12/site-packages/airflow/example_dags/example_subdag_operator.py took 0.173 seconds
[2025-09-04T12:08:11.997+0000] {processor.py:161} INFO - Started process (PID=277) to work on /home/airflow/.local/lib/python3.12/site-packages/airflow/example_dags/example_subdag_operator.py
[2025-09-04T12:08:11.999+0000] {processor.py:830} INFO - Processing file /home/airflow/.local/lib/python3.12/site-packages/airflow/example_dags/example_subdag_operator.py for tasks to queue
[2025-09-04T12:08:12.004+0000] {logging_mixin.py:188} INFO - [2025-09-04T12:08:12.004+0000] {dagbag.py:545} INFO - Filling up the DagBag from /home/airflow/.local/lib/python3.12/site-packages/airflow/example_dags/example_subdag_operator.py
[2025-09-04T12:08:12.050+0000] {processor.py:840} INFO - DAG(s) 'example_subdag_operator.section-1', 'example_subdag_operator.section-2', 'example_subdag_operator' retrieved from /home/airflow/.local/lib/python3.12/site-packages/airflow/example_dags/example_subdag_operator.py
[2025-09-04T12:08:12.095+0000] {logging_mixin.py:188} INFO - [2025-09-04T12:08:12.094+0000] {dag.py:3096} INFO - Sync 3 DAGs
[2025-09-04T12:08:12.124+0000] {logging_mixin.py:188} INFO - [2025-09-04T12:08:12.124+0000] {dag.py:3954} INFO - Setting next_dagrun for example_subdag_operator to 2022-01-01 00:00:00+00:00, run_after=2022-01-01 00:00:00+00:00
[2025-09-04T12:08:12.129+0000] {logging_mixin.py:188} INFO - [2025-09-04T12:08:12.128+0000] {dag.py:3954} INFO - Setting next_dagrun for example_subdag_operator.section-1 to None, run_after=None
[2025-09-04T12:08:12.131+0000] {logging_mixin.py:188} INFO - [2025-09-04T12:08:12.131+0000] {dag.py:3954} INFO - Setting next_dagrun for example_subdag_operator.section-2 to None, run_after=None
[2025-09-04T12:08:12.140+0000] {logging_mixin.py:188} INFO - [2025-09-04T12:08:12.140+0000] {dag.py:3096} INFO - Sync 2 DAGs
[2025-09-04T12:08:12.145+0000] {logging_mixin.py:188} INFO - [2025-09-04T12:08:12.145+0000] {dag.py:3954} INFO - Setting next_dagrun for example_subdag_operator.section-1 to None, run_after=None
[2025-09-04T12:08:12.146+0000] {logging_mixin.py:188} INFO - [2025-09-04T12:08:12.146+0000] {dag.py:3954} INFO - Setting next_dagrun for example_subdag_operator.section-2 to None, run_after=None
[2025-09-04T12:08:12.162+0000] {processor.py:183} INFO - Processing /home/airflow/.local/lib/python3.12/site-packages/airflow/example_dags/example_subdag_operator.py took 0.176 seconds
[2025-09-04T12:08:42.558+0000] {processor.py:161} INFO - Started process (PID=336) to work on /home/airflow/.local/lib/python3.12/site-packages/airflow/example_dags/example_subdag_operator.py
[2025-09-04T12:08:42.559+0000] {processor.py:830} INFO - Processing file /home/airflow/.local/lib/python3.12/site-packages/airflow/example_dags/example_subdag_operator.py for tasks to queue
[2025-09-04T12:08:42.561+0000] {logging_mixin.py:188} INFO - [2025-09-04T12:08:42.561+0000] {dagbag.py:545} INFO - Filling up the DagBag from /home/airflow/.local/lib/python3.12/site-packages/airflow/example_dags/example_subdag_operator.py
[2025-09-04T12:08:42.583+0000] {processor.py:840} INFO - DAG(s) 'example_subdag_operator.section-1', 'example_subdag_operator.section-2', 'example_subdag_operator' retrieved from /home/airflow/.local/lib/python3.12/site-packages/airflow/example_dags/example_subdag_operator.py
[2025-09-04T12:08:42.596+0000] {logging_mixin.py:188} INFO - [2025-09-04T12:08:42.596+0000] {dag.py:3096} INFO - Sync 3 DAGs
[2025-09-04T12:08:42.615+0000] {logging_mixin.py:188} INFO - [2025-09-04T12:08:42.615+0000] {dag.py:3954} INFO - Setting next_dagrun for example_subdag_operator to 2022-01-01 00:00:00+00:00, run_after=2022-01-01 00:00:00+00:00
[2025-09-04T12:08:42.619+0000] {logging_mixin.py:188} INFO - [2025-09-04T12:08:42.619+0000] {dag.py:3954} INFO - Setting next_dagrun for example_subdag_operator.section-1 to None, run_after=None
[2025-09-04T12:08:42.620+0000] {logging_mixin.py:188} INFO - [2025-09-04T12:08:42.620+0000] {dag.py:3954} INFO - Setting next_dagrun for example_subdag_operator.section-2 to None, run_after=None
[2025-09-04T12:08:42.625+0000] {logging_mixin.py:188} INFO - [2025-09-04T12:08:42.625+0000] {dag.py:3096} INFO - Sync 2 DAGs
[2025-09-04T12:08:42.630+0000] {logging_mixin.py:188} INFO - [2025-09-04T12:08:42.630+0000] {dag.py:3954} INFO - Setting next_dagrun for example_subdag_operator.section-1 to None, run_after=None
[2025-09-04T12:08:42.631+0000] {logging_mixin.py:188} INFO - [2025-09-04T12:08:42.631+0000] {dag.py:3954} INFO - Setting next_dagrun for example_subdag_operator.section-2 to None, run_after=None
[2025-09-04T12:08:42.640+0000] {processor.py:183} INFO - Processing /home/airflow/.local/lib/python3.12/site-packages/airflow/example_dags/example_subdag_operator.py took 0.088 seconds
