[2025-09-04T11:50:02.398+0000] {processor.py:161} INFO - Started process (PID=62) to work on /home/airflow/.local/lib/python3.12/site-packages/airflow/example_dags/example_setup_teardown.py
[2025-09-04T11:50:02.400+0000] {processor.py:830} INFO - Processing file /home/airflow/.local/lib/python3.12/site-packages/airflow/example_dags/example_setup_teardown.py for tasks to queue
[2025-09-04T11:50:02.413+0000] {logging_mixin.py:188} INFO - [2025-09-04T11:50:02.411+0000] {dagbag.py:545} INFO - Filling up the DagBag from /home/airflow/.local/lib/python3.12/site-packages/airflow/example_dags/example_setup_teardown.py
[2025-09-04T11:50:02.431+0000] {processor.py:840} INFO - DAG(s) 'example_setup_teardown' retrieved from /home/airflow/.local/lib/python3.12/site-packages/airflow/example_dags/example_setup_teardown.py
[2025-09-04T11:50:02.606+0000] {logging_mixin.py:188} INFO - [2025-09-04T11:50:02.605+0000] {override.py:1829} INFO - Created Permission View: can edit on DAG:example_setup_teardown
[2025-09-04T11:50:02.621+0000] {logging_mixin.py:188} INFO - [2025-09-04T11:50:02.620+0000] {override.py:1829} INFO - Created Permission View: can read on DAG:example_setup_teardown
[2025-09-04T11:50:02.629+0000] {logging_mixin.py:188} INFO - [2025-09-04T11:50:02.629+0000] {override.py:1829} INFO - Created Permission View: can delete on DAG:example_setup_teardown
[2025-09-04T11:50:02.630+0000] {logging_mixin.py:188} INFO - [2025-09-04T11:50:02.630+0000] {dag.py:3096} INFO - Sync 1 DAGs
[2025-09-04T11:50:02.646+0000] {logging_mixin.py:188} INFO - [2025-09-04T11:50:02.645+0000] {dag.py:3118} INFO - Creating ORM DAG for example_setup_teardown
[2025-09-04T11:50:02.658+0000] {logging_mixin.py:188} INFO - [2025-09-04T11:50:02.658+0000] {dag.py:3954} INFO - Setting next_dagrun for example_setup_teardown to 2025-09-03 00:00:00+00:00, run_after=2025-09-04 00:00:00+00:00
[2025-09-04T11:50:02.683+0000] {processor.py:183} INFO - Processing /home/airflow/.local/lib/python3.12/site-packages/airflow/example_dags/example_setup_teardown.py took 0.294 seconds
[2025-09-04T11:50:33.006+0000] {processor.py:161} INFO - Started process (PID=120) to work on /home/airflow/.local/lib/python3.12/site-packages/airflow/example_dags/example_setup_teardown.py
[2025-09-04T11:50:33.014+0000] {processor.py:830} INFO - Processing file /home/airflow/.local/lib/python3.12/site-packages/airflow/example_dags/example_setup_teardown.py for tasks to queue
[2025-09-04T11:50:33.023+0000] {logging_mixin.py:188} INFO - [2025-09-04T11:50:33.022+0000] {dagbag.py:545} INFO - Filling up the DagBag from /home/airflow/.local/lib/python3.12/site-packages/airflow/example_dags/example_setup_teardown.py
[2025-09-04T11:50:33.043+0000] {processor.py:840} INFO - DAG(s) 'example_setup_teardown' retrieved from /home/airflow/.local/lib/python3.12/site-packages/airflow/example_dags/example_setup_teardown.py
[2025-09-04T11:50:33.067+0000] {logging_mixin.py:188} INFO - [2025-09-04T11:50:33.067+0000] {dag.py:3096} INFO - Sync 1 DAGs
[2025-09-04T11:50:33.092+0000] {logging_mixin.py:188} INFO - [2025-09-04T11:50:33.092+0000] {dag.py:3954} INFO - Setting next_dagrun for example_setup_teardown to 2025-09-03 00:00:00+00:00, run_after=2025-09-04 00:00:00+00:00
[2025-09-04T11:50:33.118+0000] {processor.py:183} INFO - Processing /home/airflow/.local/lib/python3.12/site-packages/airflow/example_dags/example_setup_teardown.py took 0.132 seconds
[2025-09-04T11:51:03.517+0000] {processor.py:161} INFO - Started process (PID=178) to work on /home/airflow/.local/lib/python3.12/site-packages/airflow/example_dags/example_setup_teardown.py
[2025-09-04T11:51:03.519+0000] {processor.py:830} INFO - Processing file /home/airflow/.local/lib/python3.12/site-packages/airflow/example_dags/example_setup_teardown.py for tasks to queue
[2025-09-04T11:51:03.522+0000] {logging_mixin.py:188} INFO - [2025-09-04T11:51:03.522+0000] {dagbag.py:545} INFO - Filling up the DagBag from /home/airflow/.local/lib/python3.12/site-packages/airflow/example_dags/example_setup_teardown.py
[2025-09-04T11:51:03.532+0000] {processor.py:840} INFO - DAG(s) 'example_setup_teardown' retrieved from /home/airflow/.local/lib/python3.12/site-packages/airflow/example_dags/example_setup_teardown.py
[2025-09-04T11:51:03.555+0000] {logging_mixin.py:188} INFO - [2025-09-04T11:51:03.554+0000] {dag.py:3096} INFO - Sync 1 DAGs
[2025-09-04T11:51:03.573+0000] {logging_mixin.py:188} INFO - [2025-09-04T11:51:03.573+0000] {dag.py:3954} INFO - Setting next_dagrun for example_setup_teardown to 2025-09-03 00:00:00+00:00, run_after=2025-09-04 00:00:00+00:00
[2025-09-04T11:51:03.591+0000] {processor.py:183} INFO - Processing /home/airflow/.local/lib/python3.12/site-packages/airflow/example_dags/example_setup_teardown.py took 0.080 seconds
[2025-09-04T11:51:33.866+0000] {processor.py:161} INFO - Started process (PID=235) to work on /home/airflow/.local/lib/python3.12/site-packages/airflow/example_dags/example_setup_teardown.py
[2025-09-04T11:51:33.867+0000] {processor.py:830} INFO - Processing file /home/airflow/.local/lib/python3.12/site-packages/airflow/example_dags/example_setup_teardown.py for tasks to queue
[2025-09-04T11:51:33.868+0000] {logging_mixin.py:188} INFO - [2025-09-04T11:51:33.868+0000] {dagbag.py:545} INFO - Filling up the DagBag from /home/airflow/.local/lib/python3.12/site-packages/airflow/example_dags/example_setup_teardown.py
[2025-09-04T11:51:33.874+0000] {processor.py:840} INFO - DAG(s) 'example_setup_teardown' retrieved from /home/airflow/.local/lib/python3.12/site-packages/airflow/example_dags/example_setup_teardown.py
[2025-09-04T11:51:33.892+0000] {logging_mixin.py:188} INFO - [2025-09-04T11:51:33.891+0000] {dag.py:3096} INFO - Sync 1 DAGs
[2025-09-04T11:51:33.910+0000] {logging_mixin.py:188} INFO - [2025-09-04T11:51:33.910+0000] {dag.py:3954} INFO - Setting next_dagrun for example_setup_teardown to 2025-09-03 00:00:00+00:00, run_after=2025-09-04 00:00:00+00:00
[2025-09-04T11:51:33.926+0000] {processor.py:183} INFO - Processing /home/airflow/.local/lib/python3.12/site-packages/airflow/example_dags/example_setup_teardown.py took 0.064 seconds
[2025-09-04T11:52:04.409+0000] {processor.py:161} INFO - Started process (PID=299) to work on /home/airflow/.local/lib/python3.12/site-packages/airflow/example_dags/example_setup_teardown.py
[2025-09-04T11:52:04.411+0000] {processor.py:830} INFO - Processing file /home/airflow/.local/lib/python3.12/site-packages/airflow/example_dags/example_setup_teardown.py for tasks to queue
[2025-09-04T11:52:04.415+0000] {logging_mixin.py:188} INFO - [2025-09-04T11:52:04.415+0000] {dagbag.py:545} INFO - Filling up the DagBag from /home/airflow/.local/lib/python3.12/site-packages/airflow/example_dags/example_setup_teardown.py
[2025-09-04T11:52:04.428+0000] {processor.py:840} INFO - DAG(s) 'example_setup_teardown' retrieved from /home/airflow/.local/lib/python3.12/site-packages/airflow/example_dags/example_setup_teardown.py
[2025-09-04T11:52:04.453+0000] {logging_mixin.py:188} INFO - [2025-09-04T11:52:04.453+0000] {dag.py:3096} INFO - Sync 1 DAGs
[2025-09-04T11:52:04.475+0000] {logging_mixin.py:188} INFO - [2025-09-04T11:52:04.475+0000] {dag.py:3954} INFO - Setting next_dagrun for example_setup_teardown to 2025-09-03 00:00:00+00:00, run_after=2025-09-04 00:00:00+00:00
[2025-09-04T11:52:04.491+0000] {processor.py:183} INFO - Processing /home/airflow/.local/lib/python3.12/site-packages/airflow/example_dags/example_setup_teardown.py took 0.092 seconds
[2025-09-04T11:52:34.870+0000] {processor.py:161} INFO - Started process (PID=357) to work on /home/airflow/.local/lib/python3.12/site-packages/airflow/example_dags/example_setup_teardown.py
[2025-09-04T11:52:34.872+0000] {processor.py:830} INFO - Processing file /home/airflow/.local/lib/python3.12/site-packages/airflow/example_dags/example_setup_teardown.py for tasks to queue
[2025-09-04T11:52:34.875+0000] {logging_mixin.py:188} INFO - [2025-09-04T11:52:34.874+0000] {dagbag.py:545} INFO - Filling up the DagBag from /home/airflow/.local/lib/python3.12/site-packages/airflow/example_dags/example_setup_teardown.py
[2025-09-04T11:52:34.885+0000] {processor.py:840} INFO - DAG(s) 'example_setup_teardown' retrieved from /home/airflow/.local/lib/python3.12/site-packages/airflow/example_dags/example_setup_teardown.py
[2025-09-04T11:52:34.914+0000] {logging_mixin.py:188} INFO - [2025-09-04T11:52:34.913+0000] {dag.py:3096} INFO - Sync 1 DAGs
[2025-09-04T11:52:34.936+0000] {logging_mixin.py:188} INFO - [2025-09-04T11:52:34.936+0000] {dag.py:3954} INFO - Setting next_dagrun for example_setup_teardown to 2025-09-03 00:00:00+00:00, run_after=2025-09-04 00:00:00+00:00
[2025-09-04T11:52:34.959+0000] {processor.py:183} INFO - Processing /home/airflow/.local/lib/python3.12/site-packages/airflow/example_dags/example_setup_teardown.py took 0.095 seconds
[2025-09-04T11:53:05.051+0000] {processor.py:161} INFO - Started process (PID=415) to work on /home/airflow/.local/lib/python3.12/site-packages/airflow/example_dags/example_setup_teardown.py
[2025-09-04T11:53:05.052+0000] {processor.py:830} INFO - Processing file /home/airflow/.local/lib/python3.12/site-packages/airflow/example_dags/example_setup_teardown.py for tasks to queue
[2025-09-04T11:53:05.054+0000] {logging_mixin.py:188} INFO - [2025-09-04T11:53:05.054+0000] {dagbag.py:545} INFO - Filling up the DagBag from /home/airflow/.local/lib/python3.12/site-packages/airflow/example_dags/example_setup_teardown.py
[2025-09-04T11:53:05.060+0000] {processor.py:840} INFO - DAG(s) 'example_setup_teardown' retrieved from /home/airflow/.local/lib/python3.12/site-packages/airflow/example_dags/example_setup_teardown.py
[2025-09-04T11:53:05.077+0000] {logging_mixin.py:188} INFO - [2025-09-04T11:53:05.076+0000] {dag.py:3096} INFO - Sync 1 DAGs
[2025-09-04T11:53:05.095+0000] {logging_mixin.py:188} INFO - [2025-09-04T11:53:05.095+0000] {dag.py:3954} INFO - Setting next_dagrun for example_setup_teardown to 2025-09-03 00:00:00+00:00, run_after=2025-09-04 00:00:00+00:00
[2025-09-04T11:53:05.110+0000] {processor.py:183} INFO - Processing /home/airflow/.local/lib/python3.12/site-packages/airflow/example_dags/example_setup_teardown.py took 0.064 seconds
[2025-09-04T11:53:35.429+0000] {processor.py:161} INFO - Started process (PID=473) to work on /home/airflow/.local/lib/python3.12/site-packages/airflow/example_dags/example_setup_teardown.py
[2025-09-04T11:53:35.430+0000] {processor.py:830} INFO - Processing file /home/airflow/.local/lib/python3.12/site-packages/airflow/example_dags/example_setup_teardown.py for tasks to queue
[2025-09-04T11:53:35.434+0000] {logging_mixin.py:188} INFO - [2025-09-04T11:53:35.434+0000] {dagbag.py:545} INFO - Filling up the DagBag from /home/airflow/.local/lib/python3.12/site-packages/airflow/example_dags/example_setup_teardown.py
[2025-09-04T11:53:35.447+0000] {processor.py:840} INFO - DAG(s) 'example_setup_teardown' retrieved from /home/airflow/.local/lib/python3.12/site-packages/airflow/example_dags/example_setup_teardown.py
[2025-09-04T11:53:35.474+0000] {logging_mixin.py:188} INFO - [2025-09-04T11:53:35.474+0000] {dag.py:3096} INFO - Sync 1 DAGs
[2025-09-04T11:53:35.494+0000] {logging_mixin.py:188} INFO - [2025-09-04T11:53:35.494+0000] {dag.py:3954} INFO - Setting next_dagrun for example_setup_teardown to 2025-09-03 00:00:00+00:00, run_after=2025-09-04 00:00:00+00:00
[2025-09-04T11:53:35.509+0000] {processor.py:183} INFO - Processing /home/airflow/.local/lib/python3.12/site-packages/airflow/example_dags/example_setup_teardown.py took 0.090 seconds
[2025-09-04T11:54:06.317+0000] {processor.py:161} INFO - Started process (PID=531) to work on /home/airflow/.local/lib/python3.12/site-packages/airflow/example_dags/example_setup_teardown.py
[2025-09-04T11:54:06.321+0000] {processor.py:830} INFO - Processing file /home/airflow/.local/lib/python3.12/site-packages/airflow/example_dags/example_setup_teardown.py for tasks to queue
[2025-09-04T11:54:06.324+0000] {logging_mixin.py:188} INFO - [2025-09-04T11:54:06.323+0000] {dagbag.py:545} INFO - Filling up the DagBag from /home/airflow/.local/lib/python3.12/site-packages/airflow/example_dags/example_setup_teardown.py
[2025-09-04T11:54:06.331+0000] {processor.py:840} INFO - DAG(s) 'example_setup_teardown' retrieved from /home/airflow/.local/lib/python3.12/site-packages/airflow/example_dags/example_setup_teardown.py
[2025-09-04T11:54:06.360+0000] {logging_mixin.py:188} INFO - [2025-09-04T11:54:06.359+0000] {dag.py:3096} INFO - Sync 1 DAGs
[2025-09-04T11:54:06.386+0000] {logging_mixin.py:188} INFO - [2025-09-04T11:54:06.386+0000] {dag.py:3954} INFO - Setting next_dagrun for example_setup_teardown to 2025-09-03 00:00:00+00:00, run_after=2025-09-04 00:00:00+00:00
[2025-09-04T11:54:06.404+0000] {processor.py:183} INFO - Processing /home/airflow/.local/lib/python3.12/site-packages/airflow/example_dags/example_setup_teardown.py took 0.101 seconds
[2025-09-04T11:54:36.828+0000] {processor.py:161} INFO - Started process (PID=589) to work on /home/airflow/.local/lib/python3.12/site-packages/airflow/example_dags/example_setup_teardown.py
[2025-09-04T11:54:36.829+0000] {processor.py:830} INFO - Processing file /home/airflow/.local/lib/python3.12/site-packages/airflow/example_dags/example_setup_teardown.py for tasks to queue
[2025-09-04T11:54:36.831+0000] {logging_mixin.py:188} INFO - [2025-09-04T11:54:36.831+0000] {dagbag.py:545} INFO - Filling up the DagBag from /home/airflow/.local/lib/python3.12/site-packages/airflow/example_dags/example_setup_teardown.py
[2025-09-04T11:54:36.843+0000] {processor.py:840} INFO - DAG(s) 'example_setup_teardown' retrieved from /home/airflow/.local/lib/python3.12/site-packages/airflow/example_dags/example_setup_teardown.py
[2025-09-04T11:54:36.867+0000] {logging_mixin.py:188} INFO - [2025-09-04T11:54:36.867+0000] {dag.py:3096} INFO - Sync 1 DAGs
[2025-09-04T11:54:36.890+0000] {logging_mixin.py:188} INFO - [2025-09-04T11:54:36.890+0000] {dag.py:3954} INFO - Setting next_dagrun for example_setup_teardown to 2025-09-03 00:00:00+00:00, run_after=2025-09-04 00:00:00+00:00
[2025-09-04T11:54:36.916+0000] {processor.py:183} INFO - Processing /home/airflow/.local/lib/python3.12/site-packages/airflow/example_dags/example_setup_teardown.py took 0.095 seconds
[2025-09-04T11:55:06.999+0000] {processor.py:161} INFO - Started process (PID=647) to work on /home/airflow/.local/lib/python3.12/site-packages/airflow/example_dags/example_setup_teardown.py
[2025-09-04T11:55:07.000+0000] {processor.py:830} INFO - Processing file /home/airflow/.local/lib/python3.12/site-packages/airflow/example_dags/example_setup_teardown.py for tasks to queue
[2025-09-04T11:55:07.003+0000] {logging_mixin.py:188} INFO - [2025-09-04T11:55:07.003+0000] {dagbag.py:545} INFO - Filling up the DagBag from /home/airflow/.local/lib/python3.12/site-packages/airflow/example_dags/example_setup_teardown.py
[2025-09-04T11:55:07.013+0000] {processor.py:840} INFO - DAG(s) 'example_setup_teardown' retrieved from /home/airflow/.local/lib/python3.12/site-packages/airflow/example_dags/example_setup_teardown.py
[2025-09-04T11:55:07.033+0000] {logging_mixin.py:188} INFO - [2025-09-04T11:55:07.033+0000] {dag.py:3096} INFO - Sync 1 DAGs
[2025-09-04T11:55:07.061+0000] {logging_mixin.py:188} INFO - [2025-09-04T11:55:07.061+0000] {dag.py:3954} INFO - Setting next_dagrun for example_setup_teardown to 2025-09-03 00:00:00+00:00, run_after=2025-09-04 00:00:00+00:00
[2025-09-04T11:55:07.078+0000] {processor.py:183} INFO - Processing /home/airflow/.local/lib/python3.12/site-packages/airflow/example_dags/example_setup_teardown.py took 0.090 seconds
[2025-09-04T11:55:37.291+0000] {processor.py:161} INFO - Started process (PID=705) to work on /home/airflow/.local/lib/python3.12/site-packages/airflow/example_dags/example_setup_teardown.py
[2025-09-04T11:55:37.292+0000] {processor.py:830} INFO - Processing file /home/airflow/.local/lib/python3.12/site-packages/airflow/example_dags/example_setup_teardown.py for tasks to queue
[2025-09-04T11:55:37.294+0000] {logging_mixin.py:188} INFO - [2025-09-04T11:55:37.294+0000] {dagbag.py:545} INFO - Filling up the DagBag from /home/airflow/.local/lib/python3.12/site-packages/airflow/example_dags/example_setup_teardown.py
[2025-09-04T11:55:37.302+0000] {processor.py:840} INFO - DAG(s) 'example_setup_teardown' retrieved from /home/airflow/.local/lib/python3.12/site-packages/airflow/example_dags/example_setup_teardown.py
[2025-09-04T11:55:37.331+0000] {logging_mixin.py:188} INFO - [2025-09-04T11:55:37.330+0000] {dag.py:3096} INFO - Sync 1 DAGs
[2025-09-04T11:55:37.380+0000] {logging_mixin.py:188} INFO - [2025-09-04T11:55:37.380+0000] {dag.py:3954} INFO - Setting next_dagrun for example_setup_teardown to 2025-09-03 00:00:00+00:00, run_after=2025-09-04 00:00:00+00:00
[2025-09-04T11:55:37.408+0000] {processor.py:183} INFO - Processing /home/airflow/.local/lib/python3.12/site-packages/airflow/example_dags/example_setup_teardown.py took 0.123 seconds
[2025-09-04T11:56:07.895+0000] {processor.py:161} INFO - Started process (PID=763) to work on /home/airflow/.local/lib/python3.12/site-packages/airflow/example_dags/example_setup_teardown.py
[2025-09-04T11:56:07.897+0000] {processor.py:830} INFO - Processing file /home/airflow/.local/lib/python3.12/site-packages/airflow/example_dags/example_setup_teardown.py for tasks to queue
[2025-09-04T11:56:07.899+0000] {logging_mixin.py:188} INFO - [2025-09-04T11:56:07.899+0000] {dagbag.py:545} INFO - Filling up the DagBag from /home/airflow/.local/lib/python3.12/site-packages/airflow/example_dags/example_setup_teardown.py
[2025-09-04T11:56:07.906+0000] {processor.py:840} INFO - DAG(s) 'example_setup_teardown' retrieved from /home/airflow/.local/lib/python3.12/site-packages/airflow/example_dags/example_setup_teardown.py
[2025-09-04T11:56:07.925+0000] {logging_mixin.py:188} INFO - [2025-09-04T11:56:07.925+0000] {dag.py:3096} INFO - Sync 1 DAGs
[2025-09-04T11:56:07.946+0000] {logging_mixin.py:188} INFO - [2025-09-04T11:56:07.946+0000] {dag.py:3954} INFO - Setting next_dagrun for example_setup_teardown to 2025-09-03 00:00:00+00:00, run_after=2025-09-04 00:00:00+00:00
[2025-09-04T11:56:07.970+0000] {processor.py:183} INFO - Processing /home/airflow/.local/lib/python3.12/site-packages/airflow/example_dags/example_setup_teardown.py took 0.080 seconds
[2025-09-04T11:56:38.185+0000] {processor.py:161} INFO - Started process (PID=820) to work on /home/airflow/.local/lib/python3.12/site-packages/airflow/example_dags/example_setup_teardown.py
[2025-09-04T11:56:38.187+0000] {processor.py:830} INFO - Processing file /home/airflow/.local/lib/python3.12/site-packages/airflow/example_dags/example_setup_teardown.py for tasks to queue
[2025-09-04T11:56:38.190+0000] {logging_mixin.py:188} INFO - [2025-09-04T11:56:38.190+0000] {dagbag.py:545} INFO - Filling up the DagBag from /home/airflow/.local/lib/python3.12/site-packages/airflow/example_dags/example_setup_teardown.py
[2025-09-04T11:56:38.203+0000] {processor.py:840} INFO - DAG(s) 'example_setup_teardown' retrieved from /home/airflow/.local/lib/python3.12/site-packages/airflow/example_dags/example_setup_teardown.py
[2025-09-04T11:56:38.245+0000] {logging_mixin.py:188} INFO - [2025-09-04T11:56:38.245+0000] {dag.py:3096} INFO - Sync 1 DAGs
[2025-09-04T11:56:38.280+0000] {logging_mixin.py:188} INFO - [2025-09-04T11:56:38.280+0000] {dag.py:3954} INFO - Setting next_dagrun for example_setup_teardown to 2025-09-03 00:00:00+00:00, run_after=2025-09-04 00:00:00+00:00
[2025-09-04T11:56:38.318+0000] {processor.py:183} INFO - Processing /home/airflow/.local/lib/python3.12/site-packages/airflow/example_dags/example_setup_teardown.py took 0.141 seconds
[2025-09-04T11:57:08.501+0000] {processor.py:161} INFO - Started process (PID=878) to work on /home/airflow/.local/lib/python3.12/site-packages/airflow/example_dags/example_setup_teardown.py
[2025-09-04T11:57:08.503+0000] {processor.py:830} INFO - Processing file /home/airflow/.local/lib/python3.12/site-packages/airflow/example_dags/example_setup_teardown.py for tasks to queue
[2025-09-04T11:57:08.507+0000] {logging_mixin.py:188} INFO - [2025-09-04T11:57:08.506+0000] {dagbag.py:545} INFO - Filling up the DagBag from /home/airflow/.local/lib/python3.12/site-packages/airflow/example_dags/example_setup_teardown.py
[2025-09-04T11:57:08.519+0000] {processor.py:840} INFO - DAG(s) 'example_setup_teardown' retrieved from /home/airflow/.local/lib/python3.12/site-packages/airflow/example_dags/example_setup_teardown.py
[2025-09-04T11:57:08.550+0000] {logging_mixin.py:188} INFO - [2025-09-04T11:57:08.550+0000] {dag.py:3096} INFO - Sync 1 DAGs
[2025-09-04T11:57:08.576+0000] {logging_mixin.py:188} INFO - [2025-09-04T11:57:08.576+0000] {dag.py:3954} INFO - Setting next_dagrun for example_setup_teardown to 2025-09-03 00:00:00+00:00, run_after=2025-09-04 00:00:00+00:00
[2025-09-04T11:57:08.600+0000] {processor.py:183} INFO - Processing /home/airflow/.local/lib/python3.12/site-packages/airflow/example_dags/example_setup_teardown.py took 0.105 seconds
[2025-09-04T11:57:38.837+0000] {processor.py:161} INFO - Started process (PID=936) to work on /home/airflow/.local/lib/python3.12/site-packages/airflow/example_dags/example_setup_teardown.py
[2025-09-04T11:57:38.839+0000] {processor.py:830} INFO - Processing file /home/airflow/.local/lib/python3.12/site-packages/airflow/example_dags/example_setup_teardown.py for tasks to queue
[2025-09-04T11:57:38.844+0000] {logging_mixin.py:188} INFO - [2025-09-04T11:57:38.843+0000] {dagbag.py:545} INFO - Filling up the DagBag from /home/airflow/.local/lib/python3.12/site-packages/airflow/example_dags/example_setup_teardown.py
[2025-09-04T11:57:38.858+0000] {processor.py:840} INFO - DAG(s) 'example_setup_teardown' retrieved from /home/airflow/.local/lib/python3.12/site-packages/airflow/example_dags/example_setup_teardown.py
[2025-09-04T11:57:38.893+0000] {logging_mixin.py:188} INFO - [2025-09-04T11:57:38.893+0000] {dag.py:3096} INFO - Sync 1 DAGs
[2025-09-04T11:57:38.930+0000] {logging_mixin.py:188} INFO - [2025-09-04T11:57:38.930+0000] {dag.py:3954} INFO - Setting next_dagrun for example_setup_teardown to 2025-09-03 00:00:00+00:00, run_after=2025-09-04 00:00:00+00:00
[2025-09-04T11:57:38.959+0000] {processor.py:183} INFO - Processing /home/airflow/.local/lib/python3.12/site-packages/airflow/example_dags/example_setup_teardown.py took 0.130 seconds
[2025-09-04T11:58:09.267+0000] {processor.py:161} INFO - Started process (PID=995) to work on /home/airflow/.local/lib/python3.12/site-packages/airflow/example_dags/example_setup_teardown.py
[2025-09-04T11:58:09.268+0000] {processor.py:830} INFO - Processing file /home/airflow/.local/lib/python3.12/site-packages/airflow/example_dags/example_setup_teardown.py for tasks to queue
[2025-09-04T11:58:09.270+0000] {logging_mixin.py:188} INFO - [2025-09-04T11:58:09.270+0000] {dagbag.py:545} INFO - Filling up the DagBag from /home/airflow/.local/lib/python3.12/site-packages/airflow/example_dags/example_setup_teardown.py
[2025-09-04T11:58:09.281+0000] {processor.py:840} INFO - DAG(s) 'example_setup_teardown' retrieved from /home/airflow/.local/lib/python3.12/site-packages/airflow/example_dags/example_setup_teardown.py
[2025-09-04T11:58:09.324+0000] {logging_mixin.py:188} INFO - [2025-09-04T11:58:09.324+0000] {dag.py:3096} INFO - Sync 1 DAGs
[2025-09-04T11:58:09.352+0000] {logging_mixin.py:188} INFO - [2025-09-04T11:58:09.351+0000] {dag.py:3954} INFO - Setting next_dagrun for example_setup_teardown to 2025-09-03 00:00:00+00:00, run_after=2025-09-04 00:00:00+00:00
[2025-09-04T11:58:09.372+0000] {processor.py:183} INFO - Processing /home/airflow/.local/lib/python3.12/site-packages/airflow/example_dags/example_setup_teardown.py took 0.112 seconds
[2025-09-04T11:58:39.413+0000] {processor.py:161} INFO - Started process (PID=1053) to work on /home/airflow/.local/lib/python3.12/site-packages/airflow/example_dags/example_setup_teardown.py
[2025-09-04T11:58:39.414+0000] {processor.py:830} INFO - Processing file /home/airflow/.local/lib/python3.12/site-packages/airflow/example_dags/example_setup_teardown.py for tasks to queue
[2025-09-04T11:58:39.416+0000] {logging_mixin.py:188} INFO - [2025-09-04T11:58:39.415+0000] {dagbag.py:545} INFO - Filling up the DagBag from /home/airflow/.local/lib/python3.12/site-packages/airflow/example_dags/example_setup_teardown.py
[2025-09-04T11:58:39.421+0000] {processor.py:840} INFO - DAG(s) 'example_setup_teardown' retrieved from /home/airflow/.local/lib/python3.12/site-packages/airflow/example_dags/example_setup_teardown.py
[2025-09-04T11:58:39.438+0000] {logging_mixin.py:188} INFO - [2025-09-04T11:58:39.437+0000] {dag.py:3096} INFO - Sync 1 DAGs
[2025-09-04T11:58:39.465+0000] {logging_mixin.py:188} INFO - [2025-09-04T11:58:39.464+0000] {dag.py:3954} INFO - Setting next_dagrun for example_setup_teardown to 2025-09-03 00:00:00+00:00, run_after=2025-09-04 00:00:00+00:00
[2025-09-04T11:58:39.520+0000] {processor.py:183} INFO - Processing /home/airflow/.local/lib/python3.12/site-packages/airflow/example_dags/example_setup_teardown.py took 0.112 seconds
[2025-09-04T11:59:10.036+0000] {processor.py:161} INFO - Started process (PID=1111) to work on /home/airflow/.local/lib/python3.12/site-packages/airflow/example_dags/example_setup_teardown.py
[2025-09-04T11:59:10.037+0000] {processor.py:830} INFO - Processing file /home/airflow/.local/lib/python3.12/site-packages/airflow/example_dags/example_setup_teardown.py for tasks to queue
[2025-09-04T11:59:10.040+0000] {logging_mixin.py:188} INFO - [2025-09-04T11:59:10.039+0000] {dagbag.py:545} INFO - Filling up the DagBag from /home/airflow/.local/lib/python3.12/site-packages/airflow/example_dags/example_setup_teardown.py
[2025-09-04T11:59:10.046+0000] {processor.py:840} INFO - DAG(s) 'example_setup_teardown' retrieved from /home/airflow/.local/lib/python3.12/site-packages/airflow/example_dags/example_setup_teardown.py
[2025-09-04T11:59:10.068+0000] {logging_mixin.py:188} INFO - [2025-09-04T11:59:10.068+0000] {dag.py:3096} INFO - Sync 1 DAGs
[2025-09-04T11:59:10.091+0000] {logging_mixin.py:188} INFO - [2025-09-04T11:59:10.090+0000] {dag.py:3954} INFO - Setting next_dagrun for example_setup_teardown to 2025-09-03 00:00:00+00:00, run_after=2025-09-04 00:00:00+00:00
[2025-09-04T11:59:10.111+0000] {processor.py:183} INFO - Processing /home/airflow/.local/lib/python3.12/site-packages/airflow/example_dags/example_setup_teardown.py took 0.081 seconds
[2025-09-04T11:59:40.500+0000] {processor.py:161} INFO - Started process (PID=1169) to work on /home/airflow/.local/lib/python3.12/site-packages/airflow/example_dags/example_setup_teardown.py
[2025-09-04T11:59:40.501+0000] {processor.py:830} INFO - Processing file /home/airflow/.local/lib/python3.12/site-packages/airflow/example_dags/example_setup_teardown.py for tasks to queue
[2025-09-04T11:59:40.503+0000] {logging_mixin.py:188} INFO - [2025-09-04T11:59:40.502+0000] {dagbag.py:545} INFO - Filling up the DagBag from /home/airflow/.local/lib/python3.12/site-packages/airflow/example_dags/example_setup_teardown.py
[2025-09-04T11:59:40.509+0000] {processor.py:840} INFO - DAG(s) 'example_setup_teardown' retrieved from /home/airflow/.local/lib/python3.12/site-packages/airflow/example_dags/example_setup_teardown.py
[2025-09-04T11:59:40.529+0000] {logging_mixin.py:188} INFO - [2025-09-04T11:59:40.529+0000] {dag.py:3096} INFO - Sync 1 DAGs
[2025-09-04T11:59:40.547+0000] {logging_mixin.py:188} INFO - [2025-09-04T11:59:40.547+0000] {dag.py:3954} INFO - Setting next_dagrun for example_setup_teardown to 2025-09-03 00:00:00+00:00, run_after=2025-09-04 00:00:00+00:00
[2025-09-04T11:59:40.565+0000] {processor.py:183} INFO - Processing /home/airflow/.local/lib/python3.12/site-packages/airflow/example_dags/example_setup_teardown.py took 0.070 seconds
[2025-09-04T12:01:30.416+0000] {processor.py:161} INFO - Started process (PID=56) to work on /home/airflow/.local/lib/python3.12/site-packages/airflow/example_dags/example_setup_teardown.py
[2025-09-04T12:01:30.417+0000] {processor.py:830} INFO - Processing file /home/airflow/.local/lib/python3.12/site-packages/airflow/example_dags/example_setup_teardown.py for tasks to queue
[2025-09-04T12:01:30.419+0000] {logging_mixin.py:188} INFO - [2025-09-04T12:01:30.419+0000] {dagbag.py:545} INFO - Filling up the DagBag from /home/airflow/.local/lib/python3.12/site-packages/airflow/example_dags/example_setup_teardown.py
[2025-09-04T12:01:30.428+0000] {processor.py:840} INFO - DAG(s) 'example_setup_teardown' retrieved from /home/airflow/.local/lib/python3.12/site-packages/airflow/example_dags/example_setup_teardown.py
[2025-09-04T12:01:30.568+0000] {logging_mixin.py:188} INFO - [2025-09-04T12:01:30.568+0000] {dag.py:3096} INFO - Sync 1 DAGs
[2025-09-04T12:01:30.588+0000] {logging_mixin.py:188} INFO - [2025-09-04T12:01:30.588+0000] {dag.py:3954} INFO - Setting next_dagrun for example_setup_teardown to 2025-09-03 00:00:00+00:00, run_after=2025-09-04 00:00:00+00:00
[2025-09-04T12:01:30.607+0000] {processor.py:183} INFO - Processing /home/airflow/.local/lib/python3.12/site-packages/airflow/example_dags/example_setup_teardown.py took 0.197 seconds
[2025-09-04T12:02:00.727+0000] {processor.py:161} INFO - Started process (PID=114) to work on /home/airflow/.local/lib/python3.12/site-packages/airflow/example_dags/example_setup_teardown.py
[2025-09-04T12:02:00.728+0000] {processor.py:830} INFO - Processing file /home/airflow/.local/lib/python3.12/site-packages/airflow/example_dags/example_setup_teardown.py for tasks to queue
[2025-09-04T12:02:00.730+0000] {logging_mixin.py:188} INFO - [2025-09-04T12:02:00.730+0000] {dagbag.py:545} INFO - Filling up the DagBag from /home/airflow/.local/lib/python3.12/site-packages/airflow/example_dags/example_setup_teardown.py
[2025-09-04T12:02:00.740+0000] {processor.py:840} INFO - DAG(s) 'example_setup_teardown' retrieved from /home/airflow/.local/lib/python3.12/site-packages/airflow/example_dags/example_setup_teardown.py
[2025-09-04T12:02:00.762+0000] {logging_mixin.py:188} INFO - [2025-09-04T12:02:00.762+0000] {dag.py:3096} INFO - Sync 1 DAGs
[2025-09-04T12:02:00.782+0000] {logging_mixin.py:188} INFO - [2025-09-04T12:02:00.781+0000] {dag.py:3954} INFO - Setting next_dagrun for example_setup_teardown to 2025-09-03 00:00:00+00:00, run_after=2025-09-04 00:00:00+00:00
[2025-09-04T12:02:00.812+0000] {processor.py:183} INFO - Processing /home/airflow/.local/lib/python3.12/site-packages/airflow/example_dags/example_setup_teardown.py took 0.096 seconds
[2025-09-04T12:02:31.418+0000] {processor.py:161} INFO - Started process (PID=172) to work on /home/airflow/.local/lib/python3.12/site-packages/airflow/example_dags/example_setup_teardown.py
[2025-09-04T12:02:31.420+0000] {processor.py:830} INFO - Processing file /home/airflow/.local/lib/python3.12/site-packages/airflow/example_dags/example_setup_teardown.py for tasks to queue
[2025-09-04T12:02:31.424+0000] {logging_mixin.py:188} INFO - [2025-09-04T12:02:31.423+0000] {dagbag.py:545} INFO - Filling up the DagBag from /home/airflow/.local/lib/python3.12/site-packages/airflow/example_dags/example_setup_teardown.py
[2025-09-04T12:02:31.432+0000] {processor.py:840} INFO - DAG(s) 'example_setup_teardown' retrieved from /home/airflow/.local/lib/python3.12/site-packages/airflow/example_dags/example_setup_teardown.py
[2025-09-04T12:02:31.452+0000] {logging_mixin.py:188} INFO - [2025-09-04T12:02:31.452+0000] {dag.py:3096} INFO - Sync 1 DAGs
[2025-09-04T12:02:31.474+0000] {logging_mixin.py:188} INFO - [2025-09-04T12:02:31.473+0000] {dag.py:3954} INFO - Setting next_dagrun for example_setup_teardown to 2025-09-03 00:00:00+00:00, run_after=2025-09-04 00:00:00+00:00
[2025-09-04T12:02:31.490+0000] {processor.py:183} INFO - Processing /home/airflow/.local/lib/python3.12/site-packages/airflow/example_dags/example_setup_teardown.py took 0.077 seconds
[2025-09-04T12:03:01.898+0000] {processor.py:161} INFO - Started process (PID=230) to work on /home/airflow/.local/lib/python3.12/site-packages/airflow/example_dags/example_setup_teardown.py
[2025-09-04T12:03:01.900+0000] {processor.py:830} INFO - Processing file /home/airflow/.local/lib/python3.12/site-packages/airflow/example_dags/example_setup_teardown.py for tasks to queue
[2025-09-04T12:03:01.903+0000] {logging_mixin.py:188} INFO - [2025-09-04T12:03:01.902+0000] {dagbag.py:545} INFO - Filling up the DagBag from /home/airflow/.local/lib/python3.12/site-packages/airflow/example_dags/example_setup_teardown.py
[2025-09-04T12:03:01.915+0000] {processor.py:840} INFO - DAG(s) 'example_setup_teardown' retrieved from /home/airflow/.local/lib/python3.12/site-packages/airflow/example_dags/example_setup_teardown.py
[2025-09-04T12:03:01.949+0000] {logging_mixin.py:188} INFO - [2025-09-04T12:03:01.948+0000] {dag.py:3096} INFO - Sync 1 DAGs
[2025-09-04T12:03:01.975+0000] {logging_mixin.py:188} INFO - [2025-09-04T12:03:01.975+0000] {dag.py:3954} INFO - Setting next_dagrun for example_setup_teardown to 2025-09-03 00:00:00+00:00, run_after=2025-09-04 00:00:00+00:00
[2025-09-04T12:03:01.994+0000] {processor.py:183} INFO - Processing /home/airflow/.local/lib/python3.12/site-packages/airflow/example_dags/example_setup_teardown.py took 0.105 seconds
[2025-09-04T12:03:32.241+0000] {processor.py:161} INFO - Started process (PID=288) to work on /home/airflow/.local/lib/python3.12/site-packages/airflow/example_dags/example_setup_teardown.py
[2025-09-04T12:03:32.242+0000] {processor.py:830} INFO - Processing file /home/airflow/.local/lib/python3.12/site-packages/airflow/example_dags/example_setup_teardown.py for tasks to queue
[2025-09-04T12:03:32.244+0000] {logging_mixin.py:188} INFO - [2025-09-04T12:03:32.243+0000] {dagbag.py:545} INFO - Filling up the DagBag from /home/airflow/.local/lib/python3.12/site-packages/airflow/example_dags/example_setup_teardown.py
[2025-09-04T12:03:32.251+0000] {processor.py:840} INFO - DAG(s) 'example_setup_teardown' retrieved from /home/airflow/.local/lib/python3.12/site-packages/airflow/example_dags/example_setup_teardown.py
[2025-09-04T12:03:32.272+0000] {logging_mixin.py:188} INFO - [2025-09-04T12:03:32.272+0000] {dag.py:3096} INFO - Sync 1 DAGs
[2025-09-04T12:03:32.289+0000] {logging_mixin.py:188} INFO - [2025-09-04T12:03:32.288+0000] {dag.py:3954} INFO - Setting next_dagrun for example_setup_teardown to 2025-09-03 00:00:00+00:00, run_after=2025-09-04 00:00:00+00:00
[2025-09-04T12:03:32.304+0000] {processor.py:183} INFO - Processing /home/airflow/.local/lib/python3.12/site-packages/airflow/example_dags/example_setup_teardown.py took 0.068 seconds
[2025-09-04T12:04:02.874+0000] {processor.py:161} INFO - Started process (PID=346) to work on /home/airflow/.local/lib/python3.12/site-packages/airflow/example_dags/example_setup_teardown.py
[2025-09-04T12:04:02.876+0000] {processor.py:830} INFO - Processing file /home/airflow/.local/lib/python3.12/site-packages/airflow/example_dags/example_setup_teardown.py for tasks to queue
[2025-09-04T12:04:02.880+0000] {logging_mixin.py:188} INFO - [2025-09-04T12:04:02.879+0000] {dagbag.py:545} INFO - Filling up the DagBag from /home/airflow/.local/lib/python3.12/site-packages/airflow/example_dags/example_setup_teardown.py
[2025-09-04T12:04:02.892+0000] {processor.py:840} INFO - DAG(s) 'example_setup_teardown' retrieved from /home/airflow/.local/lib/python3.12/site-packages/airflow/example_dags/example_setup_teardown.py
[2025-09-04T12:04:02.925+0000] {logging_mixin.py:188} INFO - [2025-09-04T12:04:02.924+0000] {dag.py:3096} INFO - Sync 1 DAGs
[2025-09-04T12:04:02.956+0000] {logging_mixin.py:188} INFO - [2025-09-04T12:04:02.955+0000] {dag.py:3954} INFO - Setting next_dagrun for example_setup_teardown to 2025-09-03 00:00:00+00:00, run_after=2025-09-04 00:00:00+00:00
[2025-09-04T12:04:02.985+0000] {processor.py:183} INFO - Processing /home/airflow/.local/lib/python3.12/site-packages/airflow/example_dags/example_setup_teardown.py took 0.119 seconds
[2025-09-04T12:04:33.118+0000] {processor.py:161} INFO - Started process (PID=404) to work on /home/airflow/.local/lib/python3.12/site-packages/airflow/example_dags/example_setup_teardown.py
[2025-09-04T12:04:33.120+0000] {processor.py:830} INFO - Processing file /home/airflow/.local/lib/python3.12/site-packages/airflow/example_dags/example_setup_teardown.py for tasks to queue
[2025-09-04T12:04:33.123+0000] {logging_mixin.py:188} INFO - [2025-09-04T12:04:33.123+0000] {dagbag.py:545} INFO - Filling up the DagBag from /home/airflow/.local/lib/python3.12/site-packages/airflow/example_dags/example_setup_teardown.py
[2025-09-04T12:04:33.129+0000] {processor.py:840} INFO - DAG(s) 'example_setup_teardown' retrieved from /home/airflow/.local/lib/python3.12/site-packages/airflow/example_dags/example_setup_teardown.py
[2025-09-04T12:04:33.151+0000] {logging_mixin.py:188} INFO - [2025-09-04T12:04:33.151+0000] {dag.py:3096} INFO - Sync 1 DAGs
[2025-09-04T12:04:33.170+0000] {logging_mixin.py:188} INFO - [2025-09-04T12:04:33.169+0000] {dag.py:3954} INFO - Setting next_dagrun for example_setup_teardown to 2025-09-03 00:00:00+00:00, run_after=2025-09-04 00:00:00+00:00
[2025-09-04T12:04:33.190+0000] {processor.py:183} INFO - Processing /home/airflow/.local/lib/python3.12/site-packages/airflow/example_dags/example_setup_teardown.py took 0.078 seconds
[2025-09-04T12:05:03.864+0000] {processor.py:161} INFO - Started process (PID=468) to work on /home/airflow/.local/lib/python3.12/site-packages/airflow/example_dags/example_setup_teardown.py
[2025-09-04T12:05:03.866+0000] {processor.py:830} INFO - Processing file /home/airflow/.local/lib/python3.12/site-packages/airflow/example_dags/example_setup_teardown.py for tasks to queue
[2025-09-04T12:05:03.870+0000] {logging_mixin.py:188} INFO - [2025-09-04T12:05:03.869+0000] {dagbag.py:545} INFO - Filling up the DagBag from /home/airflow/.local/lib/python3.12/site-packages/airflow/example_dags/example_setup_teardown.py
[2025-09-04T12:05:03.879+0000] {processor.py:840} INFO - DAG(s) 'example_setup_teardown' retrieved from /home/airflow/.local/lib/python3.12/site-packages/airflow/example_dags/example_setup_teardown.py
[2025-09-04T12:05:03.902+0000] {logging_mixin.py:188} INFO - [2025-09-04T12:05:03.901+0000] {dag.py:3096} INFO - Sync 1 DAGs
[2025-09-04T12:05:03.921+0000] {logging_mixin.py:188} INFO - [2025-09-04T12:05:03.921+0000] {dag.py:3954} INFO - Setting next_dagrun for example_setup_teardown to 2025-09-03 00:00:00+00:00, run_after=2025-09-04 00:00:00+00:00
[2025-09-04T12:05:03.947+0000] {processor.py:183} INFO - Processing /home/airflow/.local/lib/python3.12/site-packages/airflow/example_dags/example_setup_teardown.py took 0.090 seconds
[2025-09-04T12:05:34.238+0000] {processor.py:161} INFO - Started process (PID=526) to work on /home/airflow/.local/lib/python3.12/site-packages/airflow/example_dags/example_setup_teardown.py
[2025-09-04T12:05:34.239+0000] {processor.py:830} INFO - Processing file /home/airflow/.local/lib/python3.12/site-packages/airflow/example_dags/example_setup_teardown.py for tasks to queue
[2025-09-04T12:05:34.242+0000] {logging_mixin.py:188} INFO - [2025-09-04T12:05:34.241+0000] {dagbag.py:545} INFO - Filling up the DagBag from /home/airflow/.local/lib/python3.12/site-packages/airflow/example_dags/example_setup_teardown.py
[2025-09-04T12:05:34.248+0000] {processor.py:840} INFO - DAG(s) 'example_setup_teardown' retrieved from /home/airflow/.local/lib/python3.12/site-packages/airflow/example_dags/example_setup_teardown.py
[2025-09-04T12:05:34.265+0000] {logging_mixin.py:188} INFO - [2025-09-04T12:05:34.264+0000] {dag.py:3096} INFO - Sync 1 DAGs
[2025-09-04T12:05:34.284+0000] {logging_mixin.py:188} INFO - [2025-09-04T12:05:34.284+0000] {dag.py:3954} INFO - Setting next_dagrun for example_setup_teardown to 2025-09-03 00:00:00+00:00, run_after=2025-09-04 00:00:00+00:00
[2025-09-04T12:05:34.299+0000] {processor.py:183} INFO - Processing /home/airflow/.local/lib/python3.12/site-packages/airflow/example_dags/example_setup_teardown.py took 0.066 seconds
[2025-09-04T12:06:34.732+0000] {processor.py:161} INFO - Started process (PID=62) to work on /home/airflow/.local/lib/python3.12/site-packages/airflow/example_dags/example_setup_teardown.py
[2025-09-04T12:06:34.734+0000] {processor.py:830} INFO - Processing file /home/airflow/.local/lib/python3.12/site-packages/airflow/example_dags/example_setup_teardown.py for tasks to queue
[2025-09-04T12:06:34.736+0000] {logging_mixin.py:188} INFO - [2025-09-04T12:06:34.736+0000] {dagbag.py:545} INFO - Filling up the DagBag from /home/airflow/.local/lib/python3.12/site-packages/airflow/example_dags/example_setup_teardown.py
[2025-09-04T12:06:34.745+0000] {processor.py:840} INFO - DAG(s) 'example_setup_teardown' retrieved from /home/airflow/.local/lib/python3.12/site-packages/airflow/example_dags/example_setup_teardown.py
[2025-09-04T12:06:34.758+0000] {logging_mixin.py:188} INFO - [2025-09-04T12:06:34.758+0000] {dag.py:3096} INFO - Sync 1 DAGs
[2025-09-04T12:06:34.783+0000] {logging_mixin.py:188} INFO - [2025-09-04T12:06:34.782+0000] {dag.py:3954} INFO - Setting next_dagrun for example_setup_teardown to 2025-09-03 00:00:00+00:00, run_after=2025-09-04 00:00:00+00:00
[2025-09-04T12:06:34.820+0000] {processor.py:183} INFO - Processing /home/airflow/.local/lib/python3.12/site-packages/airflow/example_dags/example_setup_teardown.py took 0.093 seconds
[2025-09-04T12:07:05.373+0000] {processor.py:161} INFO - Started process (PID=120) to work on /home/airflow/.local/lib/python3.12/site-packages/airflow/example_dags/example_setup_teardown.py
[2025-09-04T12:07:05.374+0000] {processor.py:830} INFO - Processing file /home/airflow/.local/lib/python3.12/site-packages/airflow/example_dags/example_setup_teardown.py for tasks to queue
[2025-09-04T12:07:05.377+0000] {logging_mixin.py:188} INFO - [2025-09-04T12:07:05.377+0000] {dagbag.py:545} INFO - Filling up the DagBag from /home/airflow/.local/lib/python3.12/site-packages/airflow/example_dags/example_setup_teardown.py
[2025-09-04T12:07:05.385+0000] {processor.py:840} INFO - DAG(s) 'example_setup_teardown' retrieved from /home/airflow/.local/lib/python3.12/site-packages/airflow/example_dags/example_setup_teardown.py
[2025-09-04T12:07:05.489+0000] {logging_mixin.py:188} INFO - [2025-09-04T12:07:05.489+0000] {dag.py:3096} INFO - Sync 1 DAGs
[2025-09-04T12:07:05.515+0000] {logging_mixin.py:188} INFO - [2025-09-04T12:07:05.514+0000] {dag.py:3954} INFO - Setting next_dagrun for example_setup_teardown to 2025-09-03 00:00:00+00:00, run_after=2025-09-04 00:00:00+00:00
[2025-09-04T12:07:05.546+0000] {processor.py:183} INFO - Processing /home/airflow/.local/lib/python3.12/site-packages/airflow/example_dags/example_setup_teardown.py took 0.188 seconds
[2025-09-04T12:07:35.861+0000] {processor.py:161} INFO - Started process (PID=178) to work on /home/airflow/.local/lib/python3.12/site-packages/airflow/example_dags/example_setup_teardown.py
[2025-09-04T12:07:35.863+0000] {processor.py:830} INFO - Processing file /home/airflow/.local/lib/python3.12/site-packages/airflow/example_dags/example_setup_teardown.py for tasks to queue
[2025-09-04T12:07:35.867+0000] {logging_mixin.py:188} INFO - [2025-09-04T12:07:35.867+0000] {dagbag.py:545} INFO - Filling up the DagBag from /home/airflow/.local/lib/python3.12/site-packages/airflow/example_dags/example_setup_teardown.py
[2025-09-04T12:07:35.878+0000] {processor.py:840} INFO - DAG(s) 'example_setup_teardown' retrieved from /home/airflow/.local/lib/python3.12/site-packages/airflow/example_dags/example_setup_teardown.py
[2025-09-04T12:07:35.930+0000] {logging_mixin.py:188} INFO - [2025-09-04T12:07:35.928+0000] {dag.py:3096} INFO - Sync 1 DAGs
[2025-09-04T12:07:35.986+0000] {logging_mixin.py:188} INFO - [2025-09-04T12:07:35.985+0000] {dag.py:3954} INFO - Setting next_dagrun for example_setup_teardown to 2025-09-03 00:00:00+00:00, run_after=2025-09-04 00:00:00+00:00
[2025-09-04T12:07:36.029+0000] {processor.py:183} INFO - Processing /home/airflow/.local/lib/python3.12/site-packages/airflow/example_dags/example_setup_teardown.py took 0.180 seconds
[2025-09-04T12:08:06.365+0000] {processor.py:161} INFO - Started process (PID=236) to work on /home/airflow/.local/lib/python3.12/site-packages/airflow/example_dags/example_setup_teardown.py
[2025-09-04T12:08:06.367+0000] {processor.py:830} INFO - Processing file /home/airflow/.local/lib/python3.12/site-packages/airflow/example_dags/example_setup_teardown.py for tasks to queue
[2025-09-04T12:08:06.371+0000] {logging_mixin.py:188} INFO - [2025-09-04T12:08:06.370+0000] {dagbag.py:545} INFO - Filling up the DagBag from /home/airflow/.local/lib/python3.12/site-packages/airflow/example_dags/example_setup_teardown.py
[2025-09-04T12:08:06.381+0000] {processor.py:840} INFO - DAG(s) 'example_setup_teardown' retrieved from /home/airflow/.local/lib/python3.12/site-packages/airflow/example_dags/example_setup_teardown.py
[2025-09-04T12:08:06.398+0000] {logging_mixin.py:188} INFO - [2025-09-04T12:08:06.398+0000] {dag.py:3096} INFO - Sync 1 DAGs
[2025-09-04T12:08:06.421+0000] {logging_mixin.py:188} INFO - [2025-09-04T12:08:06.421+0000] {dag.py:3954} INFO - Setting next_dagrun for example_setup_teardown to 2025-09-03 00:00:00+00:00, run_after=2025-09-04 00:00:00+00:00
[2025-09-04T12:08:06.435+0000] {processor.py:183} INFO - Processing /home/airflow/.local/lib/python3.12/site-packages/airflow/example_dags/example_setup_teardown.py took 0.080 seconds
[2025-09-04T12:08:37.072+0000] {processor.py:161} INFO - Started process (PID=294) to work on /home/airflow/.local/lib/python3.12/site-packages/airflow/example_dags/example_setup_teardown.py
[2025-09-04T12:08:37.074+0000] {processor.py:830} INFO - Processing file /home/airflow/.local/lib/python3.12/site-packages/airflow/example_dags/example_setup_teardown.py for tasks to queue
[2025-09-04T12:08:37.077+0000] {logging_mixin.py:188} INFO - [2025-09-04T12:08:37.077+0000] {dagbag.py:545} INFO - Filling up the DagBag from /home/airflow/.local/lib/python3.12/site-packages/airflow/example_dags/example_setup_teardown.py
[2025-09-04T12:08:37.087+0000] {processor.py:840} INFO - DAG(s) 'example_setup_teardown' retrieved from /home/airflow/.local/lib/python3.12/site-packages/airflow/example_dags/example_setup_teardown.py
[2025-09-04T12:08:37.108+0000] {logging_mixin.py:188} INFO - [2025-09-04T12:08:37.108+0000] {dag.py:3096} INFO - Sync 1 DAGs
[2025-09-04T12:08:37.126+0000] {logging_mixin.py:188} INFO - [2025-09-04T12:08:37.126+0000] {dag.py:3954} INFO - Setting next_dagrun for example_setup_teardown to 2025-09-03 00:00:00+00:00, run_after=2025-09-04 00:00:00+00:00
[2025-09-04T12:08:37.150+0000] {processor.py:183} INFO - Processing /home/airflow/.local/lib/python3.12/site-packages/airflow/example_dags/example_setup_teardown.py took 0.089 seconds
