[2025-09-04T11:50:06.311+0000] {processor.py:161} INFO - Started process (PID=93) to work on /home/airflow/.local/lib/python3.12/site-packages/airflow/example_dags/example_python_decorator.py
[2025-09-04T11:50:06.312+0000] {processor.py:830} INFO - Processing file /home/airflow/.local/lib/python3.12/site-packages/airflow/example_dags/example_python_decorator.py for tasks to queue
[2025-09-04T11:50:06.315+0000] {logging_mixin.py:188} INFO - [2025-09-04T11:50:06.315+0000] {dagbag.py:545} INFO - Filling up the DagBag from /home/airflow/.local/lib/python3.12/site-packages/airflow/example_dags/example_python_decorator.py
[2025-09-04T11:50:06.336+0000] {processor.py:840} INFO - DAG(s) 'example_python_decorator' retrieved from /home/airflow/.local/lib/python3.12/site-packages/airflow/example_dags/example_python_decorator.py
[2025-09-04T11:50:06.471+0000] {logging_mixin.py:188} INFO - [2025-09-04T11:50:06.470+0000] {override.py:1829} INFO - Created Permission View: can edit on DAG:example_python_decorator
[2025-09-04T11:50:06.484+0000] {logging_mixin.py:188} INFO - [2025-09-04T11:50:06.483+0000] {override.py:1829} INFO - Created Permission View: can read on DAG:example_python_decorator
[2025-09-04T11:50:06.491+0000] {logging_mixin.py:188} INFO - [2025-09-04T11:50:06.491+0000] {override.py:1829} INFO - Created Permission View: can delete on DAG:example_python_decorator
[2025-09-04T11:50:06.493+0000] {logging_mixin.py:188} INFO - [2025-09-04T11:50:06.492+0000] {dag.py:3096} INFO - Sync 1 DAGs
[2025-09-04T11:50:06.505+0000] {logging_mixin.py:188} INFO - [2025-09-04T11:50:06.505+0000] {dag.py:3118} INFO - Creating ORM DAG for example_python_decorator
[2025-09-04T11:50:06.506+0000] {logging_mixin.py:188} INFO - [2025-09-04T11:50:06.506+0000] {dag.py:3954} INFO - Setting next_dagrun for example_python_decorator to None, run_after=None
[2025-09-04T11:50:06.526+0000] {processor.py:183} INFO - Processing /home/airflow/.local/lib/python3.12/site-packages/airflow/example_dags/example_python_decorator.py took 0.221 seconds
[2025-09-04T11:50:36.597+0000] {processor.py:161} INFO - Started process (PID=151) to work on /home/airflow/.local/lib/python3.12/site-packages/airflow/example_dags/example_python_decorator.py
[2025-09-04T11:50:36.599+0000] {processor.py:830} INFO - Processing file /home/airflow/.local/lib/python3.12/site-packages/airflow/example_dags/example_python_decorator.py for tasks to queue
[2025-09-04T11:50:36.603+0000] {logging_mixin.py:188} INFO - [2025-09-04T11:50:36.603+0000] {dagbag.py:545} INFO - Filling up the DagBag from /home/airflow/.local/lib/python3.12/site-packages/airflow/example_dags/example_python_decorator.py
[2025-09-04T11:50:36.619+0000] {processor.py:840} INFO - DAG(s) 'example_python_decorator' retrieved from /home/airflow/.local/lib/python3.12/site-packages/airflow/example_dags/example_python_decorator.py
[2025-09-04T11:50:36.637+0000] {logging_mixin.py:188} INFO - [2025-09-04T11:50:36.636+0000] {dag.py:3096} INFO - Sync 1 DAGs
[2025-09-04T11:50:36.646+0000] {logging_mixin.py:188} INFO - [2025-09-04T11:50:36.646+0000] {dag.py:3954} INFO - Setting next_dagrun for example_python_decorator to None, run_after=None
[2025-09-04T11:50:36.663+0000] {processor.py:183} INFO - Processing /home/airflow/.local/lib/python3.12/site-packages/airflow/example_dags/example_python_decorator.py took 0.071 seconds
[2025-09-04T11:51:07.383+0000] {processor.py:161} INFO - Started process (PID=208) to work on /home/airflow/.local/lib/python3.12/site-packages/airflow/example_dags/example_python_decorator.py
[2025-09-04T11:51:07.384+0000] {processor.py:830} INFO - Processing file /home/airflow/.local/lib/python3.12/site-packages/airflow/example_dags/example_python_decorator.py for tasks to queue
[2025-09-04T11:51:07.386+0000] {logging_mixin.py:188} INFO - [2025-09-04T11:51:07.386+0000] {dagbag.py:545} INFO - Filling up the DagBag from /home/airflow/.local/lib/python3.12/site-packages/airflow/example_dags/example_python_decorator.py
[2025-09-04T11:51:07.398+0000] {processor.py:840} INFO - DAG(s) 'example_python_decorator' retrieved from /home/airflow/.local/lib/python3.12/site-packages/airflow/example_dags/example_python_decorator.py
[2025-09-04T11:51:07.417+0000] {logging_mixin.py:188} INFO - [2025-09-04T11:51:07.417+0000] {dag.py:3096} INFO - Sync 1 DAGs
[2025-09-04T11:51:07.432+0000] {logging_mixin.py:188} INFO - [2025-09-04T11:51:07.431+0000] {dag.py:3954} INFO - Setting next_dagrun for example_python_decorator to None, run_after=None
[2025-09-04T11:51:07.450+0000] {processor.py:183} INFO - Processing /home/airflow/.local/lib/python3.12/site-packages/airflow/example_dags/example_python_decorator.py took 0.072 seconds
[2025-09-04T11:51:38.299+0000] {processor.py:161} INFO - Started process (PID=266) to work on /home/airflow/.local/lib/python3.12/site-packages/airflow/example_dags/example_python_decorator.py
[2025-09-04T11:51:38.300+0000] {processor.py:830} INFO - Processing file /home/airflow/.local/lib/python3.12/site-packages/airflow/example_dags/example_python_decorator.py for tasks to queue
[2025-09-04T11:51:38.303+0000] {logging_mixin.py:188} INFO - [2025-09-04T11:51:38.302+0000] {dagbag.py:545} INFO - Filling up the DagBag from /home/airflow/.local/lib/python3.12/site-packages/airflow/example_dags/example_python_decorator.py
[2025-09-04T11:51:38.314+0000] {processor.py:840} INFO - DAG(s) 'example_python_decorator' retrieved from /home/airflow/.local/lib/python3.12/site-packages/airflow/example_dags/example_python_decorator.py
[2025-09-04T11:51:38.339+0000] {logging_mixin.py:188} INFO - [2025-09-04T11:51:38.339+0000] {dag.py:3096} INFO - Sync 1 DAGs
[2025-09-04T11:51:38.379+0000] {logging_mixin.py:188} INFO - [2025-09-04T11:51:38.378+0000] {dag.py:3954} INFO - Setting next_dagrun for example_python_decorator to None, run_after=None
[2025-09-04T11:51:38.419+0000] {processor.py:183} INFO - Processing /home/airflow/.local/lib/python3.12/site-packages/airflow/example_dags/example_python_decorator.py took 0.126 seconds
[2025-09-04T11:52:09.134+0000] {processor.py:161} INFO - Started process (PID=324) to work on /home/airflow/.local/lib/python3.12/site-packages/airflow/example_dags/example_python_decorator.py
[2025-09-04T11:52:09.135+0000] {processor.py:830} INFO - Processing file /home/airflow/.local/lib/python3.12/site-packages/airflow/example_dags/example_python_decorator.py for tasks to queue
[2025-09-04T11:52:09.137+0000] {logging_mixin.py:188} INFO - [2025-09-04T11:52:09.136+0000] {dagbag.py:545} INFO - Filling up the DagBag from /home/airflow/.local/lib/python3.12/site-packages/airflow/example_dags/example_python_decorator.py
[2025-09-04T11:52:09.150+0000] {processor.py:840} INFO - DAG(s) 'example_python_decorator' retrieved from /home/airflow/.local/lib/python3.12/site-packages/airflow/example_dags/example_python_decorator.py
[2025-09-04T11:52:09.173+0000] {logging_mixin.py:188} INFO - [2025-09-04T11:52:09.173+0000] {dag.py:3096} INFO - Sync 1 DAGs
[2025-09-04T11:52:09.190+0000] {logging_mixin.py:188} INFO - [2025-09-04T11:52:09.190+0000] {dag.py:3954} INFO - Setting next_dagrun for example_python_decorator to None, run_after=None
[2025-09-04T11:52:09.214+0000] {processor.py:183} INFO - Processing /home/airflow/.local/lib/python3.12/site-packages/airflow/example_dags/example_python_decorator.py took 0.085 seconds
[2025-09-04T11:52:40.377+0000] {processor.py:161} INFO - Started process (PID=382) to work on /home/airflow/.local/lib/python3.12/site-packages/airflow/example_dags/example_python_decorator.py
[2025-09-04T11:52:40.379+0000] {processor.py:830} INFO - Processing file /home/airflow/.local/lib/python3.12/site-packages/airflow/example_dags/example_python_decorator.py for tasks to queue
[2025-09-04T11:52:40.383+0000] {logging_mixin.py:188} INFO - [2025-09-04T11:52:40.382+0000] {dagbag.py:545} INFO - Filling up the DagBag from /home/airflow/.local/lib/python3.12/site-packages/airflow/example_dags/example_python_decorator.py
[2025-09-04T11:52:40.407+0000] {processor.py:840} INFO - DAG(s) 'example_python_decorator' retrieved from /home/airflow/.local/lib/python3.12/site-packages/airflow/example_dags/example_python_decorator.py
[2025-09-04T11:52:40.447+0000] {logging_mixin.py:188} INFO - [2025-09-04T11:52:40.446+0000] {dag.py:3096} INFO - Sync 1 DAGs
[2025-09-04T11:52:40.470+0000] {logging_mixin.py:188} INFO - [2025-09-04T11:52:40.470+0000] {dag.py:3954} INFO - Setting next_dagrun for example_python_decorator to None, run_after=None
[2025-09-04T11:52:40.510+0000] {processor.py:183} INFO - Processing /home/airflow/.local/lib/python3.12/site-packages/airflow/example_dags/example_python_decorator.py took 0.144 seconds
[2025-09-04T11:53:10.735+0000] {processor.py:161} INFO - Started process (PID=440) to work on /home/airflow/.local/lib/python3.12/site-packages/airflow/example_dags/example_python_decorator.py
[2025-09-04T11:53:10.737+0000] {processor.py:830} INFO - Processing file /home/airflow/.local/lib/python3.12/site-packages/airflow/example_dags/example_python_decorator.py for tasks to queue
[2025-09-04T11:53:10.739+0000] {logging_mixin.py:188} INFO - [2025-09-04T11:53:10.738+0000] {dagbag.py:545} INFO - Filling up the DagBag from /home/airflow/.local/lib/python3.12/site-packages/airflow/example_dags/example_python_decorator.py
[2025-09-04T11:53:10.752+0000] {processor.py:840} INFO - DAG(s) 'example_python_decorator' retrieved from /home/airflow/.local/lib/python3.12/site-packages/airflow/example_dags/example_python_decorator.py
[2025-09-04T11:53:10.772+0000] {logging_mixin.py:188} INFO - [2025-09-04T11:53:10.772+0000] {dag.py:3096} INFO - Sync 1 DAGs
[2025-09-04T11:53:10.783+0000] {logging_mixin.py:188} INFO - [2025-09-04T11:53:10.783+0000] {dag.py:3954} INFO - Setting next_dagrun for example_python_decorator to None, run_after=None
[2025-09-04T11:53:10.805+0000] {processor.py:183} INFO - Processing /home/airflow/.local/lib/python3.12/site-packages/airflow/example_dags/example_python_decorator.py took 0.078 seconds
[2025-09-04T11:53:41.109+0000] {processor.py:161} INFO - Started process (PID=498) to work on /home/airflow/.local/lib/python3.12/site-packages/airflow/example_dags/example_python_decorator.py
[2025-09-04T11:53:41.110+0000] {processor.py:830} INFO - Processing file /home/airflow/.local/lib/python3.12/site-packages/airflow/example_dags/example_python_decorator.py for tasks to queue
[2025-09-04T11:53:41.112+0000] {logging_mixin.py:188} INFO - [2025-09-04T11:53:41.112+0000] {dagbag.py:545} INFO - Filling up the DagBag from /home/airflow/.local/lib/python3.12/site-packages/airflow/example_dags/example_python_decorator.py
[2025-09-04T11:53:41.125+0000] {processor.py:840} INFO - DAG(s) 'example_python_decorator' retrieved from /home/airflow/.local/lib/python3.12/site-packages/airflow/example_dags/example_python_decorator.py
[2025-09-04T11:53:41.143+0000] {logging_mixin.py:188} INFO - [2025-09-04T11:53:41.143+0000] {dag.py:3096} INFO - Sync 1 DAGs
[2025-09-04T11:53:41.154+0000] {logging_mixin.py:188} INFO - [2025-09-04T11:53:41.153+0000] {dag.py:3954} INFO - Setting next_dagrun for example_python_decorator to None, run_after=None
[2025-09-04T11:53:41.170+0000] {processor.py:183} INFO - Processing /home/airflow/.local/lib/python3.12/site-packages/airflow/example_dags/example_python_decorator.py took 0.066 seconds
[2025-09-04T11:54:11.574+0000] {processor.py:161} INFO - Started process (PID=557) to work on /home/airflow/.local/lib/python3.12/site-packages/airflow/example_dags/example_python_decorator.py
[2025-09-04T11:54:11.577+0000] {processor.py:830} INFO - Processing file /home/airflow/.local/lib/python3.12/site-packages/airflow/example_dags/example_python_decorator.py for tasks to queue
[2025-09-04T11:54:11.579+0000] {logging_mixin.py:188} INFO - [2025-09-04T11:54:11.579+0000] {dagbag.py:545} INFO - Filling up the DagBag from /home/airflow/.local/lib/python3.12/site-packages/airflow/example_dags/example_python_decorator.py
[2025-09-04T11:54:11.590+0000] {processor.py:840} INFO - DAG(s) 'example_python_decorator' retrieved from /home/airflow/.local/lib/python3.12/site-packages/airflow/example_dags/example_python_decorator.py
[2025-09-04T11:54:11.611+0000] {logging_mixin.py:188} INFO - [2025-09-04T11:54:11.611+0000] {dag.py:3096} INFO - Sync 1 DAGs
[2025-09-04T11:54:11.621+0000] {logging_mixin.py:188} INFO - [2025-09-04T11:54:11.621+0000] {dag.py:3954} INFO - Setting next_dagrun for example_python_decorator to None, run_after=None
[2025-09-04T11:54:11.638+0000] {processor.py:183} INFO - Processing /home/airflow/.local/lib/python3.12/site-packages/airflow/example_dags/example_python_decorator.py took 0.070 seconds
[2025-09-04T11:54:41.727+0000] {processor.py:161} INFO - Started process (PID=615) to work on /home/airflow/.local/lib/python3.12/site-packages/airflow/example_dags/example_python_decorator.py
[2025-09-04T11:54:41.729+0000] {processor.py:830} INFO - Processing file /home/airflow/.local/lib/python3.12/site-packages/airflow/example_dags/example_python_decorator.py for tasks to queue
[2025-09-04T11:54:41.731+0000] {logging_mixin.py:188} INFO - [2025-09-04T11:54:41.731+0000] {dagbag.py:545} INFO - Filling up the DagBag from /home/airflow/.local/lib/python3.12/site-packages/airflow/example_dags/example_python_decorator.py
[2025-09-04T11:54:41.742+0000] {processor.py:840} INFO - DAG(s) 'example_python_decorator' retrieved from /home/airflow/.local/lib/python3.12/site-packages/airflow/example_dags/example_python_decorator.py
[2025-09-04T11:54:41.760+0000] {logging_mixin.py:188} INFO - [2025-09-04T11:54:41.760+0000] {dag.py:3096} INFO - Sync 1 DAGs
[2025-09-04T11:54:41.770+0000] {logging_mixin.py:188} INFO - [2025-09-04T11:54:41.770+0000] {dag.py:3954} INFO - Setting next_dagrun for example_python_decorator to None, run_after=None
[2025-09-04T11:54:41.787+0000] {processor.py:183} INFO - Processing /home/airflow/.local/lib/python3.12/site-packages/airflow/example_dags/example_python_decorator.py took 0.065 seconds
[2025-09-04T11:55:12.257+0000] {processor.py:161} INFO - Started process (PID=672) to work on /home/airflow/.local/lib/python3.12/site-packages/airflow/example_dags/example_python_decorator.py
[2025-09-04T11:55:12.258+0000] {processor.py:830} INFO - Processing file /home/airflow/.local/lib/python3.12/site-packages/airflow/example_dags/example_python_decorator.py for tasks to queue
[2025-09-04T11:55:12.260+0000] {logging_mixin.py:188} INFO - [2025-09-04T11:55:12.260+0000] {dagbag.py:545} INFO - Filling up the DagBag from /home/airflow/.local/lib/python3.12/site-packages/airflow/example_dags/example_python_decorator.py
[2025-09-04T11:55:12.272+0000] {processor.py:840} INFO - DAG(s) 'example_python_decorator' retrieved from /home/airflow/.local/lib/python3.12/site-packages/airflow/example_dags/example_python_decorator.py
[2025-09-04T11:55:12.298+0000] {logging_mixin.py:188} INFO - [2025-09-04T11:55:12.298+0000] {dag.py:3096} INFO - Sync 1 DAGs
[2025-09-04T11:55:12.313+0000] {logging_mixin.py:188} INFO - [2025-09-04T11:55:12.312+0000] {dag.py:3954} INFO - Setting next_dagrun for example_python_decorator to None, run_after=None
[2025-09-04T11:55:12.342+0000] {processor.py:183} INFO - Processing /home/airflow/.local/lib/python3.12/site-packages/airflow/example_dags/example_python_decorator.py took 0.092 seconds
[2025-09-04T11:55:42.781+0000] {processor.py:161} INFO - Started process (PID=730) to work on /home/airflow/.local/lib/python3.12/site-packages/airflow/example_dags/example_python_decorator.py
[2025-09-04T11:55:42.782+0000] {processor.py:830} INFO - Processing file /home/airflow/.local/lib/python3.12/site-packages/airflow/example_dags/example_python_decorator.py for tasks to queue
[2025-09-04T11:55:42.784+0000] {logging_mixin.py:188} INFO - [2025-09-04T11:55:42.784+0000] {dagbag.py:545} INFO - Filling up the DagBag from /home/airflow/.local/lib/python3.12/site-packages/airflow/example_dags/example_python_decorator.py
[2025-09-04T11:55:42.795+0000] {processor.py:840} INFO - DAG(s) 'example_python_decorator' retrieved from /home/airflow/.local/lib/python3.12/site-packages/airflow/example_dags/example_python_decorator.py
[2025-09-04T11:55:42.813+0000] {logging_mixin.py:188} INFO - [2025-09-04T11:55:42.813+0000] {dag.py:3096} INFO - Sync 1 DAGs
[2025-09-04T11:55:42.823+0000] {logging_mixin.py:188} INFO - [2025-09-04T11:55:42.823+0000] {dag.py:3954} INFO - Setting next_dagrun for example_python_decorator to None, run_after=None
[2025-09-04T11:55:42.840+0000] {processor.py:183} INFO - Processing /home/airflow/.local/lib/python3.12/site-packages/airflow/example_dags/example_python_decorator.py took 0.064 seconds
[2025-09-04T11:56:13.175+0000] {processor.py:161} INFO - Started process (PID=788) to work on /home/airflow/.local/lib/python3.12/site-packages/airflow/example_dags/example_python_decorator.py
[2025-09-04T11:56:13.177+0000] {processor.py:830} INFO - Processing file /home/airflow/.local/lib/python3.12/site-packages/airflow/example_dags/example_python_decorator.py for tasks to queue
[2025-09-04T11:56:13.180+0000] {logging_mixin.py:188} INFO - [2025-09-04T11:56:13.180+0000] {dagbag.py:545} INFO - Filling up the DagBag from /home/airflow/.local/lib/python3.12/site-packages/airflow/example_dags/example_python_decorator.py
[2025-09-04T11:56:13.204+0000] {processor.py:840} INFO - DAG(s) 'example_python_decorator' retrieved from /home/airflow/.local/lib/python3.12/site-packages/airflow/example_dags/example_python_decorator.py
[2025-09-04T11:56:13.228+0000] {logging_mixin.py:188} INFO - [2025-09-04T11:56:13.228+0000] {dag.py:3096} INFO - Sync 1 DAGs
[2025-09-04T11:56:13.241+0000] {logging_mixin.py:188} INFO - [2025-09-04T11:56:13.240+0000] {dag.py:3954} INFO - Setting next_dagrun for example_python_decorator to None, run_after=None
[2025-09-04T11:56:13.263+0000] {processor.py:183} INFO - Processing /home/airflow/.local/lib/python3.12/site-packages/airflow/example_dags/example_python_decorator.py took 0.096 seconds
[2025-09-04T11:56:43.661+0000] {processor.py:161} INFO - Started process (PID=846) to work on /home/airflow/.local/lib/python3.12/site-packages/airflow/example_dags/example_python_decorator.py
[2025-09-04T11:56:43.663+0000] {processor.py:830} INFO - Processing file /home/airflow/.local/lib/python3.12/site-packages/airflow/example_dags/example_python_decorator.py for tasks to queue
[2025-09-04T11:56:43.667+0000] {logging_mixin.py:188} INFO - [2025-09-04T11:56:43.666+0000] {dagbag.py:545} INFO - Filling up the DagBag from /home/airflow/.local/lib/python3.12/site-packages/airflow/example_dags/example_python_decorator.py
[2025-09-04T11:56:43.683+0000] {processor.py:840} INFO - DAG(s) 'example_python_decorator' retrieved from /home/airflow/.local/lib/python3.12/site-packages/airflow/example_dags/example_python_decorator.py
[2025-09-04T11:56:43.704+0000] {logging_mixin.py:188} INFO - [2025-09-04T11:56:43.704+0000] {dag.py:3096} INFO - Sync 1 DAGs
[2025-09-04T11:56:43.717+0000] {logging_mixin.py:188} INFO - [2025-09-04T11:56:43.716+0000] {dag.py:3954} INFO - Setting next_dagrun for example_python_decorator to None, run_after=None
[2025-09-04T11:56:43.735+0000] {processor.py:183} INFO - Processing /home/airflow/.local/lib/python3.12/site-packages/airflow/example_dags/example_python_decorator.py took 0.088 seconds
[2025-09-04T11:57:14.793+0000] {processor.py:161} INFO - Started process (PID=904) to work on /home/airflow/.local/lib/python3.12/site-packages/airflow/example_dags/example_python_decorator.py
[2025-09-04T11:57:14.795+0000] {processor.py:830} INFO - Processing file /home/airflow/.local/lib/python3.12/site-packages/airflow/example_dags/example_python_decorator.py for tasks to queue
[2025-09-04T11:57:14.796+0000] {logging_mixin.py:188} INFO - [2025-09-04T11:57:14.796+0000] {dagbag.py:545} INFO - Filling up the DagBag from /home/airflow/.local/lib/python3.12/site-packages/airflow/example_dags/example_python_decorator.py
[2025-09-04T11:57:14.806+0000] {processor.py:840} INFO - DAG(s) 'example_python_decorator' retrieved from /home/airflow/.local/lib/python3.12/site-packages/airflow/example_dags/example_python_decorator.py
[2025-09-04T11:57:14.824+0000] {logging_mixin.py:188} INFO - [2025-09-04T11:57:14.824+0000] {dag.py:3096} INFO - Sync 1 DAGs
[2025-09-04T11:57:14.834+0000] {logging_mixin.py:188} INFO - [2025-09-04T11:57:14.834+0000] {dag.py:3954} INFO - Setting next_dagrun for example_python_decorator to None, run_after=None
[2025-09-04T11:57:14.849+0000] {processor.py:183} INFO - Processing /home/airflow/.local/lib/python3.12/site-packages/airflow/example_dags/example_python_decorator.py took 0.061 seconds
[2025-09-04T11:57:45.135+0000] {processor.py:161} INFO - Started process (PID=962) to work on /home/airflow/.local/lib/python3.12/site-packages/airflow/example_dags/example_python_decorator.py
[2025-09-04T11:57:45.136+0000] {processor.py:830} INFO - Processing file /home/airflow/.local/lib/python3.12/site-packages/airflow/example_dags/example_python_decorator.py for tasks to queue
[2025-09-04T11:57:45.137+0000] {logging_mixin.py:188} INFO - [2025-09-04T11:57:45.137+0000] {dagbag.py:545} INFO - Filling up the DagBag from /home/airflow/.local/lib/python3.12/site-packages/airflow/example_dags/example_python_decorator.py
[2025-09-04T11:57:45.148+0000] {processor.py:840} INFO - DAG(s) 'example_python_decorator' retrieved from /home/airflow/.local/lib/python3.12/site-packages/airflow/example_dags/example_python_decorator.py
[2025-09-04T11:57:45.166+0000] {logging_mixin.py:188} INFO - [2025-09-04T11:57:45.166+0000] {dag.py:3096} INFO - Sync 1 DAGs
[2025-09-04T11:57:45.177+0000] {logging_mixin.py:188} INFO - [2025-09-04T11:57:45.177+0000] {dag.py:3954} INFO - Setting next_dagrun for example_python_decorator to None, run_after=None
[2025-09-04T11:57:45.193+0000] {processor.py:183} INFO - Processing /home/airflow/.local/lib/python3.12/site-packages/airflow/example_dags/example_python_decorator.py took 0.063 seconds
[2025-09-04T11:58:15.447+0000] {processor.py:161} INFO - Started process (PID=1021) to work on /home/airflow/.local/lib/python3.12/site-packages/airflow/example_dags/example_python_decorator.py
[2025-09-04T11:58:15.448+0000] {processor.py:830} INFO - Processing file /home/airflow/.local/lib/python3.12/site-packages/airflow/example_dags/example_python_decorator.py for tasks to queue
[2025-09-04T11:58:15.451+0000] {logging_mixin.py:188} INFO - [2025-09-04T11:58:15.451+0000] {dagbag.py:545} INFO - Filling up the DagBag from /home/airflow/.local/lib/python3.12/site-packages/airflow/example_dags/example_python_decorator.py
[2025-09-04T11:58:15.464+0000] {processor.py:840} INFO - DAG(s) 'example_python_decorator' retrieved from /home/airflow/.local/lib/python3.12/site-packages/airflow/example_dags/example_python_decorator.py
[2025-09-04T11:58:15.494+0000] {logging_mixin.py:188} INFO - [2025-09-04T11:58:15.493+0000] {dag.py:3096} INFO - Sync 1 DAGs
[2025-09-04T11:58:15.508+0000] {logging_mixin.py:188} INFO - [2025-09-04T11:58:15.508+0000] {dag.py:3954} INFO - Setting next_dagrun for example_python_decorator to None, run_after=None
[2025-09-04T11:58:15.549+0000] {processor.py:183} INFO - Processing /home/airflow/.local/lib/python3.12/site-packages/airflow/example_dags/example_python_decorator.py took 0.109 seconds
[2025-09-04T11:58:46.348+0000] {processor.py:161} INFO - Started process (PID=1079) to work on /home/airflow/.local/lib/python3.12/site-packages/airflow/example_dags/example_python_decorator.py
[2025-09-04T11:58:46.354+0000] {processor.py:830} INFO - Processing file /home/airflow/.local/lib/python3.12/site-packages/airflow/example_dags/example_python_decorator.py for tasks to queue
[2025-09-04T11:58:46.362+0000] {logging_mixin.py:188} INFO - [2025-09-04T11:58:46.361+0000] {dagbag.py:545} INFO - Filling up the DagBag from /home/airflow/.local/lib/python3.12/site-packages/airflow/example_dags/example_python_decorator.py
[2025-09-04T11:58:46.391+0000] {processor.py:840} INFO - DAG(s) 'example_python_decorator' retrieved from /home/airflow/.local/lib/python3.12/site-packages/airflow/example_dags/example_python_decorator.py
[2025-09-04T11:58:46.430+0000] {logging_mixin.py:188} INFO - [2025-09-04T11:58:46.430+0000] {dag.py:3096} INFO - Sync 1 DAGs
[2025-09-04T11:58:46.455+0000] {logging_mixin.py:188} INFO - [2025-09-04T11:58:46.455+0000] {dag.py:3954} INFO - Setting next_dagrun for example_python_decorator to None, run_after=None
[2025-09-04T11:58:46.486+0000] {processor.py:183} INFO - Processing /home/airflow/.local/lib/python3.12/site-packages/airflow/example_dags/example_python_decorator.py took 0.147 seconds
[2025-09-04T11:59:17.260+0000] {processor.py:161} INFO - Started process (PID=1137) to work on /home/airflow/.local/lib/python3.12/site-packages/airflow/example_dags/example_python_decorator.py
[2025-09-04T11:59:17.261+0000] {processor.py:830} INFO - Processing file /home/airflow/.local/lib/python3.12/site-packages/airflow/example_dags/example_python_decorator.py for tasks to queue
[2025-09-04T11:59:17.265+0000] {logging_mixin.py:188} INFO - [2025-09-04T11:59:17.264+0000] {dagbag.py:545} INFO - Filling up the DagBag from /home/airflow/.local/lib/python3.12/site-packages/airflow/example_dags/example_python_decorator.py
[2025-09-04T11:59:17.280+0000] {processor.py:840} INFO - DAG(s) 'example_python_decorator' retrieved from /home/airflow/.local/lib/python3.12/site-packages/airflow/example_dags/example_python_decorator.py
[2025-09-04T11:59:17.309+0000] {logging_mixin.py:188} INFO - [2025-09-04T11:59:17.309+0000] {dag.py:3096} INFO - Sync 1 DAGs
[2025-09-04T11:59:17.324+0000] {logging_mixin.py:188} INFO - [2025-09-04T11:59:17.324+0000] {dag.py:3954} INFO - Setting next_dagrun for example_python_decorator to None, run_after=None
[2025-09-04T11:59:17.356+0000] {processor.py:183} INFO - Processing /home/airflow/.local/lib/python3.12/site-packages/airflow/example_dags/example_python_decorator.py took 0.102 seconds
[2025-09-04T12:01:33.972+0000] {processor.py:161} INFO - Started process (PID=87) to work on /home/airflow/.local/lib/python3.12/site-packages/airflow/example_dags/example_python_decorator.py
[2025-09-04T12:01:33.974+0000] {processor.py:830} INFO - Processing file /home/airflow/.local/lib/python3.12/site-packages/airflow/example_dags/example_python_decorator.py for tasks to queue
[2025-09-04T12:01:33.979+0000] {logging_mixin.py:188} INFO - [2025-09-04T12:01:33.978+0000] {dagbag.py:545} INFO - Filling up the DagBag from /home/airflow/.local/lib/python3.12/site-packages/airflow/example_dags/example_python_decorator.py
[2025-09-04T12:01:34.000+0000] {processor.py:840} INFO - DAG(s) 'example_python_decorator' retrieved from /home/airflow/.local/lib/python3.12/site-packages/airflow/example_dags/example_python_decorator.py
[2025-09-04T12:01:34.137+0000] {logging_mixin.py:188} INFO - [2025-09-04T12:01:34.137+0000] {dag.py:3096} INFO - Sync 1 DAGs
[2025-09-04T12:01:34.146+0000] {logging_mixin.py:188} INFO - [2025-09-04T12:01:34.146+0000] {dag.py:3954} INFO - Setting next_dagrun for example_python_decorator to None, run_after=None
[2025-09-04T12:01:34.173+0000] {processor.py:183} INFO - Processing /home/airflow/.local/lib/python3.12/site-packages/airflow/example_dags/example_python_decorator.py took 0.209 seconds
[2025-09-04T12:02:04.493+0000] {processor.py:161} INFO - Started process (PID=145) to work on /home/airflow/.local/lib/python3.12/site-packages/airflow/example_dags/example_python_decorator.py
[2025-09-04T12:02:04.495+0000] {processor.py:830} INFO - Processing file /home/airflow/.local/lib/python3.12/site-packages/airflow/example_dags/example_python_decorator.py for tasks to queue
[2025-09-04T12:02:04.496+0000] {logging_mixin.py:188} INFO - [2025-09-04T12:02:04.496+0000] {dagbag.py:545} INFO - Filling up the DagBag from /home/airflow/.local/lib/python3.12/site-packages/airflow/example_dags/example_python_decorator.py
[2025-09-04T12:02:04.515+0000] {processor.py:840} INFO - DAG(s) 'example_python_decorator' retrieved from /home/airflow/.local/lib/python3.12/site-packages/airflow/example_dags/example_python_decorator.py
[2025-09-04T12:02:04.551+0000] {logging_mixin.py:188} INFO - [2025-09-04T12:02:04.551+0000] {dag.py:3096} INFO - Sync 1 DAGs
[2025-09-04T12:02:04.562+0000] {logging_mixin.py:188} INFO - [2025-09-04T12:02:04.562+0000] {dag.py:3954} INFO - Setting next_dagrun for example_python_decorator to None, run_after=None
[2025-09-04T12:02:04.590+0000] {processor.py:183} INFO - Processing /home/airflow/.local/lib/python3.12/site-packages/airflow/example_dags/example_python_decorator.py took 0.101 seconds
[2025-09-04T12:02:35.313+0000] {processor.py:161} INFO - Started process (PID=203) to work on /home/airflow/.local/lib/python3.12/site-packages/airflow/example_dags/example_python_decorator.py
[2025-09-04T12:02:35.314+0000] {processor.py:830} INFO - Processing file /home/airflow/.local/lib/python3.12/site-packages/airflow/example_dags/example_python_decorator.py for tasks to queue
[2025-09-04T12:02:35.315+0000] {logging_mixin.py:188} INFO - [2025-09-04T12:02:35.315+0000] {dagbag.py:545} INFO - Filling up the DagBag from /home/airflow/.local/lib/python3.12/site-packages/airflow/example_dags/example_python_decorator.py
[2025-09-04T12:02:35.326+0000] {processor.py:840} INFO - DAG(s) 'example_python_decorator' retrieved from /home/airflow/.local/lib/python3.12/site-packages/airflow/example_dags/example_python_decorator.py
[2025-09-04T12:02:35.354+0000] {logging_mixin.py:188} INFO - [2025-09-04T12:02:35.353+0000] {dag.py:3096} INFO - Sync 1 DAGs
[2025-09-04T12:02:35.369+0000] {logging_mixin.py:188} INFO - [2025-09-04T12:02:35.369+0000] {dag.py:3954} INFO - Setting next_dagrun for example_python_decorator to None, run_after=None
[2025-09-04T12:02:35.388+0000] {processor.py:183} INFO - Processing /home/airflow/.local/lib/python3.12/site-packages/airflow/example_dags/example_python_decorator.py took 0.080 seconds
[2025-09-04T12:03:05.704+0000] {processor.py:161} INFO - Started process (PID=261) to work on /home/airflow/.local/lib/python3.12/site-packages/airflow/example_dags/example_python_decorator.py
[2025-09-04T12:03:05.709+0000] {processor.py:830} INFO - Processing file /home/airflow/.local/lib/python3.12/site-packages/airflow/example_dags/example_python_decorator.py for tasks to queue
[2025-09-04T12:03:05.714+0000] {logging_mixin.py:188} INFO - [2025-09-04T12:03:05.713+0000] {dagbag.py:545} INFO - Filling up the DagBag from /home/airflow/.local/lib/python3.12/site-packages/airflow/example_dags/example_python_decorator.py
[2025-09-04T12:03:05.741+0000] {processor.py:840} INFO - DAG(s) 'example_python_decorator' retrieved from /home/airflow/.local/lib/python3.12/site-packages/airflow/example_dags/example_python_decorator.py
[2025-09-04T12:03:05.778+0000] {logging_mixin.py:188} INFO - [2025-09-04T12:03:05.778+0000] {dag.py:3096} INFO - Sync 1 DAGs
[2025-09-04T12:03:05.794+0000] {logging_mixin.py:188} INFO - [2025-09-04T12:03:05.794+0000] {dag.py:3954} INFO - Setting next_dagrun for example_python_decorator to None, run_after=None
[2025-09-04T12:03:05.824+0000] {processor.py:183} INFO - Processing /home/airflow/.local/lib/python3.12/site-packages/airflow/example_dags/example_python_decorator.py took 0.133 seconds
[2025-09-04T12:03:35.968+0000] {processor.py:161} INFO - Started process (PID=319) to work on /home/airflow/.local/lib/python3.12/site-packages/airflow/example_dags/example_python_decorator.py
[2025-09-04T12:03:35.969+0000] {processor.py:830} INFO - Processing file /home/airflow/.local/lib/python3.12/site-packages/airflow/example_dags/example_python_decorator.py for tasks to queue
[2025-09-04T12:03:35.972+0000] {logging_mixin.py:188} INFO - [2025-09-04T12:03:35.972+0000] {dagbag.py:545} INFO - Filling up the DagBag from /home/airflow/.local/lib/python3.12/site-packages/airflow/example_dags/example_python_decorator.py
[2025-09-04T12:03:35.983+0000] {processor.py:840} INFO - DAG(s) 'example_python_decorator' retrieved from /home/airflow/.local/lib/python3.12/site-packages/airflow/example_dags/example_python_decorator.py
[2025-09-04T12:03:36.003+0000] {logging_mixin.py:188} INFO - [2025-09-04T12:03:36.002+0000] {dag.py:3096} INFO - Sync 1 DAGs
[2025-09-04T12:03:36.016+0000] {logging_mixin.py:188} INFO - [2025-09-04T12:03:36.015+0000] {dag.py:3954} INFO - Setting next_dagrun for example_python_decorator to None, run_after=None
[2025-09-04T12:03:36.032+0000] {processor.py:183} INFO - Processing /home/airflow/.local/lib/python3.12/site-packages/airflow/example_dags/example_python_decorator.py took 0.071 seconds
[2025-09-04T12:04:06.998+0000] {processor.py:161} INFO - Started process (PID=377) to work on /home/airflow/.local/lib/python3.12/site-packages/airflow/example_dags/example_python_decorator.py
[2025-09-04T12:04:07.000+0000] {processor.py:830} INFO - Processing file /home/airflow/.local/lib/python3.12/site-packages/airflow/example_dags/example_python_decorator.py for tasks to queue
[2025-09-04T12:04:07.004+0000] {logging_mixin.py:188} INFO - [2025-09-04T12:04:07.003+0000] {dagbag.py:545} INFO - Filling up the DagBag from /home/airflow/.local/lib/python3.12/site-packages/airflow/example_dags/example_python_decorator.py
[2025-09-04T12:04:07.017+0000] {processor.py:840} INFO - DAG(s) 'example_python_decorator' retrieved from /home/airflow/.local/lib/python3.12/site-packages/airflow/example_dags/example_python_decorator.py
[2025-09-04T12:04:07.042+0000] {logging_mixin.py:188} INFO - [2025-09-04T12:04:07.042+0000] {dag.py:3096} INFO - Sync 1 DAGs
[2025-09-04T12:04:07.057+0000] {logging_mixin.py:188} INFO - [2025-09-04T12:04:07.056+0000] {dag.py:3954} INFO - Setting next_dagrun for example_python_decorator to None, run_after=None
[2025-09-04T12:04:07.100+0000] {processor.py:183} INFO - Processing /home/airflow/.local/lib/python3.12/site-packages/airflow/example_dags/example_python_decorator.py took 0.111 seconds
[2025-09-04T12:04:37.220+0000] {processor.py:161} INFO - Started process (PID=435) to work on /home/airflow/.local/lib/python3.12/site-packages/airflow/example_dags/example_python_decorator.py
[2025-09-04T12:04:37.223+0000] {processor.py:830} INFO - Processing file /home/airflow/.local/lib/python3.12/site-packages/airflow/example_dags/example_python_decorator.py for tasks to queue
[2025-09-04T12:04:37.224+0000] {logging_mixin.py:188} INFO - [2025-09-04T12:04:37.224+0000] {dagbag.py:545} INFO - Filling up the DagBag from /home/airflow/.local/lib/python3.12/site-packages/airflow/example_dags/example_python_decorator.py
[2025-09-04T12:04:37.236+0000] {processor.py:840} INFO - DAG(s) 'example_python_decorator' retrieved from /home/airflow/.local/lib/python3.12/site-packages/airflow/example_dags/example_python_decorator.py
[2025-09-04T12:04:37.256+0000] {logging_mixin.py:188} INFO - [2025-09-04T12:04:37.256+0000] {dag.py:3096} INFO - Sync 1 DAGs
[2025-09-04T12:04:37.267+0000] {logging_mixin.py:188} INFO - [2025-09-04T12:04:37.267+0000] {dag.py:3954} INFO - Setting next_dagrun for example_python_decorator to None, run_after=None
[2025-09-04T12:04:37.283+0000] {processor.py:183} INFO - Processing /home/airflow/.local/lib/python3.12/site-packages/airflow/example_dags/example_python_decorator.py took 0.068 seconds
[2025-09-04T12:05:07.847+0000] {processor.py:161} INFO - Started process (PID=493) to work on /home/airflow/.local/lib/python3.12/site-packages/airflow/example_dags/example_python_decorator.py
[2025-09-04T12:05:07.851+0000] {processor.py:830} INFO - Processing file /home/airflow/.local/lib/python3.12/site-packages/airflow/example_dags/example_python_decorator.py for tasks to queue
[2025-09-04T12:05:07.859+0000] {logging_mixin.py:188} INFO - [2025-09-04T12:05:07.858+0000] {dagbag.py:545} INFO - Filling up the DagBag from /home/airflow/.local/lib/python3.12/site-packages/airflow/example_dags/example_python_decorator.py
[2025-09-04T12:05:07.894+0000] {processor.py:840} INFO - DAG(s) 'example_python_decorator' retrieved from /home/airflow/.local/lib/python3.12/site-packages/airflow/example_dags/example_python_decorator.py
[2025-09-04T12:05:07.939+0000] {logging_mixin.py:188} INFO - [2025-09-04T12:05:07.938+0000] {dag.py:3096} INFO - Sync 1 DAGs
[2025-09-04T12:05:07.954+0000] {logging_mixin.py:188} INFO - [2025-09-04T12:05:07.953+0000] {dag.py:3954} INFO - Setting next_dagrun for example_python_decorator to None, run_after=None
[2025-09-04T12:05:07.976+0000] {processor.py:183} INFO - Processing /home/airflow/.local/lib/python3.12/site-packages/airflow/example_dags/example_python_decorator.py took 0.143 seconds
[2025-09-04T12:05:38.181+0000] {processor.py:161} INFO - Started process (PID=551) to work on /home/airflow/.local/lib/python3.12/site-packages/airflow/example_dags/example_python_decorator.py
[2025-09-04T12:05:38.182+0000] {processor.py:830} INFO - Processing file /home/airflow/.local/lib/python3.12/site-packages/airflow/example_dags/example_python_decorator.py for tasks to queue
[2025-09-04T12:05:38.185+0000] {logging_mixin.py:188} INFO - [2025-09-04T12:05:38.185+0000] {dagbag.py:545} INFO - Filling up the DagBag from /home/airflow/.local/lib/python3.12/site-packages/airflow/example_dags/example_python_decorator.py
[2025-09-04T12:05:38.195+0000] {processor.py:840} INFO - DAG(s) 'example_python_decorator' retrieved from /home/airflow/.local/lib/python3.12/site-packages/airflow/example_dags/example_python_decorator.py
[2025-09-04T12:05:38.218+0000] {logging_mixin.py:188} INFO - [2025-09-04T12:05:38.218+0000] {dag.py:3096} INFO - Sync 1 DAGs
[2025-09-04T12:05:38.229+0000] {logging_mixin.py:188} INFO - [2025-09-04T12:05:38.229+0000] {dag.py:3954} INFO - Setting next_dagrun for example_python_decorator to None, run_after=None
[2025-09-04T12:05:38.247+0000] {processor.py:183} INFO - Processing /home/airflow/.local/lib/python3.12/site-packages/airflow/example_dags/example_python_decorator.py took 0.070 seconds
[2025-09-04T12:06:36.584+0000] {processor.py:161} INFO - Started process (PID=87) to work on /home/airflow/.local/lib/python3.12/site-packages/airflow/example_dags/example_python_decorator.py
[2025-09-04T12:06:36.585+0000] {processor.py:830} INFO - Processing file /home/airflow/.local/lib/python3.12/site-packages/airflow/example_dags/example_python_decorator.py for tasks to queue
[2025-09-04T12:06:36.588+0000] {logging_mixin.py:188} INFO - [2025-09-04T12:06:36.587+0000] {dagbag.py:545} INFO - Filling up the DagBag from /home/airflow/.local/lib/python3.12/site-packages/airflow/example_dags/example_python_decorator.py
[2025-09-04T12:06:36.600+0000] {processor.py:840} INFO - DAG(s) 'example_python_decorator' retrieved from /home/airflow/.local/lib/python3.12/site-packages/airflow/example_dags/example_python_decorator.py
[2025-09-04T12:06:36.613+0000] {logging_mixin.py:188} INFO - [2025-09-04T12:06:36.612+0000] {dag.py:3096} INFO - Sync 1 DAGs
[2025-09-04T12:06:36.624+0000] {logging_mixin.py:188} INFO - [2025-09-04T12:06:36.624+0000] {dag.py:3954} INFO - Setting next_dagrun for example_python_decorator to None, run_after=None
[2025-09-04T12:06:36.643+0000] {processor.py:183} INFO - Processing /home/airflow/.local/lib/python3.12/site-packages/airflow/example_dags/example_python_decorator.py took 0.063 seconds
[2025-09-04T12:07:08.925+0000] {processor.py:161} INFO - Started process (PID=151) to work on /home/airflow/.local/lib/python3.12/site-packages/airflow/example_dags/example_python_decorator.py
[2025-09-04T12:07:08.926+0000] {processor.py:830} INFO - Processing file /home/airflow/.local/lib/python3.12/site-packages/airflow/example_dags/example_python_decorator.py for tasks to queue
[2025-09-04T12:07:08.928+0000] {logging_mixin.py:188} INFO - [2025-09-04T12:07:08.928+0000] {dagbag.py:545} INFO - Filling up the DagBag from /home/airflow/.local/lib/python3.12/site-packages/airflow/example_dags/example_python_decorator.py
[2025-09-04T12:07:08.941+0000] {processor.py:840} INFO - DAG(s) 'example_python_decorator' retrieved from /home/airflow/.local/lib/python3.12/site-packages/airflow/example_dags/example_python_decorator.py
[2025-09-04T12:07:09.030+0000] {logging_mixin.py:188} INFO - [2025-09-04T12:07:09.029+0000] {dag.py:3096} INFO - Sync 1 DAGs
[2025-09-04T12:07:09.041+0000] {logging_mixin.py:188} INFO - [2025-09-04T12:07:09.041+0000] {dag.py:3954} INFO - Setting next_dagrun for example_python_decorator to None, run_after=None
[2025-09-04T12:07:09.065+0000] {processor.py:183} INFO - Processing /home/airflow/.local/lib/python3.12/site-packages/airflow/example_dags/example_python_decorator.py took 0.146 seconds
[2025-09-04T12:07:39.895+0000] {processor.py:161} INFO - Started process (PID=209) to work on /home/airflow/.local/lib/python3.12/site-packages/airflow/example_dags/example_python_decorator.py
[2025-09-04T12:07:39.898+0000] {processor.py:830} INFO - Processing file /home/airflow/.local/lib/python3.12/site-packages/airflow/example_dags/example_python_decorator.py for tasks to queue
[2025-09-04T12:07:39.902+0000] {logging_mixin.py:188} INFO - [2025-09-04T12:07:39.901+0000] {dagbag.py:545} INFO - Filling up the DagBag from /home/airflow/.local/lib/python3.12/site-packages/airflow/example_dags/example_python_decorator.py
[2025-09-04T12:07:39.931+0000] {processor.py:840} INFO - DAG(s) 'example_python_decorator' retrieved from /home/airflow/.local/lib/python3.12/site-packages/airflow/example_dags/example_python_decorator.py
[2025-09-04T12:07:39.980+0000] {logging_mixin.py:188} INFO - [2025-09-04T12:07:39.980+0000] {dag.py:3096} INFO - Sync 1 DAGs
[2025-09-04T12:07:39.998+0000] {logging_mixin.py:188} INFO - [2025-09-04T12:07:39.998+0000] {dag.py:3954} INFO - Setting next_dagrun for example_python_decorator to None, run_after=None
[2025-09-04T12:07:40.037+0000] {processor.py:183} INFO - Processing /home/airflow/.local/lib/python3.12/site-packages/airflow/example_dags/example_python_decorator.py took 0.149 seconds
[2025-09-04T12:08:10.920+0000] {processor.py:161} INFO - Started process (PID=267) to work on /home/airflow/.local/lib/python3.12/site-packages/airflow/example_dags/example_python_decorator.py
[2025-09-04T12:08:10.921+0000] {processor.py:830} INFO - Processing file /home/airflow/.local/lib/python3.12/site-packages/airflow/example_dags/example_python_decorator.py for tasks to queue
[2025-09-04T12:08:10.923+0000] {logging_mixin.py:188} INFO - [2025-09-04T12:08:10.923+0000] {dagbag.py:545} INFO - Filling up the DagBag from /home/airflow/.local/lib/python3.12/site-packages/airflow/example_dags/example_python_decorator.py
[2025-09-04T12:08:10.934+0000] {processor.py:840} INFO - DAG(s) 'example_python_decorator' retrieved from /home/airflow/.local/lib/python3.12/site-packages/airflow/example_dags/example_python_decorator.py
[2025-09-04T12:08:10.950+0000] {logging_mixin.py:188} INFO - [2025-09-04T12:08:10.950+0000] {dag.py:3096} INFO - Sync 1 DAGs
[2025-09-04T12:08:10.960+0000] {logging_mixin.py:188} INFO - [2025-09-04T12:08:10.960+0000] {dag.py:3954} INFO - Setting next_dagrun for example_python_decorator to None, run_after=None
[2025-09-04T12:08:10.978+0000] {processor.py:183} INFO - Processing /home/airflow/.local/lib/python3.12/site-packages/airflow/example_dags/example_python_decorator.py took 0.063 seconds
[2025-09-04T12:08:41.438+0000] {processor.py:161} INFO - Started process (PID=325) to work on /home/airflow/.local/lib/python3.12/site-packages/airflow/example_dags/example_python_decorator.py
[2025-09-04T12:08:41.441+0000] {processor.py:830} INFO - Processing file /home/airflow/.local/lib/python3.12/site-packages/airflow/example_dags/example_python_decorator.py for tasks to queue
[2025-09-04T12:08:41.445+0000] {logging_mixin.py:188} INFO - [2025-09-04T12:08:41.444+0000] {dagbag.py:545} INFO - Filling up the DagBag from /home/airflow/.local/lib/python3.12/site-packages/airflow/example_dags/example_python_decorator.py
[2025-09-04T12:08:41.467+0000] {processor.py:840} INFO - DAG(s) 'example_python_decorator' retrieved from /home/airflow/.local/lib/python3.12/site-packages/airflow/example_dags/example_python_decorator.py
[2025-09-04T12:08:41.498+0000] {logging_mixin.py:188} INFO - [2025-09-04T12:08:41.497+0000] {dag.py:3096} INFO - Sync 1 DAGs
[2025-09-04T12:08:41.520+0000] {logging_mixin.py:188} INFO - [2025-09-04T12:08:41.519+0000] {dag.py:3954} INFO - Setting next_dagrun for example_python_decorator to None, run_after=None
[2025-09-04T12:08:41.546+0000] {processor.py:183} INFO - Processing /home/airflow/.local/lib/python3.12/site-packages/airflow/example_dags/example_python_decorator.py took 0.120 seconds
