[2025-09-04T11:50:05.519+0000] {processor.py:161} INFO - Started process (PID=88) to work on /home/airflow/.local/lib/python3.12/site-packages/airflow/example_dags/example_xcomargs.py
[2025-09-04T11:50:05.522+0000] {processor.py:830} INFO - Processing file /home/airflow/.local/lib/python3.12/site-packages/airflow/example_dags/example_xcomargs.py for tasks to queue
[2025-09-04T11:50:05.524+0000] {logging_mixin.py:188} INFO - [2025-09-04T11:50:05.524+0000] {dagbag.py:545} INFO - Filling up the DagBag from /home/airflow/.local/lib/python3.12/site-packages/airflow/example_dags/example_xcomargs.py
[2025-09-04T11:50:05.537+0000] {processor.py:840} INFO - DAG(s) 'example_xcom_args_with_operators', 'example_xcom_args' retrieved from /home/airflow/.local/lib/python3.12/site-packages/airflow/example_dags/example_xcomargs.py
[2025-09-04T11:50:05.691+0000] {logging_mixin.py:188} INFO - [2025-09-04T11:50:05.690+0000] {override.py:1829} INFO - Created Permission View: can edit on DAG:example_xcom_args_with_operators
[2025-09-04T11:50:05.708+0000] {logging_mixin.py:188} INFO - [2025-09-04T11:50:05.707+0000] {override.py:1829} INFO - Created Permission View: can read on DAG:example_xcom_args_with_operators
[2025-09-04T11:50:05.717+0000] {logging_mixin.py:188} INFO - [2025-09-04T11:50:05.717+0000] {override.py:1829} INFO - Created Permission View: can delete on DAG:example_xcom_args_with_operators
[2025-09-04T11:50:05.738+0000] {logging_mixin.py:188} INFO - [2025-09-04T11:50:05.737+0000] {override.py:1829} INFO - Created Permission View: can edit on DAG:example_xcom_args
[2025-09-04T11:50:05.749+0000] {logging_mixin.py:188} INFO - [2025-09-04T11:50:05.748+0000] {override.py:1829} INFO - Created Permission View: can read on DAG:example_xcom_args
[2025-09-04T11:50:05.759+0000] {logging_mixin.py:188} INFO - [2025-09-04T11:50:05.758+0000] {override.py:1829} INFO - Created Permission View: can delete on DAG:example_xcom_args
[2025-09-04T11:50:05.759+0000] {logging_mixin.py:188} INFO - [2025-09-04T11:50:05.759+0000] {dag.py:3096} INFO - Sync 2 DAGs
[2025-09-04T11:50:05.774+0000] {logging_mixin.py:188} INFO - [2025-09-04T11:50:05.774+0000] {dag.py:3118} INFO - Creating ORM DAG for example_xcom_args_with_operators
[2025-09-04T11:50:05.776+0000] {logging_mixin.py:188} INFO - [2025-09-04T11:50:05.775+0000] {dag.py:3118} INFO - Creating ORM DAG for example_xcom_args
[2025-09-04T11:50:05.777+0000] {logging_mixin.py:188} INFO - [2025-09-04T11:50:05.776+0000] {dag.py:3954} INFO - Setting next_dagrun for example_xcom_args to None, run_after=None
[2025-09-04T11:50:05.779+0000] {logging_mixin.py:188} INFO - [2025-09-04T11:50:05.778+0000] {dag.py:3954} INFO - Setting next_dagrun for example_xcom_args_with_operators to None, run_after=None
[2025-09-04T11:50:05.798+0000] {processor.py:183} INFO - Processing /home/airflow/.local/lib/python3.12/site-packages/airflow/example_dags/example_xcomargs.py took 0.286 seconds
[2025-09-04T11:50:36.030+0000] {processor.py:161} INFO - Started process (PID=146) to work on /home/airflow/.local/lib/python3.12/site-packages/airflow/example_dags/example_xcomargs.py
[2025-09-04T11:50:36.033+0000] {processor.py:830} INFO - Processing file /home/airflow/.local/lib/python3.12/site-packages/airflow/example_dags/example_xcomargs.py for tasks to queue
[2025-09-04T11:50:36.036+0000] {logging_mixin.py:188} INFO - [2025-09-04T11:50:36.036+0000] {dagbag.py:545} INFO - Filling up the DagBag from /home/airflow/.local/lib/python3.12/site-packages/airflow/example_dags/example_xcomargs.py
[2025-09-04T11:50:36.049+0000] {processor.py:840} INFO - DAG(s) 'example_xcom_args_with_operators', 'example_xcom_args' retrieved from /home/airflow/.local/lib/python3.12/site-packages/airflow/example_dags/example_xcomargs.py
[2025-09-04T11:50:36.080+0000] {logging_mixin.py:188} INFO - [2025-09-04T11:50:36.080+0000] {dag.py:3096} INFO - Sync 2 DAGs
[2025-09-04T11:50:36.092+0000] {logging_mixin.py:188} INFO - [2025-09-04T11:50:36.092+0000] {dag.py:3954} INFO - Setting next_dagrun for example_xcom_args to None, run_after=None
[2025-09-04T11:50:36.096+0000] {logging_mixin.py:188} INFO - [2025-09-04T11:50:36.096+0000] {dag.py:3954} INFO - Setting next_dagrun for example_xcom_args_with_operators to None, run_after=None
[2025-09-04T11:50:36.111+0000] {processor.py:183} INFO - Processing /home/airflow/.local/lib/python3.12/site-packages/airflow/example_dags/example_xcomargs.py took 0.092 seconds
[2025-09-04T11:51:06.934+0000] {processor.py:161} INFO - Started process (PID=203) to work on /home/airflow/.local/lib/python3.12/site-packages/airflow/example_dags/example_xcomargs.py
[2025-09-04T11:51:06.936+0000] {processor.py:830} INFO - Processing file /home/airflow/.local/lib/python3.12/site-packages/airflow/example_dags/example_xcomargs.py for tasks to queue
[2025-09-04T11:51:06.940+0000] {logging_mixin.py:188} INFO - [2025-09-04T11:51:06.940+0000] {dagbag.py:545} INFO - Filling up the DagBag from /home/airflow/.local/lib/python3.12/site-packages/airflow/example_dags/example_xcomargs.py
[2025-09-04T11:51:06.953+0000] {processor.py:840} INFO - DAG(s) 'example_xcom_args_with_operators', 'example_xcom_args' retrieved from /home/airflow/.local/lib/python3.12/site-packages/airflow/example_dags/example_xcomargs.py
[2025-09-04T11:51:06.989+0000] {logging_mixin.py:188} INFO - [2025-09-04T11:51:06.988+0000] {dag.py:3096} INFO - Sync 2 DAGs
[2025-09-04T11:51:07.018+0000] {logging_mixin.py:188} INFO - [2025-09-04T11:51:07.018+0000] {dag.py:3954} INFO - Setting next_dagrun for example_xcom_args to None, run_after=None
[2025-09-04T11:51:07.024+0000] {logging_mixin.py:188} INFO - [2025-09-04T11:51:07.024+0000] {dag.py:3954} INFO - Setting next_dagrun for example_xcom_args_with_operators to None, run_after=None
[2025-09-04T11:51:07.058+0000] {processor.py:183} INFO - Processing /home/airflow/.local/lib/python3.12/site-packages/airflow/example_dags/example_xcomargs.py took 0.132 seconds
[2025-09-04T11:51:37.959+0000] {processor.py:161} INFO - Started process (PID=261) to work on /home/airflow/.local/lib/python3.12/site-packages/airflow/example_dags/example_xcomargs.py
[2025-09-04T11:51:37.961+0000] {processor.py:830} INFO - Processing file /home/airflow/.local/lib/python3.12/site-packages/airflow/example_dags/example_xcomargs.py for tasks to queue
[2025-09-04T11:51:37.965+0000] {logging_mixin.py:188} INFO - [2025-09-04T11:51:37.965+0000] {dagbag.py:545} INFO - Filling up the DagBag from /home/airflow/.local/lib/python3.12/site-packages/airflow/example_dags/example_xcomargs.py
[2025-09-04T11:51:37.978+0000] {processor.py:840} INFO - DAG(s) 'example_xcom_args', 'example_xcom_args_with_operators' retrieved from /home/airflow/.local/lib/python3.12/site-packages/airflow/example_dags/example_xcomargs.py
[2025-09-04T11:51:38.005+0000] {logging_mixin.py:188} INFO - [2025-09-04T11:51:38.005+0000] {dag.py:3096} INFO - Sync 2 DAGs
[2025-09-04T11:51:38.019+0000] {logging_mixin.py:188} INFO - [2025-09-04T11:51:38.019+0000] {dag.py:3954} INFO - Setting next_dagrun for example_xcom_args to None, run_after=None
[2025-09-04T11:51:38.023+0000] {logging_mixin.py:188} INFO - [2025-09-04T11:51:38.022+0000] {dag.py:3954} INFO - Setting next_dagrun for example_xcom_args_with_operators to None, run_after=None
[2025-09-04T11:51:38.042+0000] {processor.py:183} INFO - Processing /home/airflow/.local/lib/python3.12/site-packages/airflow/example_dags/example_xcomargs.py took 0.091 seconds
[2025-09-04T11:52:08.714+0000] {processor.py:161} INFO - Started process (PID=319) to work on /home/airflow/.local/lib/python3.12/site-packages/airflow/example_dags/example_xcomargs.py
[2025-09-04T11:52:08.716+0000] {processor.py:830} INFO - Processing file /home/airflow/.local/lib/python3.12/site-packages/airflow/example_dags/example_xcomargs.py for tasks to queue
[2025-09-04T11:52:08.717+0000] {logging_mixin.py:188} INFO - [2025-09-04T11:52:08.717+0000] {dagbag.py:545} INFO - Filling up the DagBag from /home/airflow/.local/lib/python3.12/site-packages/airflow/example_dags/example_xcomargs.py
[2025-09-04T11:52:08.729+0000] {processor.py:840} INFO - DAG(s) 'example_xcom_args', 'example_xcom_args_with_operators' retrieved from /home/airflow/.local/lib/python3.12/site-packages/airflow/example_dags/example_xcomargs.py
[2025-09-04T11:52:08.754+0000] {logging_mixin.py:188} INFO - [2025-09-04T11:52:08.754+0000] {dag.py:3096} INFO - Sync 2 DAGs
[2025-09-04T11:52:08.769+0000] {logging_mixin.py:188} INFO - [2025-09-04T11:52:08.769+0000] {dag.py:3954} INFO - Setting next_dagrun for example_xcom_args to None, run_after=None
[2025-09-04T11:52:08.775+0000] {logging_mixin.py:188} INFO - [2025-09-04T11:52:08.774+0000] {dag.py:3954} INFO - Setting next_dagrun for example_xcom_args_with_operators to None, run_after=None
[2025-09-04T11:52:08.799+0000] {processor.py:183} INFO - Processing /home/airflow/.local/lib/python3.12/site-packages/airflow/example_dags/example_xcomargs.py took 0.089 seconds
[2025-09-04T11:52:39.107+0000] {processor.py:161} INFO - Started process (PID=377) to work on /home/airflow/.local/lib/python3.12/site-packages/airflow/example_dags/example_xcomargs.py
[2025-09-04T11:52:39.109+0000] {processor.py:830} INFO - Processing file /home/airflow/.local/lib/python3.12/site-packages/airflow/example_dags/example_xcomargs.py for tasks to queue
[2025-09-04T11:52:39.111+0000] {logging_mixin.py:188} INFO - [2025-09-04T11:52:39.110+0000] {dagbag.py:545} INFO - Filling up the DagBag from /home/airflow/.local/lib/python3.12/site-packages/airflow/example_dags/example_xcomargs.py
[2025-09-04T11:52:39.118+0000] {processor.py:840} INFO - DAG(s) 'example_xcom_args_with_operators', 'example_xcom_args' retrieved from /home/airflow/.local/lib/python3.12/site-packages/airflow/example_dags/example_xcomargs.py
[2025-09-04T11:52:39.137+0000] {logging_mixin.py:188} INFO - [2025-09-04T11:52:39.137+0000] {dag.py:3096} INFO - Sync 2 DAGs
[2025-09-04T11:52:39.149+0000] {logging_mixin.py:188} INFO - [2025-09-04T11:52:39.149+0000] {dag.py:3954} INFO - Setting next_dagrun for example_xcom_args to None, run_after=None
[2025-09-04T11:52:39.152+0000] {logging_mixin.py:188} INFO - [2025-09-04T11:52:39.152+0000] {dag.py:3954} INFO - Setting next_dagrun for example_xcom_args_with_operators to None, run_after=None
[2025-09-04T11:52:39.168+0000] {processor.py:183} INFO - Processing /home/airflow/.local/lib/python3.12/site-packages/airflow/example_dags/example_xcomargs.py took 0.066 seconds
[2025-09-04T11:53:09.406+0000] {processor.py:161} INFO - Started process (PID=435) to work on /home/airflow/.local/lib/python3.12/site-packages/airflow/example_dags/example_xcomargs.py
[2025-09-04T11:53:09.409+0000] {processor.py:830} INFO - Processing file /home/airflow/.local/lib/python3.12/site-packages/airflow/example_dags/example_xcomargs.py for tasks to queue
[2025-09-04T11:53:09.415+0000] {logging_mixin.py:188} INFO - [2025-09-04T11:53:09.414+0000] {dagbag.py:545} INFO - Filling up the DagBag from /home/airflow/.local/lib/python3.12/site-packages/airflow/example_dags/example_xcomargs.py
[2025-09-04T11:53:09.435+0000] {processor.py:840} INFO - DAG(s) 'example_xcom_args_with_operators', 'example_xcom_args' retrieved from /home/airflow/.local/lib/python3.12/site-packages/airflow/example_dags/example_xcomargs.py
[2025-09-04T11:53:09.465+0000] {logging_mixin.py:188} INFO - [2025-09-04T11:53:09.465+0000] {dag.py:3096} INFO - Sync 2 DAGs
[2025-09-04T11:53:09.478+0000] {logging_mixin.py:188} INFO - [2025-09-04T11:53:09.478+0000] {dag.py:3954} INFO - Setting next_dagrun for example_xcom_args to None, run_after=None
[2025-09-04T11:53:09.482+0000] {logging_mixin.py:188} INFO - [2025-09-04T11:53:09.482+0000] {dag.py:3954} INFO - Setting next_dagrun for example_xcom_args_with_operators to None, run_after=None
[2025-09-04T11:53:09.498+0000] {processor.py:183} INFO - Processing /home/airflow/.local/lib/python3.12/site-packages/airflow/example_dags/example_xcomargs.py took 0.104 seconds
[2025-09-04T11:53:39.651+0000] {processor.py:161} INFO - Started process (PID=493) to work on /home/airflow/.local/lib/python3.12/site-packages/airflow/example_dags/example_xcomargs.py
[2025-09-04T11:53:39.653+0000] {processor.py:830} INFO - Processing file /home/airflow/.local/lib/python3.12/site-packages/airflow/example_dags/example_xcomargs.py for tasks to queue
[2025-09-04T11:53:39.656+0000] {logging_mixin.py:188} INFO - [2025-09-04T11:53:39.655+0000] {dagbag.py:545} INFO - Filling up the DagBag from /home/airflow/.local/lib/python3.12/site-packages/airflow/example_dags/example_xcomargs.py
[2025-09-04T11:53:39.665+0000] {processor.py:840} INFO - DAG(s) 'example_xcom_args', 'example_xcom_args_with_operators' retrieved from /home/airflow/.local/lib/python3.12/site-packages/airflow/example_dags/example_xcomargs.py
[2025-09-04T11:53:39.688+0000] {logging_mixin.py:188} INFO - [2025-09-04T11:53:39.688+0000] {dag.py:3096} INFO - Sync 2 DAGs
[2025-09-04T11:53:39.700+0000] {logging_mixin.py:188} INFO - [2025-09-04T11:53:39.699+0000] {dag.py:3954} INFO - Setting next_dagrun for example_xcom_args to None, run_after=None
[2025-09-04T11:53:39.704+0000] {logging_mixin.py:188} INFO - [2025-09-04T11:53:39.704+0000] {dag.py:3954} INFO - Setting next_dagrun for example_xcom_args_with_operators to None, run_after=None
[2025-09-04T11:53:39.720+0000] {processor.py:183} INFO - Processing /home/airflow/.local/lib/python3.12/site-packages/airflow/example_dags/example_xcomargs.py took 0.077 seconds
[2025-09-04T11:54:10.064+0000] {processor.py:161} INFO - Started process (PID=551) to work on /home/airflow/.local/lib/python3.12/site-packages/airflow/example_dags/example_xcomargs.py
[2025-09-04T11:54:10.067+0000] {processor.py:830} INFO - Processing file /home/airflow/.local/lib/python3.12/site-packages/airflow/example_dags/example_xcomargs.py for tasks to queue
[2025-09-04T11:54:10.071+0000] {logging_mixin.py:188} INFO - [2025-09-04T11:54:10.070+0000] {dagbag.py:545} INFO - Filling up the DagBag from /home/airflow/.local/lib/python3.12/site-packages/airflow/example_dags/example_xcomargs.py
[2025-09-04T11:54:10.086+0000] {processor.py:840} INFO - DAG(s) 'example_xcom_args', 'example_xcom_args_with_operators' retrieved from /home/airflow/.local/lib/python3.12/site-packages/airflow/example_dags/example_xcomargs.py
[2025-09-04T11:54:10.128+0000] {logging_mixin.py:188} INFO - [2025-09-04T11:54:10.127+0000] {dag.py:3096} INFO - Sync 2 DAGs
[2025-09-04T11:54:10.146+0000] {logging_mixin.py:188} INFO - [2025-09-04T11:54:10.146+0000] {dag.py:3954} INFO - Setting next_dagrun for example_xcom_args to None, run_after=None
[2025-09-04T11:54:10.151+0000] {logging_mixin.py:188} INFO - [2025-09-04T11:54:10.151+0000] {dag.py:3954} INFO - Setting next_dagrun for example_xcom_args_with_operators to None, run_after=None
[2025-09-04T11:54:10.170+0000] {processor.py:183} INFO - Processing /home/airflow/.local/lib/python3.12/site-packages/airflow/example_dags/example_xcomargs.py took 0.113 seconds
[2025-09-04T11:54:40.460+0000] {processor.py:161} INFO - Started process (PID=609) to work on /home/airflow/.local/lib/python3.12/site-packages/airflow/example_dags/example_xcomargs.py
[2025-09-04T11:54:40.461+0000] {processor.py:830} INFO - Processing file /home/airflow/.local/lib/python3.12/site-packages/airflow/example_dags/example_xcomargs.py for tasks to queue
[2025-09-04T11:54:40.463+0000] {logging_mixin.py:188} INFO - [2025-09-04T11:54:40.463+0000] {dagbag.py:545} INFO - Filling up the DagBag from /home/airflow/.local/lib/python3.12/site-packages/airflow/example_dags/example_xcomargs.py
[2025-09-04T11:54:40.469+0000] {processor.py:840} INFO - DAG(s) 'example_xcom_args_with_operators', 'example_xcom_args' retrieved from /home/airflow/.local/lib/python3.12/site-packages/airflow/example_dags/example_xcomargs.py
[2025-09-04T11:54:40.488+0000] {logging_mixin.py:188} INFO - [2025-09-04T11:54:40.487+0000] {dag.py:3096} INFO - Sync 2 DAGs
[2025-09-04T11:54:40.497+0000] {logging_mixin.py:188} INFO - [2025-09-04T11:54:40.497+0000] {dag.py:3954} INFO - Setting next_dagrun for example_xcom_args to None, run_after=None
[2025-09-04T11:54:40.501+0000] {logging_mixin.py:188} INFO - [2025-09-04T11:54:40.501+0000] {dag.py:3954} INFO - Setting next_dagrun for example_xcom_args_with_operators to None, run_after=None
[2025-09-04T11:54:40.514+0000] {processor.py:183} INFO - Processing /home/airflow/.local/lib/python3.12/site-packages/airflow/example_dags/example_xcomargs.py took 0.060 seconds
[2025-09-04T11:55:10.939+0000] {processor.py:161} INFO - Started process (PID=667) to work on /home/airflow/.local/lib/python3.12/site-packages/airflow/example_dags/example_xcomargs.py
[2025-09-04T11:55:10.949+0000] {processor.py:830} INFO - Processing file /home/airflow/.local/lib/python3.12/site-packages/airflow/example_dags/example_xcomargs.py for tasks to queue
[2025-09-04T11:55:10.953+0000] {logging_mixin.py:188} INFO - [2025-09-04T11:55:10.952+0000] {dagbag.py:545} INFO - Filling up the DagBag from /home/airflow/.local/lib/python3.12/site-packages/airflow/example_dags/example_xcomargs.py
[2025-09-04T11:55:10.975+0000] {processor.py:840} INFO - DAG(s) 'example_xcom_args_with_operators', 'example_xcom_args' retrieved from /home/airflow/.local/lib/python3.12/site-packages/airflow/example_dags/example_xcomargs.py
[2025-09-04T11:55:11.003+0000] {logging_mixin.py:188} INFO - [2025-09-04T11:55:11.002+0000] {dag.py:3096} INFO - Sync 2 DAGs
[2025-09-04T11:55:11.014+0000] {logging_mixin.py:188} INFO - [2025-09-04T11:55:11.013+0000] {dag.py:3954} INFO - Setting next_dagrun for example_xcom_args to None, run_after=None
[2025-09-04T11:55:11.018+0000] {logging_mixin.py:188} INFO - [2025-09-04T11:55:11.018+0000] {dag.py:3954} INFO - Setting next_dagrun for example_xcom_args_with_operators to None, run_after=None
[2025-09-04T11:55:11.043+0000] {processor.py:183} INFO - Processing /home/airflow/.local/lib/python3.12/site-packages/airflow/example_dags/example_xcomargs.py took 0.114 seconds
[2025-09-04T11:55:41.306+0000] {processor.py:161} INFO - Started process (PID=725) to work on /home/airflow/.local/lib/python3.12/site-packages/airflow/example_dags/example_xcomargs.py
[2025-09-04T11:55:41.307+0000] {processor.py:830} INFO - Processing file /home/airflow/.local/lib/python3.12/site-packages/airflow/example_dags/example_xcomargs.py for tasks to queue
[2025-09-04T11:55:41.309+0000] {logging_mixin.py:188} INFO - [2025-09-04T11:55:41.309+0000] {dagbag.py:545} INFO - Filling up the DagBag from /home/airflow/.local/lib/python3.12/site-packages/airflow/example_dags/example_xcomargs.py
[2025-09-04T11:55:41.316+0000] {processor.py:840} INFO - DAG(s) 'example_xcom_args_with_operators', 'example_xcom_args' retrieved from /home/airflow/.local/lib/python3.12/site-packages/airflow/example_dags/example_xcomargs.py
[2025-09-04T11:55:41.361+0000] {logging_mixin.py:188} INFO - [2025-09-04T11:55:41.361+0000] {dag.py:3096} INFO - Sync 2 DAGs
[2025-09-04T11:55:41.385+0000] {logging_mixin.py:188} INFO - [2025-09-04T11:55:41.384+0000] {dag.py:3954} INFO - Setting next_dagrun for example_xcom_args to None, run_after=None
[2025-09-04T11:55:41.392+0000] {logging_mixin.py:188} INFO - [2025-09-04T11:55:41.392+0000] {dag.py:3954} INFO - Setting next_dagrun for example_xcom_args_with_operators to None, run_after=None
[2025-09-04T11:55:41.428+0000] {processor.py:183} INFO - Processing /home/airflow/.local/lib/python3.12/site-packages/airflow/example_dags/example_xcomargs.py took 0.127 seconds
[2025-09-04T11:56:11.834+0000] {processor.py:161} INFO - Started process (PID=783) to work on /home/airflow/.local/lib/python3.12/site-packages/airflow/example_dags/example_xcomargs.py
[2025-09-04T11:56:11.836+0000] {processor.py:830} INFO - Processing file /home/airflow/.local/lib/python3.12/site-packages/airflow/example_dags/example_xcomargs.py for tasks to queue
[2025-09-04T11:56:11.843+0000] {logging_mixin.py:188} INFO - [2025-09-04T11:56:11.841+0000] {dagbag.py:545} INFO - Filling up the DagBag from /home/airflow/.local/lib/python3.12/site-packages/airflow/example_dags/example_xcomargs.py
[2025-09-04T11:56:11.860+0000] {processor.py:840} INFO - DAG(s) 'example_xcom_args', 'example_xcom_args_with_operators' retrieved from /home/airflow/.local/lib/python3.12/site-packages/airflow/example_dags/example_xcomargs.py
[2025-09-04T11:56:11.906+0000] {logging_mixin.py:188} INFO - [2025-09-04T11:56:11.905+0000] {dag.py:3096} INFO - Sync 2 DAGs
[2025-09-04T11:56:11.919+0000] {logging_mixin.py:188} INFO - [2025-09-04T11:56:11.919+0000] {dag.py:3954} INFO - Setting next_dagrun for example_xcom_args to None, run_after=None
[2025-09-04T11:56:11.923+0000] {logging_mixin.py:188} INFO - [2025-09-04T11:56:11.923+0000] {dag.py:3954} INFO - Setting next_dagrun for example_xcom_args_with_operators to None, run_after=None
[2025-09-04T11:56:11.945+0000] {processor.py:183} INFO - Processing /home/airflow/.local/lib/python3.12/site-packages/airflow/example_dags/example_xcomargs.py took 0.118 seconds
[2025-09-04T11:56:42.305+0000] {processor.py:161} INFO - Started process (PID=841) to work on /home/airflow/.local/lib/python3.12/site-packages/airflow/example_dags/example_xcomargs.py
[2025-09-04T11:56:42.307+0000] {processor.py:830} INFO - Processing file /home/airflow/.local/lib/python3.12/site-packages/airflow/example_dags/example_xcomargs.py for tasks to queue
[2025-09-04T11:56:42.309+0000] {logging_mixin.py:188} INFO - [2025-09-04T11:56:42.309+0000] {dagbag.py:545} INFO - Filling up the DagBag from /home/airflow/.local/lib/python3.12/site-packages/airflow/example_dags/example_xcomargs.py
[2025-09-04T11:56:42.322+0000] {processor.py:840} INFO - DAG(s) 'example_xcom_args', 'example_xcom_args_with_operators' retrieved from /home/airflow/.local/lib/python3.12/site-packages/airflow/example_dags/example_xcomargs.py
[2025-09-04T11:56:42.361+0000] {logging_mixin.py:188} INFO - [2025-09-04T11:56:42.360+0000] {dag.py:3096} INFO - Sync 2 DAGs
[2025-09-04T11:56:42.381+0000] {logging_mixin.py:188} INFO - [2025-09-04T11:56:42.381+0000] {dag.py:3954} INFO - Setting next_dagrun for example_xcom_args to None, run_after=None
[2025-09-04T11:56:42.387+0000] {logging_mixin.py:188} INFO - [2025-09-04T11:56:42.386+0000] {dag.py:3954} INFO - Setting next_dagrun for example_xcom_args_with_operators to None, run_after=None
[2025-09-04T11:56:42.423+0000] {processor.py:183} INFO - Processing /home/airflow/.local/lib/python3.12/site-packages/airflow/example_dags/example_xcomargs.py took 0.131 seconds
[2025-09-04T11:57:12.507+0000] {processor.py:161} INFO - Started process (PID=899) to work on /home/airflow/.local/lib/python3.12/site-packages/airflow/example_dags/example_xcomargs.py
[2025-09-04T11:57:12.509+0000] {processor.py:830} INFO - Processing file /home/airflow/.local/lib/python3.12/site-packages/airflow/example_dags/example_xcomargs.py for tasks to queue
[2025-09-04T11:57:12.511+0000] {logging_mixin.py:188} INFO - [2025-09-04T11:57:12.511+0000] {dagbag.py:545} INFO - Filling up the DagBag from /home/airflow/.local/lib/python3.12/site-packages/airflow/example_dags/example_xcomargs.py
[2025-09-04T11:57:12.523+0000] {processor.py:840} INFO - DAG(s) 'example_xcom_args_with_operators', 'example_xcom_args' retrieved from /home/airflow/.local/lib/python3.12/site-packages/airflow/example_dags/example_xcomargs.py
[2025-09-04T11:57:12.543+0000] {logging_mixin.py:188} INFO - [2025-09-04T11:57:12.543+0000] {dag.py:3096} INFO - Sync 2 DAGs
[2025-09-04T11:57:12.554+0000] {logging_mixin.py:188} INFO - [2025-09-04T11:57:12.554+0000] {dag.py:3954} INFO - Setting next_dagrun for example_xcom_args to None, run_after=None
[2025-09-04T11:57:12.557+0000] {logging_mixin.py:188} INFO - [2025-09-04T11:57:12.557+0000] {dag.py:3954} INFO - Setting next_dagrun for example_xcom_args_with_operators to None, run_after=None
[2025-09-04T11:57:12.571+0000] {processor.py:183} INFO - Processing /home/airflow/.local/lib/python3.12/site-packages/airflow/example_dags/example_xcomargs.py took 0.070 seconds
[2025-09-04T11:57:42.827+0000] {processor.py:161} INFO - Started process (PID=957) to work on /home/airflow/.local/lib/python3.12/site-packages/airflow/example_dags/example_xcomargs.py
[2025-09-04T11:57:42.829+0000] {processor.py:830} INFO - Processing file /home/airflow/.local/lib/python3.12/site-packages/airflow/example_dags/example_xcomargs.py for tasks to queue
[2025-09-04T11:57:42.832+0000] {logging_mixin.py:188} INFO - [2025-09-04T11:57:42.832+0000] {dagbag.py:545} INFO - Filling up the DagBag from /home/airflow/.local/lib/python3.12/site-packages/airflow/example_dags/example_xcomargs.py
[2025-09-04T11:57:42.841+0000] {processor.py:840} INFO - DAG(s) 'example_xcom_args_with_operators', 'example_xcom_args' retrieved from /home/airflow/.local/lib/python3.12/site-packages/airflow/example_dags/example_xcomargs.py
[2025-09-04T11:57:42.862+0000] {logging_mixin.py:188} INFO - [2025-09-04T11:57:42.862+0000] {dag.py:3096} INFO - Sync 2 DAGs
[2025-09-04T11:57:42.873+0000] {logging_mixin.py:188} INFO - [2025-09-04T11:57:42.873+0000] {dag.py:3954} INFO - Setting next_dagrun for example_xcom_args to None, run_after=None
[2025-09-04T11:57:42.877+0000] {logging_mixin.py:188} INFO - [2025-09-04T11:57:42.877+0000] {dag.py:3954} INFO - Setting next_dagrun for example_xcom_args_with_operators to None, run_after=None
[2025-09-04T11:57:42.894+0000] {processor.py:183} INFO - Processing /home/airflow/.local/lib/python3.12/site-packages/airflow/example_dags/example_xcomargs.py took 0.073 seconds
[2025-09-04T11:58:13.097+0000] {processor.py:161} INFO - Started process (PID=1016) to work on /home/airflow/.local/lib/python3.12/site-packages/airflow/example_dags/example_xcomargs.py
[2025-09-04T11:58:13.100+0000] {processor.py:830} INFO - Processing file /home/airflow/.local/lib/python3.12/site-packages/airflow/example_dags/example_xcomargs.py for tasks to queue
[2025-09-04T11:58:13.102+0000] {logging_mixin.py:188} INFO - [2025-09-04T11:58:13.102+0000] {dagbag.py:545} INFO - Filling up the DagBag from /home/airflow/.local/lib/python3.12/site-packages/airflow/example_dags/example_xcomargs.py
[2025-09-04T11:58:13.111+0000] {processor.py:840} INFO - DAG(s) 'example_xcom_args', 'example_xcom_args_with_operators' retrieved from /home/airflow/.local/lib/python3.12/site-packages/airflow/example_dags/example_xcomargs.py
[2025-09-04T11:58:13.142+0000] {logging_mixin.py:188} INFO - [2025-09-04T11:58:13.141+0000] {dag.py:3096} INFO - Sync 2 DAGs
[2025-09-04T11:58:13.157+0000] {logging_mixin.py:188} INFO - [2025-09-04T11:58:13.157+0000] {dag.py:3954} INFO - Setting next_dagrun for example_xcom_args to None, run_after=None
[2025-09-04T11:58:13.163+0000] {logging_mixin.py:188} INFO - [2025-09-04T11:58:13.163+0000] {dag.py:3954} INFO - Setting next_dagrun for example_xcom_args_with_operators to None, run_after=None
[2025-09-04T11:58:13.197+0000] {processor.py:183} INFO - Processing /home/airflow/.local/lib/python3.12/site-packages/airflow/example_dags/example_xcomargs.py took 0.109 seconds
[2025-09-04T11:58:44.049+0000] {processor.py:161} INFO - Started process (PID=1074) to work on /home/airflow/.local/lib/python3.12/site-packages/airflow/example_dags/example_xcomargs.py
[2025-09-04T11:58:44.051+0000] {processor.py:830} INFO - Processing file /home/airflow/.local/lib/python3.12/site-packages/airflow/example_dags/example_xcomargs.py for tasks to queue
[2025-09-04T11:58:44.054+0000] {logging_mixin.py:188} INFO - [2025-09-04T11:58:44.053+0000] {dagbag.py:545} INFO - Filling up the DagBag from /home/airflow/.local/lib/python3.12/site-packages/airflow/example_dags/example_xcomargs.py
[2025-09-04T11:58:44.063+0000] {processor.py:840} INFO - DAG(s) 'example_xcom_args', 'example_xcom_args_with_operators' retrieved from /home/airflow/.local/lib/python3.12/site-packages/airflow/example_dags/example_xcomargs.py
[2025-09-04T11:58:44.092+0000] {logging_mixin.py:188} INFO - [2025-09-04T11:58:44.091+0000] {dag.py:3096} INFO - Sync 2 DAGs
[2025-09-04T11:58:44.104+0000] {logging_mixin.py:188} INFO - [2025-09-04T11:58:44.103+0000] {dag.py:3954} INFO - Setting next_dagrun for example_xcom_args to None, run_after=None
[2025-09-04T11:58:44.107+0000] {logging_mixin.py:188} INFO - [2025-09-04T11:58:44.107+0000] {dag.py:3954} INFO - Setting next_dagrun for example_xcom_args_with_operators to None, run_after=None
[2025-09-04T11:58:44.125+0000] {processor.py:183} INFO - Processing /home/airflow/.local/lib/python3.12/site-packages/airflow/example_dags/example_xcomargs.py took 0.084 seconds
[2025-09-04T11:59:14.928+0000] {processor.py:161} INFO - Started process (PID=1132) to work on /home/airflow/.local/lib/python3.12/site-packages/airflow/example_dags/example_xcomargs.py
[2025-09-04T11:59:14.931+0000] {processor.py:830} INFO - Processing file /home/airflow/.local/lib/python3.12/site-packages/airflow/example_dags/example_xcomargs.py for tasks to queue
[2025-09-04T11:59:14.935+0000] {logging_mixin.py:188} INFO - [2025-09-04T11:59:14.935+0000] {dagbag.py:545} INFO - Filling up the DagBag from /home/airflow/.local/lib/python3.12/site-packages/airflow/example_dags/example_xcomargs.py
[2025-09-04T11:59:14.950+0000] {processor.py:840} INFO - DAG(s) 'example_xcom_args_with_operators', 'example_xcom_args' retrieved from /home/airflow/.local/lib/python3.12/site-packages/airflow/example_dags/example_xcomargs.py
[2025-09-04T11:59:14.996+0000] {logging_mixin.py:188} INFO - [2025-09-04T11:59:14.995+0000] {dag.py:3096} INFO - Sync 2 DAGs
[2025-09-04T11:59:15.018+0000] {logging_mixin.py:188} INFO - [2025-09-04T11:59:15.017+0000] {dag.py:3954} INFO - Setting next_dagrun for example_xcom_args to None, run_after=None
[2025-09-04T11:59:15.023+0000] {logging_mixin.py:188} INFO - [2025-09-04T11:59:15.023+0000] {dag.py:3954} INFO - Setting next_dagrun for example_xcom_args_with_operators to None, run_after=None
[2025-09-04T11:59:15.045+0000] {processor.py:183} INFO - Processing /home/airflow/.local/lib/python3.12/site-packages/airflow/example_dags/example_xcomargs.py took 0.126 seconds
[2025-09-04T11:59:45.158+0000] {processor.py:161} INFO - Started process (PID=1190) to work on /home/airflow/.local/lib/python3.12/site-packages/airflow/example_dags/example_xcomargs.py
[2025-09-04T11:59:45.160+0000] {processor.py:830} INFO - Processing file /home/airflow/.local/lib/python3.12/site-packages/airflow/example_dags/example_xcomargs.py for tasks to queue
[2025-09-04T11:59:45.165+0000] {logging_mixin.py:188} INFO - [2025-09-04T11:59:45.164+0000] {dagbag.py:545} INFO - Filling up the DagBag from /home/airflow/.local/lib/python3.12/site-packages/airflow/example_dags/example_xcomargs.py
[2025-09-04T11:59:45.181+0000] {processor.py:840} INFO - DAG(s) 'example_xcom_args_with_operators', 'example_xcom_args' retrieved from /home/airflow/.local/lib/python3.12/site-packages/airflow/example_dags/example_xcomargs.py
[2025-09-04T11:59:45.233+0000] {logging_mixin.py:188} INFO - [2025-09-04T11:59:45.233+0000] {dag.py:3096} INFO - Sync 2 DAGs
[2025-09-04T11:59:45.262+0000] {logging_mixin.py:188} INFO - [2025-09-04T11:59:45.262+0000] {dag.py:3954} INFO - Setting next_dagrun for example_xcom_args to None, run_after=None
[2025-09-04T11:59:45.270+0000] {logging_mixin.py:188} INFO - [2025-09-04T11:59:45.269+0000] {dag.py:3954} INFO - Setting next_dagrun for example_xcom_args_with_operators to None, run_after=None
[2025-09-04T11:59:45.303+0000] {processor.py:183} INFO - Processing /home/airflow/.local/lib/python3.12/site-packages/airflow/example_dags/example_xcomargs.py took 0.166 seconds
[2025-09-04T12:01:32.789+0000] {processor.py:161} INFO - Started process (PID=82) to work on /home/airflow/.local/lib/python3.12/site-packages/airflow/example_dags/example_xcomargs.py
[2025-09-04T12:01:32.793+0000] {processor.py:830} INFO - Processing file /home/airflow/.local/lib/python3.12/site-packages/airflow/example_dags/example_xcomargs.py for tasks to queue
[2025-09-04T12:01:32.797+0000] {logging_mixin.py:188} INFO - [2025-09-04T12:01:32.797+0000] {dagbag.py:545} INFO - Filling up the DagBag from /home/airflow/.local/lib/python3.12/site-packages/airflow/example_dags/example_xcomargs.py
[2025-09-04T12:01:32.812+0000] {processor.py:840} INFO - DAG(s) 'example_xcom_args_with_operators', 'example_xcom_args' retrieved from /home/airflow/.local/lib/python3.12/site-packages/airflow/example_dags/example_xcomargs.py
[2025-09-04T12:01:32.966+0000] {logging_mixin.py:188} INFO - [2025-09-04T12:01:32.966+0000] {dag.py:3096} INFO - Sync 2 DAGs
[2025-09-04T12:01:32.982+0000] {logging_mixin.py:188} INFO - [2025-09-04T12:01:32.981+0000] {dag.py:3954} INFO - Setting next_dagrun for example_xcom_args to None, run_after=None
[2025-09-04T12:01:32.987+0000] {logging_mixin.py:188} INFO - [2025-09-04T12:01:32.987+0000] {dag.py:3954} INFO - Setting next_dagrun for example_xcom_args_with_operators to None, run_after=None
[2025-09-04T12:01:33.018+0000] {processor.py:183} INFO - Processing /home/airflow/.local/lib/python3.12/site-packages/airflow/example_dags/example_xcomargs.py took 0.243 seconds
[2025-09-04T12:02:03.964+0000] {processor.py:161} INFO - Started process (PID=140) to work on /home/airflow/.local/lib/python3.12/site-packages/airflow/example_dags/example_xcomargs.py
[2025-09-04T12:02:03.966+0000] {processor.py:830} INFO - Processing file /home/airflow/.local/lib/python3.12/site-packages/airflow/example_dags/example_xcomargs.py for tasks to queue
[2025-09-04T12:02:03.970+0000] {logging_mixin.py:188} INFO - [2025-09-04T12:02:03.969+0000] {dagbag.py:545} INFO - Filling up the DagBag from /home/airflow/.local/lib/python3.12/site-packages/airflow/example_dags/example_xcomargs.py
[2025-09-04T12:02:03.982+0000] {processor.py:840} INFO - DAG(s) 'example_xcom_args_with_operators', 'example_xcom_args' retrieved from /home/airflow/.local/lib/python3.12/site-packages/airflow/example_dags/example_xcomargs.py
[2025-09-04T12:02:04.013+0000] {logging_mixin.py:188} INFO - [2025-09-04T12:02:04.012+0000] {dag.py:3096} INFO - Sync 2 DAGs
[2025-09-04T12:02:04.042+0000] {logging_mixin.py:188} INFO - [2025-09-04T12:02:04.042+0000] {dag.py:3954} INFO - Setting next_dagrun for example_xcom_args to None, run_after=None
[2025-09-04T12:02:04.049+0000] {logging_mixin.py:188} INFO - [2025-09-04T12:02:04.048+0000] {dag.py:3954} INFO - Setting next_dagrun for example_xcom_args_with_operators to None, run_after=None
[2025-09-04T12:02:04.076+0000] {processor.py:183} INFO - Processing /home/airflow/.local/lib/python3.12/site-packages/airflow/example_dags/example_xcomargs.py took 0.124 seconds
[2025-09-04T12:02:35.021+0000] {processor.py:161} INFO - Started process (PID=198) to work on /home/airflow/.local/lib/python3.12/site-packages/airflow/example_dags/example_xcomargs.py
[2025-09-04T12:02:35.022+0000] {processor.py:830} INFO - Processing file /home/airflow/.local/lib/python3.12/site-packages/airflow/example_dags/example_xcomargs.py for tasks to queue
[2025-09-04T12:02:35.025+0000] {logging_mixin.py:188} INFO - [2025-09-04T12:02:35.024+0000] {dagbag.py:545} INFO - Filling up the DagBag from /home/airflow/.local/lib/python3.12/site-packages/airflow/example_dags/example_xcomargs.py
[2025-09-04T12:02:35.032+0000] {processor.py:840} INFO - DAG(s) 'example_xcom_args', 'example_xcom_args_with_operators' retrieved from /home/airflow/.local/lib/python3.12/site-packages/airflow/example_dags/example_xcomargs.py
[2025-09-04T12:02:35.058+0000] {logging_mixin.py:188} INFO - [2025-09-04T12:02:35.058+0000] {dag.py:3096} INFO - Sync 2 DAGs
[2025-09-04T12:02:35.068+0000] {logging_mixin.py:188} INFO - [2025-09-04T12:02:35.067+0000] {dag.py:3954} INFO - Setting next_dagrun for example_xcom_args to None, run_after=None
[2025-09-04T12:02:35.071+0000] {logging_mixin.py:188} INFO - [2025-09-04T12:02:35.071+0000] {dag.py:3954} INFO - Setting next_dagrun for example_xcom_args_with_operators to None, run_after=None
[2025-09-04T12:02:35.084+0000] {processor.py:183} INFO - Processing /home/airflow/.local/lib/python3.12/site-packages/airflow/example_dags/example_xcomargs.py took 0.068 seconds
[2025-09-04T12:03:05.176+0000] {processor.py:161} INFO - Started process (PID=256) to work on /home/airflow/.local/lib/python3.12/site-packages/airflow/example_dags/example_xcomargs.py
[2025-09-04T12:03:05.178+0000] {processor.py:830} INFO - Processing file /home/airflow/.local/lib/python3.12/site-packages/airflow/example_dags/example_xcomargs.py for tasks to queue
[2025-09-04T12:03:05.181+0000] {logging_mixin.py:188} INFO - [2025-09-04T12:03:05.180+0000] {dagbag.py:545} INFO - Filling up the DagBag from /home/airflow/.local/lib/python3.12/site-packages/airflow/example_dags/example_xcomargs.py
[2025-09-04T12:03:05.191+0000] {processor.py:840} INFO - DAG(s) 'example_xcom_args', 'example_xcom_args_with_operators' retrieved from /home/airflow/.local/lib/python3.12/site-packages/airflow/example_dags/example_xcomargs.py
[2025-09-04T12:03:05.227+0000] {logging_mixin.py:188} INFO - [2025-09-04T12:03:05.226+0000] {dag.py:3096} INFO - Sync 2 DAGs
[2025-09-04T12:03:05.240+0000] {logging_mixin.py:188} INFO - [2025-09-04T12:03:05.239+0000] {dag.py:3954} INFO - Setting next_dagrun for example_xcom_args to None, run_after=None
[2025-09-04T12:03:05.244+0000] {logging_mixin.py:188} INFO - [2025-09-04T12:03:05.243+0000] {dag.py:3954} INFO - Setting next_dagrun for example_xcom_args_with_operators to None, run_after=None
[2025-09-04T12:03:05.265+0000] {processor.py:183} INFO - Processing /home/airflow/.local/lib/python3.12/site-packages/airflow/example_dags/example_xcomargs.py took 0.095 seconds
[2025-09-04T12:03:35.498+0000] {processor.py:161} INFO - Started process (PID=314) to work on /home/airflow/.local/lib/python3.12/site-packages/airflow/example_dags/example_xcomargs.py
[2025-09-04T12:03:35.500+0000] {processor.py:830} INFO - Processing file /home/airflow/.local/lib/python3.12/site-packages/airflow/example_dags/example_xcomargs.py for tasks to queue
[2025-09-04T12:03:35.501+0000] {logging_mixin.py:188} INFO - [2025-09-04T12:03:35.501+0000] {dagbag.py:545} INFO - Filling up the DagBag from /home/airflow/.local/lib/python3.12/site-packages/airflow/example_dags/example_xcomargs.py
[2025-09-04T12:03:35.508+0000] {processor.py:840} INFO - DAG(s) 'example_xcom_args', 'example_xcom_args_with_operators' retrieved from /home/airflow/.local/lib/python3.12/site-packages/airflow/example_dags/example_xcomargs.py
[2025-09-04T12:03:35.526+0000] {logging_mixin.py:188} INFO - [2025-09-04T12:03:35.526+0000] {dag.py:3096} INFO - Sync 2 DAGs
[2025-09-04T12:03:35.538+0000] {logging_mixin.py:188} INFO - [2025-09-04T12:03:35.538+0000] {dag.py:3954} INFO - Setting next_dagrun for example_xcom_args to None, run_after=None
[2025-09-04T12:03:35.541+0000] {logging_mixin.py:188} INFO - [2025-09-04T12:03:35.541+0000] {dag.py:3954} INFO - Setting next_dagrun for example_xcom_args_with_operators to None, run_after=None
[2025-09-04T12:03:35.555+0000] {processor.py:183} INFO - Processing /home/airflow/.local/lib/python3.12/site-packages/airflow/example_dags/example_xcomargs.py took 0.062 seconds
[2025-09-04T12:04:06.534+0000] {processor.py:161} INFO - Started process (PID=372) to work on /home/airflow/.local/lib/python3.12/site-packages/airflow/example_dags/example_xcomargs.py
[2025-09-04T12:04:06.536+0000] {processor.py:830} INFO - Processing file /home/airflow/.local/lib/python3.12/site-packages/airflow/example_dags/example_xcomargs.py for tasks to queue
[2025-09-04T12:04:06.539+0000] {logging_mixin.py:188} INFO - [2025-09-04T12:04:06.539+0000] {dagbag.py:545} INFO - Filling up the DagBag from /home/airflow/.local/lib/python3.12/site-packages/airflow/example_dags/example_xcomargs.py
[2025-09-04T12:04:06.549+0000] {processor.py:840} INFO - DAG(s) 'example_xcom_args', 'example_xcom_args_with_operators' retrieved from /home/airflow/.local/lib/python3.12/site-packages/airflow/example_dags/example_xcomargs.py
[2025-09-04T12:04:06.590+0000] {logging_mixin.py:188} INFO - [2025-09-04T12:04:06.590+0000] {dag.py:3096} INFO - Sync 2 DAGs
[2025-09-04T12:04:06.603+0000] {logging_mixin.py:188} INFO - [2025-09-04T12:04:06.603+0000] {dag.py:3954} INFO - Setting next_dagrun for example_xcom_args to None, run_after=None
[2025-09-04T12:04:06.609+0000] {logging_mixin.py:188} INFO - [2025-09-04T12:04:06.609+0000] {dag.py:3954} INFO - Setting next_dagrun for example_xcom_args_with_operators to None, run_after=None
[2025-09-04T12:04:06.627+0000] {processor.py:183} INFO - Processing /home/airflow/.local/lib/python3.12/site-packages/airflow/example_dags/example_xcomargs.py took 0.103 seconds
[2025-09-04T12:04:36.891+0000] {processor.py:161} INFO - Started process (PID=430) to work on /home/airflow/.local/lib/python3.12/site-packages/airflow/example_dags/example_xcomargs.py
[2025-09-04T12:04:36.892+0000] {processor.py:830} INFO - Processing file /home/airflow/.local/lib/python3.12/site-packages/airflow/example_dags/example_xcomargs.py for tasks to queue
[2025-09-04T12:04:36.894+0000] {logging_mixin.py:188} INFO - [2025-09-04T12:04:36.894+0000] {dagbag.py:545} INFO - Filling up the DagBag from /home/airflow/.local/lib/python3.12/site-packages/airflow/example_dags/example_xcomargs.py
[2025-09-04T12:04:36.903+0000] {processor.py:840} INFO - DAG(s) 'example_xcom_args', 'example_xcom_args_with_operators' retrieved from /home/airflow/.local/lib/python3.12/site-packages/airflow/example_dags/example_xcomargs.py
[2025-09-04T12:04:36.924+0000] {logging_mixin.py:188} INFO - [2025-09-04T12:04:36.924+0000] {dag.py:3096} INFO - Sync 2 DAGs
[2025-09-04T12:04:36.936+0000] {logging_mixin.py:188} INFO - [2025-09-04T12:04:36.935+0000] {dag.py:3954} INFO - Setting next_dagrun for example_xcom_args to None, run_after=None
[2025-09-04T12:04:36.939+0000] {logging_mixin.py:188} INFO - [2025-09-04T12:04:36.939+0000] {dag.py:3954} INFO - Setting next_dagrun for example_xcom_args_with_operators to None, run_after=None
[2025-09-04T12:04:36.955+0000] {processor.py:183} INFO - Processing /home/airflow/.local/lib/python3.12/site-packages/airflow/example_dags/example_xcomargs.py took 0.071 seconds
[2025-09-04T12:05:07.353+0000] {processor.py:161} INFO - Started process (PID=488) to work on /home/airflow/.local/lib/python3.12/site-packages/airflow/example_dags/example_xcomargs.py
[2025-09-04T12:05:07.354+0000] {processor.py:830} INFO - Processing file /home/airflow/.local/lib/python3.12/site-packages/airflow/example_dags/example_xcomargs.py for tasks to queue
[2025-09-04T12:05:07.357+0000] {logging_mixin.py:188} INFO - [2025-09-04T12:05:07.356+0000] {dagbag.py:545} INFO - Filling up the DagBag from /home/airflow/.local/lib/python3.12/site-packages/airflow/example_dags/example_xcomargs.py
[2025-09-04T12:05:07.365+0000] {processor.py:840} INFO - DAG(s) 'example_xcom_args', 'example_xcom_args_with_operators' retrieved from /home/airflow/.local/lib/python3.12/site-packages/airflow/example_dags/example_xcomargs.py
[2025-09-04T12:05:07.391+0000] {logging_mixin.py:188} INFO - [2025-09-04T12:05:07.391+0000] {dag.py:3096} INFO - Sync 2 DAGs
[2025-09-04T12:05:07.406+0000] {logging_mixin.py:188} INFO - [2025-09-04T12:05:07.406+0000] {dag.py:3954} INFO - Setting next_dagrun for example_xcom_args to None, run_after=None
[2025-09-04T12:05:07.410+0000] {logging_mixin.py:188} INFO - [2025-09-04T12:05:07.410+0000] {dag.py:3954} INFO - Setting next_dagrun for example_xcom_args_with_operators to None, run_after=None
[2025-09-04T12:05:07.431+0000] {processor.py:183} INFO - Processing /home/airflow/.local/lib/python3.12/site-packages/airflow/example_dags/example_xcomargs.py took 0.084 seconds
[2025-09-04T12:05:37.621+0000] {processor.py:161} INFO - Started process (PID=546) to work on /home/airflow/.local/lib/python3.12/site-packages/airflow/example_dags/example_xcomargs.py
[2025-09-04T12:05:37.623+0000] {processor.py:830} INFO - Processing file /home/airflow/.local/lib/python3.12/site-packages/airflow/example_dags/example_xcomargs.py for tasks to queue
[2025-09-04T12:05:37.626+0000] {logging_mixin.py:188} INFO - [2025-09-04T12:05:37.625+0000] {dagbag.py:545} INFO - Filling up the DagBag from /home/airflow/.local/lib/python3.12/site-packages/airflow/example_dags/example_xcomargs.py
[2025-09-04T12:05:37.640+0000] {processor.py:840} INFO - DAG(s) 'example_xcom_args', 'example_xcom_args_with_operators' retrieved from /home/airflow/.local/lib/python3.12/site-packages/airflow/example_dags/example_xcomargs.py
[2025-09-04T12:05:37.675+0000] {logging_mixin.py:188} INFO - [2025-09-04T12:05:37.674+0000] {dag.py:3096} INFO - Sync 2 DAGs
[2025-09-04T12:05:37.690+0000] {logging_mixin.py:188} INFO - [2025-09-04T12:05:37.689+0000] {dag.py:3954} INFO - Setting next_dagrun for example_xcom_args to None, run_after=None
[2025-09-04T12:05:37.695+0000] {logging_mixin.py:188} INFO - [2025-09-04T12:05:37.694+0000] {dag.py:3954} INFO - Setting next_dagrun for example_xcom_args_with_operators to None, run_after=None
[2025-09-04T12:05:37.718+0000] {processor.py:183} INFO - Processing /home/airflow/.local/lib/python3.12/site-packages/airflow/example_dags/example_xcomargs.py took 0.104 seconds
[2025-09-04T12:06:36.051+0000] {processor.py:161} INFO - Started process (PID=82) to work on /home/airflow/.local/lib/python3.12/site-packages/airflow/example_dags/example_xcomargs.py
[2025-09-04T12:06:36.052+0000] {processor.py:830} INFO - Processing file /home/airflow/.local/lib/python3.12/site-packages/airflow/example_dags/example_xcomargs.py for tasks to queue
[2025-09-04T12:06:36.054+0000] {logging_mixin.py:188} INFO - [2025-09-04T12:06:36.053+0000] {dagbag.py:545} INFO - Filling up the DagBag from /home/airflow/.local/lib/python3.12/site-packages/airflow/example_dags/example_xcomargs.py
[2025-09-04T12:06:36.062+0000] {processor.py:840} INFO - DAG(s) 'example_xcom_args_with_operators', 'example_xcom_args' retrieved from /home/airflow/.local/lib/python3.12/site-packages/airflow/example_dags/example_xcomargs.py
[2025-09-04T12:06:36.073+0000] {logging_mixin.py:188} INFO - [2025-09-04T12:06:36.072+0000] {dag.py:3096} INFO - Sync 2 DAGs
[2025-09-04T12:06:36.084+0000] {logging_mixin.py:188} INFO - [2025-09-04T12:06:36.084+0000] {dag.py:3954} INFO - Setting next_dagrun for example_xcom_args to None, run_after=None
[2025-09-04T12:06:36.087+0000] {logging_mixin.py:188} INFO - [2025-09-04T12:06:36.087+0000] {dag.py:3954} INFO - Setting next_dagrun for example_xcom_args_with_operators to None, run_after=None
[2025-09-04T12:06:36.101+0000] {processor.py:183} INFO - Processing /home/airflow/.local/lib/python3.12/site-packages/airflow/example_dags/example_xcomargs.py took 0.055 seconds
[2025-09-04T12:07:08.157+0000] {processor.py:161} INFO - Started process (PID=140) to work on /home/airflow/.local/lib/python3.12/site-packages/airflow/example_dags/example_xcomargs.py
[2025-09-04T12:07:08.160+0000] {processor.py:830} INFO - Processing file /home/airflow/.local/lib/python3.12/site-packages/airflow/example_dags/example_xcomargs.py for tasks to queue
[2025-09-04T12:07:08.163+0000] {logging_mixin.py:188} INFO - [2025-09-04T12:07:08.162+0000] {dagbag.py:545} INFO - Filling up the DagBag from /home/airflow/.local/lib/python3.12/site-packages/airflow/example_dags/example_xcomargs.py
[2025-09-04T12:07:08.172+0000] {processor.py:840} INFO - DAG(s) 'example_xcom_args_with_operators', 'example_xcom_args' retrieved from /home/airflow/.local/lib/python3.12/site-packages/airflow/example_dags/example_xcomargs.py
[2025-09-04T12:07:08.352+0000] {logging_mixin.py:188} INFO - [2025-09-04T12:07:08.352+0000] {dag.py:3096} INFO - Sync 2 DAGs
[2025-09-04T12:07:08.363+0000] {logging_mixin.py:188} INFO - [2025-09-04T12:07:08.362+0000] {dag.py:3954} INFO - Setting next_dagrun for example_xcom_args to None, run_after=None
[2025-09-04T12:07:08.367+0000] {logging_mixin.py:188} INFO - [2025-09-04T12:07:08.367+0000] {dag.py:3954} INFO - Setting next_dagrun for example_xcom_args_with_operators to None, run_after=None
[2025-09-04T12:07:08.385+0000] {processor.py:183} INFO - Processing /home/airflow/.local/lib/python3.12/site-packages/airflow/example_dags/example_xcomargs.py took 0.233 seconds
[2025-09-04T12:07:39.192+0000] {processor.py:161} INFO - Started process (PID=204) to work on /home/airflow/.local/lib/python3.12/site-packages/airflow/example_dags/example_xcomargs.py
[2025-09-04T12:07:39.193+0000] {processor.py:830} INFO - Processing file /home/airflow/.local/lib/python3.12/site-packages/airflow/example_dags/example_xcomargs.py for tasks to queue
[2025-09-04T12:07:39.195+0000] {logging_mixin.py:188} INFO - [2025-09-04T12:07:39.195+0000] {dagbag.py:545} INFO - Filling up the DagBag from /home/airflow/.local/lib/python3.12/site-packages/airflow/example_dags/example_xcomargs.py
[2025-09-04T12:07:39.208+0000] {processor.py:840} INFO - DAG(s) 'example_xcom_args_with_operators', 'example_xcom_args' retrieved from /home/airflow/.local/lib/python3.12/site-packages/airflow/example_dags/example_xcomargs.py
[2025-09-04T12:07:39.243+0000] {logging_mixin.py:188} INFO - [2025-09-04T12:07:39.242+0000] {dag.py:3096} INFO - Sync 2 DAGs
[2025-09-04T12:07:39.259+0000] {logging_mixin.py:188} INFO - [2025-09-04T12:07:39.259+0000] {dag.py:3954} INFO - Setting next_dagrun for example_xcom_args to None, run_after=None
[2025-09-04T12:07:39.276+0000] {logging_mixin.py:188} INFO - [2025-09-04T12:07:39.275+0000] {dag.py:3954} INFO - Setting next_dagrun for example_xcom_args_with_operators to None, run_after=None
[2025-09-04T12:07:39.343+0000] {processor.py:183} INFO - Processing /home/airflow/.local/lib/python3.12/site-packages/airflow/example_dags/example_xcomargs.py took 0.159 seconds
[2025-09-04T12:08:09.604+0000] {processor.py:161} INFO - Started process (PID=262) to work on /home/airflow/.local/lib/python3.12/site-packages/airflow/example_dags/example_xcomargs.py
[2025-09-04T12:08:09.605+0000] {processor.py:830} INFO - Processing file /home/airflow/.local/lib/python3.12/site-packages/airflow/example_dags/example_xcomargs.py for tasks to queue
[2025-09-04T12:08:09.607+0000] {logging_mixin.py:188} INFO - [2025-09-04T12:08:09.607+0000] {dagbag.py:545} INFO - Filling up the DagBag from /home/airflow/.local/lib/python3.12/site-packages/airflow/example_dags/example_xcomargs.py
[2025-09-04T12:08:09.614+0000] {processor.py:840} INFO - DAG(s) 'example_xcom_args', 'example_xcom_args_with_operators' retrieved from /home/airflow/.local/lib/python3.12/site-packages/airflow/example_dags/example_xcomargs.py
[2025-09-04T12:08:09.633+0000] {logging_mixin.py:188} INFO - [2025-09-04T12:08:09.633+0000] {dag.py:3096} INFO - Sync 2 DAGs
[2025-09-04T12:08:09.644+0000] {logging_mixin.py:188} INFO - [2025-09-04T12:08:09.643+0000] {dag.py:3954} INFO - Setting next_dagrun for example_xcom_args to None, run_after=None
[2025-09-04T12:08:09.648+0000] {logging_mixin.py:188} INFO - [2025-09-04T12:08:09.648+0000] {dag.py:3954} INFO - Setting next_dagrun for example_xcom_args_with_operators to None, run_after=None
[2025-09-04T12:08:09.667+0000] {processor.py:183} INFO - Processing /home/airflow/.local/lib/python3.12/site-packages/airflow/example_dags/example_xcomargs.py took 0.069 seconds
[2025-09-04T12:08:40.963+0000] {processor.py:161} INFO - Started process (PID=320) to work on /home/airflow/.local/lib/python3.12/site-packages/airflow/example_dags/example_xcomargs.py
[2025-09-04T12:08:40.964+0000] {processor.py:830} INFO - Processing file /home/airflow/.local/lib/python3.12/site-packages/airflow/example_dags/example_xcomargs.py for tasks to queue
[2025-09-04T12:08:40.967+0000] {logging_mixin.py:188} INFO - [2025-09-04T12:08:40.966+0000] {dagbag.py:545} INFO - Filling up the DagBag from /home/airflow/.local/lib/python3.12/site-packages/airflow/example_dags/example_xcomargs.py
[2025-09-04T12:08:40.974+0000] {processor.py:840} INFO - DAG(s) 'example_xcom_args', 'example_xcom_args_with_operators' retrieved from /home/airflow/.local/lib/python3.12/site-packages/airflow/example_dags/example_xcomargs.py
[2025-09-04T12:08:40.995+0000] {logging_mixin.py:188} INFO - [2025-09-04T12:08:40.995+0000] {dag.py:3096} INFO - Sync 2 DAGs
[2025-09-04T12:08:41.006+0000] {logging_mixin.py:188} INFO - [2025-09-04T12:08:41.006+0000] {dag.py:3954} INFO - Setting next_dagrun for example_xcom_args to None, run_after=None
[2025-09-04T12:08:41.010+0000] {logging_mixin.py:188} INFO - [2025-09-04T12:08:41.010+0000] {dag.py:3954} INFO - Setting next_dagrun for example_xcom_args_with_operators to None, run_after=None
[2025-09-04T12:08:41.024+0000] {processor.py:183} INFO - Processing /home/airflow/.local/lib/python3.12/site-packages/airflow/example_dags/example_xcomargs.py took 0.067 seconds
