[2025-09-04T11:50:00.586+0000] {processor.py:161} INFO - Started process (PID=56) to work on /home/airflow/.local/lib/python3.12/site-packages/airflow/example_dags/example_complex.py
[2025-09-04T11:50:00.590+0000] {processor.py:830} INFO - Processing file /home/airflow/.local/lib/python3.12/site-packages/airflow/example_dags/example_complex.py for tasks to queue
[2025-09-04T11:50:00.597+0000] {logging_mixin.py:188} INFO - [2025-09-04T11:50:00.596+0000] {dagbag.py:545} INFO - Filling up the DagBag from /home/airflow/.local/lib/python3.12/site-packages/airflow/example_dags/example_complex.py
[2025-09-04T11:50:00.627+0000] {processor.py:840} INFO - DAG(s) 'example_complex' retrieved from /home/airflow/.local/lib/python3.12/site-packages/airflow/example_dags/example_complex.py
[2025-09-04T11:50:00.786+0000] {logging_mixin.py:188} INFO - [2025-09-04T11:50:00.786+0000] {override.py:1829} INFO - Created Permission View: can edit on DAG:example_complex
[2025-09-04T11:50:00.799+0000] {logging_mixin.py:188} INFO - [2025-09-04T11:50:00.798+0000] {override.py:1829} INFO - Created Permission View: can read on DAG:example_complex
[2025-09-04T11:50:00.807+0000] {logging_mixin.py:188} INFO - [2025-09-04T11:50:00.806+0000] {override.py:1829} INFO - Created Permission View: can delete on DAG:example_complex
[2025-09-04T11:50:00.808+0000] {logging_mixin.py:188} INFO - [2025-09-04T11:50:00.808+0000] {dag.py:3096} INFO - Sync 1 DAGs
[2025-09-04T11:50:00.828+0000] {logging_mixin.py:188} INFO - [2025-09-04T11:50:00.827+0000] {dag.py:3118} INFO - Creating ORM DAG for example_complex
[2025-09-04T11:50:00.830+0000] {logging_mixin.py:188} INFO - [2025-09-04T11:50:00.829+0000] {dag.py:3954} INFO - Setting next_dagrun for example_complex to None, run_after=None
[2025-09-04T11:50:00.870+0000] {processor.py:183} INFO - Processing /home/airflow/.local/lib/python3.12/site-packages/airflow/example_dags/example_complex.py took 0.303 seconds
[2025-09-04T11:50:31.400+0000] {processor.py:161} INFO - Started process (PID=114) to work on /home/airflow/.local/lib/python3.12/site-packages/airflow/example_dags/example_complex.py
[2025-09-04T11:50:31.402+0000] {processor.py:830} INFO - Processing file /home/airflow/.local/lib/python3.12/site-packages/airflow/example_dags/example_complex.py for tasks to queue
[2025-09-04T11:50:31.405+0000] {logging_mixin.py:188} INFO - [2025-09-04T11:50:31.404+0000] {dagbag.py:545} INFO - Filling up the DagBag from /home/airflow/.local/lib/python3.12/site-packages/airflow/example_dags/example_complex.py
[2025-09-04T11:50:31.417+0000] {processor.py:840} INFO - DAG(s) 'example_complex' retrieved from /home/airflow/.local/lib/python3.12/site-packages/airflow/example_dags/example_complex.py
[2025-09-04T11:50:31.451+0000] {logging_mixin.py:188} INFO - [2025-09-04T11:50:31.451+0000] {dag.py:3096} INFO - Sync 1 DAGs
[2025-09-04T11:50:31.467+0000] {logging_mixin.py:188} INFO - [2025-09-04T11:50:31.467+0000] {dag.py:3954} INFO - Setting next_dagrun for example_complex to None, run_after=None
[2025-09-04T11:50:31.507+0000] {processor.py:183} INFO - Processing /home/airflow/.local/lib/python3.12/site-packages/airflow/example_dags/example_complex.py took 0.114 seconds
[2025-09-04T11:51:01.912+0000] {processor.py:161} INFO - Started process (PID=172) to work on /home/airflow/.local/lib/python3.12/site-packages/airflow/example_dags/example_complex.py
[2025-09-04T11:51:01.914+0000] {processor.py:830} INFO - Processing file /home/airflow/.local/lib/python3.12/site-packages/airflow/example_dags/example_complex.py for tasks to queue
[2025-09-04T11:51:01.918+0000] {logging_mixin.py:188} INFO - [2025-09-04T11:51:01.917+0000] {dagbag.py:545} INFO - Filling up the DagBag from /home/airflow/.local/lib/python3.12/site-packages/airflow/example_dags/example_complex.py
[2025-09-04T11:51:01.930+0000] {processor.py:840} INFO - DAG(s) 'example_complex' retrieved from /home/airflow/.local/lib/python3.12/site-packages/airflow/example_dags/example_complex.py
[2025-09-04T11:51:01.955+0000] {logging_mixin.py:188} INFO - [2025-09-04T11:51:01.955+0000] {dag.py:3096} INFO - Sync 1 DAGs
[2025-09-04T11:51:01.966+0000] {logging_mixin.py:188} INFO - [2025-09-04T11:51:01.966+0000] {dag.py:3954} INFO - Setting next_dagrun for example_complex to None, run_after=None
[2025-09-04T11:51:01.984+0000] {processor.py:183} INFO - Processing /home/airflow/.local/lib/python3.12/site-packages/airflow/example_dags/example_complex.py took 0.083 seconds
[2025-09-04T11:51:32.134+0000] {processor.py:161} INFO - Started process (PID=229) to work on /home/airflow/.local/lib/python3.12/site-packages/airflow/example_dags/example_complex.py
[2025-09-04T11:51:32.136+0000] {processor.py:830} INFO - Processing file /home/airflow/.local/lib/python3.12/site-packages/airflow/example_dags/example_complex.py for tasks to queue
[2025-09-04T11:51:32.138+0000] {logging_mixin.py:188} INFO - [2025-09-04T11:51:32.138+0000] {dagbag.py:545} INFO - Filling up the DagBag from /home/airflow/.local/lib/python3.12/site-packages/airflow/example_dags/example_complex.py
[2025-09-04T11:51:32.147+0000] {processor.py:840} INFO - DAG(s) 'example_complex' retrieved from /home/airflow/.local/lib/python3.12/site-packages/airflow/example_dags/example_complex.py
[2025-09-04T11:51:32.171+0000] {logging_mixin.py:188} INFO - [2025-09-04T11:51:32.171+0000] {dag.py:3096} INFO - Sync 1 DAGs
[2025-09-04T11:51:32.182+0000] {logging_mixin.py:188} INFO - [2025-09-04T11:51:32.182+0000] {dag.py:3954} INFO - Setting next_dagrun for example_complex to None, run_after=None
[2025-09-04T11:51:32.198+0000] {processor.py:183} INFO - Processing /home/airflow/.local/lib/python3.12/site-packages/airflow/example_dags/example_complex.py took 0.069 seconds
[2025-09-04T11:52:02.837+0000] {processor.py:161} INFO - Started process (PID=287) to work on /home/airflow/.local/lib/python3.12/site-packages/airflow/example_dags/example_complex.py
[2025-09-04T11:52:02.839+0000] {processor.py:830} INFO - Processing file /home/airflow/.local/lib/python3.12/site-packages/airflow/example_dags/example_complex.py for tasks to queue
[2025-09-04T11:52:02.842+0000] {logging_mixin.py:188} INFO - [2025-09-04T11:52:02.842+0000] {dagbag.py:545} INFO - Filling up the DagBag from /home/airflow/.local/lib/python3.12/site-packages/airflow/example_dags/example_complex.py
[2025-09-04T11:52:02.851+0000] {processor.py:840} INFO - DAG(s) 'example_complex' retrieved from /home/airflow/.local/lib/python3.12/site-packages/airflow/example_dags/example_complex.py
[2025-09-04T11:52:02.880+0000] {logging_mixin.py:188} INFO - [2025-09-04T11:52:02.880+0000] {dag.py:3096} INFO - Sync 1 DAGs
[2025-09-04T11:52:02.892+0000] {logging_mixin.py:188} INFO - [2025-09-04T11:52:02.892+0000] {dag.py:3954} INFO - Setting next_dagrun for example_complex to None, run_after=None
[2025-09-04T11:52:02.909+0000] {processor.py:183} INFO - Processing /home/airflow/.local/lib/python3.12/site-packages/airflow/example_dags/example_complex.py took 0.083 seconds
[2025-09-04T11:52:33.271+0000] {processor.py:161} INFO - Started process (PID=345) to work on /home/airflow/.local/lib/python3.12/site-packages/airflow/example_dags/example_complex.py
[2025-09-04T11:52:33.272+0000] {processor.py:830} INFO - Processing file /home/airflow/.local/lib/python3.12/site-packages/airflow/example_dags/example_complex.py for tasks to queue
[2025-09-04T11:52:33.275+0000] {logging_mixin.py:188} INFO - [2025-09-04T11:52:33.274+0000] {dagbag.py:545} INFO - Filling up the DagBag from /home/airflow/.local/lib/python3.12/site-packages/airflow/example_dags/example_complex.py
[2025-09-04T11:52:33.283+0000] {processor.py:840} INFO - DAG(s) 'example_complex' retrieved from /home/airflow/.local/lib/python3.12/site-packages/airflow/example_dags/example_complex.py
[2025-09-04T11:52:33.310+0000] {logging_mixin.py:188} INFO - [2025-09-04T11:52:33.310+0000] {dag.py:3096} INFO - Sync 1 DAGs
[2025-09-04T11:52:33.322+0000] {logging_mixin.py:188} INFO - [2025-09-04T11:52:33.322+0000] {dag.py:3954} INFO - Setting next_dagrun for example_complex to None, run_after=None
[2025-09-04T11:52:33.340+0000] {processor.py:183} INFO - Processing /home/airflow/.local/lib/python3.12/site-packages/airflow/example_dags/example_complex.py took 0.075 seconds
[2025-09-04T11:53:03.650+0000] {processor.py:161} INFO - Started process (PID=403) to work on /home/airflow/.local/lib/python3.12/site-packages/airflow/example_dags/example_complex.py
[2025-09-04T11:53:03.651+0000] {processor.py:830} INFO - Processing file /home/airflow/.local/lib/python3.12/site-packages/airflow/example_dags/example_complex.py for tasks to queue
[2025-09-04T11:53:03.653+0000] {logging_mixin.py:188} INFO - [2025-09-04T11:53:03.653+0000] {dagbag.py:545} INFO - Filling up the DagBag from /home/airflow/.local/lib/python3.12/site-packages/airflow/example_dags/example_complex.py
[2025-09-04T11:53:03.662+0000] {processor.py:840} INFO - DAG(s) 'example_complex' retrieved from /home/airflow/.local/lib/python3.12/site-packages/airflow/example_dags/example_complex.py
[2025-09-04T11:53:03.686+0000] {logging_mixin.py:188} INFO - [2025-09-04T11:53:03.686+0000] {dag.py:3096} INFO - Sync 1 DAGs
[2025-09-04T11:53:03.696+0000] {logging_mixin.py:188} INFO - [2025-09-04T11:53:03.696+0000] {dag.py:3954} INFO - Setting next_dagrun for example_complex to None, run_after=None
[2025-09-04T11:53:03.711+0000] {processor.py:183} INFO - Processing /home/airflow/.local/lib/python3.12/site-packages/airflow/example_dags/example_complex.py took 0.069 seconds
[2025-09-04T11:53:33.987+0000] {processor.py:161} INFO - Started process (PID=461) to work on /home/airflow/.local/lib/python3.12/site-packages/airflow/example_dags/example_complex.py
[2025-09-04T11:53:33.989+0000] {processor.py:830} INFO - Processing file /home/airflow/.local/lib/python3.12/site-packages/airflow/example_dags/example_complex.py for tasks to queue
[2025-09-04T11:53:33.991+0000] {logging_mixin.py:188} INFO - [2025-09-04T11:53:33.990+0000] {dagbag.py:545} INFO - Filling up the DagBag from /home/airflow/.local/lib/python3.12/site-packages/airflow/example_dags/example_complex.py
[2025-09-04T11:53:34.000+0000] {processor.py:840} INFO - DAG(s) 'example_complex' retrieved from /home/airflow/.local/lib/python3.12/site-packages/airflow/example_dags/example_complex.py
[2025-09-04T11:53:34.025+0000] {logging_mixin.py:188} INFO - [2025-09-04T11:53:34.024+0000] {dag.py:3096} INFO - Sync 1 DAGs
[2025-09-04T11:53:34.036+0000] {logging_mixin.py:188} INFO - [2025-09-04T11:53:34.035+0000] {dag.py:3954} INFO - Setting next_dagrun for example_complex to None, run_after=None
[2025-09-04T11:53:34.054+0000] {processor.py:183} INFO - Processing /home/airflow/.local/lib/python3.12/site-packages/airflow/example_dags/example_complex.py took 0.072 seconds
[2025-09-04T11:54:04.752+0000] {processor.py:161} INFO - Started process (PID=525) to work on /home/airflow/.local/lib/python3.12/site-packages/airflow/example_dags/example_complex.py
[2025-09-04T11:54:04.753+0000] {processor.py:830} INFO - Processing file /home/airflow/.local/lib/python3.12/site-packages/airflow/example_dags/example_complex.py for tasks to queue
[2025-09-04T11:54:04.756+0000] {logging_mixin.py:188} INFO - [2025-09-04T11:54:04.755+0000] {dagbag.py:545} INFO - Filling up the DagBag from /home/airflow/.local/lib/python3.12/site-packages/airflow/example_dags/example_complex.py
[2025-09-04T11:54:04.765+0000] {processor.py:840} INFO - DAG(s) 'example_complex' retrieved from /home/airflow/.local/lib/python3.12/site-packages/airflow/example_dags/example_complex.py
[2025-09-04T11:54:04.806+0000] {logging_mixin.py:188} INFO - [2025-09-04T11:54:04.805+0000] {dag.py:3096} INFO - Sync 1 DAGs
[2025-09-04T11:54:04.819+0000] {logging_mixin.py:188} INFO - [2025-09-04T11:54:04.819+0000] {dag.py:3954} INFO - Setting next_dagrun for example_complex to None, run_after=None
[2025-09-04T11:54:04.841+0000] {processor.py:183} INFO - Processing /home/airflow/.local/lib/python3.12/site-packages/airflow/example_dags/example_complex.py took 0.096 seconds
[2025-09-04T11:54:35.081+0000] {processor.py:161} INFO - Started process (PID=583) to work on /home/airflow/.local/lib/python3.12/site-packages/airflow/example_dags/example_complex.py
[2025-09-04T11:54:35.082+0000] {processor.py:830} INFO - Processing file /home/airflow/.local/lib/python3.12/site-packages/airflow/example_dags/example_complex.py for tasks to queue
[2025-09-04T11:54:35.086+0000] {logging_mixin.py:188} INFO - [2025-09-04T11:54:35.085+0000] {dagbag.py:545} INFO - Filling up the DagBag from /home/airflow/.local/lib/python3.12/site-packages/airflow/example_dags/example_complex.py
[2025-09-04T11:54:35.097+0000] {processor.py:840} INFO - DAG(s) 'example_complex' retrieved from /home/airflow/.local/lib/python3.12/site-packages/airflow/example_dags/example_complex.py
[2025-09-04T11:54:35.135+0000] {logging_mixin.py:188} INFO - [2025-09-04T11:54:35.135+0000] {dag.py:3096} INFO - Sync 1 DAGs
[2025-09-04T11:54:35.165+0000] {logging_mixin.py:188} INFO - [2025-09-04T11:54:35.165+0000] {dag.py:3954} INFO - Setting next_dagrun for example_complex to None, run_after=None
[2025-09-04T11:54:35.191+0000] {processor.py:183} INFO - Processing /home/airflow/.local/lib/python3.12/site-packages/airflow/example_dags/example_complex.py took 0.119 seconds
[2025-09-04T11:55:05.428+0000] {processor.py:161} INFO - Started process (PID=641) to work on /home/airflow/.local/lib/python3.12/site-packages/airflow/example_dags/example_complex.py
[2025-09-04T11:55:05.429+0000] {processor.py:830} INFO - Processing file /home/airflow/.local/lib/python3.12/site-packages/airflow/example_dags/example_complex.py for tasks to queue
[2025-09-04T11:55:05.431+0000] {logging_mixin.py:188} INFO - [2025-09-04T11:55:05.431+0000] {dagbag.py:545} INFO - Filling up the DagBag from /home/airflow/.local/lib/python3.12/site-packages/airflow/example_dags/example_complex.py
[2025-09-04T11:55:05.441+0000] {processor.py:840} INFO - DAG(s) 'example_complex' retrieved from /home/airflow/.local/lib/python3.12/site-packages/airflow/example_dags/example_complex.py
[2025-09-04T11:55:05.467+0000] {logging_mixin.py:188} INFO - [2025-09-04T11:55:05.466+0000] {dag.py:3096} INFO - Sync 1 DAGs
[2025-09-04T11:55:05.478+0000] {logging_mixin.py:188} INFO - [2025-09-04T11:55:05.478+0000] {dag.py:3954} INFO - Setting next_dagrun for example_complex to None, run_after=None
[2025-09-04T11:55:05.496+0000] {processor.py:183} INFO - Processing /home/airflow/.local/lib/python3.12/site-packages/airflow/example_dags/example_complex.py took 0.074 seconds
[2025-09-04T11:55:35.902+0000] {processor.py:161} INFO - Started process (PID=699) to work on /home/airflow/.local/lib/python3.12/site-packages/airflow/example_dags/example_complex.py
[2025-09-04T11:55:35.904+0000] {processor.py:830} INFO - Processing file /home/airflow/.local/lib/python3.12/site-packages/airflow/example_dags/example_complex.py for tasks to queue
[2025-09-04T11:55:35.908+0000] {logging_mixin.py:188} INFO - [2025-09-04T11:55:35.907+0000] {dagbag.py:545} INFO - Filling up the DagBag from /home/airflow/.local/lib/python3.12/site-packages/airflow/example_dags/example_complex.py
[2025-09-04T11:55:35.923+0000] {processor.py:840} INFO - DAG(s) 'example_complex' retrieved from /home/airflow/.local/lib/python3.12/site-packages/airflow/example_dags/example_complex.py
[2025-09-04T11:55:35.970+0000] {logging_mixin.py:188} INFO - [2025-09-04T11:55:35.970+0000] {dag.py:3096} INFO - Sync 1 DAGs
[2025-09-04T11:55:35.983+0000] {logging_mixin.py:188} INFO - [2025-09-04T11:55:35.983+0000] {dag.py:3954} INFO - Setting next_dagrun for example_complex to None, run_after=None
[2025-09-04T11:55:36.004+0000] {processor.py:183} INFO - Processing /home/airflow/.local/lib/python3.12/site-packages/airflow/example_dags/example_complex.py took 0.114 seconds
[2025-09-04T11:56:06.428+0000] {processor.py:161} INFO - Started process (PID=757) to work on /home/airflow/.local/lib/python3.12/site-packages/airflow/example_dags/example_complex.py
[2025-09-04T11:56:06.429+0000] {processor.py:830} INFO - Processing file /home/airflow/.local/lib/python3.12/site-packages/airflow/example_dags/example_complex.py for tasks to queue
[2025-09-04T11:56:06.431+0000] {logging_mixin.py:188} INFO - [2025-09-04T11:56:06.431+0000] {dagbag.py:545} INFO - Filling up the DagBag from /home/airflow/.local/lib/python3.12/site-packages/airflow/example_dags/example_complex.py
[2025-09-04T11:56:06.442+0000] {processor.py:840} INFO - DAG(s) 'example_complex' retrieved from /home/airflow/.local/lib/python3.12/site-packages/airflow/example_dags/example_complex.py
[2025-09-04T11:56:06.482+0000] {logging_mixin.py:188} INFO - [2025-09-04T11:56:06.482+0000] {dag.py:3096} INFO - Sync 1 DAGs
[2025-09-04T11:56:06.501+0000] {logging_mixin.py:188} INFO - [2025-09-04T11:56:06.501+0000] {dag.py:3954} INFO - Setting next_dagrun for example_complex to None, run_after=None
[2025-09-04T11:56:06.528+0000] {processor.py:183} INFO - Processing /home/airflow/.local/lib/python3.12/site-packages/airflow/example_dags/example_complex.py took 0.106 seconds
[2025-09-04T11:56:36.787+0000] {processor.py:161} INFO - Started process (PID=815) to work on /home/airflow/.local/lib/python3.12/site-packages/airflow/example_dags/example_complex.py
[2025-09-04T11:56:36.791+0000] {processor.py:830} INFO - Processing file /home/airflow/.local/lib/python3.12/site-packages/airflow/example_dags/example_complex.py for tasks to queue
[2025-09-04T11:56:36.795+0000] {logging_mixin.py:188} INFO - [2025-09-04T11:56:36.794+0000] {dagbag.py:545} INFO - Filling up the DagBag from /home/airflow/.local/lib/python3.12/site-packages/airflow/example_dags/example_complex.py
[2025-09-04T11:56:36.806+0000] {processor.py:840} INFO - DAG(s) 'example_complex' retrieved from /home/airflow/.local/lib/python3.12/site-packages/airflow/example_dags/example_complex.py
[2025-09-04T11:56:36.838+0000] {logging_mixin.py:188} INFO - [2025-09-04T11:56:36.837+0000] {dag.py:3096} INFO - Sync 1 DAGs
[2025-09-04T11:56:36.851+0000] {logging_mixin.py:188} INFO - [2025-09-04T11:56:36.851+0000] {dag.py:3954} INFO - Setting next_dagrun for example_complex to None, run_after=None
[2025-09-04T11:56:36.879+0000] {processor.py:183} INFO - Processing /home/airflow/.local/lib/python3.12/site-packages/airflow/example_dags/example_complex.py took 0.101 seconds
[2025-09-04T11:57:06.956+0000] {processor.py:161} INFO - Started process (PID=873) to work on /home/airflow/.local/lib/python3.12/site-packages/airflow/example_dags/example_complex.py
[2025-09-04T11:57:06.957+0000] {processor.py:830} INFO - Processing file /home/airflow/.local/lib/python3.12/site-packages/airflow/example_dags/example_complex.py for tasks to queue
[2025-09-04T11:57:06.960+0000] {logging_mixin.py:188} INFO - [2025-09-04T11:57:06.959+0000] {dagbag.py:545} INFO - Filling up the DagBag from /home/airflow/.local/lib/python3.12/site-packages/airflow/example_dags/example_complex.py
[2025-09-04T11:57:06.969+0000] {processor.py:840} INFO - DAG(s) 'example_complex' retrieved from /home/airflow/.local/lib/python3.12/site-packages/airflow/example_dags/example_complex.py
[2025-09-04T11:57:06.998+0000] {logging_mixin.py:188} INFO - [2025-09-04T11:57:06.998+0000] {dag.py:3096} INFO - Sync 1 DAGs
[2025-09-04T11:57:07.011+0000] {logging_mixin.py:188} INFO - [2025-09-04T11:57:07.011+0000] {dag.py:3954} INFO - Setting next_dagrun for example_complex to None, run_after=None
[2025-09-04T11:57:07.040+0000] {processor.py:183} INFO - Processing /home/airflow/.local/lib/python3.12/site-packages/airflow/example_dags/example_complex.py took 0.092 seconds
[2025-09-04T11:57:37.259+0000] {processor.py:161} INFO - Started process (PID=931) to work on /home/airflow/.local/lib/python3.12/site-packages/airflow/example_dags/example_complex.py
[2025-09-04T11:57:37.260+0000] {processor.py:830} INFO - Processing file /home/airflow/.local/lib/python3.12/site-packages/airflow/example_dags/example_complex.py for tasks to queue
[2025-09-04T11:57:37.264+0000] {logging_mixin.py:188} INFO - [2025-09-04T11:57:37.264+0000] {dagbag.py:545} INFO - Filling up the DagBag from /home/airflow/.local/lib/python3.12/site-packages/airflow/example_dags/example_complex.py
[2025-09-04T11:57:37.274+0000] {processor.py:840} INFO - DAG(s) 'example_complex' retrieved from /home/airflow/.local/lib/python3.12/site-packages/airflow/example_dags/example_complex.py
[2025-09-04T11:57:37.301+0000] {logging_mixin.py:188} INFO - [2025-09-04T11:57:37.301+0000] {dag.py:3096} INFO - Sync 1 DAGs
[2025-09-04T11:57:37.314+0000] {logging_mixin.py:188} INFO - [2025-09-04T11:57:37.314+0000] {dag.py:3954} INFO - Setting next_dagrun for example_complex to None, run_after=None
[2025-09-04T11:57:37.334+0000] {processor.py:183} INFO - Processing /home/airflow/.local/lib/python3.12/site-packages/airflow/example_dags/example_complex.py took 0.084 seconds
[2025-09-04T11:58:07.909+0000] {processor.py:161} INFO - Started process (PID=990) to work on /home/airflow/.local/lib/python3.12/site-packages/airflow/example_dags/example_complex.py
[2025-09-04T11:58:07.910+0000] {processor.py:830} INFO - Processing file /home/airflow/.local/lib/python3.12/site-packages/airflow/example_dags/example_complex.py for tasks to queue
[2025-09-04T11:58:07.912+0000] {logging_mixin.py:188} INFO - [2025-09-04T11:58:07.912+0000] {dagbag.py:545} INFO - Filling up the DagBag from /home/airflow/.local/lib/python3.12/site-packages/airflow/example_dags/example_complex.py
[2025-09-04T11:58:07.921+0000] {processor.py:840} INFO - DAG(s) 'example_complex' retrieved from /home/airflow/.local/lib/python3.12/site-packages/airflow/example_dags/example_complex.py
[2025-09-04T11:58:07.948+0000] {logging_mixin.py:188} INFO - [2025-09-04T11:58:07.948+0000] {dag.py:3096} INFO - Sync 1 DAGs
[2025-09-04T11:58:07.960+0000] {logging_mixin.py:188} INFO - [2025-09-04T11:58:07.960+0000] {dag.py:3954} INFO - Setting next_dagrun for example_complex to None, run_after=None
[2025-09-04T11:58:07.978+0000] {processor.py:183} INFO - Processing /home/airflow/.local/lib/python3.12/site-packages/airflow/example_dags/example_complex.py took 0.074 seconds
[2025-09-04T11:58:38.205+0000] {processor.py:161} INFO - Started process (PID=1048) to work on /home/airflow/.local/lib/python3.12/site-packages/airflow/example_dags/example_complex.py
[2025-09-04T11:58:38.211+0000] {processor.py:830} INFO - Processing file /home/airflow/.local/lib/python3.12/site-packages/airflow/example_dags/example_complex.py for tasks to queue
[2025-09-04T11:58:38.225+0000] {logging_mixin.py:188} INFO - [2025-09-04T11:58:38.224+0000] {dagbag.py:545} INFO - Filling up the DagBag from /home/airflow/.local/lib/python3.12/site-packages/airflow/example_dags/example_complex.py
[2025-09-04T11:58:38.233+0000] {processor.py:840} INFO - DAG(s) 'example_complex' retrieved from /home/airflow/.local/lib/python3.12/site-packages/airflow/example_dags/example_complex.py
[2025-09-04T11:58:38.255+0000] {logging_mixin.py:188} INFO - [2025-09-04T11:58:38.255+0000] {dag.py:3096} INFO - Sync 1 DAGs
[2025-09-04T11:58:38.265+0000] {logging_mixin.py:188} INFO - [2025-09-04T11:58:38.265+0000] {dag.py:3954} INFO - Setting next_dagrun for example_complex to None, run_after=None
[2025-09-04T11:58:38.280+0000] {processor.py:183} INFO - Processing /home/airflow/.local/lib/python3.12/site-packages/airflow/example_dags/example_complex.py took 0.092 seconds
[2025-09-04T11:59:08.827+0000] {processor.py:161} INFO - Started process (PID=1106) to work on /home/airflow/.local/lib/python3.12/site-packages/airflow/example_dags/example_complex.py
[2025-09-04T11:59:08.831+0000] {processor.py:830} INFO - Processing file /home/airflow/.local/lib/python3.12/site-packages/airflow/example_dags/example_complex.py for tasks to queue
[2025-09-04T11:59:08.837+0000] {logging_mixin.py:188} INFO - [2025-09-04T11:59:08.836+0000] {dagbag.py:545} INFO - Filling up the DagBag from /home/airflow/.local/lib/python3.12/site-packages/airflow/example_dags/example_complex.py
[2025-09-04T11:59:08.857+0000] {processor.py:840} INFO - DAG(s) 'example_complex' retrieved from /home/airflow/.local/lib/python3.12/site-packages/airflow/example_dags/example_complex.py
[2025-09-04T11:59:08.926+0000] {logging_mixin.py:188} INFO - [2025-09-04T11:59:08.925+0000] {dag.py:3096} INFO - Sync 1 DAGs
[2025-09-04T11:59:08.951+0000] {logging_mixin.py:188} INFO - [2025-09-04T11:59:08.950+0000] {dag.py:3954} INFO - Setting next_dagrun for example_complex to None, run_after=None
[2025-09-04T11:59:08.988+0000] {processor.py:183} INFO - Processing /home/airflow/.local/lib/python3.12/site-packages/airflow/example_dags/example_complex.py took 0.182 seconds
[2025-09-04T11:59:39.284+0000] {processor.py:161} INFO - Started process (PID=1164) to work on /home/airflow/.local/lib/python3.12/site-packages/airflow/example_dags/example_complex.py
[2025-09-04T11:59:39.287+0000] {processor.py:830} INFO - Processing file /home/airflow/.local/lib/python3.12/site-packages/airflow/example_dags/example_complex.py for tasks to queue
[2025-09-04T11:59:39.293+0000] {logging_mixin.py:188} INFO - [2025-09-04T11:59:39.292+0000] {dagbag.py:545} INFO - Filling up the DagBag from /home/airflow/.local/lib/python3.12/site-packages/airflow/example_dags/example_complex.py
[2025-09-04T11:59:39.321+0000] {processor.py:840} INFO - DAG(s) 'example_complex' retrieved from /home/airflow/.local/lib/python3.12/site-packages/airflow/example_dags/example_complex.py
[2025-09-04T11:59:39.378+0000] {logging_mixin.py:188} INFO - [2025-09-04T11:59:39.378+0000] {dag.py:3096} INFO - Sync 1 DAGs
[2025-09-04T11:59:39.389+0000] {logging_mixin.py:188} INFO - [2025-09-04T11:59:39.389+0000] {dag.py:3954} INFO - Setting next_dagrun for example_complex to None, run_after=None
[2025-09-04T11:59:39.406+0000] {processor.py:183} INFO - Processing /home/airflow/.local/lib/python3.12/site-packages/airflow/example_dags/example_complex.py took 0.138 seconds
[2025-09-04T12:01:15.181+0000] {processor.py:161} INFO - Started process (PID=56) to work on /home/airflow/.local/lib/python3.12/site-packages/airflow/example_dags/example_complex.py
[2025-09-04T12:01:15.183+0000] {processor.py:830} INFO - Processing file /home/airflow/.local/lib/python3.12/site-packages/airflow/example_dags/example_complex.py for tasks to queue
[2025-09-04T12:01:15.187+0000] {logging_mixin.py:188} INFO - [2025-09-04T12:01:15.187+0000] {dagbag.py:545} INFO - Filling up the DagBag from /home/airflow/.local/lib/python3.12/site-packages/airflow/example_dags/example_complex.py
[2025-09-04T12:01:15.217+0000] {processor.py:840} INFO - DAG(s) 'example_complex' retrieved from /home/airflow/.local/lib/python3.12/site-packages/airflow/example_dags/example_complex.py
[2025-09-04T12:01:15.246+0000] {logging_mixin.py:188} INFO - [2025-09-04T12:01:15.246+0000] {dag.py:3096} INFO - Sync 1 DAGs
[2025-09-04T12:01:15.274+0000] {logging_mixin.py:188} INFO - [2025-09-04T12:01:15.274+0000] {dag.py:3954} INFO - Setting next_dagrun for example_complex to None, run_after=None
[2025-09-04T12:01:15.306+0000] {processor.py:183} INFO - Processing /home/airflow/.local/lib/python3.12/site-packages/airflow/example_dags/example_complex.py took 0.139 seconds
[2025-09-04T12:01:29.195+0000] {processor.py:161} INFO - Started process (PID=50) to work on /home/airflow/.local/lib/python3.12/site-packages/airflow/example_dags/example_complex.py
[2025-09-04T12:01:29.196+0000] {processor.py:830} INFO - Processing file /home/airflow/.local/lib/python3.12/site-packages/airflow/example_dags/example_complex.py for tasks to queue
[2025-09-04T12:01:29.199+0000] {logging_mixin.py:188} INFO - [2025-09-04T12:01:29.198+0000] {dagbag.py:545} INFO - Filling up the DagBag from /home/airflow/.local/lib/python3.12/site-packages/airflow/example_dags/example_complex.py
[2025-09-04T12:01:29.212+0000] {processor.py:840} INFO - DAG(s) 'example_complex' retrieved from /home/airflow/.local/lib/python3.12/site-packages/airflow/example_dags/example_complex.py
[2025-09-04T12:01:29.315+0000] {logging_mixin.py:188} INFO - [2025-09-04T12:01:29.314+0000] {dag.py:3096} INFO - Sync 1 DAGs
[2025-09-04T12:01:29.325+0000] {logging_mixin.py:188} INFO - [2025-09-04T12:01:29.325+0000] {dag.py:3954} INFO - Setting next_dagrun for example_complex to None, run_after=None
[2025-09-04T12:01:29.352+0000] {processor.py:183} INFO - Processing /home/airflow/.local/lib/python3.12/site-packages/airflow/example_dags/example_complex.py took 0.160 seconds
[2025-09-04T12:02:00.158+0000] {processor.py:161} INFO - Started process (PID=108) to work on /home/airflow/.local/lib/python3.12/site-packages/airflow/example_dags/example_complex.py
[2025-09-04T12:02:00.159+0000] {processor.py:830} INFO - Processing file /home/airflow/.local/lib/python3.12/site-packages/airflow/example_dags/example_complex.py for tasks to queue
[2025-09-04T12:02:00.161+0000] {logging_mixin.py:188} INFO - [2025-09-04T12:02:00.161+0000] {dagbag.py:545} INFO - Filling up the DagBag from /home/airflow/.local/lib/python3.12/site-packages/airflow/example_dags/example_complex.py
[2025-09-04T12:02:00.180+0000] {processor.py:840} INFO - DAG(s) 'example_complex' retrieved from /home/airflow/.local/lib/python3.12/site-packages/airflow/example_dags/example_complex.py
[2025-09-04T12:02:00.212+0000] {logging_mixin.py:188} INFO - [2025-09-04T12:02:00.212+0000] {dag.py:3096} INFO - Sync 1 DAGs
[2025-09-04T12:02:00.223+0000] {logging_mixin.py:188} INFO - [2025-09-04T12:02:00.223+0000] {dag.py:3954} INFO - Setting next_dagrun for example_complex to None, run_after=None
[2025-09-04T12:02:00.239+0000] {processor.py:183} INFO - Processing /home/airflow/.local/lib/python3.12/site-packages/airflow/example_dags/example_complex.py took 0.086 seconds
[2025-09-04T12:02:31.033+0000] {processor.py:161} INFO - Started process (PID=166) to work on /home/airflow/.local/lib/python3.12/site-packages/airflow/example_dags/example_complex.py
[2025-09-04T12:02:31.034+0000] {processor.py:830} INFO - Processing file /home/airflow/.local/lib/python3.12/site-packages/airflow/example_dags/example_complex.py for tasks to queue
[2025-09-04T12:02:31.036+0000] {logging_mixin.py:188} INFO - [2025-09-04T12:02:31.036+0000] {dagbag.py:545} INFO - Filling up the DagBag from /home/airflow/.local/lib/python3.12/site-packages/airflow/example_dags/example_complex.py
[2025-09-04T12:02:31.043+0000] {processor.py:840} INFO - DAG(s) 'example_complex' retrieved from /home/airflow/.local/lib/python3.12/site-packages/airflow/example_dags/example_complex.py
[2025-09-04T12:02:31.066+0000] {logging_mixin.py:188} INFO - [2025-09-04T12:02:31.066+0000] {dag.py:3096} INFO - Sync 1 DAGs
[2025-09-04T12:02:31.076+0000] {logging_mixin.py:188} INFO - [2025-09-04T12:02:31.076+0000] {dag.py:3954} INFO - Setting next_dagrun for example_complex to None, run_after=None
[2025-09-04T12:02:31.094+0000] {processor.py:183} INFO - Processing /home/airflow/.local/lib/python3.12/site-packages/airflow/example_dags/example_complex.py took 0.066 seconds
[2025-09-04T12:03:01.403+0000] {processor.py:161} INFO - Started process (PID=224) to work on /home/airflow/.local/lib/python3.12/site-packages/airflow/example_dags/example_complex.py
[2025-09-04T12:03:01.405+0000] {processor.py:830} INFO - Processing file /home/airflow/.local/lib/python3.12/site-packages/airflow/example_dags/example_complex.py for tasks to queue
[2025-09-04T12:03:01.406+0000] {logging_mixin.py:188} INFO - [2025-09-04T12:03:01.406+0000] {dagbag.py:545} INFO - Filling up the DagBag from /home/airflow/.local/lib/python3.12/site-packages/airflow/example_dags/example_complex.py
[2025-09-04T12:03:01.414+0000] {processor.py:840} INFO - DAG(s) 'example_complex' retrieved from /home/airflow/.local/lib/python3.12/site-packages/airflow/example_dags/example_complex.py
[2025-09-04T12:03:01.437+0000] {logging_mixin.py:188} INFO - [2025-09-04T12:03:01.436+0000] {dag.py:3096} INFO - Sync 1 DAGs
[2025-09-04T12:03:01.447+0000] {logging_mixin.py:188} INFO - [2025-09-04T12:03:01.447+0000] {dag.py:3954} INFO - Setting next_dagrun for example_complex to None, run_after=None
[2025-09-04T12:03:01.465+0000] {processor.py:183} INFO - Processing /home/airflow/.local/lib/python3.12/site-packages/airflow/example_dags/example_complex.py took 0.066 seconds
[2025-09-04T12:03:31.652+0000] {processor.py:161} INFO - Started process (PID=282) to work on /home/airflow/.local/lib/python3.12/site-packages/airflow/example_dags/example_complex.py
[2025-09-04T12:03:31.655+0000] {processor.py:830} INFO - Processing file /home/airflow/.local/lib/python3.12/site-packages/airflow/example_dags/example_complex.py for tasks to queue
[2025-09-04T12:03:31.660+0000] {logging_mixin.py:188} INFO - [2025-09-04T12:03:31.659+0000] {dagbag.py:545} INFO - Filling up the DagBag from /home/airflow/.local/lib/python3.12/site-packages/airflow/example_dags/example_complex.py
[2025-09-04T12:03:31.672+0000] {processor.py:840} INFO - DAG(s) 'example_complex' retrieved from /home/airflow/.local/lib/python3.12/site-packages/airflow/example_dags/example_complex.py
[2025-09-04T12:03:31.700+0000] {logging_mixin.py:188} INFO - [2025-09-04T12:03:31.700+0000] {dag.py:3096} INFO - Sync 1 DAGs
[2025-09-04T12:03:31.710+0000] {logging_mixin.py:188} INFO - [2025-09-04T12:03:31.710+0000] {dag.py:3954} INFO - Setting next_dagrun for example_complex to None, run_after=None
[2025-09-04T12:03:31.725+0000] {processor.py:183} INFO - Processing /home/airflow/.local/lib/python3.12/site-packages/airflow/example_dags/example_complex.py took 0.090 seconds
[2025-09-04T12:04:02.134+0000] {processor.py:161} INFO - Started process (PID=340) to work on /home/airflow/.local/lib/python3.12/site-packages/airflow/example_dags/example_complex.py
[2025-09-04T12:04:02.136+0000] {processor.py:830} INFO - Processing file /home/airflow/.local/lib/python3.12/site-packages/airflow/example_dags/example_complex.py for tasks to queue
[2025-09-04T12:04:02.139+0000] {logging_mixin.py:188} INFO - [2025-09-04T12:04:02.139+0000] {dagbag.py:545} INFO - Filling up the DagBag from /home/airflow/.local/lib/python3.12/site-packages/airflow/example_dags/example_complex.py
[2025-09-04T12:04:02.148+0000] {processor.py:840} INFO - DAG(s) 'example_complex' retrieved from /home/airflow/.local/lib/python3.12/site-packages/airflow/example_dags/example_complex.py
[2025-09-04T12:04:02.178+0000] {logging_mixin.py:188} INFO - [2025-09-04T12:04:02.178+0000] {dag.py:3096} INFO - Sync 1 DAGs
[2025-09-04T12:04:02.190+0000] {logging_mixin.py:188} INFO - [2025-09-04T12:04:02.189+0000] {dag.py:3954} INFO - Setting next_dagrun for example_complex to None, run_after=None
[2025-09-04T12:04:02.210+0000] {processor.py:183} INFO - Processing /home/airflow/.local/lib/python3.12/site-packages/airflow/example_dags/example_complex.py took 0.088 seconds
[2025-09-04T12:04:32.441+0000] {processor.py:161} INFO - Started process (PID=398) to work on /home/airflow/.local/lib/python3.12/site-packages/airflow/example_dags/example_complex.py
[2025-09-04T12:04:32.442+0000] {processor.py:830} INFO - Processing file /home/airflow/.local/lib/python3.12/site-packages/airflow/example_dags/example_complex.py for tasks to queue
[2025-09-04T12:04:32.444+0000] {logging_mixin.py:188} INFO - [2025-09-04T12:04:32.444+0000] {dagbag.py:545} INFO - Filling up the DagBag from /home/airflow/.local/lib/python3.12/site-packages/airflow/example_dags/example_complex.py
[2025-09-04T12:04:32.452+0000] {processor.py:840} INFO - DAG(s) 'example_complex' retrieved from /home/airflow/.local/lib/python3.12/site-packages/airflow/example_dags/example_complex.py
[2025-09-04T12:04:32.482+0000] {logging_mixin.py:188} INFO - [2025-09-04T12:04:32.481+0000] {dag.py:3096} INFO - Sync 1 DAGs
[2025-09-04T12:04:32.496+0000] {logging_mixin.py:188} INFO - [2025-09-04T12:04:32.495+0000] {dag.py:3954} INFO - Setting next_dagrun for example_complex to None, run_after=None
[2025-09-04T12:04:32.518+0000] {processor.py:183} INFO - Processing /home/airflow/.local/lib/python3.12/site-packages/airflow/example_dags/example_complex.py took 0.081 seconds
[2025-09-04T12:05:03.090+0000] {processor.py:161} INFO - Started process (PID=456) to work on /home/airflow/.local/lib/python3.12/site-packages/airflow/example_dags/example_complex.py
[2025-09-04T12:05:03.091+0000] {processor.py:830} INFO - Processing file /home/airflow/.local/lib/python3.12/site-packages/airflow/example_dags/example_complex.py for tasks to queue
[2025-09-04T12:05:03.095+0000] {logging_mixin.py:188} INFO - [2025-09-04T12:05:03.094+0000] {dagbag.py:545} INFO - Filling up the DagBag from /home/airflow/.local/lib/python3.12/site-packages/airflow/example_dags/example_complex.py
[2025-09-04T12:05:03.104+0000] {processor.py:840} INFO - DAG(s) 'example_complex' retrieved from /home/airflow/.local/lib/python3.12/site-packages/airflow/example_dags/example_complex.py
[2025-09-04T12:05:03.135+0000] {logging_mixin.py:188} INFO - [2025-09-04T12:05:03.135+0000] {dag.py:3096} INFO - Sync 1 DAGs
[2025-09-04T12:05:03.146+0000] {logging_mixin.py:188} INFO - [2025-09-04T12:05:03.146+0000] {dag.py:3954} INFO - Setting next_dagrun for example_complex to None, run_after=None
[2025-09-04T12:05:03.166+0000] {processor.py:183} INFO - Processing /home/airflow/.local/lib/python3.12/site-packages/airflow/example_dags/example_complex.py took 0.083 seconds
[2025-09-04T12:05:33.461+0000] {processor.py:161} INFO - Started process (PID=520) to work on /home/airflow/.local/lib/python3.12/site-packages/airflow/example_dags/example_complex.py
[2025-09-04T12:05:33.463+0000] {processor.py:830} INFO - Processing file /home/airflow/.local/lib/python3.12/site-packages/airflow/example_dags/example_complex.py for tasks to queue
[2025-09-04T12:05:33.464+0000] {logging_mixin.py:188} INFO - [2025-09-04T12:05:33.464+0000] {dagbag.py:545} INFO - Filling up the DagBag from /home/airflow/.local/lib/python3.12/site-packages/airflow/example_dags/example_complex.py
[2025-09-04T12:05:33.471+0000] {processor.py:840} INFO - DAG(s) 'example_complex' retrieved from /home/airflow/.local/lib/python3.12/site-packages/airflow/example_dags/example_complex.py
[2025-09-04T12:05:33.495+0000] {logging_mixin.py:188} INFO - [2025-09-04T12:05:33.495+0000] {dag.py:3096} INFO - Sync 1 DAGs
[2025-09-04T12:05:33.506+0000] {logging_mixin.py:188} INFO - [2025-09-04T12:05:33.506+0000] {dag.py:3954} INFO - Setting next_dagrun for example_complex to None, run_after=None
[2025-09-04T12:05:33.524+0000] {processor.py:183} INFO - Processing /home/airflow/.local/lib/python3.12/site-packages/airflow/example_dags/example_complex.py took 0.067 seconds
[2025-09-04T12:06:33.932+0000] {processor.py:161} INFO - Started process (PID=56) to work on /home/airflow/.local/lib/python3.12/site-packages/airflow/example_dags/example_complex.py
[2025-09-04T12:06:33.933+0000] {processor.py:830} INFO - Processing file /home/airflow/.local/lib/python3.12/site-packages/airflow/example_dags/example_complex.py for tasks to queue
[2025-09-04T12:06:33.936+0000] {logging_mixin.py:188} INFO - [2025-09-04T12:06:33.935+0000] {dagbag.py:545} INFO - Filling up the DagBag from /home/airflow/.local/lib/python3.12/site-packages/airflow/example_dags/example_complex.py
[2025-09-04T12:06:33.950+0000] {processor.py:840} INFO - DAG(s) 'example_complex' retrieved from /home/airflow/.local/lib/python3.12/site-packages/airflow/example_dags/example_complex.py
[2025-09-04T12:06:33.966+0000] {logging_mixin.py:188} INFO - [2025-09-04T12:06:33.966+0000] {dag.py:3096} INFO - Sync 1 DAGs
[2025-09-04T12:06:33.981+0000] {logging_mixin.py:188} INFO - [2025-09-04T12:06:33.981+0000] {dag.py:3954} INFO - Setting next_dagrun for example_complex to None, run_after=None
[2025-09-04T12:06:34.006+0000] {processor.py:183} INFO - Processing /home/airflow/.local/lib/python3.12/site-packages/airflow/example_dags/example_complex.py took 0.082 seconds
[2025-09-04T12:07:04.380+0000] {processor.py:161} INFO - Started process (PID=114) to work on /home/airflow/.local/lib/python3.12/site-packages/airflow/example_dags/example_complex.py
[2025-09-04T12:07:04.381+0000] {processor.py:830} INFO - Processing file /home/airflow/.local/lib/python3.12/site-packages/airflow/example_dags/example_complex.py for tasks to queue
[2025-09-04T12:07:04.383+0000] {logging_mixin.py:188} INFO - [2025-09-04T12:07:04.383+0000] {dagbag.py:545} INFO - Filling up the DagBag from /home/airflow/.local/lib/python3.12/site-packages/airflow/example_dags/example_complex.py
[2025-09-04T12:07:04.391+0000] {processor.py:840} INFO - DAG(s) 'example_complex' retrieved from /home/airflow/.local/lib/python3.12/site-packages/airflow/example_dags/example_complex.py
[2025-09-04T12:07:04.480+0000] {logging_mixin.py:188} INFO - [2025-09-04T12:07:04.479+0000] {dag.py:3096} INFO - Sync 1 DAGs
[2025-09-04T12:07:04.491+0000] {logging_mixin.py:188} INFO - [2025-09-04T12:07:04.491+0000] {dag.py:3954} INFO - Setting next_dagrun for example_complex to None, run_after=None
[2025-09-04T12:07:04.511+0000] {processor.py:183} INFO - Processing /home/airflow/.local/lib/python3.12/site-packages/airflow/example_dags/example_complex.py took 0.136 seconds
[2025-09-04T12:07:34.811+0000] {processor.py:161} INFO - Started process (PID=172) to work on /home/airflow/.local/lib/python3.12/site-packages/airflow/example_dags/example_complex.py
[2025-09-04T12:07:34.813+0000] {processor.py:830} INFO - Processing file /home/airflow/.local/lib/python3.12/site-packages/airflow/example_dags/example_complex.py for tasks to queue
[2025-09-04T12:07:34.817+0000] {logging_mixin.py:188} INFO - [2025-09-04T12:07:34.816+0000] {dagbag.py:545} INFO - Filling up the DagBag from /home/airflow/.local/lib/python3.12/site-packages/airflow/example_dags/example_complex.py
[2025-09-04T12:07:34.828+0000] {processor.py:840} INFO - DAG(s) 'example_complex' retrieved from /home/airflow/.local/lib/python3.12/site-packages/airflow/example_dags/example_complex.py
[2025-09-04T12:07:34.861+0000] {logging_mixin.py:188} INFO - [2025-09-04T12:07:34.860+0000] {dag.py:3096} INFO - Sync 1 DAGs
[2025-09-04T12:07:34.874+0000] {logging_mixin.py:188} INFO - [2025-09-04T12:07:34.874+0000] {dag.py:3954} INFO - Setting next_dagrun for example_complex to None, run_after=None
[2025-09-04T12:07:34.896+0000] {processor.py:183} INFO - Processing /home/airflow/.local/lib/python3.12/site-packages/airflow/example_dags/example_complex.py took 0.094 seconds
[2025-09-04T12:08:05.000+0000] {processor.py:161} INFO - Started process (PID=230) to work on /home/airflow/.local/lib/python3.12/site-packages/airflow/example_dags/example_complex.py
[2025-09-04T12:08:05.001+0000] {processor.py:830} INFO - Processing file /home/airflow/.local/lib/python3.12/site-packages/airflow/example_dags/example_complex.py for tasks to queue
[2025-09-04T12:08:05.003+0000] {logging_mixin.py:188} INFO - [2025-09-04T12:08:05.003+0000] {dagbag.py:545} INFO - Filling up the DagBag from /home/airflow/.local/lib/python3.12/site-packages/airflow/example_dags/example_complex.py
[2025-09-04T12:08:05.011+0000] {processor.py:840} INFO - DAG(s) 'example_complex' retrieved from /home/airflow/.local/lib/python3.12/site-packages/airflow/example_dags/example_complex.py
[2025-09-04T12:08:05.034+0000] {logging_mixin.py:188} INFO - [2025-09-04T12:08:05.034+0000] {dag.py:3096} INFO - Sync 1 DAGs
[2025-09-04T12:08:05.044+0000] {logging_mixin.py:188} INFO - [2025-09-04T12:08:05.044+0000] {dag.py:3954} INFO - Setting next_dagrun for example_complex to None, run_after=None
[2025-09-04T12:08:05.061+0000] {processor.py:183} INFO - Processing /home/airflow/.local/lib/python3.12/site-packages/airflow/example_dags/example_complex.py took 0.069 seconds
[2025-09-04T12:08:35.225+0000] {processor.py:161} INFO - Started process (PID=288) to work on /home/airflow/.local/lib/python3.12/site-packages/airflow/example_dags/example_complex.py
[2025-09-04T12:08:35.227+0000] {processor.py:830} INFO - Processing file /home/airflow/.local/lib/python3.12/site-packages/airflow/example_dags/example_complex.py for tasks to queue
[2025-09-04T12:08:35.230+0000] {logging_mixin.py:188} INFO - [2025-09-04T12:08:35.229+0000] {dagbag.py:545} INFO - Filling up the DagBag from /home/airflow/.local/lib/python3.12/site-packages/airflow/example_dags/example_complex.py
[2025-09-04T12:08:35.239+0000] {processor.py:840} INFO - DAG(s) 'example_complex' retrieved from /home/airflow/.local/lib/python3.12/site-packages/airflow/example_dags/example_complex.py
[2025-09-04T12:08:35.266+0000] {logging_mixin.py:188} INFO - [2025-09-04T12:08:35.265+0000] {dag.py:3096} INFO - Sync 1 DAGs
[2025-09-04T12:08:35.275+0000] {logging_mixin.py:188} INFO - [2025-09-04T12:08:35.275+0000] {dag.py:3954} INFO - Setting next_dagrun for example_complex to None, run_after=None
[2025-09-04T12:08:35.294+0000] {processor.py:183} INFO - Processing /home/airflow/.local/lib/python3.12/site-packages/airflow/example_dags/example_complex.py took 0.079 seconds
