[2025-09-04T11:50:02.318+0000] {processor.py:161} INFO - Started process (PID=61) to work on /home/airflow/.local/lib/python3.12/site-packages/airflow/example_dags/example_kubernetes_executor.py
[2025-09-04T11:50:02.321+0000] {processor.py:830} INFO - Processing file /home/airflow/.local/lib/python3.12/site-packages/airflow/example_dags/example_kubernetes_executor.py for tasks to queue
[2025-09-04T11:50:02.324+0000] {logging_mixin.py:188} INFO - [2025-09-04T11:50:02.323+0000] {dagbag.py:545} INFO - Filling up the DagBag from /home/airflow/.local/lib/python3.12/site-packages/airflow/example_dags/example_kubernetes_executor.py
[2025-09-04T11:50:02.341+0000] {processor.py:840} INFO - DAG(s) 'example_kubernetes_executor' retrieved from /home/airflow/.local/lib/python3.12/site-packages/airflow/example_dags/example_kubernetes_executor.py
[2025-09-04T11:50:02.523+0000] {logging_mixin.py:188} INFO - [2025-09-04T11:50:02.522+0000] {override.py:1829} INFO - Created Permission View: can edit on DAG:example_kubernetes_executor
[2025-09-04T11:50:02.539+0000] {logging_mixin.py:188} INFO - [2025-09-04T11:50:02.538+0000] {override.py:1829} INFO - Created Permission View: can read on DAG:example_kubernetes_executor
[2025-09-04T11:50:02.547+0000] {logging_mixin.py:188} INFO - [2025-09-04T11:50:02.547+0000] {override.py:1829} INFO - Created Permission View: can delete on DAG:example_kubernetes_executor
[2025-09-04T11:50:02.548+0000] {logging_mixin.py:188} INFO - [2025-09-04T11:50:02.548+0000] {dag.py:3096} INFO - Sync 1 DAGs
[2025-09-04T11:50:02.565+0000] {logging_mixin.py:188} INFO - [2025-09-04T11:50:02.565+0000] {dag.py:3118} INFO - Creating ORM DAG for example_kubernetes_executor
[2025-09-04T11:50:02.566+0000] {logging_mixin.py:188} INFO - [2025-09-04T11:50:02.566+0000] {dag.py:3954} INFO - Setting next_dagrun for example_kubernetes_executor to None, run_after=None
[2025-09-04T11:50:02.592+0000] {processor.py:183} INFO - Processing /home/airflow/.local/lib/python3.12/site-packages/airflow/example_dags/example_kubernetes_executor.py took 0.279 seconds
[2025-09-04T11:50:32.808+0000] {processor.py:161} INFO - Started process (PID=119) to work on /home/airflow/.local/lib/python3.12/site-packages/airflow/example_dags/example_kubernetes_executor.py
[2025-09-04T11:50:32.810+0000] {processor.py:830} INFO - Processing file /home/airflow/.local/lib/python3.12/site-packages/airflow/example_dags/example_kubernetes_executor.py for tasks to queue
[2025-09-04T11:50:32.812+0000] {logging_mixin.py:188} INFO - [2025-09-04T11:50:32.811+0000] {dagbag.py:545} INFO - Filling up the DagBag from /home/airflow/.local/lib/python3.12/site-packages/airflow/example_dags/example_kubernetes_executor.py
[2025-09-04T11:50:32.834+0000] {processor.py:840} INFO - DAG(s) 'example_kubernetes_executor' retrieved from /home/airflow/.local/lib/python3.12/site-packages/airflow/example_dags/example_kubernetes_executor.py
[2025-09-04T11:50:32.880+0000] {logging_mixin.py:188} INFO - [2025-09-04T11:50:32.879+0000] {dag.py:3096} INFO - Sync 1 DAGs
[2025-09-04T11:50:32.891+0000] {logging_mixin.py:188} INFO - [2025-09-04T11:50:32.891+0000] {dag.py:3954} INFO - Setting next_dagrun for example_kubernetes_executor to None, run_after=None
[2025-09-04T11:50:32.918+0000] {processor.py:183} INFO - Processing /home/airflow/.local/lib/python3.12/site-packages/airflow/example_dags/example_kubernetes_executor.py took 0.116 seconds
[2025-09-04T11:51:03.408+0000] {processor.py:161} INFO - Started process (PID=177) to work on /home/airflow/.local/lib/python3.12/site-packages/airflow/example_dags/example_kubernetes_executor.py
[2025-09-04T11:51:03.410+0000] {processor.py:830} INFO - Processing file /home/airflow/.local/lib/python3.12/site-packages/airflow/example_dags/example_kubernetes_executor.py for tasks to queue
[2025-09-04T11:51:03.414+0000] {logging_mixin.py:188} INFO - [2025-09-04T11:51:03.414+0000] {dagbag.py:545} INFO - Filling up the DagBag from /home/airflow/.local/lib/python3.12/site-packages/airflow/example_dags/example_kubernetes_executor.py
[2025-09-04T11:51:03.434+0000] {processor.py:840} INFO - DAG(s) 'example_kubernetes_executor' retrieved from /home/airflow/.local/lib/python3.12/site-packages/airflow/example_dags/example_kubernetes_executor.py
[2025-09-04T11:51:03.470+0000] {logging_mixin.py:188} INFO - [2025-09-04T11:51:03.470+0000] {dag.py:3096} INFO - Sync 1 DAGs
[2025-09-04T11:51:03.482+0000] {logging_mixin.py:188} INFO - [2025-09-04T11:51:03.481+0000] {dag.py:3954} INFO - Setting next_dagrun for example_kubernetes_executor to None, run_after=None
[2025-09-04T11:51:03.498+0000] {processor.py:183} INFO - Processing /home/airflow/.local/lib/python3.12/site-packages/airflow/example_dags/example_kubernetes_executor.py took 0.104 seconds
[2025-09-04T11:51:33.755+0000] {processor.py:161} INFO - Started process (PID=234) to work on /home/airflow/.local/lib/python3.12/site-packages/airflow/example_dags/example_kubernetes_executor.py
[2025-09-04T11:51:33.756+0000] {processor.py:830} INFO - Processing file /home/airflow/.local/lib/python3.12/site-packages/airflow/example_dags/example_kubernetes_executor.py for tasks to queue
[2025-09-04T11:51:33.758+0000] {logging_mixin.py:188} INFO - [2025-09-04T11:51:33.758+0000] {dagbag.py:545} INFO - Filling up the DagBag from /home/airflow/.local/lib/python3.12/site-packages/airflow/example_dags/example_kubernetes_executor.py
[2025-09-04T11:51:33.771+0000] {processor.py:840} INFO - DAG(s) 'example_kubernetes_executor' retrieved from /home/airflow/.local/lib/python3.12/site-packages/airflow/example_dags/example_kubernetes_executor.py
[2025-09-04T11:51:33.802+0000] {logging_mixin.py:188} INFO - [2025-09-04T11:51:33.801+0000] {dag.py:3096} INFO - Sync 1 DAGs
[2025-09-04T11:51:33.812+0000] {logging_mixin.py:188} INFO - [2025-09-04T11:51:33.811+0000] {dag.py:3954} INFO - Setting next_dagrun for example_kubernetes_executor to None, run_after=None
[2025-09-04T11:51:33.826+0000] {processor.py:183} INFO - Processing /home/airflow/.local/lib/python3.12/site-packages/airflow/example_dags/example_kubernetes_executor.py took 0.078 seconds
[2025-09-04T11:52:04.302+0000] {processor.py:161} INFO - Started process (PID=298) to work on /home/airflow/.local/lib/python3.12/site-packages/airflow/example_dags/example_kubernetes_executor.py
[2025-09-04T11:52:04.304+0000] {processor.py:830} INFO - Processing file /home/airflow/.local/lib/python3.12/site-packages/airflow/example_dags/example_kubernetes_executor.py for tasks to queue
[2025-09-04T11:52:04.306+0000] {logging_mixin.py:188} INFO - [2025-09-04T11:52:04.305+0000] {dagbag.py:545} INFO - Filling up the DagBag from /home/airflow/.local/lib/python3.12/site-packages/airflow/example_dags/example_kubernetes_executor.py
[2025-09-04T11:52:04.315+0000] {processor.py:840} INFO - DAG(s) 'example_kubernetes_executor' retrieved from /home/airflow/.local/lib/python3.12/site-packages/airflow/example_dags/example_kubernetes_executor.py
[2025-09-04T11:52:04.345+0000] {logging_mixin.py:188} INFO - [2025-09-04T11:52:04.345+0000] {dag.py:3096} INFO - Sync 1 DAGs
[2025-09-04T11:52:04.362+0000] {logging_mixin.py:188} INFO - [2025-09-04T11:52:04.361+0000] {dag.py:3954} INFO - Setting next_dagrun for example_kubernetes_executor to None, run_after=None
[2025-09-04T11:52:04.401+0000] {processor.py:183} INFO - Processing /home/airflow/.local/lib/python3.12/site-packages/airflow/example_dags/example_kubernetes_executor.py took 0.111 seconds
[2025-09-04T11:52:34.732+0000] {processor.py:161} INFO - Started process (PID=356) to work on /home/airflow/.local/lib/python3.12/site-packages/airflow/example_dags/example_kubernetes_executor.py
[2025-09-04T11:52:34.734+0000] {processor.py:830} INFO - Processing file /home/airflow/.local/lib/python3.12/site-packages/airflow/example_dags/example_kubernetes_executor.py for tasks to queue
[2025-09-04T11:52:34.735+0000] {logging_mixin.py:188} INFO - [2025-09-04T11:52:34.735+0000] {dagbag.py:545} INFO - Filling up the DagBag from /home/airflow/.local/lib/python3.12/site-packages/airflow/example_dags/example_kubernetes_executor.py
[2025-09-04T11:52:34.751+0000] {processor.py:840} INFO - DAG(s) 'example_kubernetes_executor' retrieved from /home/airflow/.local/lib/python3.12/site-packages/airflow/example_dags/example_kubernetes_executor.py
[2025-09-04T11:52:34.807+0000] {logging_mixin.py:188} INFO - [2025-09-04T11:52:34.807+0000] {dag.py:3096} INFO - Sync 1 DAGs
[2025-09-04T11:52:34.827+0000] {logging_mixin.py:188} INFO - [2025-09-04T11:52:34.827+0000] {dag.py:3954} INFO - Setting next_dagrun for example_kubernetes_executor to None, run_after=None
[2025-09-04T11:52:34.858+0000] {processor.py:183} INFO - Processing /home/airflow/.local/lib/python3.12/site-packages/airflow/example_dags/example_kubernetes_executor.py took 0.132 seconds
[2025-09-04T11:53:04.983+0000] {processor.py:161} INFO - Started process (PID=414) to work on /home/airflow/.local/lib/python3.12/site-packages/airflow/example_dags/example_kubernetes_executor.py
[2025-09-04T11:53:04.984+0000] {processor.py:830} INFO - Processing file /home/airflow/.local/lib/python3.12/site-packages/airflow/example_dags/example_kubernetes_executor.py for tasks to queue
[2025-09-04T11:53:04.987+0000] {logging_mixin.py:188} INFO - [2025-09-04T11:53:04.986+0000] {dagbag.py:545} INFO - Filling up the DagBag from /home/airflow/.local/lib/python3.12/site-packages/airflow/example_dags/example_kubernetes_executor.py
[2025-09-04T11:53:04.995+0000] {processor.py:840} INFO - DAG(s) 'example_kubernetes_executor' retrieved from /home/airflow/.local/lib/python3.12/site-packages/airflow/example_dags/example_kubernetes_executor.py
[2025-09-04T11:53:05.024+0000] {logging_mixin.py:188} INFO - [2025-09-04T11:53:05.024+0000] {dag.py:3096} INFO - Sync 1 DAGs
[2025-09-04T11:53:05.036+0000] {logging_mixin.py:188} INFO - [2025-09-04T11:53:05.035+0000] {dag.py:3954} INFO - Setting next_dagrun for example_kubernetes_executor to None, run_after=None
[2025-09-04T11:53:05.049+0000] {processor.py:183} INFO - Processing /home/airflow/.local/lib/python3.12/site-packages/airflow/example_dags/example_kubernetes_executor.py took 0.071 seconds
[2025-09-04T11:53:35.317+0000] {processor.py:161} INFO - Started process (PID=472) to work on /home/airflow/.local/lib/python3.12/site-packages/airflow/example_dags/example_kubernetes_executor.py
[2025-09-04T11:53:35.319+0000] {processor.py:830} INFO - Processing file /home/airflow/.local/lib/python3.12/site-packages/airflow/example_dags/example_kubernetes_executor.py for tasks to queue
[2025-09-04T11:53:35.321+0000] {logging_mixin.py:188} INFO - [2025-09-04T11:53:35.321+0000] {dagbag.py:545} INFO - Filling up the DagBag from /home/airflow/.local/lib/python3.12/site-packages/airflow/example_dags/example_kubernetes_executor.py
[2025-09-04T11:53:35.336+0000] {processor.py:840} INFO - DAG(s) 'example_kubernetes_executor' retrieved from /home/airflow/.local/lib/python3.12/site-packages/airflow/example_dags/example_kubernetes_executor.py
[2025-09-04T11:53:35.398+0000] {logging_mixin.py:188} INFO - [2025-09-04T11:53:35.398+0000] {dag.py:3096} INFO - Sync 1 DAGs
[2025-09-04T11:53:35.419+0000] {logging_mixin.py:188} INFO - [2025-09-04T11:53:35.418+0000] {dag.py:3954} INFO - Setting next_dagrun for example_kubernetes_executor to None, run_after=None
[2025-09-04T11:53:35.450+0000] {processor.py:183} INFO - Processing /home/airflow/.local/lib/python3.12/site-packages/airflow/example_dags/example_kubernetes_executor.py took 0.138 seconds
[2025-09-04T11:54:06.182+0000] {processor.py:161} INFO - Started process (PID=530) to work on /home/airflow/.local/lib/python3.12/site-packages/airflow/example_dags/example_kubernetes_executor.py
[2025-09-04T11:54:06.184+0000] {processor.py:830} INFO - Processing file /home/airflow/.local/lib/python3.12/site-packages/airflow/example_dags/example_kubernetes_executor.py for tasks to queue
[2025-09-04T11:54:06.185+0000] {logging_mixin.py:188} INFO - [2025-09-04T11:54:06.185+0000] {dagbag.py:545} INFO - Filling up the DagBag from /home/airflow/.local/lib/python3.12/site-packages/airflow/example_dags/example_kubernetes_executor.py
[2025-09-04T11:54:06.194+0000] {processor.py:840} INFO - DAG(s) 'example_kubernetes_executor' retrieved from /home/airflow/.local/lib/python3.12/site-packages/airflow/example_dags/example_kubernetes_executor.py
[2025-09-04T11:54:06.233+0000] {logging_mixin.py:188} INFO - [2025-09-04T11:54:06.233+0000] {dag.py:3096} INFO - Sync 1 DAGs
[2025-09-04T11:54:06.249+0000] {logging_mixin.py:188} INFO - [2025-09-04T11:54:06.248+0000] {dag.py:3954} INFO - Setting next_dagrun for example_kubernetes_executor to None, run_after=None
[2025-09-04T11:54:06.285+0000] {processor.py:183} INFO - Processing /home/airflow/.local/lib/python3.12/site-packages/airflow/example_dags/example_kubernetes_executor.py took 0.107 seconds
[2025-09-04T11:54:36.642+0000] {processor.py:161} INFO - Started process (PID=588) to work on /home/airflow/.local/lib/python3.12/site-packages/airflow/example_dags/example_kubernetes_executor.py
[2025-09-04T11:54:36.644+0000] {processor.py:830} INFO - Processing file /home/airflow/.local/lib/python3.12/site-packages/airflow/example_dags/example_kubernetes_executor.py for tasks to queue
[2025-09-04T11:54:36.647+0000] {logging_mixin.py:188} INFO - [2025-09-04T11:54:36.646+0000] {dagbag.py:545} INFO - Filling up the DagBag from /home/airflow/.local/lib/python3.12/site-packages/airflow/example_dags/example_kubernetes_executor.py
[2025-09-04T11:54:36.657+0000] {processor.py:840} INFO - DAG(s) 'example_kubernetes_executor' retrieved from /home/airflow/.local/lib/python3.12/site-packages/airflow/example_dags/example_kubernetes_executor.py
[2025-09-04T11:54:36.693+0000] {logging_mixin.py:188} INFO - [2025-09-04T11:54:36.693+0000] {dag.py:3096} INFO - Sync 1 DAGs
[2025-09-04T11:54:36.706+0000] {logging_mixin.py:188} INFO - [2025-09-04T11:54:36.706+0000] {dag.py:3954} INFO - Setting next_dagrun for example_kubernetes_executor to None, run_after=None
[2025-09-04T11:54:36.728+0000] {processor.py:183} INFO - Processing /home/airflow/.local/lib/python3.12/site-packages/airflow/example_dags/example_kubernetes_executor.py took 0.093 seconds
[2025-09-04T11:55:06.849+0000] {processor.py:161} INFO - Started process (PID=646) to work on /home/airflow/.local/lib/python3.12/site-packages/airflow/example_dags/example_kubernetes_executor.py
[2025-09-04T11:55:06.850+0000] {processor.py:830} INFO - Processing file /home/airflow/.local/lib/python3.12/site-packages/airflow/example_dags/example_kubernetes_executor.py for tasks to queue
[2025-09-04T11:55:06.854+0000] {logging_mixin.py:188} INFO - [2025-09-04T11:55:06.853+0000] {dagbag.py:545} INFO - Filling up the DagBag from /home/airflow/.local/lib/python3.12/site-packages/airflow/example_dags/example_kubernetes_executor.py
[2025-09-04T11:55:06.868+0000] {processor.py:840} INFO - DAG(s) 'example_kubernetes_executor' retrieved from /home/airflow/.local/lib/python3.12/site-packages/airflow/example_dags/example_kubernetes_executor.py
[2025-09-04T11:55:06.912+0000] {logging_mixin.py:188} INFO - [2025-09-04T11:55:06.911+0000] {dag.py:3096} INFO - Sync 1 DAGs
[2025-09-04T11:55:06.929+0000] {logging_mixin.py:188} INFO - [2025-09-04T11:55:06.929+0000] {dag.py:3954} INFO - Setting next_dagrun for example_kubernetes_executor to None, run_after=None
[2025-09-04T11:55:06.953+0000] {processor.py:183} INFO - Processing /home/airflow/.local/lib/python3.12/site-packages/airflow/example_dags/example_kubernetes_executor.py took 0.111 seconds
[2025-09-04T11:55:37.163+0000] {processor.py:161} INFO - Started process (PID=704) to work on /home/airflow/.local/lib/python3.12/site-packages/airflow/example_dags/example_kubernetes_executor.py
[2025-09-04T11:55:37.165+0000] {processor.py:830} INFO - Processing file /home/airflow/.local/lib/python3.12/site-packages/airflow/example_dags/example_kubernetes_executor.py for tasks to queue
[2025-09-04T11:55:37.167+0000] {logging_mixin.py:188} INFO - [2025-09-04T11:55:37.167+0000] {dagbag.py:545} INFO - Filling up the DagBag from /home/airflow/.local/lib/python3.12/site-packages/airflow/example_dags/example_kubernetes_executor.py
[2025-09-04T11:55:37.178+0000] {processor.py:840} INFO - DAG(s) 'example_kubernetes_executor' retrieved from /home/airflow/.local/lib/python3.12/site-packages/airflow/example_dags/example_kubernetes_executor.py
[2025-09-04T11:55:37.220+0000] {logging_mixin.py:188} INFO - [2025-09-04T11:55:37.220+0000] {dag.py:3096} INFO - Sync 1 DAGs
[2025-09-04T11:55:37.236+0000] {logging_mixin.py:188} INFO - [2025-09-04T11:55:37.235+0000] {dag.py:3954} INFO - Setting next_dagrun for example_kubernetes_executor to None, run_after=None
[2025-09-04T11:55:37.255+0000] {processor.py:183} INFO - Processing /home/airflow/.local/lib/python3.12/site-packages/airflow/example_dags/example_kubernetes_executor.py took 0.096 seconds
[2025-09-04T11:56:07.732+0000] {processor.py:161} INFO - Started process (PID=761) to work on /home/airflow/.local/lib/python3.12/site-packages/airflow/example_dags/example_kubernetes_executor.py
[2025-09-04T11:56:07.733+0000] {processor.py:830} INFO - Processing file /home/airflow/.local/lib/python3.12/site-packages/airflow/example_dags/example_kubernetes_executor.py for tasks to queue
[2025-09-04T11:56:07.735+0000] {logging_mixin.py:188} INFO - [2025-09-04T11:56:07.735+0000] {dagbag.py:545} INFO - Filling up the DagBag from /home/airflow/.local/lib/python3.12/site-packages/airflow/example_dags/example_kubernetes_executor.py
[2025-09-04T11:56:07.749+0000] {processor.py:840} INFO - DAG(s) 'example_kubernetes_executor' retrieved from /home/airflow/.local/lib/python3.12/site-packages/airflow/example_dags/example_kubernetes_executor.py
[2025-09-04T11:56:07.797+0000] {logging_mixin.py:188} INFO - [2025-09-04T11:56:07.796+0000] {dag.py:3096} INFO - Sync 1 DAGs
[2025-09-04T11:56:07.810+0000] {logging_mixin.py:188} INFO - [2025-09-04T11:56:07.810+0000] {dag.py:3954} INFO - Setting next_dagrun for example_kubernetes_executor to None, run_after=None
[2025-09-04T11:56:07.830+0000] {processor.py:183} INFO - Processing /home/airflow/.local/lib/python3.12/site-packages/airflow/example_dags/example_kubernetes_executor.py took 0.103 seconds
[2025-09-04T11:56:38.052+0000] {processor.py:161} INFO - Started process (PID=819) to work on /home/airflow/.local/lib/python3.12/site-packages/airflow/example_dags/example_kubernetes_executor.py
[2025-09-04T11:56:38.053+0000] {processor.py:830} INFO - Processing file /home/airflow/.local/lib/python3.12/site-packages/airflow/example_dags/example_kubernetes_executor.py for tasks to queue
[2025-09-04T11:56:38.056+0000] {logging_mixin.py:188} INFO - [2025-09-04T11:56:38.055+0000] {dagbag.py:545} INFO - Filling up the DagBag from /home/airflow/.local/lib/python3.12/site-packages/airflow/example_dags/example_kubernetes_executor.py
[2025-09-04T11:56:38.089+0000] {processor.py:840} INFO - DAG(s) 'example_kubernetes_executor' retrieved from /home/airflow/.local/lib/python3.12/site-packages/airflow/example_dags/example_kubernetes_executor.py
[2025-09-04T11:56:38.167+0000] {logging_mixin.py:188} INFO - [2025-09-04T11:56:38.166+0000] {dag.py:3096} INFO - Sync 1 DAGs
[2025-09-04T11:56:38.183+0000] {logging_mixin.py:188} INFO - [2025-09-04T11:56:38.183+0000] {dag.py:3954} INFO - Setting next_dagrun for example_kubernetes_executor to None, run_after=None
[2025-09-04T11:56:38.219+0000] {processor.py:183} INFO - Processing /home/airflow/.local/lib/python3.12/site-packages/airflow/example_dags/example_kubernetes_executor.py took 0.173 seconds
[2025-09-04T11:57:08.420+0000] {processor.py:161} INFO - Started process (PID=877) to work on /home/airflow/.local/lib/python3.12/site-packages/airflow/example_dags/example_kubernetes_executor.py
[2025-09-04T11:57:08.422+0000] {processor.py:830} INFO - Processing file /home/airflow/.local/lib/python3.12/site-packages/airflow/example_dags/example_kubernetes_executor.py for tasks to queue
[2025-09-04T11:57:08.424+0000] {logging_mixin.py:188} INFO - [2025-09-04T11:57:08.424+0000] {dagbag.py:545} INFO - Filling up the DagBag from /home/airflow/.local/lib/python3.12/site-packages/airflow/example_dags/example_kubernetes_executor.py
[2025-09-04T11:57:08.437+0000] {processor.py:840} INFO - DAG(s) 'example_kubernetes_executor' retrieved from /home/airflow/.local/lib/python3.12/site-packages/airflow/example_dags/example_kubernetes_executor.py
[2025-09-04T11:57:08.483+0000] {logging_mixin.py:188} INFO - [2025-09-04T11:57:08.483+0000] {dag.py:3096} INFO - Sync 1 DAGs
[2025-09-04T11:57:08.498+0000] {logging_mixin.py:188} INFO - [2025-09-04T11:57:08.498+0000] {dag.py:3954} INFO - Setting next_dagrun for example_kubernetes_executor to None, run_after=None
[2025-09-04T11:57:08.525+0000] {processor.py:183} INFO - Processing /home/airflow/.local/lib/python3.12/site-packages/airflow/example_dags/example_kubernetes_executor.py took 0.112 seconds
[2025-09-04T11:57:38.763+0000] {processor.py:161} INFO - Started process (PID=935) to work on /home/airflow/.local/lib/python3.12/site-packages/airflow/example_dags/example_kubernetes_executor.py
[2025-09-04T11:57:38.764+0000] {processor.py:830} INFO - Processing file /home/airflow/.local/lib/python3.12/site-packages/airflow/example_dags/example_kubernetes_executor.py for tasks to queue
[2025-09-04T11:57:38.766+0000] {logging_mixin.py:188} INFO - [2025-09-04T11:57:38.766+0000] {dagbag.py:545} INFO - Filling up the DagBag from /home/airflow/.local/lib/python3.12/site-packages/airflow/example_dags/example_kubernetes_executor.py
[2025-09-04T11:57:38.777+0000] {processor.py:840} INFO - DAG(s) 'example_kubernetes_executor' retrieved from /home/airflow/.local/lib/python3.12/site-packages/airflow/example_dags/example_kubernetes_executor.py
[2025-09-04T11:57:38.819+0000] {logging_mixin.py:188} INFO - [2025-09-04T11:57:38.819+0000] {dag.py:3096} INFO - Sync 1 DAGs
[2025-09-04T11:57:38.838+0000] {logging_mixin.py:188} INFO - [2025-09-04T11:57:38.837+0000] {dag.py:3954} INFO - Setting next_dagrun for example_kubernetes_executor to None, run_after=None
[2025-09-04T11:57:38.868+0000] {processor.py:183} INFO - Processing /home/airflow/.local/lib/python3.12/site-packages/airflow/example_dags/example_kubernetes_executor.py took 0.111 seconds
[2025-09-04T11:58:09.176+0000] {processor.py:161} INFO - Started process (PID=994) to work on /home/airflow/.local/lib/python3.12/site-packages/airflow/example_dags/example_kubernetes_executor.py
[2025-09-04T11:58:09.178+0000] {processor.py:830} INFO - Processing file /home/airflow/.local/lib/python3.12/site-packages/airflow/example_dags/example_kubernetes_executor.py for tasks to queue
[2025-09-04T11:58:09.180+0000] {logging_mixin.py:188} INFO - [2025-09-04T11:58:09.180+0000] {dagbag.py:545} INFO - Filling up the DagBag from /home/airflow/.local/lib/python3.12/site-packages/airflow/example_dags/example_kubernetes_executor.py
[2025-09-04T11:58:09.192+0000] {processor.py:840} INFO - DAG(s) 'example_kubernetes_executor' retrieved from /home/airflow/.local/lib/python3.12/site-packages/airflow/example_dags/example_kubernetes_executor.py
[2025-09-04T11:58:09.253+0000] {logging_mixin.py:188} INFO - [2025-09-04T11:58:09.252+0000] {dag.py:3096} INFO - Sync 1 DAGs
[2025-09-04T11:58:09.268+0000] {logging_mixin.py:188} INFO - [2025-09-04T11:58:09.268+0000] {dag.py:3954} INFO - Setting next_dagrun for example_kubernetes_executor to None, run_after=None
[2025-09-04T11:58:09.303+0000] {processor.py:183} INFO - Processing /home/airflow/.local/lib/python3.12/site-packages/airflow/example_dags/example_kubernetes_executor.py took 0.133 seconds
[2025-09-04T11:58:39.412+0000] {processor.py:161} INFO - Started process (PID=1052) to work on /home/airflow/.local/lib/python3.12/site-packages/airflow/example_dags/example_kubernetes_executor.py
[2025-09-04T11:58:39.413+0000] {processor.py:830} INFO - Processing file /home/airflow/.local/lib/python3.12/site-packages/airflow/example_dags/example_kubernetes_executor.py for tasks to queue
[2025-09-04T11:58:39.417+0000] {logging_mixin.py:188} INFO - [2025-09-04T11:58:39.415+0000] {dagbag.py:545} INFO - Filling up the DagBag from /home/airflow/.local/lib/python3.12/site-packages/airflow/example_dags/example_kubernetes_executor.py
[2025-09-04T11:58:39.425+0000] {processor.py:840} INFO - DAG(s) 'example_kubernetes_executor' retrieved from /home/airflow/.local/lib/python3.12/site-packages/airflow/example_dags/example_kubernetes_executor.py
[2025-09-04T11:58:39.470+0000] {logging_mixin.py:188} INFO - [2025-09-04T11:58:39.470+0000] {dag.py:3096} INFO - Sync 1 DAGs
[2025-09-04T11:58:39.506+0000] {logging_mixin.py:188} INFO - [2025-09-04T11:58:39.506+0000] {dag.py:3954} INFO - Setting next_dagrun for example_kubernetes_executor to None, run_after=None
[2025-09-04T11:58:39.558+0000] {processor.py:183} INFO - Processing /home/airflow/.local/lib/python3.12/site-packages/airflow/example_dags/example_kubernetes_executor.py took 0.150 seconds
[2025-09-04T11:59:09.961+0000] {processor.py:161} INFO - Started process (PID=1110) to work on /home/airflow/.local/lib/python3.12/site-packages/airflow/example_dags/example_kubernetes_executor.py
[2025-09-04T11:59:09.962+0000] {processor.py:830} INFO - Processing file /home/airflow/.local/lib/python3.12/site-packages/airflow/example_dags/example_kubernetes_executor.py for tasks to queue
[2025-09-04T11:59:09.965+0000] {logging_mixin.py:188} INFO - [2025-09-04T11:59:09.964+0000] {dagbag.py:545} INFO - Filling up the DagBag from /home/airflow/.local/lib/python3.12/site-packages/airflow/example_dags/example_kubernetes_executor.py
[2025-09-04T11:59:09.975+0000] {processor.py:840} INFO - DAG(s) 'example_kubernetes_executor' retrieved from /home/airflow/.local/lib/python3.12/site-packages/airflow/example_dags/example_kubernetes_executor.py
[2025-09-04T11:59:10.014+0000] {logging_mixin.py:188} INFO - [2025-09-04T11:59:10.014+0000] {dag.py:3096} INFO - Sync 1 DAGs
[2025-09-04T11:59:10.027+0000] {logging_mixin.py:188} INFO - [2025-09-04T11:59:10.027+0000] {dag.py:3954} INFO - Setting next_dagrun for example_kubernetes_executor to None, run_after=None
[2025-09-04T11:59:10.047+0000] {processor.py:183} INFO - Processing /home/airflow/.local/lib/python3.12/site-packages/airflow/example_dags/example_kubernetes_executor.py took 0.091 seconds
[2025-09-04T11:59:40.426+0000] {processor.py:161} INFO - Started process (PID=1168) to work on /home/airflow/.local/lib/python3.12/site-packages/airflow/example_dags/example_kubernetes_executor.py
[2025-09-04T11:59:40.427+0000] {processor.py:830} INFO - Processing file /home/airflow/.local/lib/python3.12/site-packages/airflow/example_dags/example_kubernetes_executor.py for tasks to queue
[2025-09-04T11:59:40.428+0000] {logging_mixin.py:188} INFO - [2025-09-04T11:59:40.428+0000] {dagbag.py:545} INFO - Filling up the DagBag from /home/airflow/.local/lib/python3.12/site-packages/airflow/example_dags/example_kubernetes_executor.py
[2025-09-04T11:59:40.438+0000] {processor.py:840} INFO - DAG(s) 'example_kubernetes_executor' retrieved from /home/airflow/.local/lib/python3.12/site-packages/airflow/example_dags/example_kubernetes_executor.py
[2025-09-04T11:59:40.476+0000] {logging_mixin.py:188} INFO - [2025-09-04T11:59:40.475+0000] {dag.py:3096} INFO - Sync 1 DAGs
[2025-09-04T11:59:40.488+0000] {logging_mixin.py:188} INFO - [2025-09-04T11:59:40.488+0000] {dag.py:3954} INFO - Setting next_dagrun for example_kubernetes_executor to None, run_after=None
[2025-09-04T11:59:40.505+0000] {processor.py:183} INFO - Processing /home/airflow/.local/lib/python3.12/site-packages/airflow/example_dags/example_kubernetes_executor.py took 0.084 seconds
[2025-09-04T12:01:30.305+0000] {processor.py:161} INFO - Started process (PID=55) to work on /home/airflow/.local/lib/python3.12/site-packages/airflow/example_dags/example_kubernetes_executor.py
[2025-09-04T12:01:30.307+0000] {processor.py:830} INFO - Processing file /home/airflow/.local/lib/python3.12/site-packages/airflow/example_dags/example_kubernetes_executor.py for tasks to queue
[2025-09-04T12:01:30.309+0000] {logging_mixin.py:188} INFO - [2025-09-04T12:01:30.309+0000] {dagbag.py:545} INFO - Filling up the DagBag from /home/airflow/.local/lib/python3.12/site-packages/airflow/example_dags/example_kubernetes_executor.py
[2025-09-04T12:01:30.322+0000] {processor.py:840} INFO - DAG(s) 'example_kubernetes_executor' retrieved from /home/airflow/.local/lib/python3.12/site-packages/airflow/example_dags/example_kubernetes_executor.py
[2025-09-04T12:01:30.470+0000] {logging_mixin.py:188} INFO - [2025-09-04T12:01:30.469+0000] {dag.py:3096} INFO - Sync 1 DAGs
[2025-09-04T12:01:30.489+0000] {logging_mixin.py:188} INFO - [2025-09-04T12:01:30.488+0000] {dag.py:3954} INFO - Setting next_dagrun for example_kubernetes_executor to None, run_after=None
[2025-09-04T12:01:30.519+0000] {processor.py:183} INFO - Processing /home/airflow/.local/lib/python3.12/site-packages/airflow/example_dags/example_kubernetes_executor.py took 0.218 seconds
[2025-09-04T12:02:00.573+0000] {processor.py:161} INFO - Started process (PID=113) to work on /home/airflow/.local/lib/python3.12/site-packages/airflow/example_dags/example_kubernetes_executor.py
[2025-09-04T12:02:00.579+0000] {processor.py:830} INFO - Processing file /home/airflow/.local/lib/python3.12/site-packages/airflow/example_dags/example_kubernetes_executor.py for tasks to queue
[2025-09-04T12:02:00.586+0000] {logging_mixin.py:188} INFO - [2025-09-04T12:02:00.586+0000] {dagbag.py:545} INFO - Filling up the DagBag from /home/airflow/.local/lib/python3.12/site-packages/airflow/example_dags/example_kubernetes_executor.py
[2025-09-04T12:02:00.605+0000] {processor.py:840} INFO - DAG(s) 'example_kubernetes_executor' retrieved from /home/airflow/.local/lib/python3.12/site-packages/airflow/example_dags/example_kubernetes_executor.py
[2025-09-04T12:02:00.635+0000] {logging_mixin.py:188} INFO - [2025-09-04T12:02:00.635+0000] {dag.py:3096} INFO - Sync 1 DAGs
[2025-09-04T12:02:00.645+0000] {logging_mixin.py:188} INFO - [2025-09-04T12:02:00.645+0000] {dag.py:3954} INFO - Setting next_dagrun for example_kubernetes_executor to None, run_after=None
[2025-09-04T12:02:00.659+0000] {processor.py:183} INFO - Processing /home/airflow/.local/lib/python3.12/site-packages/airflow/example_dags/example_kubernetes_executor.py took 0.095 seconds
[2025-09-04T12:02:31.413+0000] {processor.py:161} INFO - Started process (PID=171) to work on /home/airflow/.local/lib/python3.12/site-packages/airflow/example_dags/example_kubernetes_executor.py
[2025-09-04T12:02:31.414+0000] {processor.py:830} INFO - Processing file /home/airflow/.local/lib/python3.12/site-packages/airflow/example_dags/example_kubernetes_executor.py for tasks to queue
[2025-09-04T12:02:31.416+0000] {logging_mixin.py:188} INFO - [2025-09-04T12:02:31.416+0000] {dagbag.py:545} INFO - Filling up the DagBag from /home/airflow/.local/lib/python3.12/site-packages/airflow/example_dags/example_kubernetes_executor.py
[2025-09-04T12:02:31.430+0000] {processor.py:840} INFO - DAG(s) 'example_kubernetes_executor' retrieved from /home/airflow/.local/lib/python3.12/site-packages/airflow/example_dags/example_kubernetes_executor.py
[2025-09-04T12:02:31.463+0000] {logging_mixin.py:188} INFO - [2025-09-04T12:02:31.462+0000] {dag.py:3096} INFO - Sync 1 DAGs
[2025-09-04T12:02:31.476+0000] {logging_mixin.py:188} INFO - [2025-09-04T12:02:31.475+0000] {dag.py:3954} INFO - Setting next_dagrun for example_kubernetes_executor to None, run_after=None
[2025-09-04T12:02:31.490+0000] {processor.py:183} INFO - Processing /home/airflow/.local/lib/python3.12/site-packages/airflow/example_dags/example_kubernetes_executor.py took 0.081 seconds
[2025-09-04T12:03:01.772+0000] {processor.py:161} INFO - Started process (PID=229) to work on /home/airflow/.local/lib/python3.12/site-packages/airflow/example_dags/example_kubernetes_executor.py
[2025-09-04T12:03:01.775+0000] {processor.py:830} INFO - Processing file /home/airflow/.local/lib/python3.12/site-packages/airflow/example_dags/example_kubernetes_executor.py for tasks to queue
[2025-09-04T12:03:01.779+0000] {logging_mixin.py:188} INFO - [2025-09-04T12:03:01.778+0000] {dagbag.py:545} INFO - Filling up the DagBag from /home/airflow/.local/lib/python3.12/site-packages/airflow/example_dags/example_kubernetes_executor.py
[2025-09-04T12:03:01.793+0000] {processor.py:840} INFO - DAG(s) 'example_kubernetes_executor' retrieved from /home/airflow/.local/lib/python3.12/site-packages/airflow/example_dags/example_kubernetes_executor.py
[2025-09-04T12:03:01.850+0000] {logging_mixin.py:188} INFO - [2025-09-04T12:03:01.849+0000] {dag.py:3096} INFO - Sync 1 DAGs
[2025-09-04T12:03:01.867+0000] {logging_mixin.py:188} INFO - [2025-09-04T12:03:01.867+0000] {dag.py:3954} INFO - Setting next_dagrun for example_kubernetes_executor to None, run_after=None
[2025-09-04T12:03:01.896+0000] {processor.py:183} INFO - Processing /home/airflow/.local/lib/python3.12/site-packages/airflow/example_dags/example_kubernetes_executor.py took 0.141 seconds
[2025-09-04T12:03:32.159+0000] {processor.py:161} INFO - Started process (PID=287) to work on /home/airflow/.local/lib/python3.12/site-packages/airflow/example_dags/example_kubernetes_executor.py
[2025-09-04T12:03:32.161+0000] {processor.py:830} INFO - Processing file /home/airflow/.local/lib/python3.12/site-packages/airflow/example_dags/example_kubernetes_executor.py for tasks to queue
[2025-09-04T12:03:32.163+0000] {logging_mixin.py:188} INFO - [2025-09-04T12:03:32.163+0000] {dagbag.py:545} INFO - Filling up the DagBag from /home/airflow/.local/lib/python3.12/site-packages/airflow/example_dags/example_kubernetes_executor.py
[2025-09-04T12:03:32.173+0000] {processor.py:840} INFO - DAG(s) 'example_kubernetes_executor' retrieved from /home/airflow/.local/lib/python3.12/site-packages/airflow/example_dags/example_kubernetes_executor.py
[2025-09-04T12:03:32.211+0000] {logging_mixin.py:188} INFO - [2025-09-04T12:03:32.211+0000] {dag.py:3096} INFO - Sync 1 DAGs
[2025-09-04T12:03:32.222+0000] {logging_mixin.py:188} INFO - [2025-09-04T12:03:32.222+0000] {dag.py:3954} INFO - Setting next_dagrun for example_kubernetes_executor to None, run_after=None
[2025-09-04T12:03:32.242+0000] {processor.py:183} INFO - Processing /home/airflow/.local/lib/python3.12/site-packages/airflow/example_dags/example_kubernetes_executor.py took 0.089 seconds
[2025-09-04T12:04:02.768+0000] {processor.py:161} INFO - Started process (PID=345) to work on /home/airflow/.local/lib/python3.12/site-packages/airflow/example_dags/example_kubernetes_executor.py
[2025-09-04T12:04:02.770+0000] {processor.py:830} INFO - Processing file /home/airflow/.local/lib/python3.12/site-packages/airflow/example_dags/example_kubernetes_executor.py for tasks to queue
[2025-09-04T12:04:02.772+0000] {logging_mixin.py:188} INFO - [2025-09-04T12:04:02.771+0000] {dagbag.py:545} INFO - Filling up the DagBag from /home/airflow/.local/lib/python3.12/site-packages/airflow/example_dags/example_kubernetes_executor.py
[2025-09-04T12:04:02.784+0000] {processor.py:840} INFO - DAG(s) 'example_kubernetes_executor' retrieved from /home/airflow/.local/lib/python3.12/site-packages/airflow/example_dags/example_kubernetes_executor.py
[2025-09-04T12:04:02.827+0000] {logging_mixin.py:188} INFO - [2025-09-04T12:04:02.826+0000] {dag.py:3096} INFO - Sync 1 DAGs
[2025-09-04T12:04:02.849+0000] {logging_mixin.py:188} INFO - [2025-09-04T12:04:02.848+0000] {dag.py:3954} INFO - Setting next_dagrun for example_kubernetes_executor to None, run_after=None
[2025-09-04T12:04:02.879+0000] {processor.py:183} INFO - Processing /home/airflow/.local/lib/python3.12/site-packages/airflow/example_dags/example_kubernetes_executor.py took 0.119 seconds
[2025-09-04T12:04:33.106+0000] {processor.py:161} INFO - Started process (PID=403) to work on /home/airflow/.local/lib/python3.12/site-packages/airflow/example_dags/example_kubernetes_executor.py
[2025-09-04T12:04:33.108+0000] {processor.py:830} INFO - Processing file /home/airflow/.local/lib/python3.12/site-packages/airflow/example_dags/example_kubernetes_executor.py for tasks to queue
[2025-09-04T12:04:33.109+0000] {logging_mixin.py:188} INFO - [2025-09-04T12:04:33.109+0000] {dagbag.py:545} INFO - Filling up the DagBag from /home/airflow/.local/lib/python3.12/site-packages/airflow/example_dags/example_kubernetes_executor.py
[2025-09-04T12:04:33.123+0000] {processor.py:840} INFO - DAG(s) 'example_kubernetes_executor' retrieved from /home/airflow/.local/lib/python3.12/site-packages/airflow/example_dags/example_kubernetes_executor.py
[2025-09-04T12:04:33.159+0000] {logging_mixin.py:188} INFO - [2025-09-04T12:04:33.159+0000] {dag.py:3096} INFO - Sync 1 DAGs
[2025-09-04T12:04:33.171+0000] {logging_mixin.py:188} INFO - [2025-09-04T12:04:33.171+0000] {dag.py:3954} INFO - Setting next_dagrun for example_kubernetes_executor to None, run_after=None
[2025-09-04T12:04:33.192+0000] {processor.py:183} INFO - Processing /home/airflow/.local/lib/python3.12/site-packages/airflow/example_dags/example_kubernetes_executor.py took 0.090 seconds
[2025-09-04T12:05:03.827+0000] {processor.py:161} INFO - Started process (PID=467) to work on /home/airflow/.local/lib/python3.12/site-packages/airflow/example_dags/example_kubernetes_executor.py
[2025-09-04T12:05:03.829+0000] {processor.py:830} INFO - Processing file /home/airflow/.local/lib/python3.12/site-packages/airflow/example_dags/example_kubernetes_executor.py for tasks to queue
[2025-09-04T12:05:03.832+0000] {logging_mixin.py:188} INFO - [2025-09-04T12:05:03.831+0000] {dagbag.py:545} INFO - Filling up the DagBag from /home/airflow/.local/lib/python3.12/site-packages/airflow/example_dags/example_kubernetes_executor.py
[2025-09-04T12:05:03.848+0000] {processor.py:840} INFO - DAG(s) 'example_kubernetes_executor' retrieved from /home/airflow/.local/lib/python3.12/site-packages/airflow/example_dags/example_kubernetes_executor.py
[2025-09-04T12:05:03.891+0000] {logging_mixin.py:188} INFO - [2025-09-04T12:05:03.890+0000] {dag.py:3096} INFO - Sync 1 DAGs
[2025-09-04T12:05:03.903+0000] {logging_mixin.py:188} INFO - [2025-09-04T12:05:03.903+0000] {dag.py:3954} INFO - Setting next_dagrun for example_kubernetes_executor to None, run_after=None
[2025-09-04T12:05:03.926+0000] {processor.py:183} INFO - Processing /home/airflow/.local/lib/python3.12/site-packages/airflow/example_dags/example_kubernetes_executor.py took 0.106 seconds
[2025-09-04T12:05:34.238+0000] {processor.py:161} INFO - Started process (PID=525) to work on /home/airflow/.local/lib/python3.12/site-packages/airflow/example_dags/example_kubernetes_executor.py
[2025-09-04T12:05:34.239+0000] {processor.py:830} INFO - Processing file /home/airflow/.local/lib/python3.12/site-packages/airflow/example_dags/example_kubernetes_executor.py for tasks to queue
[2025-09-04T12:05:34.242+0000] {logging_mixin.py:188} INFO - [2025-09-04T12:05:34.241+0000] {dagbag.py:545} INFO - Filling up the DagBag from /home/airflow/.local/lib/python3.12/site-packages/airflow/example_dags/example_kubernetes_executor.py
[2025-09-04T12:05:34.251+0000] {processor.py:840} INFO - DAG(s) 'example_kubernetes_executor' retrieved from /home/airflow/.local/lib/python3.12/site-packages/airflow/example_dags/example_kubernetes_executor.py
[2025-09-04T12:05:34.284+0000] {logging_mixin.py:188} INFO - [2025-09-04T12:05:34.284+0000] {dag.py:3096} INFO - Sync 1 DAGs
[2025-09-04T12:05:34.294+0000] {logging_mixin.py:188} INFO - [2025-09-04T12:05:34.294+0000] {dag.py:3954} INFO - Setting next_dagrun for example_kubernetes_executor to None, run_after=None
[2025-09-04T12:05:34.309+0000] {processor.py:183} INFO - Processing /home/airflow/.local/lib/python3.12/site-packages/airflow/example_dags/example_kubernetes_executor.py took 0.075 seconds
[2025-09-04T12:06:34.635+0000] {processor.py:161} INFO - Started process (PID=61) to work on /home/airflow/.local/lib/python3.12/site-packages/airflow/example_dags/example_kubernetes_executor.py
[2025-09-04T12:06:34.637+0000] {processor.py:830} INFO - Processing file /home/airflow/.local/lib/python3.12/site-packages/airflow/example_dags/example_kubernetes_executor.py for tasks to queue
[2025-09-04T12:06:34.639+0000] {logging_mixin.py:188} INFO - [2025-09-04T12:06:34.639+0000] {dagbag.py:545} INFO - Filling up the DagBag from /home/airflow/.local/lib/python3.12/site-packages/airflow/example_dags/example_kubernetes_executor.py
[2025-09-04T12:06:34.663+0000] {processor.py:840} INFO - DAG(s) 'example_kubernetes_executor' retrieved from /home/airflow/.local/lib/python3.12/site-packages/airflow/example_dags/example_kubernetes_executor.py
[2025-09-04T12:06:34.685+0000] {logging_mixin.py:188} INFO - [2025-09-04T12:06:34.685+0000] {dag.py:3096} INFO - Sync 1 DAGs
[2025-09-04T12:06:34.701+0000] {logging_mixin.py:188} INFO - [2025-09-04T12:06:34.701+0000] {dag.py:3954} INFO - Setting next_dagrun for example_kubernetes_executor to None, run_after=None
[2025-09-04T12:06:34.723+0000] {processor.py:183} INFO - Processing /home/airflow/.local/lib/python3.12/site-packages/airflow/example_dags/example_kubernetes_executor.py took 0.096 seconds
[2025-09-04T12:07:05.207+0000] {processor.py:161} INFO - Started process (PID=119) to work on /home/airflow/.local/lib/python3.12/site-packages/airflow/example_dags/example_kubernetes_executor.py
[2025-09-04T12:07:05.209+0000] {processor.py:830} INFO - Processing file /home/airflow/.local/lib/python3.12/site-packages/airflow/example_dags/example_kubernetes_executor.py for tasks to queue
[2025-09-04T12:07:05.217+0000] {logging_mixin.py:188} INFO - [2025-09-04T12:07:05.216+0000] {dagbag.py:545} INFO - Filling up the DagBag from /home/airflow/.local/lib/python3.12/site-packages/airflow/example_dags/example_kubernetes_executor.py
[2025-09-04T12:07:05.234+0000] {processor.py:840} INFO - DAG(s) 'example_kubernetes_executor' retrieved from /home/airflow/.local/lib/python3.12/site-packages/airflow/example_dags/example_kubernetes_executor.py
[2025-09-04T12:07:05.366+0000] {logging_mixin.py:188} INFO - [2025-09-04T12:07:05.366+0000] {dag.py:3096} INFO - Sync 1 DAGs
[2025-09-04T12:07:05.378+0000] {logging_mixin.py:188} INFO - [2025-09-04T12:07:05.378+0000] {dag.py:3954} INFO - Setting next_dagrun for example_kubernetes_executor to None, run_after=None
[2025-09-04T12:07:05.401+0000] {processor.py:183} INFO - Processing /home/airflow/.local/lib/python3.12/site-packages/airflow/example_dags/example_kubernetes_executor.py took 0.199 seconds
[2025-09-04T12:07:35.732+0000] {processor.py:161} INFO - Started process (PID=177) to work on /home/airflow/.local/lib/python3.12/site-packages/airflow/example_dags/example_kubernetes_executor.py
[2025-09-04T12:07:35.735+0000] {processor.py:830} INFO - Processing file /home/airflow/.local/lib/python3.12/site-packages/airflow/example_dags/example_kubernetes_executor.py for tasks to queue
[2025-09-04T12:07:35.740+0000] {logging_mixin.py:188} INFO - [2025-09-04T12:07:35.739+0000] {dagbag.py:545} INFO - Filling up the DagBag from /home/airflow/.local/lib/python3.12/site-packages/airflow/example_dags/example_kubernetes_executor.py
[2025-09-04T12:07:35.764+0000] {processor.py:840} INFO - DAG(s) 'example_kubernetes_executor' retrieved from /home/airflow/.local/lib/python3.12/site-packages/airflow/example_dags/example_kubernetes_executor.py
[2025-09-04T12:07:35.833+0000] {logging_mixin.py:188} INFO - [2025-09-04T12:07:35.832+0000] {dag.py:3096} INFO - Sync 1 DAGs
[2025-09-04T12:07:35.856+0000] {logging_mixin.py:188} INFO - [2025-09-04T12:07:35.856+0000] {dag.py:3954} INFO - Setting next_dagrun for example_kubernetes_executor to None, run_after=None
[2025-09-04T12:07:35.881+0000] {processor.py:183} INFO - Processing /home/airflow/.local/lib/python3.12/site-packages/airflow/example_dags/example_kubernetes_executor.py took 0.161 seconds
[2025-09-04T12:08:06.262+0000] {processor.py:161} INFO - Started process (PID=235) to work on /home/airflow/.local/lib/python3.12/site-packages/airflow/example_dags/example_kubernetes_executor.py
[2025-09-04T12:08:06.263+0000] {processor.py:830} INFO - Processing file /home/airflow/.local/lib/python3.12/site-packages/airflow/example_dags/example_kubernetes_executor.py for tasks to queue
[2025-09-04T12:08:06.264+0000] {logging_mixin.py:188} INFO - [2025-09-04T12:08:06.264+0000] {dagbag.py:545} INFO - Filling up the DagBag from /home/airflow/.local/lib/python3.12/site-packages/airflow/example_dags/example_kubernetes_executor.py
[2025-09-04T12:08:06.273+0000] {processor.py:840} INFO - DAG(s) 'example_kubernetes_executor' retrieved from /home/airflow/.local/lib/python3.12/site-packages/airflow/example_dags/example_kubernetes_executor.py
[2025-09-04T12:08:06.301+0000] {logging_mixin.py:188} INFO - [2025-09-04T12:08:06.301+0000] {dag.py:3096} INFO - Sync 1 DAGs
[2025-09-04T12:08:06.316+0000] {logging_mixin.py:188} INFO - [2025-09-04T12:08:06.316+0000] {dag.py:3954} INFO - Setting next_dagrun for example_kubernetes_executor to None, run_after=None
[2025-09-04T12:08:06.347+0000] {processor.py:183} INFO - Processing /home/airflow/.local/lib/python3.12/site-packages/airflow/example_dags/example_kubernetes_executor.py took 0.090 seconds
[2025-09-04T12:08:37.070+0000] {processor.py:161} INFO - Started process (PID=293) to work on /home/airflow/.local/lib/python3.12/site-packages/airflow/example_dags/example_kubernetes_executor.py
[2025-09-04T12:08:37.072+0000] {processor.py:830} INFO - Processing file /home/airflow/.local/lib/python3.12/site-packages/airflow/example_dags/example_kubernetes_executor.py for tasks to queue
[2025-09-04T12:08:37.075+0000] {logging_mixin.py:188} INFO - [2025-09-04T12:08:37.075+0000] {dagbag.py:545} INFO - Filling up the DagBag from /home/airflow/.local/lib/python3.12/site-packages/airflow/example_dags/example_kubernetes_executor.py
[2025-09-04T12:08:37.089+0000] {processor.py:840} INFO - DAG(s) 'example_kubernetes_executor' retrieved from /home/airflow/.local/lib/python3.12/site-packages/airflow/example_dags/example_kubernetes_executor.py
[2025-09-04T12:08:37.123+0000] {logging_mixin.py:188} INFO - [2025-09-04T12:08:37.123+0000] {dag.py:3096} INFO - Sync 1 DAGs
[2025-09-04T12:08:37.139+0000] {logging_mixin.py:188} INFO - [2025-09-04T12:08:37.139+0000] {dag.py:3954} INFO - Setting next_dagrun for example_kubernetes_executor to None, run_after=None
[2025-09-04T12:08:37.164+0000] {processor.py:183} INFO - Processing /home/airflow/.local/lib/python3.12/site-packages/airflow/example_dags/example_kubernetes_executor.py took 0.103 seconds
