[2025-09-04T11:50:03.884+0000] {processor.py:161} INFO - Started process (PID=72) to work on /home/airflow/.local/lib/python3.12/site-packages/airflow/example_dags/example_display_name.py
[2025-09-04T11:50:03.885+0000] {processor.py:830} INFO - Processing file /home/airflow/.local/lib/python3.12/site-packages/airflow/example_dags/example_display_name.py for tasks to queue
[2025-09-04T11:50:03.887+0000] {logging_mixin.py:188} INFO - [2025-09-04T11:50:03.887+0000] {dagbag.py:545} INFO - Filling up the DagBag from /home/airflow/.local/lib/python3.12/site-packages/airflow/example_dags/example_display_name.py
[2025-09-04T11:50:03.898+0000] {processor.py:840} INFO - DAG(s) 'example_display_name' retrieved from /home/airflow/.local/lib/python3.12/site-packages/airflow/example_dags/example_display_name.py
[2025-09-04T11:50:04.039+0000] {logging_mixin.py:188} INFO - [2025-09-04T11:50:04.039+0000] {override.py:1829} INFO - Created Permission View: can edit on DAG:example_display_name
[2025-09-04T11:50:04.051+0000] {logging_mixin.py:188} INFO - [2025-09-04T11:50:04.051+0000] {override.py:1829} INFO - Created Permission View: can read on DAG:example_display_name
[2025-09-04T11:50:04.059+0000] {logging_mixin.py:188} INFO - [2025-09-04T11:50:04.058+0000] {override.py:1829} INFO - Created Permission View: can delete on DAG:example_display_name
[2025-09-04T11:50:04.060+0000] {logging_mixin.py:188} INFO - [2025-09-04T11:50:04.059+0000] {dag.py:3096} INFO - Sync 1 DAGs
[2025-09-04T11:50:04.073+0000] {logging_mixin.py:188} INFO - [2025-09-04T11:50:04.073+0000] {dag.py:3118} INFO - Creating ORM DAG for example_display_name
[2025-09-04T11:50:04.075+0000] {logging_mixin.py:188} INFO - [2025-09-04T11:50:04.074+0000] {dag.py:3954} INFO - Setting next_dagrun for example_display_name to None, run_after=None
[2025-09-04T11:50:04.095+0000] {processor.py:183} INFO - Processing /home/airflow/.local/lib/python3.12/site-packages/airflow/example_dags/example_display_name.py took 0.217 seconds
[2025-09-04T11:50:34.266+0000] {processor.py:161} INFO - Started process (PID=136) to work on /home/airflow/.local/lib/python3.12/site-packages/airflow/example_dags/example_display_name.py
[2025-09-04T11:50:34.269+0000] {processor.py:830} INFO - Processing file /home/airflow/.local/lib/python3.12/site-packages/airflow/example_dags/example_display_name.py for tasks to queue
[2025-09-04T11:50:34.273+0000] {logging_mixin.py:188} INFO - [2025-09-04T11:50:34.272+0000] {dagbag.py:545} INFO - Filling up the DagBag from /home/airflow/.local/lib/python3.12/site-packages/airflow/example_dags/example_display_name.py
[2025-09-04T11:50:34.280+0000] {processor.py:840} INFO - DAG(s) 'example_display_name' retrieved from /home/airflow/.local/lib/python3.12/site-packages/airflow/example_dags/example_display_name.py
[2025-09-04T11:50:34.304+0000] {logging_mixin.py:188} INFO - [2025-09-04T11:50:34.304+0000] {dag.py:3096} INFO - Sync 1 DAGs
[2025-09-04T11:50:34.317+0000] {logging_mixin.py:188} INFO - [2025-09-04T11:50:34.317+0000] {dag.py:3954} INFO - Setting next_dagrun for example_display_name to None, run_after=None
[2025-09-04T11:50:34.345+0000] {processor.py:183} INFO - Processing /home/airflow/.local/lib/python3.12/site-packages/airflow/example_dags/example_display_name.py took 0.085 seconds
[2025-09-04T11:51:05.047+0000] {processor.py:161} INFO - Started process (PID=193) to work on /home/airflow/.local/lib/python3.12/site-packages/airflow/example_dags/example_display_name.py
[2025-09-04T11:51:05.048+0000] {processor.py:830} INFO - Processing file /home/airflow/.local/lib/python3.12/site-packages/airflow/example_dags/example_display_name.py for tasks to queue
[2025-09-04T11:51:05.051+0000] {logging_mixin.py:188} INFO - [2025-09-04T11:51:05.050+0000] {dagbag.py:545} INFO - Filling up the DagBag from /home/airflow/.local/lib/python3.12/site-packages/airflow/example_dags/example_display_name.py
[2025-09-04T11:51:05.056+0000] {processor.py:840} INFO - DAG(s) 'example_display_name' retrieved from /home/airflow/.local/lib/python3.12/site-packages/airflow/example_dags/example_display_name.py
[2025-09-04T11:51:05.074+0000] {logging_mixin.py:188} INFO - [2025-09-04T11:51:05.074+0000] {dag.py:3096} INFO - Sync 1 DAGs
[2025-09-04T11:51:05.087+0000] {logging_mixin.py:188} INFO - [2025-09-04T11:51:05.087+0000] {dag.py:3954} INFO - Setting next_dagrun for example_display_name to None, run_after=None
[2025-09-04T11:51:05.107+0000] {processor.py:183} INFO - Processing /home/airflow/.local/lib/python3.12/site-packages/airflow/example_dags/example_display_name.py took 0.064 seconds
[2025-09-04T11:51:35.362+0000] {processor.py:161} INFO - Started process (PID=251) to work on /home/airflow/.local/lib/python3.12/site-packages/airflow/example_dags/example_display_name.py
[2025-09-04T11:51:35.364+0000] {processor.py:830} INFO - Processing file /home/airflow/.local/lib/python3.12/site-packages/airflow/example_dags/example_display_name.py for tasks to queue
[2025-09-04T11:51:35.365+0000] {logging_mixin.py:188} INFO - [2025-09-04T11:51:35.365+0000] {dagbag.py:545} INFO - Filling up the DagBag from /home/airflow/.local/lib/python3.12/site-packages/airflow/example_dags/example_display_name.py
[2025-09-04T11:51:35.370+0000] {processor.py:840} INFO - DAG(s) 'example_display_name' retrieved from /home/airflow/.local/lib/python3.12/site-packages/airflow/example_dags/example_display_name.py
[2025-09-04T11:51:35.386+0000] {logging_mixin.py:188} INFO - [2025-09-04T11:51:35.386+0000] {dag.py:3096} INFO - Sync 1 DAGs
[2025-09-04T11:51:35.396+0000] {logging_mixin.py:188} INFO - [2025-09-04T11:51:35.396+0000] {dag.py:3954} INFO - Setting next_dagrun for example_display_name to None, run_after=None
[2025-09-04T11:51:35.413+0000] {processor.py:183} INFO - Processing /home/airflow/.local/lib/python3.12/site-packages/airflow/example_dags/example_display_name.py took 0.056 seconds
[2025-09-04T11:52:06.086+0000] {processor.py:161} INFO - Started process (PID=309) to work on /home/airflow/.local/lib/python3.12/site-packages/airflow/example_dags/example_display_name.py
[2025-09-04T11:52:06.087+0000] {processor.py:830} INFO - Processing file /home/airflow/.local/lib/python3.12/site-packages/airflow/example_dags/example_display_name.py for tasks to queue
[2025-09-04T11:52:06.093+0000] {logging_mixin.py:188} INFO - [2025-09-04T11:52:06.092+0000] {dagbag.py:545} INFO - Filling up the DagBag from /home/airflow/.local/lib/python3.12/site-packages/airflow/example_dags/example_display_name.py
[2025-09-04T11:52:06.101+0000] {processor.py:840} INFO - DAG(s) 'example_display_name' retrieved from /home/airflow/.local/lib/python3.12/site-packages/airflow/example_dags/example_display_name.py
[2025-09-04T11:52:06.120+0000] {logging_mixin.py:188} INFO - [2025-09-04T11:52:06.120+0000] {dag.py:3096} INFO - Sync 1 DAGs
[2025-09-04T11:52:06.131+0000] {logging_mixin.py:188} INFO - [2025-09-04T11:52:06.131+0000] {dag.py:3954} INFO - Setting next_dagrun for example_display_name to None, run_after=None
[2025-09-04T11:52:06.146+0000] {processor.py:183} INFO - Processing /home/airflow/.local/lib/python3.12/site-packages/airflow/example_dags/example_display_name.py took 0.071 seconds
[2025-09-04T11:52:36.505+0000] {processor.py:161} INFO - Started process (PID=367) to work on /home/airflow/.local/lib/python3.12/site-packages/airflow/example_dags/example_display_name.py
[2025-09-04T11:52:36.506+0000] {processor.py:830} INFO - Processing file /home/airflow/.local/lib/python3.12/site-packages/airflow/example_dags/example_display_name.py for tasks to queue
[2025-09-04T11:52:36.511+0000] {logging_mixin.py:188} INFO - [2025-09-04T11:52:36.511+0000] {dagbag.py:545} INFO - Filling up the DagBag from /home/airflow/.local/lib/python3.12/site-packages/airflow/example_dags/example_display_name.py
[2025-09-04T11:52:36.520+0000] {processor.py:840} INFO - DAG(s) 'example_display_name' retrieved from /home/airflow/.local/lib/python3.12/site-packages/airflow/example_dags/example_display_name.py
[2025-09-04T11:52:36.541+0000] {logging_mixin.py:188} INFO - [2025-09-04T11:52:36.541+0000] {dag.py:3096} INFO - Sync 1 DAGs
[2025-09-04T11:52:36.555+0000] {logging_mixin.py:188} INFO - [2025-09-04T11:52:36.555+0000] {dag.py:3954} INFO - Setting next_dagrun for example_display_name to None, run_after=None
[2025-09-04T11:52:36.578+0000] {processor.py:183} INFO - Processing /home/airflow/.local/lib/python3.12/site-packages/airflow/example_dags/example_display_name.py took 0.082 seconds
[2025-09-04T11:53:06.712+0000] {processor.py:161} INFO - Started process (PID=425) to work on /home/airflow/.local/lib/python3.12/site-packages/airflow/example_dags/example_display_name.py
[2025-09-04T11:53:06.713+0000] {processor.py:830} INFO - Processing file /home/airflow/.local/lib/python3.12/site-packages/airflow/example_dags/example_display_name.py for tasks to queue
[2025-09-04T11:53:06.716+0000] {logging_mixin.py:188} INFO - [2025-09-04T11:53:06.715+0000] {dagbag.py:545} INFO - Filling up the DagBag from /home/airflow/.local/lib/python3.12/site-packages/airflow/example_dags/example_display_name.py
[2025-09-04T11:53:06.721+0000] {processor.py:840} INFO - DAG(s) 'example_display_name' retrieved from /home/airflow/.local/lib/python3.12/site-packages/airflow/example_dags/example_display_name.py
[2025-09-04T11:53:06.737+0000] {logging_mixin.py:188} INFO - [2025-09-04T11:53:06.737+0000] {dag.py:3096} INFO - Sync 1 DAGs
[2025-09-04T11:53:06.747+0000] {logging_mixin.py:188} INFO - [2025-09-04T11:53:06.746+0000] {dag.py:3954} INFO - Setting next_dagrun for example_display_name to None, run_after=None
[2025-09-04T11:53:06.761+0000] {processor.py:183} INFO - Processing /home/airflow/.local/lib/python3.12/site-packages/airflow/example_dags/example_display_name.py took 0.056 seconds
[2025-09-04T11:53:37.083+0000] {processor.py:161} INFO - Started process (PID=483) to work on /home/airflow/.local/lib/python3.12/site-packages/airflow/example_dags/example_display_name.py
[2025-09-04T11:53:37.085+0000] {processor.py:830} INFO - Processing file /home/airflow/.local/lib/python3.12/site-packages/airflow/example_dags/example_display_name.py for tasks to queue
[2025-09-04T11:53:37.086+0000] {logging_mixin.py:188} INFO - [2025-09-04T11:53:37.086+0000] {dagbag.py:545} INFO - Filling up the DagBag from /home/airflow/.local/lib/python3.12/site-packages/airflow/example_dags/example_display_name.py
[2025-09-04T11:53:37.091+0000] {processor.py:840} INFO - DAG(s) 'example_display_name' retrieved from /home/airflow/.local/lib/python3.12/site-packages/airflow/example_dags/example_display_name.py
[2025-09-04T11:53:37.111+0000] {logging_mixin.py:188} INFO - [2025-09-04T11:53:37.110+0000] {dag.py:3096} INFO - Sync 1 DAGs
[2025-09-04T11:53:37.122+0000] {logging_mixin.py:188} INFO - [2025-09-04T11:53:37.122+0000] {dag.py:3954} INFO - Setting next_dagrun for example_display_name to None, run_after=None
[2025-09-04T11:53:37.139+0000] {processor.py:183} INFO - Processing /home/airflow/.local/lib/python3.12/site-packages/airflow/example_dags/example_display_name.py took 0.061 seconds
[2025-09-04T11:54:08.109+0000] {processor.py:161} INFO - Started process (PID=541) to work on /home/airflow/.local/lib/python3.12/site-packages/airflow/example_dags/example_display_name.py
[2025-09-04T11:54:08.112+0000] {processor.py:830} INFO - Processing file /home/airflow/.local/lib/python3.12/site-packages/airflow/example_dags/example_display_name.py for tasks to queue
[2025-09-04T11:54:08.117+0000] {logging_mixin.py:188} INFO - [2025-09-04T11:54:08.116+0000] {dagbag.py:545} INFO - Filling up the DagBag from /home/airflow/.local/lib/python3.12/site-packages/airflow/example_dags/example_display_name.py
[2025-09-04T11:54:08.128+0000] {processor.py:840} INFO - DAG(s) 'example_display_name' retrieved from /home/airflow/.local/lib/python3.12/site-packages/airflow/example_dags/example_display_name.py
[2025-09-04T11:54:08.162+0000] {logging_mixin.py:188} INFO - [2025-09-04T11:54:08.162+0000] {dag.py:3096} INFO - Sync 1 DAGs
[2025-09-04T11:54:08.185+0000] {logging_mixin.py:188} INFO - [2025-09-04T11:54:08.185+0000] {dag.py:3954} INFO - Setting next_dagrun for example_display_name to None, run_after=None
[2025-09-04T11:54:08.207+0000] {processor.py:183} INFO - Processing /home/airflow/.local/lib/python3.12/site-packages/airflow/example_dags/example_display_name.py took 0.113 seconds
[2025-09-04T11:54:38.672+0000] {processor.py:161} INFO - Started process (PID=599) to work on /home/airflow/.local/lib/python3.12/site-packages/airflow/example_dags/example_display_name.py
[2025-09-04T11:54:38.674+0000] {processor.py:830} INFO - Processing file /home/airflow/.local/lib/python3.12/site-packages/airflow/example_dags/example_display_name.py for tasks to queue
[2025-09-04T11:54:38.677+0000] {logging_mixin.py:188} INFO - [2025-09-04T11:54:38.676+0000] {dagbag.py:545} INFO - Filling up the DagBag from /home/airflow/.local/lib/python3.12/site-packages/airflow/example_dags/example_display_name.py
[2025-09-04T11:54:38.686+0000] {processor.py:840} INFO - DAG(s) 'example_display_name' retrieved from /home/airflow/.local/lib/python3.12/site-packages/airflow/example_dags/example_display_name.py
[2025-09-04T11:54:38.719+0000] {logging_mixin.py:188} INFO - [2025-09-04T11:54:38.718+0000] {dag.py:3096} INFO - Sync 1 DAGs
[2025-09-04T11:54:38.742+0000] {logging_mixin.py:188} INFO - [2025-09-04T11:54:38.741+0000] {dag.py:3954} INFO - Setting next_dagrun for example_display_name to None, run_after=None
[2025-09-04T11:54:38.781+0000] {processor.py:183} INFO - Processing /home/airflow/.local/lib/python3.12/site-packages/airflow/example_dags/example_display_name.py took 0.119 seconds
[2025-09-04T11:55:09.148+0000] {processor.py:161} INFO - Started process (PID=657) to work on /home/airflow/.local/lib/python3.12/site-packages/airflow/example_dags/example_display_name.py
[2025-09-04T11:55:09.150+0000] {processor.py:830} INFO - Processing file /home/airflow/.local/lib/python3.12/site-packages/airflow/example_dags/example_display_name.py for tasks to queue
[2025-09-04T11:55:09.154+0000] {logging_mixin.py:188} INFO - [2025-09-04T11:55:09.154+0000] {dagbag.py:545} INFO - Filling up the DagBag from /home/airflow/.local/lib/python3.12/site-packages/airflow/example_dags/example_display_name.py
[2025-09-04T11:55:09.162+0000] {processor.py:840} INFO - DAG(s) 'example_display_name' retrieved from /home/airflow/.local/lib/python3.12/site-packages/airflow/example_dags/example_display_name.py
[2025-09-04T11:55:09.186+0000] {logging_mixin.py:188} INFO - [2025-09-04T11:55:09.186+0000] {dag.py:3096} INFO - Sync 1 DAGs
[2025-09-04T11:55:09.200+0000] {logging_mixin.py:188} INFO - [2025-09-04T11:55:09.199+0000] {dag.py:3954} INFO - Setting next_dagrun for example_display_name to None, run_after=None
[2025-09-04T11:55:09.224+0000] {processor.py:183} INFO - Processing /home/airflow/.local/lib/python3.12/site-packages/airflow/example_dags/example_display_name.py took 0.085 seconds
[2025-09-04T11:55:39.542+0000] {processor.py:161} INFO - Started process (PID=715) to work on /home/airflow/.local/lib/python3.12/site-packages/airflow/example_dags/example_display_name.py
[2025-09-04T11:55:39.544+0000] {processor.py:830} INFO - Processing file /home/airflow/.local/lib/python3.12/site-packages/airflow/example_dags/example_display_name.py for tasks to queue
[2025-09-04T11:55:39.547+0000] {logging_mixin.py:188} INFO - [2025-09-04T11:55:39.547+0000] {dagbag.py:545} INFO - Filling up the DagBag from /home/airflow/.local/lib/python3.12/site-packages/airflow/example_dags/example_display_name.py
[2025-09-04T11:55:39.558+0000] {processor.py:840} INFO - DAG(s) 'example_display_name' retrieved from /home/airflow/.local/lib/python3.12/site-packages/airflow/example_dags/example_display_name.py
[2025-09-04T11:55:39.582+0000] {logging_mixin.py:188} INFO - [2025-09-04T11:55:39.582+0000] {dag.py:3096} INFO - Sync 1 DAGs
[2025-09-04T11:55:39.598+0000] {logging_mixin.py:188} INFO - [2025-09-04T11:55:39.598+0000] {dag.py:3954} INFO - Setting next_dagrun for example_display_name to None, run_after=None
[2025-09-04T11:55:39.632+0000] {processor.py:183} INFO - Processing /home/airflow/.local/lib/python3.12/site-packages/airflow/example_dags/example_display_name.py took 0.100 seconds
[2025-09-04T11:56:10.020+0000] {processor.py:161} INFO - Started process (PID=773) to work on /home/airflow/.local/lib/python3.12/site-packages/airflow/example_dags/example_display_name.py
[2025-09-04T11:56:10.022+0000] {processor.py:830} INFO - Processing file /home/airflow/.local/lib/python3.12/site-packages/airflow/example_dags/example_display_name.py for tasks to queue
[2025-09-04T11:56:10.025+0000] {logging_mixin.py:188} INFO - [2025-09-04T11:56:10.025+0000] {dagbag.py:545} INFO - Filling up the DagBag from /home/airflow/.local/lib/python3.12/site-packages/airflow/example_dags/example_display_name.py
[2025-09-04T11:56:10.032+0000] {processor.py:840} INFO - DAG(s) 'example_display_name' retrieved from /home/airflow/.local/lib/python3.12/site-packages/airflow/example_dags/example_display_name.py
[2025-09-04T11:56:10.055+0000] {logging_mixin.py:188} INFO - [2025-09-04T11:56:10.054+0000] {dag.py:3096} INFO - Sync 1 DAGs
[2025-09-04T11:56:10.067+0000] {logging_mixin.py:188} INFO - [2025-09-04T11:56:10.067+0000] {dag.py:3954} INFO - Setting next_dagrun for example_display_name to None, run_after=None
[2025-09-04T11:56:10.090+0000] {processor.py:183} INFO - Processing /home/airflow/.local/lib/python3.12/site-packages/airflow/example_dags/example_display_name.py took 0.079 seconds
[2025-09-04T11:56:40.306+0000] {processor.py:161} INFO - Started process (PID=831) to work on /home/airflow/.local/lib/python3.12/site-packages/airflow/example_dags/example_display_name.py
[2025-09-04T11:56:40.308+0000] {processor.py:830} INFO - Processing file /home/airflow/.local/lib/python3.12/site-packages/airflow/example_dags/example_display_name.py for tasks to queue
[2025-09-04T11:56:40.316+0000] {logging_mixin.py:188} INFO - [2025-09-04T11:56:40.315+0000] {dagbag.py:545} INFO - Filling up the DagBag from /home/airflow/.local/lib/python3.12/site-packages/airflow/example_dags/example_display_name.py
[2025-09-04T11:56:40.330+0000] {processor.py:840} INFO - DAG(s) 'example_display_name' retrieved from /home/airflow/.local/lib/python3.12/site-packages/airflow/example_dags/example_display_name.py
[2025-09-04T11:56:40.364+0000] {logging_mixin.py:188} INFO - [2025-09-04T11:56:40.363+0000] {dag.py:3096} INFO - Sync 1 DAGs
[2025-09-04T11:56:40.389+0000] {logging_mixin.py:188} INFO - [2025-09-04T11:56:40.388+0000] {dag.py:3954} INFO - Setting next_dagrun for example_display_name to None, run_after=None
[2025-09-04T11:56:40.425+0000] {processor.py:183} INFO - Processing /home/airflow/.local/lib/python3.12/site-packages/airflow/example_dags/example_display_name.py took 0.132 seconds
[2025-09-04T11:57:10.721+0000] {processor.py:161} INFO - Started process (PID=889) to work on /home/airflow/.local/lib/python3.12/site-packages/airflow/example_dags/example_display_name.py
[2025-09-04T11:57:10.723+0000] {processor.py:830} INFO - Processing file /home/airflow/.local/lib/python3.12/site-packages/airflow/example_dags/example_display_name.py for tasks to queue
[2025-09-04T11:57:10.727+0000] {logging_mixin.py:188} INFO - [2025-09-04T11:57:10.727+0000] {dagbag.py:545} INFO - Filling up the DagBag from /home/airflow/.local/lib/python3.12/site-packages/airflow/example_dags/example_display_name.py
[2025-09-04T11:57:10.739+0000] {processor.py:840} INFO - DAG(s) 'example_display_name' retrieved from /home/airflow/.local/lib/python3.12/site-packages/airflow/example_dags/example_display_name.py
[2025-09-04T11:57:10.780+0000] {logging_mixin.py:188} INFO - [2025-09-04T11:57:10.780+0000] {dag.py:3096} INFO - Sync 1 DAGs
[2025-09-04T11:57:10.798+0000] {logging_mixin.py:188} INFO - [2025-09-04T11:57:10.798+0000] {dag.py:3954} INFO - Setting next_dagrun for example_display_name to None, run_after=None
[2025-09-04T11:57:10.834+0000] {processor.py:183} INFO - Processing /home/airflow/.local/lib/python3.12/site-packages/airflow/example_dags/example_display_name.py took 0.128 seconds
[2025-09-04T11:57:40.924+0000] {processor.py:161} INFO - Started process (PID=947) to work on /home/airflow/.local/lib/python3.12/site-packages/airflow/example_dags/example_display_name.py
[2025-09-04T11:57:40.925+0000] {processor.py:830} INFO - Processing file /home/airflow/.local/lib/python3.12/site-packages/airflow/example_dags/example_display_name.py for tasks to queue
[2025-09-04T11:57:40.928+0000] {logging_mixin.py:188} INFO - [2025-09-04T11:57:40.928+0000] {dagbag.py:545} INFO - Filling up the DagBag from /home/airflow/.local/lib/python3.12/site-packages/airflow/example_dags/example_display_name.py
[2025-09-04T11:57:40.933+0000] {processor.py:840} INFO - DAG(s) 'example_display_name' retrieved from /home/airflow/.local/lib/python3.12/site-packages/airflow/example_dags/example_display_name.py
[2025-09-04T11:57:40.952+0000] {logging_mixin.py:188} INFO - [2025-09-04T11:57:40.952+0000] {dag.py:3096} INFO - Sync 1 DAGs
[2025-09-04T11:57:40.962+0000] {logging_mixin.py:188} INFO - [2025-09-04T11:57:40.962+0000] {dag.py:3954} INFO - Setting next_dagrun for example_display_name to None, run_after=None
[2025-09-04T11:57:40.980+0000] {processor.py:183} INFO - Processing /home/airflow/.local/lib/python3.12/site-packages/airflow/example_dags/example_display_name.py took 0.064 seconds
[2025-09-04T11:58:11.028+0000] {processor.py:161} INFO - Started process (PID=1005) to work on /home/airflow/.local/lib/python3.12/site-packages/airflow/example_dags/example_display_name.py
[2025-09-04T11:58:11.029+0000] {processor.py:830} INFO - Processing file /home/airflow/.local/lib/python3.12/site-packages/airflow/example_dags/example_display_name.py for tasks to queue
[2025-09-04T11:58:11.031+0000] {logging_mixin.py:188} INFO - [2025-09-04T11:58:11.031+0000] {dagbag.py:545} INFO - Filling up the DagBag from /home/airflow/.local/lib/python3.12/site-packages/airflow/example_dags/example_display_name.py
[2025-09-04T11:58:11.037+0000] {processor.py:840} INFO - DAG(s) 'example_display_name' retrieved from /home/airflow/.local/lib/python3.12/site-packages/airflow/example_dags/example_display_name.py
[2025-09-04T11:58:11.061+0000] {logging_mixin.py:188} INFO - [2025-09-04T11:58:11.060+0000] {dag.py:3096} INFO - Sync 1 DAGs
[2025-09-04T11:58:11.078+0000] {logging_mixin.py:188} INFO - [2025-09-04T11:58:11.078+0000] {dag.py:3954} INFO - Setting next_dagrun for example_display_name to None, run_after=None
[2025-09-04T11:58:11.103+0000] {processor.py:183} INFO - Processing /home/airflow/.local/lib/python3.12/site-packages/airflow/example_dags/example_display_name.py took 0.081 seconds
[2025-09-04T11:58:42.223+0000] {processor.py:161} INFO - Started process (PID=1064) to work on /home/airflow/.local/lib/python3.12/site-packages/airflow/example_dags/example_display_name.py
[2025-09-04T11:58:42.225+0000] {processor.py:830} INFO - Processing file /home/airflow/.local/lib/python3.12/site-packages/airflow/example_dags/example_display_name.py for tasks to queue
[2025-09-04T11:58:42.228+0000] {logging_mixin.py:188} INFO - [2025-09-04T11:58:42.227+0000] {dagbag.py:545} INFO - Filling up the DagBag from /home/airflow/.local/lib/python3.12/site-packages/airflow/example_dags/example_display_name.py
[2025-09-04T11:58:42.241+0000] {processor.py:840} INFO - DAG(s) 'example_display_name' retrieved from /home/airflow/.local/lib/python3.12/site-packages/airflow/example_dags/example_display_name.py
[2025-09-04T11:58:42.264+0000] {logging_mixin.py:188} INFO - [2025-09-04T11:58:42.264+0000] {dag.py:3096} INFO - Sync 1 DAGs
[2025-09-04T11:58:42.279+0000] {logging_mixin.py:188} INFO - [2025-09-04T11:58:42.279+0000] {dag.py:3954} INFO - Setting next_dagrun for example_display_name to None, run_after=None
[2025-09-04T11:58:42.299+0000] {processor.py:183} INFO - Processing /home/airflow/.local/lib/python3.12/site-packages/airflow/example_dags/example_display_name.py took 0.084 seconds
[2025-09-04T11:59:13.013+0000] {processor.py:161} INFO - Started process (PID=1122) to work on /home/airflow/.local/lib/python3.12/site-packages/airflow/example_dags/example_display_name.py
[2025-09-04T11:59:13.016+0000] {processor.py:830} INFO - Processing file /home/airflow/.local/lib/python3.12/site-packages/airflow/example_dags/example_display_name.py for tasks to queue
[2025-09-04T11:59:13.022+0000] {logging_mixin.py:188} INFO - [2025-09-04T11:59:13.021+0000] {dagbag.py:545} INFO - Filling up the DagBag from /home/airflow/.local/lib/python3.12/site-packages/airflow/example_dags/example_display_name.py
[2025-09-04T11:59:13.031+0000] {processor.py:840} INFO - DAG(s) 'example_display_name' retrieved from /home/airflow/.local/lib/python3.12/site-packages/airflow/example_dags/example_display_name.py
[2025-09-04T11:59:13.059+0000] {logging_mixin.py:188} INFO - [2025-09-04T11:59:13.058+0000] {dag.py:3096} INFO - Sync 1 DAGs
[2025-09-04T11:59:13.077+0000] {logging_mixin.py:188} INFO - [2025-09-04T11:59:13.077+0000] {dag.py:3954} INFO - Setting next_dagrun for example_display_name to None, run_after=None
[2025-09-04T11:59:13.111+0000] {processor.py:183} INFO - Processing /home/airflow/.local/lib/python3.12/site-packages/airflow/example_dags/example_display_name.py took 0.112 seconds
[2025-09-04T11:59:43.318+0000] {processor.py:161} INFO - Started process (PID=1180) to work on /home/airflow/.local/lib/python3.12/site-packages/airflow/example_dags/example_display_name.py
[2025-09-04T11:59:43.319+0000] {processor.py:830} INFO - Processing file /home/airflow/.local/lib/python3.12/site-packages/airflow/example_dags/example_display_name.py for tasks to queue
[2025-09-04T11:59:43.324+0000] {logging_mixin.py:188} INFO - [2025-09-04T11:59:43.324+0000] {dagbag.py:545} INFO - Filling up the DagBag from /home/airflow/.local/lib/python3.12/site-packages/airflow/example_dags/example_display_name.py
[2025-09-04T11:59:43.331+0000] {processor.py:840} INFO - DAG(s) 'example_display_name' retrieved from /home/airflow/.local/lib/python3.12/site-packages/airflow/example_dags/example_display_name.py
[2025-09-04T11:59:43.352+0000] {logging_mixin.py:188} INFO - [2025-09-04T11:59:43.351+0000] {dag.py:3096} INFO - Sync 1 DAGs
[2025-09-04T11:59:43.363+0000] {logging_mixin.py:188} INFO - [2025-09-04T11:59:43.363+0000] {dag.py:3954} INFO - Setting next_dagrun for example_display_name to None, run_after=None
[2025-09-04T11:59:43.379+0000] {processor.py:183} INFO - Processing /home/airflow/.local/lib/python3.12/site-packages/airflow/example_dags/example_display_name.py took 0.066 seconds
[2025-09-04T12:01:31.554+0000] {processor.py:161} INFO - Started process (PID=66) to work on /home/airflow/.local/lib/python3.12/site-packages/airflow/example_dags/example_display_name.py
[2025-09-04T12:01:31.555+0000] {processor.py:830} INFO - Processing file /home/airflow/.local/lib/python3.12/site-packages/airflow/example_dags/example_display_name.py for tasks to queue
[2025-09-04T12:01:31.559+0000] {logging_mixin.py:188} INFO - [2025-09-04T12:01:31.558+0000] {dagbag.py:545} INFO - Filling up the DagBag from /home/airflow/.local/lib/python3.12/site-packages/airflow/example_dags/example_display_name.py
[2025-09-04T12:01:31.568+0000] {processor.py:840} INFO - DAG(s) 'example_display_name' retrieved from /home/airflow/.local/lib/python3.12/site-packages/airflow/example_dags/example_display_name.py
[2025-09-04T12:01:31.682+0000] {logging_mixin.py:188} INFO - [2025-09-04T12:01:31.681+0000] {dag.py:3096} INFO - Sync 1 DAGs
[2025-09-04T12:01:31.692+0000] {logging_mixin.py:188} INFO - [2025-09-04T12:01:31.692+0000] {dag.py:3954} INFO - Setting next_dagrun for example_display_name to None, run_after=None
[2025-09-04T12:01:31.734+0000] {processor.py:183} INFO - Processing /home/airflow/.local/lib/python3.12/site-packages/airflow/example_dags/example_display_name.py took 0.188 seconds
[2025-09-04T12:02:01.909+0000] {processor.py:161} INFO - Started process (PID=124) to work on /home/airflow/.local/lib/python3.12/site-packages/airflow/example_dags/example_display_name.py
[2025-09-04T12:02:01.911+0000] {processor.py:830} INFO - Processing file /home/airflow/.local/lib/python3.12/site-packages/airflow/example_dags/example_display_name.py for tasks to queue
[2025-09-04T12:02:01.916+0000] {logging_mixin.py:188} INFO - [2025-09-04T12:02:01.915+0000] {dagbag.py:545} INFO - Filling up the DagBag from /home/airflow/.local/lib/python3.12/site-packages/airflow/example_dags/example_display_name.py
[2025-09-04T12:02:01.928+0000] {processor.py:840} INFO - DAG(s) 'example_display_name' retrieved from /home/airflow/.local/lib/python3.12/site-packages/airflow/example_dags/example_display_name.py
[2025-09-04T12:02:01.954+0000] {logging_mixin.py:188} INFO - [2025-09-04T12:02:01.954+0000] {dag.py:3096} INFO - Sync 1 DAGs
[2025-09-04T12:02:01.968+0000] {logging_mixin.py:188} INFO - [2025-09-04T12:02:01.968+0000] {dag.py:3954} INFO - Setting next_dagrun for example_display_name to None, run_after=None
[2025-09-04T12:02:02.016+0000] {processor.py:183} INFO - Processing /home/airflow/.local/lib/python3.12/site-packages/airflow/example_dags/example_display_name.py took 0.120 seconds
[2025-09-04T12:02:32.307+0000] {processor.py:161} INFO - Started process (PID=182) to work on /home/airflow/.local/lib/python3.12/site-packages/airflow/example_dags/example_display_name.py
[2025-09-04T12:02:32.309+0000] {processor.py:830} INFO - Processing file /home/airflow/.local/lib/python3.12/site-packages/airflow/example_dags/example_display_name.py for tasks to queue
[2025-09-04T12:02:32.311+0000] {logging_mixin.py:188} INFO - [2025-09-04T12:02:32.311+0000] {dagbag.py:545} INFO - Filling up the DagBag from /home/airflow/.local/lib/python3.12/site-packages/airflow/example_dags/example_display_name.py
[2025-09-04T12:02:32.316+0000] {processor.py:840} INFO - DAG(s) 'example_display_name' retrieved from /home/airflow/.local/lib/python3.12/site-packages/airflow/example_dags/example_display_name.py
[2025-09-04T12:02:32.336+0000] {logging_mixin.py:188} INFO - [2025-09-04T12:02:32.336+0000] {dag.py:3096} INFO - Sync 1 DAGs
[2025-09-04T12:02:32.349+0000] {logging_mixin.py:188} INFO - [2025-09-04T12:02:32.349+0000] {dag.py:3954} INFO - Setting next_dagrun for example_display_name to None, run_after=None
[2025-09-04T12:02:32.376+0000] {processor.py:183} INFO - Processing /home/airflow/.local/lib/python3.12/site-packages/airflow/example_dags/example_display_name.py took 0.074 seconds
[2025-09-04T12:03:02.451+0000] {processor.py:161} INFO - Started process (PID=239) to work on /home/airflow/.local/lib/python3.12/site-packages/airflow/example_dags/example_display_name.py
[2025-09-04T12:03:02.454+0000] {processor.py:830} INFO - Processing file /home/airflow/.local/lib/python3.12/site-packages/airflow/example_dags/example_display_name.py for tasks to queue
[2025-09-04T12:03:02.456+0000] {logging_mixin.py:188} INFO - [2025-09-04T12:03:02.456+0000] {dagbag.py:545} INFO - Filling up the DagBag from /home/airflow/.local/lib/python3.12/site-packages/airflow/example_dags/example_display_name.py
[2025-09-04T12:03:02.464+0000] {processor.py:840} INFO - DAG(s) 'example_display_name' retrieved from /home/airflow/.local/lib/python3.12/site-packages/airflow/example_dags/example_display_name.py
[2025-09-04T12:03:02.482+0000] {logging_mixin.py:188} INFO - [2025-09-04T12:03:02.482+0000] {dag.py:3096} INFO - Sync 1 DAGs
[2025-09-04T12:03:02.493+0000] {logging_mixin.py:188} INFO - [2025-09-04T12:03:02.493+0000] {dag.py:3954} INFO - Setting next_dagrun for example_display_name to None, run_after=None
[2025-09-04T12:03:02.510+0000] {processor.py:183} INFO - Processing /home/airflow/.local/lib/python3.12/site-packages/airflow/example_dags/example_display_name.py took 0.072 seconds
[2025-09-04T12:03:32.930+0000] {processor.py:161} INFO - Started process (PID=298) to work on /home/airflow/.local/lib/python3.12/site-packages/airflow/example_dags/example_display_name.py
[2025-09-04T12:03:32.932+0000] {processor.py:830} INFO - Processing file /home/airflow/.local/lib/python3.12/site-packages/airflow/example_dags/example_display_name.py for tasks to queue
[2025-09-04T12:03:32.934+0000] {logging_mixin.py:188} INFO - [2025-09-04T12:03:32.934+0000] {dagbag.py:545} INFO - Filling up the DagBag from /home/airflow/.local/lib/python3.12/site-packages/airflow/example_dags/example_display_name.py
[2025-09-04T12:03:32.942+0000] {processor.py:840} INFO - DAG(s) 'example_display_name' retrieved from /home/airflow/.local/lib/python3.12/site-packages/airflow/example_dags/example_display_name.py
[2025-09-04T12:03:32.969+0000] {logging_mixin.py:188} INFO - [2025-09-04T12:03:32.969+0000] {dag.py:3096} INFO - Sync 1 DAGs
[2025-09-04T12:03:32.984+0000] {logging_mixin.py:188} INFO - [2025-09-04T12:03:32.983+0000] {dag.py:3954} INFO - Setting next_dagrun for example_display_name to None, run_after=None
[2025-09-04T12:03:33.003+0000] {processor.py:183} INFO - Processing /home/airflow/.local/lib/python3.12/site-packages/airflow/example_dags/example_display_name.py took 0.079 seconds
[2025-09-04T12:04:03.750+0000] {processor.py:161} INFO - Started process (PID=362) to work on /home/airflow/.local/lib/python3.12/site-packages/airflow/example_dags/example_display_name.py
[2025-09-04T12:04:03.752+0000] {processor.py:830} INFO - Processing file /home/airflow/.local/lib/python3.12/site-packages/airflow/example_dags/example_display_name.py for tasks to queue
[2025-09-04T12:04:03.756+0000] {logging_mixin.py:188} INFO - [2025-09-04T12:04:03.755+0000] {dagbag.py:545} INFO - Filling up the DagBag from /home/airflow/.local/lib/python3.12/site-packages/airflow/example_dags/example_display_name.py
[2025-09-04T12:04:03.764+0000] {processor.py:840} INFO - DAG(s) 'example_display_name' retrieved from /home/airflow/.local/lib/python3.12/site-packages/airflow/example_dags/example_display_name.py
[2025-09-04T12:04:03.791+0000] {logging_mixin.py:188} INFO - [2025-09-04T12:04:03.790+0000] {dag.py:3096} INFO - Sync 1 DAGs
[2025-09-04T12:04:03.806+0000] {logging_mixin.py:188} INFO - [2025-09-04T12:04:03.805+0000] {dag.py:3954} INFO - Setting next_dagrun for example_display_name to None, run_after=None
[2025-09-04T12:04:03.830+0000] {processor.py:183} INFO - Processing /home/airflow/.local/lib/python3.12/site-packages/airflow/example_dags/example_display_name.py took 0.090 seconds
[2025-09-04T12:04:34.088+0000] {processor.py:161} INFO - Started process (PID=420) to work on /home/airflow/.local/lib/python3.12/site-packages/airflow/example_dags/example_display_name.py
[2025-09-04T12:04:34.090+0000] {processor.py:830} INFO - Processing file /home/airflow/.local/lib/python3.12/site-packages/airflow/example_dags/example_display_name.py for tasks to queue
[2025-09-04T12:04:34.092+0000] {logging_mixin.py:188} INFO - [2025-09-04T12:04:34.092+0000] {dagbag.py:545} INFO - Filling up the DagBag from /home/airflow/.local/lib/python3.12/site-packages/airflow/example_dags/example_display_name.py
[2025-09-04T12:04:34.098+0000] {processor.py:840} INFO - DAG(s) 'example_display_name' retrieved from /home/airflow/.local/lib/python3.12/site-packages/airflow/example_dags/example_display_name.py
[2025-09-04T12:04:34.115+0000] {logging_mixin.py:188} INFO - [2025-09-04T12:04:34.115+0000] {dag.py:3096} INFO - Sync 1 DAGs
[2025-09-04T12:04:34.129+0000] {logging_mixin.py:188} INFO - [2025-09-04T12:04:34.128+0000] {dag.py:3954} INFO - Setting next_dagrun for example_display_name to None, run_after=None
[2025-09-04T12:04:34.154+0000] {processor.py:183} INFO - Processing /home/airflow/.local/lib/python3.12/site-packages/airflow/example_dags/example_display_name.py took 0.072 seconds
[2025-09-04T12:05:04.665+0000] {processor.py:161} INFO - Started process (PID=478) to work on /home/airflow/.local/lib/python3.12/site-packages/airflow/example_dags/example_display_name.py
[2025-09-04T12:05:04.666+0000] {processor.py:830} INFO - Processing file /home/airflow/.local/lib/python3.12/site-packages/airflow/example_dags/example_display_name.py for tasks to queue
[2025-09-04T12:05:04.669+0000] {logging_mixin.py:188} INFO - [2025-09-04T12:05:04.669+0000] {dagbag.py:545} INFO - Filling up the DagBag from /home/airflow/.local/lib/python3.12/site-packages/airflow/example_dags/example_display_name.py
[2025-09-04T12:05:04.677+0000] {processor.py:840} INFO - DAG(s) 'example_display_name' retrieved from /home/airflow/.local/lib/python3.12/site-packages/airflow/example_dags/example_display_name.py
[2025-09-04T12:05:04.708+0000] {logging_mixin.py:188} INFO - [2025-09-04T12:05:04.707+0000] {dag.py:3096} INFO - Sync 1 DAGs
[2025-09-04T12:05:04.725+0000] {logging_mixin.py:188} INFO - [2025-09-04T12:05:04.724+0000] {dag.py:3954} INFO - Setting next_dagrun for example_display_name to None, run_after=None
[2025-09-04T12:05:04.745+0000] {processor.py:183} INFO - Processing /home/airflow/.local/lib/python3.12/site-packages/airflow/example_dags/example_display_name.py took 0.087 seconds
[2025-09-04T12:05:34.871+0000] {processor.py:161} INFO - Started process (PID=536) to work on /home/airflow/.local/lib/python3.12/site-packages/airflow/example_dags/example_display_name.py
[2025-09-04T12:05:34.873+0000] {processor.py:830} INFO - Processing file /home/airflow/.local/lib/python3.12/site-packages/airflow/example_dags/example_display_name.py for tasks to queue
[2025-09-04T12:05:34.876+0000] {logging_mixin.py:188} INFO - [2025-09-04T12:05:34.876+0000] {dagbag.py:545} INFO - Filling up the DagBag from /home/airflow/.local/lib/python3.12/site-packages/airflow/example_dags/example_display_name.py
[2025-09-04T12:05:34.883+0000] {processor.py:840} INFO - DAG(s) 'example_display_name' retrieved from /home/airflow/.local/lib/python3.12/site-packages/airflow/example_dags/example_display_name.py
[2025-09-04T12:05:34.903+0000] {logging_mixin.py:188} INFO - [2025-09-04T12:05:34.902+0000] {dag.py:3096} INFO - Sync 1 DAGs
[2025-09-04T12:05:34.919+0000] {logging_mixin.py:188} INFO - [2025-09-04T12:05:34.919+0000] {dag.py:3954} INFO - Setting next_dagrun for example_display_name to None, run_after=None
[2025-09-04T12:05:34.948+0000] {processor.py:183} INFO - Processing /home/airflow/.local/lib/python3.12/site-packages/airflow/example_dags/example_display_name.py took 0.084 seconds
[2025-09-04T12:06:35.349+0000] {processor.py:161} INFO - Started process (PID=72) to work on /home/airflow/.local/lib/python3.12/site-packages/airflow/example_dags/example_display_name.py
[2025-09-04T12:06:35.352+0000] {processor.py:830} INFO - Processing file /home/airflow/.local/lib/python3.12/site-packages/airflow/example_dags/example_display_name.py for tasks to queue
[2025-09-04T12:06:35.356+0000] {logging_mixin.py:188} INFO - [2025-09-04T12:06:35.356+0000] {dagbag.py:545} INFO - Filling up the DagBag from /home/airflow/.local/lib/python3.12/site-packages/airflow/example_dags/example_display_name.py
[2025-09-04T12:06:35.369+0000] {processor.py:840} INFO - DAG(s) 'example_display_name' retrieved from /home/airflow/.local/lib/python3.12/site-packages/airflow/example_dags/example_display_name.py
[2025-09-04T12:06:35.388+0000] {logging_mixin.py:188} INFO - [2025-09-04T12:06:35.388+0000] {dag.py:3096} INFO - Sync 1 DAGs
[2025-09-04T12:06:35.404+0000] {logging_mixin.py:188} INFO - [2025-09-04T12:06:35.404+0000] {dag.py:3954} INFO - Setting next_dagrun for example_display_name to None, run_after=None
[2025-09-04T12:06:35.425+0000] {processor.py:183} INFO - Processing /home/airflow/.local/lib/python3.12/site-packages/airflow/example_dags/example_display_name.py took 0.083 seconds
[2025-09-04T12:07:06.777+0000] {processor.py:161} INFO - Started process (PID=130) to work on /home/airflow/.local/lib/python3.12/site-packages/airflow/example_dags/example_display_name.py
[2025-09-04T12:07:06.778+0000] {processor.py:830} INFO - Processing file /home/airflow/.local/lib/python3.12/site-packages/airflow/example_dags/example_display_name.py for tasks to queue
[2025-09-04T12:07:06.780+0000] {logging_mixin.py:188} INFO - [2025-09-04T12:07:06.780+0000] {dagbag.py:545} INFO - Filling up the DagBag from /home/airflow/.local/lib/python3.12/site-packages/airflow/example_dags/example_display_name.py
[2025-09-04T12:07:06.785+0000] {processor.py:840} INFO - DAG(s) 'example_display_name' retrieved from /home/airflow/.local/lib/python3.12/site-packages/airflow/example_dags/example_display_name.py
[2025-09-04T12:07:06.872+0000] {logging_mixin.py:188} INFO - [2025-09-04T12:07:06.871+0000] {dag.py:3096} INFO - Sync 1 DAGs
[2025-09-04T12:07:06.898+0000] {logging_mixin.py:188} INFO - [2025-09-04T12:07:06.897+0000] {dag.py:3954} INFO - Setting next_dagrun for example_display_name to None, run_after=None
[2025-09-04T12:07:06.950+0000] {processor.py:183} INFO - Processing /home/airflow/.local/lib/python3.12/site-packages/airflow/example_dags/example_display_name.py took 0.177 seconds
[2025-09-04T12:07:37.148+0000] {processor.py:161} INFO - Started process (PID=188) to work on /home/airflow/.local/lib/python3.12/site-packages/airflow/example_dags/example_display_name.py
[2025-09-04T12:07:37.150+0000] {processor.py:830} INFO - Processing file /home/airflow/.local/lib/python3.12/site-packages/airflow/example_dags/example_display_name.py for tasks to queue
[2025-09-04T12:07:37.152+0000] {logging_mixin.py:188} INFO - [2025-09-04T12:07:37.152+0000] {dagbag.py:545} INFO - Filling up the DagBag from /home/airflow/.local/lib/python3.12/site-packages/airflow/example_dags/example_display_name.py
[2025-09-04T12:07:37.160+0000] {processor.py:840} INFO - DAG(s) 'example_display_name' retrieved from /home/airflow/.local/lib/python3.12/site-packages/airflow/example_dags/example_display_name.py
[2025-09-04T12:07:37.182+0000] {logging_mixin.py:188} INFO - [2025-09-04T12:07:37.182+0000] {dag.py:3096} INFO - Sync 1 DAGs
[2025-09-04T12:07:37.198+0000] {logging_mixin.py:188} INFO - [2025-09-04T12:07:37.197+0000] {dag.py:3954} INFO - Setting next_dagrun for example_display_name to None, run_after=None
[2025-09-04T12:07:37.224+0000] {processor.py:183} INFO - Processing /home/airflow/.local/lib/python3.12/site-packages/airflow/example_dags/example_display_name.py took 0.084 seconds
[2025-09-04T12:08:08.026+0000] {processor.py:161} INFO - Started process (PID=246) to work on /home/airflow/.local/lib/python3.12/site-packages/airflow/example_dags/example_display_name.py
[2025-09-04T12:08:08.027+0000] {processor.py:830} INFO - Processing file /home/airflow/.local/lib/python3.12/site-packages/airflow/example_dags/example_display_name.py for tasks to queue
[2025-09-04T12:08:08.029+0000] {logging_mixin.py:188} INFO - [2025-09-04T12:08:08.029+0000] {dagbag.py:545} INFO - Filling up the DagBag from /home/airflow/.local/lib/python3.12/site-packages/airflow/example_dags/example_display_name.py
[2025-09-04T12:08:08.034+0000] {processor.py:840} INFO - DAG(s) 'example_display_name' retrieved from /home/airflow/.local/lib/python3.12/site-packages/airflow/example_dags/example_display_name.py
[2025-09-04T12:08:08.048+0000] {logging_mixin.py:188} INFO - [2025-09-04T12:08:08.047+0000] {dag.py:3096} INFO - Sync 1 DAGs
[2025-09-04T12:08:08.057+0000] {logging_mixin.py:188} INFO - [2025-09-04T12:08:08.057+0000] {dag.py:3954} INFO - Setting next_dagrun for example_display_name to None, run_after=None
[2025-09-04T12:08:08.075+0000] {processor.py:183} INFO - Processing /home/airflow/.local/lib/python3.12/site-packages/airflow/example_dags/example_display_name.py took 0.053 seconds
[2025-09-04T12:08:38.761+0000] {processor.py:161} INFO - Started process (PID=310) to work on /home/airflow/.local/lib/python3.12/site-packages/airflow/example_dags/example_display_name.py
[2025-09-04T12:08:38.762+0000] {processor.py:830} INFO - Processing file /home/airflow/.local/lib/python3.12/site-packages/airflow/example_dags/example_display_name.py for tasks to queue
[2025-09-04T12:08:38.765+0000] {logging_mixin.py:188} INFO - [2025-09-04T12:08:38.765+0000] {dagbag.py:545} INFO - Filling up the DagBag from /home/airflow/.local/lib/python3.12/site-packages/airflow/example_dags/example_display_name.py
[2025-09-04T12:08:38.775+0000] {processor.py:840} INFO - DAG(s) 'example_display_name' retrieved from /home/airflow/.local/lib/python3.12/site-packages/airflow/example_dags/example_display_name.py
[2025-09-04T12:08:38.800+0000] {logging_mixin.py:188} INFO - [2025-09-04T12:08:38.800+0000] {dag.py:3096} INFO - Sync 1 DAGs
[2025-09-04T12:08:38.817+0000] {logging_mixin.py:188} INFO - [2025-09-04T12:08:38.816+0000] {dag.py:3954} INFO - Setting next_dagrun for example_display_name to None, run_after=None
[2025-09-04T12:08:38.840+0000] {processor.py:183} INFO - Processing /home/airflow/.local/lib/python3.12/site-packages/airflow/example_dags/example_display_name.py took 0.088 seconds
