[2025-09-04T11:50:02.641+0000] {processor.py:161} INFO - Started process (PID=63) to work on /home/airflow/.local/lib/python3.12/site-packages/airflow/example_dags/example_branch_labels.py
[2025-09-04T11:50:02.643+0000] {processor.py:830} INFO - Processing file /home/airflow/.local/lib/python3.12/site-packages/airflow/example_dags/example_branch_labels.py for tasks to queue
[2025-09-04T11:50:02.646+0000] {logging_mixin.py:188} INFO - [2025-09-04T11:50:02.645+0000] {dagbag.py:545} INFO - Filling up the DagBag from /home/airflow/.local/lib/python3.12/site-packages/airflow/example_dags/example_branch_labels.py
[2025-09-04T11:50:02.669+0000] {processor.py:840} INFO - DAG(s) 'example_branch_labels' retrieved from /home/airflow/.local/lib/python3.12/site-packages/airflow/example_dags/example_branch_labels.py
[2025-09-04T11:50:02.824+0000] {logging_mixin.py:188} INFO - [2025-09-04T11:50:02.823+0000] {override.py:1829} INFO - Created Permission View: can edit on DAG:example_branch_labels
[2025-09-04T11:50:02.836+0000] {logging_mixin.py:188} INFO - [2025-09-04T11:50:02.835+0000] {override.py:1829} INFO - Created Permission View: can read on DAG:example_branch_labels
[2025-09-04T11:50:02.844+0000] {logging_mixin.py:188} INFO - [2025-09-04T11:50:02.844+0000] {override.py:1829} INFO - Created Permission View: can delete on DAG:example_branch_labels
[2025-09-04T11:50:02.845+0000] {logging_mixin.py:188} INFO - [2025-09-04T11:50:02.845+0000] {dag.py:3096} INFO - Sync 1 DAGs
[2025-09-04T11:50:02.858+0000] {logging_mixin.py:188} INFO - [2025-09-04T11:50:02.858+0000] {dag.py:3118} INFO - Creating ORM DAG for example_branch_labels
[2025-09-04T11:50:02.873+0000] {logging_mixin.py:188} INFO - [2025-09-04T11:50:02.872+0000] {dag.py:3954} INFO - Setting next_dagrun for example_branch_labels to 2025-09-03 00:00:00+00:00, run_after=2025-09-04 00:00:00+00:00
[2025-09-04T11:50:02.894+0000] {processor.py:183} INFO - Processing /home/airflow/.local/lib/python3.12/site-packages/airflow/example_dags/example_branch_labels.py took 0.266 seconds
[2025-09-04T11:50:33.016+0000] {processor.py:161} INFO - Started process (PID=121) to work on /home/airflow/.local/lib/python3.12/site-packages/airflow/example_dags/example_branch_labels.py
[2025-09-04T11:50:33.022+0000] {processor.py:830} INFO - Processing file /home/airflow/.local/lib/python3.12/site-packages/airflow/example_dags/example_branch_labels.py for tasks to queue
[2025-09-04T11:50:33.028+0000] {logging_mixin.py:188} INFO - [2025-09-04T11:50:33.027+0000] {dagbag.py:545} INFO - Filling up the DagBag from /home/airflow/.local/lib/python3.12/site-packages/airflow/example_dags/example_branch_labels.py
[2025-09-04T11:50:33.047+0000] {processor.py:840} INFO - DAG(s) 'example_branch_labels' retrieved from /home/airflow/.local/lib/python3.12/site-packages/airflow/example_dags/example_branch_labels.py
[2025-09-04T11:50:33.070+0000] {logging_mixin.py:188} INFO - [2025-09-04T11:50:33.070+0000] {dag.py:3096} INFO - Sync 1 DAGs
[2025-09-04T11:50:33.098+0000] {logging_mixin.py:188} INFO - [2025-09-04T11:50:33.097+0000] {dag.py:3954} INFO - Setting next_dagrun for example_branch_labels to 2025-09-03 00:00:00+00:00, run_after=2025-09-04 00:00:00+00:00
[2025-09-04T11:50:33.122+0000] {processor.py:183} INFO - Processing /home/airflow/.local/lib/python3.12/site-packages/airflow/example_dags/example_branch_labels.py took 0.128 seconds
[2025-09-04T11:51:03.545+0000] {processor.py:161} INFO - Started process (PID=179) to work on /home/airflow/.local/lib/python3.12/site-packages/airflow/example_dags/example_branch_labels.py
[2025-09-04T11:51:03.546+0000] {processor.py:830} INFO - Processing file /home/airflow/.local/lib/python3.12/site-packages/airflow/example_dags/example_branch_labels.py for tasks to queue
[2025-09-04T11:51:03.548+0000] {logging_mixin.py:188} INFO - [2025-09-04T11:51:03.548+0000] {dagbag.py:545} INFO - Filling up the DagBag from /home/airflow/.local/lib/python3.12/site-packages/airflow/example_dags/example_branch_labels.py
[2025-09-04T11:51:03.556+0000] {processor.py:840} INFO - DAG(s) 'example_branch_labels' retrieved from /home/airflow/.local/lib/python3.12/site-packages/airflow/example_dags/example_branch_labels.py
[2025-09-04T11:51:03.574+0000] {logging_mixin.py:188} INFO - [2025-09-04T11:51:03.574+0000] {dag.py:3096} INFO - Sync 1 DAGs
[2025-09-04T11:51:03.593+0000] {logging_mixin.py:188} INFO - [2025-09-04T11:51:03.592+0000] {dag.py:3954} INFO - Setting next_dagrun for example_branch_labels to 2025-09-03 00:00:00+00:00, run_after=2025-09-04 00:00:00+00:00
[2025-09-04T11:51:03.609+0000] {processor.py:183} INFO - Processing /home/airflow/.local/lib/python3.12/site-packages/airflow/example_dags/example_branch_labels.py took 0.071 seconds
[2025-09-04T11:51:33.866+0000] {processor.py:161} INFO - Started process (PID=236) to work on /home/airflow/.local/lib/python3.12/site-packages/airflow/example_dags/example_branch_labels.py
[2025-09-04T11:51:33.867+0000] {processor.py:830} INFO - Processing file /home/airflow/.local/lib/python3.12/site-packages/airflow/example_dags/example_branch_labels.py for tasks to queue
[2025-09-04T11:51:33.869+0000] {logging_mixin.py:188} INFO - [2025-09-04T11:51:33.869+0000] {dagbag.py:545} INFO - Filling up the DagBag from /home/airflow/.local/lib/python3.12/site-packages/airflow/example_dags/example_branch_labels.py
[2025-09-04T11:51:33.875+0000] {processor.py:840} INFO - DAG(s) 'example_branch_labels' retrieved from /home/airflow/.local/lib/python3.12/site-packages/airflow/example_dags/example_branch_labels.py
[2025-09-04T11:51:33.893+0000] {logging_mixin.py:188} INFO - [2025-09-04T11:51:33.893+0000] {dag.py:3096} INFO - Sync 1 DAGs
[2025-09-04T11:51:33.913+0000] {logging_mixin.py:188} INFO - [2025-09-04T11:51:33.912+0000] {dag.py:3954} INFO - Setting next_dagrun for example_branch_labels to 2025-09-03 00:00:00+00:00, run_after=2025-09-04 00:00:00+00:00
[2025-09-04T11:51:33.926+0000] {processor.py:183} INFO - Processing /home/airflow/.local/lib/python3.12/site-packages/airflow/example_dags/example_branch_labels.py took 0.065 seconds
[2025-09-04T11:52:04.455+0000] {processor.py:161} INFO - Started process (PID=300) to work on /home/airflow/.local/lib/python3.12/site-packages/airflow/example_dags/example_branch_labels.py
[2025-09-04T11:52:04.456+0000] {processor.py:830} INFO - Processing file /home/airflow/.local/lib/python3.12/site-packages/airflow/example_dags/example_branch_labels.py for tasks to queue
[2025-09-04T11:52:04.460+0000] {logging_mixin.py:188} INFO - [2025-09-04T11:52:04.459+0000] {dagbag.py:545} INFO - Filling up the DagBag from /home/airflow/.local/lib/python3.12/site-packages/airflow/example_dags/example_branch_labels.py
[2025-09-04T11:52:04.467+0000] {processor.py:840} INFO - DAG(s) 'example_branch_labels' retrieved from /home/airflow/.local/lib/python3.12/site-packages/airflow/example_dags/example_branch_labels.py
[2025-09-04T11:52:04.487+0000] {logging_mixin.py:188} INFO - [2025-09-04T11:52:04.487+0000] {dag.py:3096} INFO - Sync 1 DAGs
[2025-09-04T11:52:04.510+0000] {logging_mixin.py:188} INFO - [2025-09-04T11:52:04.510+0000] {dag.py:3954} INFO - Setting next_dagrun for example_branch_labels to 2025-09-03 00:00:00+00:00, run_after=2025-09-04 00:00:00+00:00
[2025-09-04T11:52:04.539+0000] {processor.py:183} INFO - Processing /home/airflow/.local/lib/python3.12/site-packages/airflow/example_dags/example_branch_labels.py took 0.089 seconds
[2025-09-04T11:52:34.904+0000] {processor.py:161} INFO - Started process (PID=358) to work on /home/airflow/.local/lib/python3.12/site-packages/airflow/example_dags/example_branch_labels.py
[2025-09-04T11:52:34.906+0000] {processor.py:830} INFO - Processing file /home/airflow/.local/lib/python3.12/site-packages/airflow/example_dags/example_branch_labels.py for tasks to queue
[2025-09-04T11:52:34.908+0000] {logging_mixin.py:188} INFO - [2025-09-04T11:52:34.908+0000] {dagbag.py:545} INFO - Filling up the DagBag from /home/airflow/.local/lib/python3.12/site-packages/airflow/example_dags/example_branch_labels.py
[2025-09-04T11:52:34.917+0000] {processor.py:840} INFO - DAG(s) 'example_branch_labels' retrieved from /home/airflow/.local/lib/python3.12/site-packages/airflow/example_dags/example_branch_labels.py
[2025-09-04T11:52:34.940+0000] {logging_mixin.py:188} INFO - [2025-09-04T11:52:34.939+0000] {dag.py:3096} INFO - Sync 1 DAGs
[2025-09-04T11:52:34.974+0000] {logging_mixin.py:188} INFO - [2025-09-04T11:52:34.974+0000] {dag.py:3954} INFO - Setting next_dagrun for example_branch_labels to 2025-09-03 00:00:00+00:00, run_after=2025-09-04 00:00:00+00:00
[2025-09-04T11:52:35.002+0000] {processor.py:183} INFO - Processing /home/airflow/.local/lib/python3.12/site-packages/airflow/example_dags/example_branch_labels.py took 0.106 seconds
[2025-09-04T11:53:05.089+0000] {processor.py:161} INFO - Started process (PID=416) to work on /home/airflow/.local/lib/python3.12/site-packages/airflow/example_dags/example_branch_labels.py
[2025-09-04T11:53:05.090+0000] {processor.py:830} INFO - Processing file /home/airflow/.local/lib/python3.12/site-packages/airflow/example_dags/example_branch_labels.py for tasks to queue
[2025-09-04T11:53:05.092+0000] {logging_mixin.py:188} INFO - [2025-09-04T11:53:05.092+0000] {dagbag.py:545} INFO - Filling up the DagBag from /home/airflow/.local/lib/python3.12/site-packages/airflow/example_dags/example_branch_labels.py
[2025-09-04T11:53:05.101+0000] {processor.py:840} INFO - DAG(s) 'example_branch_labels' retrieved from /home/airflow/.local/lib/python3.12/site-packages/airflow/example_dags/example_branch_labels.py
[2025-09-04T11:53:05.119+0000] {logging_mixin.py:188} INFO - [2025-09-04T11:53:05.119+0000] {dag.py:3096} INFO - Sync 1 DAGs
[2025-09-04T11:53:05.137+0000] {logging_mixin.py:188} INFO - [2025-09-04T11:53:05.137+0000] {dag.py:3954} INFO - Setting next_dagrun for example_branch_labels to 2025-09-03 00:00:00+00:00, run_after=2025-09-04 00:00:00+00:00
[2025-09-04T11:53:05.151+0000] {processor.py:183} INFO - Processing /home/airflow/.local/lib/python3.12/site-packages/airflow/example_dags/example_branch_labels.py took 0.068 seconds
[2025-09-04T11:53:35.491+0000] {processor.py:161} INFO - Started process (PID=474) to work on /home/airflow/.local/lib/python3.12/site-packages/airflow/example_dags/example_branch_labels.py
[2025-09-04T11:53:35.492+0000] {processor.py:830} INFO - Processing file /home/airflow/.local/lib/python3.12/site-packages/airflow/example_dags/example_branch_labels.py for tasks to queue
[2025-09-04T11:53:35.494+0000] {logging_mixin.py:188} INFO - [2025-09-04T11:53:35.494+0000] {dagbag.py:545} INFO - Filling up the DagBag from /home/airflow/.local/lib/python3.12/site-packages/airflow/example_dags/example_branch_labels.py
[2025-09-04T11:53:35.500+0000] {processor.py:840} INFO - DAG(s) 'example_branch_labels' retrieved from /home/airflow/.local/lib/python3.12/site-packages/airflow/example_dags/example_branch_labels.py
[2025-09-04T11:53:35.519+0000] {logging_mixin.py:188} INFO - [2025-09-04T11:53:35.519+0000] {dag.py:3096} INFO - Sync 1 DAGs
[2025-09-04T11:53:35.542+0000] {logging_mixin.py:188} INFO - [2025-09-04T11:53:35.542+0000] {dag.py:3954} INFO - Setting next_dagrun for example_branch_labels to 2025-09-03 00:00:00+00:00, run_after=2025-09-04 00:00:00+00:00
[2025-09-04T11:53:35.557+0000] {processor.py:183} INFO - Processing /home/airflow/.local/lib/python3.12/site-packages/airflow/example_dags/example_branch_labels.py took 0.072 seconds
[2025-09-04T11:54:06.347+0000] {processor.py:161} INFO - Started process (PID=532) to work on /home/airflow/.local/lib/python3.12/site-packages/airflow/example_dags/example_branch_labels.py
[2025-09-04T11:54:06.349+0000] {processor.py:830} INFO - Processing file /home/airflow/.local/lib/python3.12/site-packages/airflow/example_dags/example_branch_labels.py for tasks to queue
[2025-09-04T11:54:06.352+0000] {logging_mixin.py:188} INFO - [2025-09-04T11:54:06.351+0000] {dagbag.py:545} INFO - Filling up the DagBag from /home/airflow/.local/lib/python3.12/site-packages/airflow/example_dags/example_branch_labels.py
[2025-09-04T11:54:06.362+0000] {processor.py:840} INFO - DAG(s) 'example_branch_labels' retrieved from /home/airflow/.local/lib/python3.12/site-packages/airflow/example_dags/example_branch_labels.py
[2025-09-04T11:54:06.389+0000] {logging_mixin.py:188} INFO - [2025-09-04T11:54:06.389+0000] {dag.py:3096} INFO - Sync 1 DAGs
[2025-09-04T11:54:06.411+0000] {logging_mixin.py:188} INFO - [2025-09-04T11:54:06.411+0000] {dag.py:3954} INFO - Setting next_dagrun for example_branch_labels to 2025-09-03 00:00:00+00:00, run_after=2025-09-04 00:00:00+00:00
[2025-09-04T11:54:06.437+0000] {processor.py:183} INFO - Processing /home/airflow/.local/lib/python3.12/site-packages/airflow/example_dags/example_branch_labels.py took 0.100 seconds
[2025-09-04T11:54:36.973+0000] {processor.py:161} INFO - Started process (PID=590) to work on /home/airflow/.local/lib/python3.12/site-packages/airflow/example_dags/example_branch_labels.py
[2025-09-04T11:54:36.975+0000] {processor.py:830} INFO - Processing file /home/airflow/.local/lib/python3.12/site-packages/airflow/example_dags/example_branch_labels.py for tasks to queue
[2025-09-04T11:54:36.979+0000] {logging_mixin.py:188} INFO - [2025-09-04T11:54:36.978+0000] {dagbag.py:545} INFO - Filling up the DagBag from /home/airflow/.local/lib/python3.12/site-packages/airflow/example_dags/example_branch_labels.py
[2025-09-04T11:54:36.995+0000] {processor.py:840} INFO - DAG(s) 'example_branch_labels' retrieved from /home/airflow/.local/lib/python3.12/site-packages/airflow/example_dags/example_branch_labels.py
[2025-09-04T11:54:37.027+0000] {logging_mixin.py:188} INFO - [2025-09-04T11:54:37.027+0000] {dag.py:3096} INFO - Sync 1 DAGs
[2025-09-04T11:54:37.049+0000] {logging_mixin.py:188} INFO - [2025-09-04T11:54:37.048+0000] {dag.py:3954} INFO - Setting next_dagrun for example_branch_labels to 2025-09-03 00:00:00+00:00, run_after=2025-09-04 00:00:00+00:00
[2025-09-04T11:54:37.067+0000] {processor.py:183} INFO - Processing /home/airflow/.local/lib/python3.12/site-packages/airflow/example_dags/example_branch_labels.py took 0.099 seconds
[2025-09-04T11:55:07.146+0000] {processor.py:161} INFO - Started process (PID=648) to work on /home/airflow/.local/lib/python3.12/site-packages/airflow/example_dags/example_branch_labels.py
[2025-09-04T11:55:07.147+0000] {processor.py:830} INFO - Processing file /home/airflow/.local/lib/python3.12/site-packages/airflow/example_dags/example_branch_labels.py for tasks to queue
[2025-09-04T11:55:07.150+0000] {logging_mixin.py:188} INFO - [2025-09-04T11:55:07.150+0000] {dagbag.py:545} INFO - Filling up the DagBag from /home/airflow/.local/lib/python3.12/site-packages/airflow/example_dags/example_branch_labels.py
[2025-09-04T11:55:07.164+0000] {processor.py:840} INFO - DAG(s) 'example_branch_labels' retrieved from /home/airflow/.local/lib/python3.12/site-packages/airflow/example_dags/example_branch_labels.py
[2025-09-04T11:55:07.191+0000] {logging_mixin.py:188} INFO - [2025-09-04T11:55:07.191+0000] {dag.py:3096} INFO - Sync 1 DAGs
[2025-09-04T11:55:07.212+0000] {logging_mixin.py:188} INFO - [2025-09-04T11:55:07.211+0000] {dag.py:3954} INFO - Setting next_dagrun for example_branch_labels to 2025-09-03 00:00:00+00:00, run_after=2025-09-04 00:00:00+00:00
[2025-09-04T11:55:07.229+0000] {processor.py:183} INFO - Processing /home/airflow/.local/lib/python3.12/site-packages/airflow/example_dags/example_branch_labels.py took 0.093 seconds
[2025-09-04T11:55:37.460+0000] {processor.py:161} INFO - Started process (PID=706) to work on /home/airflow/.local/lib/python3.12/site-packages/airflow/example_dags/example_branch_labels.py
[2025-09-04T11:55:37.461+0000] {processor.py:830} INFO - Processing file /home/airflow/.local/lib/python3.12/site-packages/airflow/example_dags/example_branch_labels.py for tasks to queue
[2025-09-04T11:55:37.463+0000] {logging_mixin.py:188} INFO - [2025-09-04T11:55:37.463+0000] {dagbag.py:545} INFO - Filling up the DagBag from /home/airflow/.local/lib/python3.12/site-packages/airflow/example_dags/example_branch_labels.py
[2025-09-04T11:55:37.472+0000] {processor.py:840} INFO - DAG(s) 'example_branch_labels' retrieved from /home/airflow/.local/lib/python3.12/site-packages/airflow/example_dags/example_branch_labels.py
[2025-09-04T11:55:37.497+0000] {logging_mixin.py:188} INFO - [2025-09-04T11:55:37.496+0000] {dag.py:3096} INFO - Sync 1 DAGs
[2025-09-04T11:55:37.523+0000] {logging_mixin.py:188} INFO - [2025-09-04T11:55:37.522+0000] {dag.py:3954} INFO - Setting next_dagrun for example_branch_labels to 2025-09-03 00:00:00+00:00, run_after=2025-09-04 00:00:00+00:00
[2025-09-04T11:55:37.542+0000] {processor.py:183} INFO - Processing /home/airflow/.local/lib/python3.12/site-packages/airflow/example_dags/example_branch_labels.py took 0.088 seconds
[2025-09-04T11:56:08.007+0000] {processor.py:161} INFO - Started process (PID=764) to work on /home/airflow/.local/lib/python3.12/site-packages/airflow/example_dags/example_branch_labels.py
[2025-09-04T11:56:08.008+0000] {processor.py:830} INFO - Processing file /home/airflow/.local/lib/python3.12/site-packages/airflow/example_dags/example_branch_labels.py for tasks to queue
[2025-09-04T11:56:08.011+0000] {logging_mixin.py:188} INFO - [2025-09-04T11:56:08.011+0000] {dagbag.py:545} INFO - Filling up the DagBag from /home/airflow/.local/lib/python3.12/site-packages/airflow/example_dags/example_branch_labels.py
[2025-09-04T11:56:08.019+0000] {processor.py:840} INFO - DAG(s) 'example_branch_labels' retrieved from /home/airflow/.local/lib/python3.12/site-packages/airflow/example_dags/example_branch_labels.py
[2025-09-04T11:56:08.041+0000] {logging_mixin.py:188} INFO - [2025-09-04T11:56:08.041+0000] {dag.py:3096} INFO - Sync 1 DAGs
[2025-09-04T11:56:08.067+0000] {logging_mixin.py:188} INFO - [2025-09-04T11:56:08.067+0000] {dag.py:3954} INFO - Setting next_dagrun for example_branch_labels to 2025-09-03 00:00:00+00:00, run_after=2025-09-04 00:00:00+00:00
[2025-09-04T11:56:08.094+0000] {processor.py:183} INFO - Processing /home/airflow/.local/lib/python3.12/site-packages/airflow/example_dags/example_branch_labels.py took 0.093 seconds
[2025-09-04T11:56:38.281+0000] {processor.py:161} INFO - Started process (PID=821) to work on /home/airflow/.local/lib/python3.12/site-packages/airflow/example_dags/example_branch_labels.py
[2025-09-04T11:56:38.282+0000] {processor.py:830} INFO - Processing file /home/airflow/.local/lib/python3.12/site-packages/airflow/example_dags/example_branch_labels.py for tasks to queue
[2025-09-04T11:56:38.285+0000] {logging_mixin.py:188} INFO - [2025-09-04T11:56:38.284+0000] {dagbag.py:545} INFO - Filling up the DagBag from /home/airflow/.local/lib/python3.12/site-packages/airflow/example_dags/example_branch_labels.py
[2025-09-04T11:56:38.299+0000] {processor.py:840} INFO - DAG(s) 'example_branch_labels' retrieved from /home/airflow/.local/lib/python3.12/site-packages/airflow/example_dags/example_branch_labels.py
[2025-09-04T11:56:38.345+0000] {logging_mixin.py:188} INFO - [2025-09-04T11:56:38.344+0000] {dag.py:3096} INFO - Sync 1 DAGs
[2025-09-04T11:56:38.391+0000] {logging_mixin.py:188} INFO - [2025-09-04T11:56:38.391+0000] {dag.py:3954} INFO - Setting next_dagrun for example_branch_labels to 2025-09-03 00:00:00+00:00, run_after=2025-09-04 00:00:00+00:00
[2025-09-04T11:56:38.425+0000] {processor.py:183} INFO - Processing /home/airflow/.local/lib/python3.12/site-packages/airflow/example_dags/example_branch_labels.py took 0.150 seconds
[2025-09-04T11:57:08.578+0000] {processor.py:161} INFO - Started process (PID=879) to work on /home/airflow/.local/lib/python3.12/site-packages/airflow/example_dags/example_branch_labels.py
[2025-09-04T11:57:08.581+0000] {processor.py:830} INFO - Processing file /home/airflow/.local/lib/python3.12/site-packages/airflow/example_dags/example_branch_labels.py for tasks to queue
[2025-09-04T11:57:08.583+0000] {logging_mixin.py:188} INFO - [2025-09-04T11:57:08.583+0000] {dagbag.py:545} INFO - Filling up the DagBag from /home/airflow/.local/lib/python3.12/site-packages/airflow/example_dags/example_branch_labels.py
[2025-09-04T11:57:08.594+0000] {processor.py:840} INFO - DAG(s) 'example_branch_labels' retrieved from /home/airflow/.local/lib/python3.12/site-packages/airflow/example_dags/example_branch_labels.py
[2025-09-04T11:57:08.629+0000] {logging_mixin.py:188} INFO - [2025-09-04T11:57:08.629+0000] {dag.py:3096} INFO - Sync 1 DAGs
[2025-09-04T11:57:08.688+0000] {logging_mixin.py:188} INFO - [2025-09-04T11:57:08.688+0000] {dag.py:3954} INFO - Setting next_dagrun for example_branch_labels to 2025-09-03 00:00:00+00:00, run_after=2025-09-04 00:00:00+00:00
[2025-09-04T11:57:08.738+0000] {processor.py:183} INFO - Processing /home/airflow/.local/lib/python3.12/site-packages/airflow/example_dags/example_branch_labels.py took 0.165 seconds
[2025-09-04T11:57:38.922+0000] {processor.py:161} INFO - Started process (PID=937) to work on /home/airflow/.local/lib/python3.12/site-packages/airflow/example_dags/example_branch_labels.py
[2025-09-04T11:57:38.925+0000] {processor.py:830} INFO - Processing file /home/airflow/.local/lib/python3.12/site-packages/airflow/example_dags/example_branch_labels.py for tasks to queue
[2025-09-04T11:57:38.929+0000] {logging_mixin.py:188} INFO - [2025-09-04T11:57:38.928+0000] {dagbag.py:545} INFO - Filling up the DagBag from /home/airflow/.local/lib/python3.12/site-packages/airflow/example_dags/example_branch_labels.py
[2025-09-04T11:57:38.940+0000] {processor.py:840} INFO - DAG(s) 'example_branch_labels' retrieved from /home/airflow/.local/lib/python3.12/site-packages/airflow/example_dags/example_branch_labels.py
[2025-09-04T11:57:38.972+0000] {logging_mixin.py:188} INFO - [2025-09-04T11:57:38.971+0000] {dag.py:3096} INFO - Sync 1 DAGs
[2025-09-04T11:57:39.002+0000] {logging_mixin.py:188} INFO - [2025-09-04T11:57:39.001+0000] {dag.py:3954} INFO - Setting next_dagrun for example_branch_labels to 2025-09-03 00:00:00+00:00, run_after=2025-09-04 00:00:00+00:00
[2025-09-04T11:57:39.029+0000] {processor.py:183} INFO - Processing /home/airflow/.local/lib/python3.12/site-packages/airflow/example_dags/example_branch_labels.py took 0.116 seconds
[2025-09-04T11:58:09.356+0000] {processor.py:161} INFO - Started process (PID=996) to work on /home/airflow/.local/lib/python3.12/site-packages/airflow/example_dags/example_branch_labels.py
[2025-09-04T11:58:09.357+0000] {processor.py:830} INFO - Processing file /home/airflow/.local/lib/python3.12/site-packages/airflow/example_dags/example_branch_labels.py for tasks to queue
[2025-09-04T11:58:09.359+0000] {logging_mixin.py:188} INFO - [2025-09-04T11:58:09.359+0000] {dagbag.py:545} INFO - Filling up the DagBag from /home/airflow/.local/lib/python3.12/site-packages/airflow/example_dags/example_branch_labels.py
[2025-09-04T11:58:09.366+0000] {processor.py:840} INFO - DAG(s) 'example_branch_labels' retrieved from /home/airflow/.local/lib/python3.12/site-packages/airflow/example_dags/example_branch_labels.py
[2025-09-04T11:58:09.388+0000] {logging_mixin.py:188} INFO - [2025-09-04T11:58:09.387+0000] {dag.py:3096} INFO - Sync 1 DAGs
[2025-09-04T11:58:09.412+0000] {logging_mixin.py:188} INFO - [2025-09-04T11:58:09.412+0000] {dag.py:3954} INFO - Setting next_dagrun for example_branch_labels to 2025-09-03 00:00:00+00:00, run_after=2025-09-04 00:00:00+00:00
[2025-09-04T11:58:09.432+0000] {processor.py:183} INFO - Processing /home/airflow/.local/lib/python3.12/site-packages/airflow/example_dags/example_branch_labels.py took 0.082 seconds
[2025-09-04T11:58:39.619+0000] {processor.py:161} INFO - Started process (PID=1054) to work on /home/airflow/.local/lib/python3.12/site-packages/airflow/example_dags/example_branch_labels.py
[2025-09-04T11:58:39.620+0000] {processor.py:830} INFO - Processing file /home/airflow/.local/lib/python3.12/site-packages/airflow/example_dags/example_branch_labels.py for tasks to queue
[2025-09-04T11:58:39.622+0000] {logging_mixin.py:188} INFO - [2025-09-04T11:58:39.622+0000] {dagbag.py:545} INFO - Filling up the DagBag from /home/airflow/.local/lib/python3.12/site-packages/airflow/example_dags/example_branch_labels.py
[2025-09-04T11:58:39.628+0000] {processor.py:840} INFO - DAG(s) 'example_branch_labels' retrieved from /home/airflow/.local/lib/python3.12/site-packages/airflow/example_dags/example_branch_labels.py
[2025-09-04T11:58:39.649+0000] {logging_mixin.py:188} INFO - [2025-09-04T11:58:39.649+0000] {dag.py:3096} INFO - Sync 1 DAGs
[2025-09-04T11:58:39.667+0000] {logging_mixin.py:188} INFO - [2025-09-04T11:58:39.666+0000] {dag.py:3954} INFO - Setting next_dagrun for example_branch_labels to 2025-09-03 00:00:00+00:00, run_after=2025-09-04 00:00:00+00:00
[2025-09-04T11:58:39.683+0000] {processor.py:183} INFO - Processing /home/airflow/.local/lib/python3.12/site-packages/airflow/example_dags/example_branch_labels.py took 0.068 seconds
[2025-09-04T11:59:10.082+0000] {processor.py:161} INFO - Started process (PID=1112) to work on /home/airflow/.local/lib/python3.12/site-packages/airflow/example_dags/example_branch_labels.py
[2025-09-04T11:59:10.084+0000] {processor.py:830} INFO - Processing file /home/airflow/.local/lib/python3.12/site-packages/airflow/example_dags/example_branch_labels.py for tasks to queue
[2025-09-04T11:59:10.085+0000] {logging_mixin.py:188} INFO - [2025-09-04T11:59:10.085+0000] {dagbag.py:545} INFO - Filling up the DagBag from /home/airflow/.local/lib/python3.12/site-packages/airflow/example_dags/example_branch_labels.py
[2025-09-04T11:59:10.093+0000] {processor.py:840} INFO - DAG(s) 'example_branch_labels' retrieved from /home/airflow/.local/lib/python3.12/site-packages/airflow/example_dags/example_branch_labels.py
[2025-09-04T11:59:10.113+0000] {logging_mixin.py:188} INFO - [2025-09-04T11:59:10.113+0000] {dag.py:3096} INFO - Sync 1 DAGs
[2025-09-04T11:59:10.136+0000] {logging_mixin.py:188} INFO - [2025-09-04T11:59:10.136+0000] {dag.py:3954} INFO - Setting next_dagrun for example_branch_labels to 2025-09-03 00:00:00+00:00, run_after=2025-09-04 00:00:00+00:00
[2025-09-04T11:59:10.161+0000] {processor.py:183} INFO - Processing /home/airflow/.local/lib/python3.12/site-packages/airflow/example_dags/example_branch_labels.py took 0.084 seconds
[2025-09-04T11:59:40.535+0000] {processor.py:161} INFO - Started process (PID=1170) to work on /home/airflow/.local/lib/python3.12/site-packages/airflow/example_dags/example_branch_labels.py
[2025-09-04T11:59:40.536+0000] {processor.py:830} INFO - Processing file /home/airflow/.local/lib/python3.12/site-packages/airflow/example_dags/example_branch_labels.py for tasks to queue
[2025-09-04T11:59:40.538+0000] {logging_mixin.py:188} INFO - [2025-09-04T11:59:40.538+0000] {dagbag.py:545} INFO - Filling up the DagBag from /home/airflow/.local/lib/python3.12/site-packages/airflow/example_dags/example_branch_labels.py
[2025-09-04T11:59:40.547+0000] {processor.py:840} INFO - DAG(s) 'example_branch_labels' retrieved from /home/airflow/.local/lib/python3.12/site-packages/airflow/example_dags/example_branch_labels.py
[2025-09-04T11:59:40.566+0000] {logging_mixin.py:188} INFO - [2025-09-04T11:59:40.565+0000] {dag.py:3096} INFO - Sync 1 DAGs
[2025-09-04T11:59:40.588+0000] {logging_mixin.py:188} INFO - [2025-09-04T11:59:40.588+0000] {dag.py:3954} INFO - Setting next_dagrun for example_branch_labels to 2025-09-03 00:00:00+00:00, run_after=2025-09-04 00:00:00+00:00
[2025-09-04T11:59:40.609+0000] {processor.py:183} INFO - Processing /home/airflow/.local/lib/python3.12/site-packages/airflow/example_dags/example_branch_labels.py took 0.078 seconds
[2025-09-04T12:01:30.555+0000] {processor.py:161} INFO - Started process (PID=57) to work on /home/airflow/.local/lib/python3.12/site-packages/airflow/example_dags/example_branch_labels.py
[2025-09-04T12:01:30.557+0000] {processor.py:830} INFO - Processing file /home/airflow/.local/lib/python3.12/site-packages/airflow/example_dags/example_branch_labels.py for tasks to queue
[2025-09-04T12:01:30.559+0000] {logging_mixin.py:188} INFO - [2025-09-04T12:01:30.559+0000] {dagbag.py:545} INFO - Filling up the DagBag from /home/airflow/.local/lib/python3.12/site-packages/airflow/example_dags/example_branch_labels.py
[2025-09-04T12:01:30.570+0000] {processor.py:840} INFO - DAG(s) 'example_branch_labels' retrieved from /home/airflow/.local/lib/python3.12/site-packages/airflow/example_dags/example_branch_labels.py
[2025-09-04T12:01:30.669+0000] {logging_mixin.py:188} INFO - [2025-09-04T12:01:30.668+0000] {dag.py:3096} INFO - Sync 1 DAGs
[2025-09-04T12:01:30.688+0000] {logging_mixin.py:188} INFO - [2025-09-04T12:01:30.688+0000] {dag.py:3954} INFO - Setting next_dagrun for example_branch_labels to 2025-09-03 00:00:00+00:00, run_after=2025-09-04 00:00:00+00:00
[2025-09-04T12:01:30.707+0000] {processor.py:183} INFO - Processing /home/airflow/.local/lib/python3.12/site-packages/airflow/example_dags/example_branch_labels.py took 0.157 seconds
[2025-09-04T12:02:00.901+0000] {processor.py:161} INFO - Started process (PID=115) to work on /home/airflow/.local/lib/python3.12/site-packages/airflow/example_dags/example_branch_labels.py
[2025-09-04T12:02:00.903+0000] {processor.py:830} INFO - Processing file /home/airflow/.local/lib/python3.12/site-packages/airflow/example_dags/example_branch_labels.py for tasks to queue
[2025-09-04T12:02:00.906+0000] {logging_mixin.py:188} INFO - [2025-09-04T12:02:00.906+0000] {dagbag.py:545} INFO - Filling up the DagBag from /home/airflow/.local/lib/python3.12/site-packages/airflow/example_dags/example_branch_labels.py
[2025-09-04T12:02:00.914+0000] {processor.py:840} INFO - DAG(s) 'example_branch_labels' retrieved from /home/airflow/.local/lib/python3.12/site-packages/airflow/example_dags/example_branch_labels.py
[2025-09-04T12:02:00.933+0000] {logging_mixin.py:188} INFO - [2025-09-04T12:02:00.932+0000] {dag.py:3096} INFO - Sync 1 DAGs
[2025-09-04T12:02:00.950+0000] {logging_mixin.py:188} INFO - [2025-09-04T12:02:00.950+0000] {dag.py:3954} INFO - Setting next_dagrun for example_branch_labels to 2025-09-03 00:00:00+00:00, run_after=2025-09-04 00:00:00+00:00
[2025-09-04T12:02:00.967+0000] {processor.py:183} INFO - Processing /home/airflow/.local/lib/python3.12/site-packages/airflow/example_dags/example_branch_labels.py took 0.077 seconds
[2025-09-04T12:02:31.540+0000] {processor.py:161} INFO - Started process (PID=173) to work on /home/airflow/.local/lib/python3.12/site-packages/airflow/example_dags/example_branch_labels.py
[2025-09-04T12:02:31.541+0000] {processor.py:830} INFO - Processing file /home/airflow/.local/lib/python3.12/site-packages/airflow/example_dags/example_branch_labels.py for tasks to queue
[2025-09-04T12:02:31.543+0000] {logging_mixin.py:188} INFO - [2025-09-04T12:02:31.543+0000] {dagbag.py:545} INFO - Filling up the DagBag from /home/airflow/.local/lib/python3.12/site-packages/airflow/example_dags/example_branch_labels.py
[2025-09-04T12:02:31.550+0000] {processor.py:840} INFO - DAG(s) 'example_branch_labels' retrieved from /home/airflow/.local/lib/python3.12/site-packages/airflow/example_dags/example_branch_labels.py
[2025-09-04T12:02:31.566+0000] {logging_mixin.py:188} INFO - [2025-09-04T12:02:31.566+0000] {dag.py:3096} INFO - Sync 1 DAGs
[2025-09-04T12:02:31.585+0000] {logging_mixin.py:188} INFO - [2025-09-04T12:02:31.585+0000] {dag.py:3954} INFO - Setting next_dagrun for example_branch_labels to 2025-09-03 00:00:00+00:00, run_after=2025-09-04 00:00:00+00:00
[2025-09-04T12:02:31.601+0000] {processor.py:183} INFO - Processing /home/airflow/.local/lib/python3.12/site-packages/airflow/example_dags/example_branch_labels.py took 0.066 seconds
[2025-09-04T12:03:01.951+0000] {processor.py:161} INFO - Started process (PID=231) to work on /home/airflow/.local/lib/python3.12/site-packages/airflow/example_dags/example_branch_labels.py
[2025-09-04T12:03:01.952+0000] {processor.py:830} INFO - Processing file /home/airflow/.local/lib/python3.12/site-packages/airflow/example_dags/example_branch_labels.py for tasks to queue
[2025-09-04T12:03:01.953+0000] {logging_mixin.py:188} INFO - [2025-09-04T12:03:01.953+0000] {dagbag.py:545} INFO - Filling up the DagBag from /home/airflow/.local/lib/python3.12/site-packages/airflow/example_dags/example_branch_labels.py
[2025-09-04T12:03:01.962+0000] {processor.py:840} INFO - DAG(s) 'example_branch_labels' retrieved from /home/airflow/.local/lib/python3.12/site-packages/airflow/example_dags/example_branch_labels.py
[2025-09-04T12:03:01.986+0000] {logging_mixin.py:188} INFO - [2025-09-04T12:03:01.986+0000] {dag.py:3096} INFO - Sync 1 DAGs
[2025-09-04T12:03:02.008+0000] {logging_mixin.py:188} INFO - [2025-09-04T12:03:02.007+0000] {dag.py:3954} INFO - Setting next_dagrun for example_branch_labels to 2025-09-03 00:00:00+00:00, run_after=2025-09-04 00:00:00+00:00
[2025-09-04T12:03:02.031+0000] {processor.py:183} INFO - Processing /home/airflow/.local/lib/python3.12/site-packages/airflow/example_dags/example_branch_labels.py took 0.086 seconds
[2025-09-04T12:03:32.279+0000] {processor.py:161} INFO - Started process (PID=289) to work on /home/airflow/.local/lib/python3.12/site-packages/airflow/example_dags/example_branch_labels.py
[2025-09-04T12:03:32.280+0000] {processor.py:830} INFO - Processing file /home/airflow/.local/lib/python3.12/site-packages/airflow/example_dags/example_branch_labels.py for tasks to queue
[2025-09-04T12:03:32.282+0000] {logging_mixin.py:188} INFO - [2025-09-04T12:03:32.282+0000] {dagbag.py:545} INFO - Filling up the DagBag from /home/airflow/.local/lib/python3.12/site-packages/airflow/example_dags/example_branch_labels.py
[2025-09-04T12:03:32.288+0000] {processor.py:840} INFO - DAG(s) 'example_branch_labels' retrieved from /home/airflow/.local/lib/python3.12/site-packages/airflow/example_dags/example_branch_labels.py
[2025-09-04T12:03:32.306+0000] {logging_mixin.py:188} INFO - [2025-09-04T12:03:32.306+0000] {dag.py:3096} INFO - Sync 1 DAGs
[2025-09-04T12:03:32.327+0000] {logging_mixin.py:188} INFO - [2025-09-04T12:03:32.327+0000] {dag.py:3954} INFO - Setting next_dagrun for example_branch_labels to 2025-09-03 00:00:00+00:00, run_after=2025-09-04 00:00:00+00:00
[2025-09-04T12:03:32.344+0000] {processor.py:183} INFO - Processing /home/airflow/.local/lib/python3.12/site-packages/airflow/example_dags/example_branch_labels.py took 0.070 seconds
[2025-09-04T12:04:02.937+0000] {processor.py:161} INFO - Started process (PID=347) to work on /home/airflow/.local/lib/python3.12/site-packages/airflow/example_dags/example_branch_labels.py
[2025-09-04T12:04:02.938+0000] {processor.py:830} INFO - Processing file /home/airflow/.local/lib/python3.12/site-packages/airflow/example_dags/example_branch_labels.py for tasks to queue
[2025-09-04T12:04:02.942+0000] {logging_mixin.py:188} INFO - [2025-09-04T12:04:02.941+0000] {dagbag.py:545} INFO - Filling up the DagBag from /home/airflow/.local/lib/python3.12/site-packages/airflow/example_dags/example_branch_labels.py
[2025-09-04T12:04:02.952+0000] {processor.py:840} INFO - DAG(s) 'example_branch_labels' retrieved from /home/airflow/.local/lib/python3.12/site-packages/airflow/example_dags/example_branch_labels.py
[2025-09-04T12:04:02.983+0000] {logging_mixin.py:188} INFO - [2025-09-04T12:04:02.983+0000] {dag.py:3096} INFO - Sync 1 DAGs
[2025-09-04T12:04:03.023+0000] {logging_mixin.py:188} INFO - [2025-09-04T12:04:03.023+0000] {dag.py:3954} INFO - Setting next_dagrun for example_branch_labels to 2025-09-03 00:00:00+00:00, run_after=2025-09-04 00:00:00+00:00
[2025-09-04T12:04:03.046+0000] {processor.py:183} INFO - Processing /home/airflow/.local/lib/python3.12/site-packages/airflow/example_dags/example_branch_labels.py took 0.116 seconds
[2025-09-04T12:04:33.254+0000] {processor.py:161} INFO - Started process (PID=411) to work on /home/airflow/.local/lib/python3.12/site-packages/airflow/example_dags/example_branch_labels.py
[2025-09-04T12:04:33.256+0000] {processor.py:830} INFO - Processing file /home/airflow/.local/lib/python3.12/site-packages/airflow/example_dags/example_branch_labels.py for tasks to queue
[2025-09-04T12:04:33.262+0000] {logging_mixin.py:188} INFO - [2025-09-04T12:04:33.261+0000] {dagbag.py:545} INFO - Filling up the DagBag from /home/airflow/.local/lib/python3.12/site-packages/airflow/example_dags/example_branch_labels.py
[2025-09-04T12:04:33.271+0000] {processor.py:840} INFO - DAG(s) 'example_branch_labels' retrieved from /home/airflow/.local/lib/python3.12/site-packages/airflow/example_dags/example_branch_labels.py
[2025-09-04T12:04:33.300+0000] {logging_mixin.py:188} INFO - [2025-09-04T12:04:33.300+0000] {dag.py:3096} INFO - Sync 1 DAGs
[2025-09-04T12:04:33.324+0000] {logging_mixin.py:188} INFO - [2025-09-04T12:04:33.324+0000] {dag.py:3954} INFO - Setting next_dagrun for example_branch_labels to 2025-09-03 00:00:00+00:00, run_after=2025-09-04 00:00:00+00:00
[2025-09-04T12:04:33.352+0000] {processor.py:183} INFO - Processing /home/airflow/.local/lib/python3.12/site-packages/airflow/example_dags/example_branch_labels.py took 0.110 seconds
[2025-09-04T12:05:03.973+0000] {processor.py:161} INFO - Started process (PID=469) to work on /home/airflow/.local/lib/python3.12/site-packages/airflow/example_dags/example_branch_labels.py
[2025-09-04T12:05:03.975+0000] {processor.py:830} INFO - Processing file /home/airflow/.local/lib/python3.12/site-packages/airflow/example_dags/example_branch_labels.py for tasks to queue
[2025-09-04T12:05:03.979+0000] {logging_mixin.py:188} INFO - [2025-09-04T12:05:03.979+0000] {dagbag.py:545} INFO - Filling up the DagBag from /home/airflow/.local/lib/python3.12/site-packages/airflow/example_dags/example_branch_labels.py
[2025-09-04T12:05:03.993+0000] {processor.py:840} INFO - DAG(s) 'example_branch_labels' retrieved from /home/airflow/.local/lib/python3.12/site-packages/airflow/example_dags/example_branch_labels.py
[2025-09-04T12:05:04.018+0000] {logging_mixin.py:188} INFO - [2025-09-04T12:05:04.017+0000] {dag.py:3096} INFO - Sync 1 DAGs
[2025-09-04T12:05:04.037+0000] {logging_mixin.py:188} INFO - [2025-09-04T12:05:04.037+0000] {dag.py:3954} INFO - Setting next_dagrun for example_branch_labels to 2025-09-03 00:00:00+00:00, run_after=2025-09-04 00:00:00+00:00
[2025-09-04T12:05:04.056+0000] {processor.py:183} INFO - Processing /home/airflow/.local/lib/python3.12/site-packages/airflow/example_dags/example_branch_labels.py took 0.090 seconds
[2025-09-04T12:05:34.333+0000] {processor.py:161} INFO - Started process (PID=527) to work on /home/airflow/.local/lib/python3.12/site-packages/airflow/example_dags/example_branch_labels.py
[2025-09-04T12:05:34.335+0000] {processor.py:830} INFO - Processing file /home/airflow/.local/lib/python3.12/site-packages/airflow/example_dags/example_branch_labels.py for tasks to queue
[2025-09-04T12:05:34.337+0000] {logging_mixin.py:188} INFO - [2025-09-04T12:05:34.337+0000] {dagbag.py:545} INFO - Filling up the DagBag from /home/airflow/.local/lib/python3.12/site-packages/airflow/example_dags/example_branch_labels.py
[2025-09-04T12:05:34.344+0000] {processor.py:840} INFO - DAG(s) 'example_branch_labels' retrieved from /home/airflow/.local/lib/python3.12/site-packages/airflow/example_dags/example_branch_labels.py
[2025-09-04T12:05:34.363+0000] {logging_mixin.py:188} INFO - [2025-09-04T12:05:34.363+0000] {dag.py:3096} INFO - Sync 1 DAGs
[2025-09-04T12:05:34.388+0000] {logging_mixin.py:188} INFO - [2025-09-04T12:05:34.388+0000] {dag.py:3954} INFO - Setting next_dagrun for example_branch_labels to 2025-09-03 00:00:00+00:00, run_after=2025-09-04 00:00:00+00:00
[2025-09-04T12:05:34.406+0000] {processor.py:183} INFO - Processing /home/airflow/.local/lib/python3.12/site-packages/airflow/example_dags/example_branch_labels.py took 0.078 seconds
[2025-09-04T12:06:34.760+0000] {processor.py:161} INFO - Started process (PID=63) to work on /home/airflow/.local/lib/python3.12/site-packages/airflow/example_dags/example_branch_labels.py
[2025-09-04T12:06:34.762+0000] {processor.py:830} INFO - Processing file /home/airflow/.local/lib/python3.12/site-packages/airflow/example_dags/example_branch_labels.py for tasks to queue
[2025-09-04T12:06:34.764+0000] {logging_mixin.py:188} INFO - [2025-09-04T12:06:34.764+0000] {dagbag.py:545} INFO - Filling up the DagBag from /home/airflow/.local/lib/python3.12/site-packages/airflow/example_dags/example_branch_labels.py
[2025-09-04T12:06:34.781+0000] {processor.py:840} INFO - DAG(s) 'example_branch_labels' retrieved from /home/airflow/.local/lib/python3.12/site-packages/airflow/example_dags/example_branch_labels.py
[2025-09-04T12:06:34.807+0000] {logging_mixin.py:188} INFO - [2025-09-04T12:06:34.807+0000] {dag.py:3096} INFO - Sync 1 DAGs
[2025-09-04T12:06:34.840+0000] {logging_mixin.py:188} INFO - [2025-09-04T12:06:34.840+0000] {dag.py:3954} INFO - Setting next_dagrun for example_branch_labels to 2025-09-03 00:00:00+00:00, run_after=2025-09-04 00:00:00+00:00
[2025-09-04T12:06:34.862+0000] {processor.py:183} INFO - Processing /home/airflow/.local/lib/python3.12/site-packages/airflow/example_dags/example_branch_labels.py took 0.108 seconds
[2025-09-04T12:07:05.438+0000] {processor.py:161} INFO - Started process (PID=121) to work on /home/airflow/.local/lib/python3.12/site-packages/airflow/example_dags/example_branch_labels.py
[2025-09-04T12:07:05.440+0000] {processor.py:830} INFO - Processing file /home/airflow/.local/lib/python3.12/site-packages/airflow/example_dags/example_branch_labels.py for tasks to queue
[2025-09-04T12:07:05.443+0000] {logging_mixin.py:188} INFO - [2025-09-04T12:07:05.442+0000] {dagbag.py:545} INFO - Filling up the DagBag from /home/airflow/.local/lib/python3.12/site-packages/airflow/example_dags/example_branch_labels.py
[2025-09-04T12:07:05.452+0000] {processor.py:840} INFO - DAG(s) 'example_branch_labels' retrieved from /home/airflow/.local/lib/python3.12/site-packages/airflow/example_dags/example_branch_labels.py
[2025-09-04T12:07:05.601+0000] {logging_mixin.py:188} INFO - [2025-09-04T12:07:05.601+0000] {dag.py:3096} INFO - Sync 1 DAGs
[2025-09-04T12:07:05.622+0000] {logging_mixin.py:188} INFO - [2025-09-04T12:07:05.622+0000] {dag.py:3954} INFO - Setting next_dagrun for example_branch_labels to 2025-09-03 00:00:00+00:00, run_after=2025-09-04 00:00:00+00:00
[2025-09-04T12:07:05.644+0000] {processor.py:183} INFO - Processing /home/airflow/.local/lib/python3.12/site-packages/airflow/example_dags/example_branch_labels.py took 0.212 seconds
[2025-09-04T12:07:35.967+0000] {processor.py:161} INFO - Started process (PID=179) to work on /home/airflow/.local/lib/python3.12/site-packages/airflow/example_dags/example_branch_labels.py
[2025-09-04T12:07:35.970+0000] {processor.py:830} INFO - Processing file /home/airflow/.local/lib/python3.12/site-packages/airflow/example_dags/example_branch_labels.py for tasks to queue
[2025-09-04T12:07:35.976+0000] {logging_mixin.py:188} INFO - [2025-09-04T12:07:35.975+0000] {dagbag.py:545} INFO - Filling up the DagBag from /home/airflow/.local/lib/python3.12/site-packages/airflow/example_dags/example_branch_labels.py
[2025-09-04T12:07:35.993+0000] {processor.py:840} INFO - DAG(s) 'example_branch_labels' retrieved from /home/airflow/.local/lib/python3.12/site-packages/airflow/example_dags/example_branch_labels.py
[2025-09-04T12:07:36.041+0000] {logging_mixin.py:188} INFO - [2025-09-04T12:07:36.040+0000] {dag.py:3096} INFO - Sync 1 DAGs
[2025-09-04T12:07:36.089+0000] {logging_mixin.py:188} INFO - [2025-09-04T12:07:36.088+0000] {dag.py:3954} INFO - Setting next_dagrun for example_branch_labels to 2025-09-03 00:00:00+00:00, run_after=2025-09-04 00:00:00+00:00
[2025-09-04T12:07:36.131+0000] {processor.py:183} INFO - Processing /home/airflow/.local/lib/python3.12/site-packages/airflow/example_dags/example_branch_labels.py took 0.179 seconds
[2025-09-04T12:08:06.394+0000] {processor.py:161} INFO - Started process (PID=237) to work on /home/airflow/.local/lib/python3.12/site-packages/airflow/example_dags/example_branch_labels.py
[2025-09-04T12:08:06.395+0000] {processor.py:830} INFO - Processing file /home/airflow/.local/lib/python3.12/site-packages/airflow/example_dags/example_branch_labels.py for tasks to queue
[2025-09-04T12:08:06.397+0000] {logging_mixin.py:188} INFO - [2025-09-04T12:08:06.396+0000] {dagbag.py:545} INFO - Filling up the DagBag from /home/airflow/.local/lib/python3.12/site-packages/airflow/example_dags/example_branch_labels.py
[2025-09-04T12:08:06.406+0000] {processor.py:840} INFO - DAG(s) 'example_branch_labels' retrieved from /home/airflow/.local/lib/python3.12/site-packages/airflow/example_dags/example_branch_labels.py
[2025-09-04T12:08:06.425+0000] {logging_mixin.py:188} INFO - [2025-09-04T12:08:06.424+0000] {dag.py:3096} INFO - Sync 1 DAGs
[2025-09-04T12:08:06.442+0000] {logging_mixin.py:188} INFO - [2025-09-04T12:08:06.441+0000] {dag.py:3954} INFO - Setting next_dagrun for example_branch_labels to 2025-09-03 00:00:00+00:00, run_after=2025-09-04 00:00:00+00:00
[2025-09-04T12:08:06.457+0000] {processor.py:183} INFO - Processing /home/airflow/.local/lib/python3.12/site-packages/airflow/example_dags/example_branch_labels.py took 0.067 seconds
[2025-09-04T12:08:37.230+0000] {processor.py:161} INFO - Started process (PID=295) to work on /home/airflow/.local/lib/python3.12/site-packages/airflow/example_dags/example_branch_labels.py
[2025-09-04T12:08:37.233+0000] {processor.py:830} INFO - Processing file /home/airflow/.local/lib/python3.12/site-packages/airflow/example_dags/example_branch_labels.py for tasks to queue
[2025-09-04T12:08:37.238+0000] {logging_mixin.py:188} INFO - [2025-09-04T12:08:37.237+0000] {dagbag.py:545} INFO - Filling up the DagBag from /home/airflow/.local/lib/python3.12/site-packages/airflow/example_dags/example_branch_labels.py
[2025-09-04T12:08:37.253+0000] {processor.py:840} INFO - DAG(s) 'example_branch_labels' retrieved from /home/airflow/.local/lib/python3.12/site-packages/airflow/example_dags/example_branch_labels.py
[2025-09-04T12:08:37.272+0000] {logging_mixin.py:188} INFO - [2025-09-04T12:08:37.272+0000] {dag.py:3096} INFO - Sync 1 DAGs
[2025-09-04T12:08:37.289+0000] {logging_mixin.py:188} INFO - [2025-09-04T12:08:37.289+0000] {dag.py:3954} INFO - Setting next_dagrun for example_branch_labels to 2025-09-03 00:00:00+00:00, run_after=2025-09-04 00:00:00+00:00
[2025-09-04T12:08:37.304+0000] {processor.py:183} INFO - Processing /home/airflow/.local/lib/python3.12/site-packages/airflow/example_dags/example_branch_labels.py took 0.085 seconds
