[2025-09-04T11:50:02.735+0000] {processor.py:161} INFO - Started process (PID=64) to work on /home/airflow/.local/lib/python3.12/site-packages/airflow/example_dags/example_params_ui_tutorial.py
[2025-09-04T11:50:02.737+0000] {processor.py:830} INFO - Processing file /home/airflow/.local/lib/python3.12/site-packages/airflow/example_dags/example_params_ui_tutorial.py for tasks to queue
[2025-09-04T11:50:02.739+0000] {logging_mixin.py:188} INFO - [2025-09-04T11:50:02.739+0000] {dagbag.py:545} INFO - Filling up the DagBag from /home/airflow/.local/lib/python3.12/site-packages/airflow/example_dags/example_params_ui_tutorial.py
[2025-09-04T11:50:02.760+0000] {processor.py:840} INFO - DAG(s) 'example_params_ui_tutorial' retrieved from /home/airflow/.local/lib/python3.12/site-packages/airflow/example_dags/example_params_ui_tutorial.py
[2025-09-04T11:50:02.939+0000] {logging_mixin.py:188} INFO - [2025-09-04T11:50:02.937+0000] {override.py:1829} INFO - Created Permission View: can edit on DAG:example_params_ui_tutorial
[2025-09-04T11:50:02.951+0000] {logging_mixin.py:188} INFO - [2025-09-04T11:50:02.950+0000] {override.py:1829} INFO - Created Permission View: can read on DAG:example_params_ui_tutorial
[2025-09-04T11:50:02.958+0000] {logging_mixin.py:188} INFO - [2025-09-04T11:50:02.957+0000] {override.py:1829} INFO - Created Permission View: can delete on DAG:example_params_ui_tutorial
[2025-09-04T11:50:02.959+0000] {logging_mixin.py:188} INFO - [2025-09-04T11:50:02.958+0000] {dag.py:3096} INFO - Sync 1 DAGs
[2025-09-04T11:50:02.969+0000] {logging_mixin.py:188} INFO - [2025-09-04T11:50:02.969+0000] {dag.py:3118} INFO - Creating ORM DAG for example_params_ui_tutorial
[2025-09-04T11:50:02.970+0000] {logging_mixin.py:188} INFO - [2025-09-04T11:50:02.970+0000] {dag.py:3954} INFO - Setting next_dagrun for example_params_ui_tutorial to None, run_after=None
[2025-09-04T11:50:02.992+0000] {processor.py:183} INFO - Processing /home/airflow/.local/lib/python3.12/site-packages/airflow/example_dags/example_params_ui_tutorial.py took 0.266 seconds
[2025-09-04T11:50:33.202+0000] {processor.py:161} INFO - Started process (PID=122) to work on /home/airflow/.local/lib/python3.12/site-packages/airflow/example_dags/example_params_ui_tutorial.py
[2025-09-04T11:50:33.203+0000] {processor.py:830} INFO - Processing file /home/airflow/.local/lib/python3.12/site-packages/airflow/example_dags/example_params_ui_tutorial.py for tasks to queue
[2025-09-04T11:50:33.206+0000] {logging_mixin.py:188} INFO - [2025-09-04T11:50:33.205+0000] {dagbag.py:545} INFO - Filling up the DagBag from /home/airflow/.local/lib/python3.12/site-packages/airflow/example_dags/example_params_ui_tutorial.py
[2025-09-04T11:50:33.220+0000] {processor.py:840} INFO - DAG(s) 'example_params_ui_tutorial' retrieved from /home/airflow/.local/lib/python3.12/site-packages/airflow/example_dags/example_params_ui_tutorial.py
[2025-09-04T11:50:33.278+0000] {logging_mixin.py:188} INFO - [2025-09-04T11:50:33.277+0000] {dag.py:3096} INFO - Sync 1 DAGs
[2025-09-04T11:50:33.297+0000] {logging_mixin.py:188} INFO - [2025-09-04T11:50:33.297+0000] {dag.py:3954} INFO - Setting next_dagrun for example_params_ui_tutorial to None, run_after=None
[2025-09-04T11:50:33.346+0000] {processor.py:183} INFO - Processing /home/airflow/.local/lib/python3.12/site-packages/airflow/example_dags/example_params_ui_tutorial.py took 0.149 seconds
[2025-09-04T11:51:03.625+0000] {processor.py:161} INFO - Started process (PID=180) to work on /home/airflow/.local/lib/python3.12/site-packages/airflow/example_dags/example_params_ui_tutorial.py
[2025-09-04T11:51:03.627+0000] {processor.py:830} INFO - Processing file /home/airflow/.local/lib/python3.12/site-packages/airflow/example_dags/example_params_ui_tutorial.py for tasks to queue
[2025-09-04T11:51:03.629+0000] {logging_mixin.py:188} INFO - [2025-09-04T11:51:03.629+0000] {dagbag.py:545} INFO - Filling up the DagBag from /home/airflow/.local/lib/python3.12/site-packages/airflow/example_dags/example_params_ui_tutorial.py
[2025-09-04T11:51:03.641+0000] {processor.py:840} INFO - DAG(s) 'example_params_ui_tutorial' retrieved from /home/airflow/.local/lib/python3.12/site-packages/airflow/example_dags/example_params_ui_tutorial.py
[2025-09-04T11:51:03.677+0000] {logging_mixin.py:188} INFO - [2025-09-04T11:51:03.676+0000] {dag.py:3096} INFO - Sync 1 DAGs
[2025-09-04T11:51:03.686+0000] {logging_mixin.py:188} INFO - [2025-09-04T11:51:03.686+0000] {dag.py:3954} INFO - Setting next_dagrun for example_params_ui_tutorial to None, run_after=None
[2025-09-04T11:51:03.703+0000] {processor.py:183} INFO - Processing /home/airflow/.local/lib/python3.12/site-packages/airflow/example_dags/example_params_ui_tutorial.py took 0.084 seconds
[2025-09-04T11:51:33.982+0000] {processor.py:161} INFO - Started process (PID=237) to work on /home/airflow/.local/lib/python3.12/site-packages/airflow/example_dags/example_params_ui_tutorial.py
[2025-09-04T11:51:33.983+0000] {processor.py:830} INFO - Processing file /home/airflow/.local/lib/python3.12/site-packages/airflow/example_dags/example_params_ui_tutorial.py for tasks to queue
[2025-09-04T11:51:33.985+0000] {logging_mixin.py:188} INFO - [2025-09-04T11:51:33.985+0000] {dagbag.py:545} INFO - Filling up the DagBag from /home/airflow/.local/lib/python3.12/site-packages/airflow/example_dags/example_params_ui_tutorial.py
[2025-09-04T11:51:33.995+0000] {processor.py:840} INFO - DAG(s) 'example_params_ui_tutorial' retrieved from /home/airflow/.local/lib/python3.12/site-packages/airflow/example_dags/example_params_ui_tutorial.py
[2025-09-04T11:51:34.032+0000] {logging_mixin.py:188} INFO - [2025-09-04T11:51:34.032+0000] {dag.py:3096} INFO - Sync 1 DAGs
[2025-09-04T11:51:34.041+0000] {logging_mixin.py:188} INFO - [2025-09-04T11:51:34.041+0000] {dag.py:3954} INFO - Setting next_dagrun for example_params_ui_tutorial to None, run_after=None
[2025-09-04T11:51:34.056+0000] {processor.py:183} INFO - Processing /home/airflow/.local/lib/python3.12/site-packages/airflow/example_dags/example_params_ui_tutorial.py took 0.080 seconds
[2025-09-04T11:52:04.545+0000] {processor.py:161} INFO - Started process (PID=301) to work on /home/airflow/.local/lib/python3.12/site-packages/airflow/example_dags/example_params_ui_tutorial.py
[2025-09-04T11:52:04.550+0000] {processor.py:830} INFO - Processing file /home/airflow/.local/lib/python3.12/site-packages/airflow/example_dags/example_params_ui_tutorial.py for tasks to queue
[2025-09-04T11:52:04.557+0000] {logging_mixin.py:188} INFO - [2025-09-04T11:52:04.556+0000] {dagbag.py:545} INFO - Filling up the DagBag from /home/airflow/.local/lib/python3.12/site-packages/airflow/example_dags/example_params_ui_tutorial.py
[2025-09-04T11:52:04.587+0000] {processor.py:840} INFO - DAG(s) 'example_params_ui_tutorial' retrieved from /home/airflow/.local/lib/python3.12/site-packages/airflow/example_dags/example_params_ui_tutorial.py
[2025-09-04T11:52:04.630+0000] {logging_mixin.py:188} INFO - [2025-09-04T11:52:04.629+0000] {dag.py:3096} INFO - Sync 1 DAGs
[2025-09-04T11:52:04.639+0000] {logging_mixin.py:188} INFO - [2025-09-04T11:52:04.639+0000] {dag.py:3954} INFO - Setting next_dagrun for example_params_ui_tutorial to None, run_after=None
[2025-09-04T11:52:04.655+0000] {processor.py:183} INFO - Processing /home/airflow/.local/lib/python3.12/site-packages/airflow/example_dags/example_params_ui_tutorial.py took 0.122 seconds
[2025-09-04T11:52:35.011+0000] {processor.py:161} INFO - Started process (PID=359) to work on /home/airflow/.local/lib/python3.12/site-packages/airflow/example_dags/example_params_ui_tutorial.py
[2025-09-04T11:52:35.012+0000] {processor.py:830} INFO - Processing file /home/airflow/.local/lib/python3.12/site-packages/airflow/example_dags/example_params_ui_tutorial.py for tasks to queue
[2025-09-04T11:52:35.015+0000] {logging_mixin.py:188} INFO - [2025-09-04T11:52:35.014+0000] {dagbag.py:545} INFO - Filling up the DagBag from /home/airflow/.local/lib/python3.12/site-packages/airflow/example_dags/example_params_ui_tutorial.py
[2025-09-04T11:52:35.032+0000] {processor.py:840} INFO - DAG(s) 'example_params_ui_tutorial' retrieved from /home/airflow/.local/lib/python3.12/site-packages/airflow/example_dags/example_params_ui_tutorial.py
[2025-09-04T11:52:35.082+0000] {logging_mixin.py:188} INFO - [2025-09-04T11:52:35.082+0000] {dag.py:3096} INFO - Sync 1 DAGs
[2025-09-04T11:52:35.096+0000] {logging_mixin.py:188} INFO - [2025-09-04T11:52:35.096+0000] {dag.py:3954} INFO - Setting next_dagrun for example_params_ui_tutorial to None, run_after=None
[2025-09-04T11:52:35.116+0000] {processor.py:183} INFO - Processing /home/airflow/.local/lib/python3.12/site-packages/airflow/example_dags/example_params_ui_tutorial.py took 0.114 seconds
[2025-09-04T11:53:05.229+0000] {processor.py:161} INFO - Started process (PID=417) to work on /home/airflow/.local/lib/python3.12/site-packages/airflow/example_dags/example_params_ui_tutorial.py
[2025-09-04T11:53:05.231+0000] {processor.py:830} INFO - Processing file /home/airflow/.local/lib/python3.12/site-packages/airflow/example_dags/example_params_ui_tutorial.py for tasks to queue
[2025-09-04T11:53:05.234+0000] {logging_mixin.py:188} INFO - [2025-09-04T11:53:05.234+0000] {dagbag.py:545} INFO - Filling up the DagBag from /home/airflow/.local/lib/python3.12/site-packages/airflow/example_dags/example_params_ui_tutorial.py
[2025-09-04T11:53:05.248+0000] {processor.py:840} INFO - DAG(s) 'example_params_ui_tutorial' retrieved from /home/airflow/.local/lib/python3.12/site-packages/airflow/example_dags/example_params_ui_tutorial.py
[2025-09-04T11:53:05.290+0000] {logging_mixin.py:188} INFO - [2025-09-04T11:53:05.290+0000] {dag.py:3096} INFO - Sync 1 DAGs
[2025-09-04T11:53:05.300+0000] {logging_mixin.py:188} INFO - [2025-09-04T11:53:05.300+0000] {dag.py:3954} INFO - Setting next_dagrun for example_params_ui_tutorial to None, run_after=None
[2025-09-04T11:53:05.314+0000] {processor.py:183} INFO - Processing /home/airflow/.local/lib/python3.12/site-packages/airflow/example_dags/example_params_ui_tutorial.py took 0.095 seconds
[2025-09-04T11:53:35.548+0000] {processor.py:161} INFO - Started process (PID=475) to work on /home/airflow/.local/lib/python3.12/site-packages/airflow/example_dags/example_params_ui_tutorial.py
[2025-09-04T11:53:35.549+0000] {processor.py:830} INFO - Processing file /home/airflow/.local/lib/python3.12/site-packages/airflow/example_dags/example_params_ui_tutorial.py for tasks to queue
[2025-09-04T11:53:35.552+0000] {logging_mixin.py:188} INFO - [2025-09-04T11:53:35.551+0000] {dagbag.py:545} INFO - Filling up the DagBag from /home/airflow/.local/lib/python3.12/site-packages/airflow/example_dags/example_params_ui_tutorial.py
[2025-09-04T11:53:35.562+0000] {processor.py:840} INFO - DAG(s) 'example_params_ui_tutorial' retrieved from /home/airflow/.local/lib/python3.12/site-packages/airflow/example_dags/example_params_ui_tutorial.py
[2025-09-04T11:53:35.609+0000] {logging_mixin.py:188} INFO - [2025-09-04T11:53:35.609+0000] {dag.py:3096} INFO - Sync 1 DAGs
[2025-09-04T11:53:35.621+0000] {logging_mixin.py:188} INFO - [2025-09-04T11:53:35.620+0000] {dag.py:3954} INFO - Setting next_dagrun for example_params_ui_tutorial to None, run_after=None
[2025-09-04T11:53:35.636+0000] {processor.py:183} INFO - Processing /home/airflow/.local/lib/python3.12/site-packages/airflow/example_dags/example_params_ui_tutorial.py took 0.093 seconds
[2025-09-04T11:54:06.460+0000] {processor.py:161} INFO - Started process (PID=533) to work on /home/airflow/.local/lib/python3.12/site-packages/airflow/example_dags/example_params_ui_tutorial.py
[2025-09-04T11:54:06.462+0000] {processor.py:830} INFO - Processing file /home/airflow/.local/lib/python3.12/site-packages/airflow/example_dags/example_params_ui_tutorial.py for tasks to queue
[2025-09-04T11:54:06.466+0000] {logging_mixin.py:188} INFO - [2025-09-04T11:54:06.465+0000] {dagbag.py:545} INFO - Filling up the DagBag from /home/airflow/.local/lib/python3.12/site-packages/airflow/example_dags/example_params_ui_tutorial.py
[2025-09-04T11:54:06.481+0000] {processor.py:840} INFO - DAG(s) 'example_params_ui_tutorial' retrieved from /home/airflow/.local/lib/python3.12/site-packages/airflow/example_dags/example_params_ui_tutorial.py
[2025-09-04T11:54:06.542+0000] {logging_mixin.py:188} INFO - [2025-09-04T11:54:06.542+0000] {dag.py:3096} INFO - Sync 1 DAGs
[2025-09-04T11:54:06.552+0000] {logging_mixin.py:188} INFO - [2025-09-04T11:54:06.552+0000] {dag.py:3954} INFO - Setting next_dagrun for example_params_ui_tutorial to None, run_after=None
[2025-09-04T11:54:06.571+0000] {processor.py:183} INFO - Processing /home/airflow/.local/lib/python3.12/site-packages/airflow/example_dags/example_params_ui_tutorial.py took 0.122 seconds
[2025-09-04T11:54:36.976+0000] {processor.py:161} INFO - Started process (PID=591) to work on /home/airflow/.local/lib/python3.12/site-packages/airflow/example_dags/example_params_ui_tutorial.py
[2025-09-04T11:54:36.978+0000] {processor.py:830} INFO - Processing file /home/airflow/.local/lib/python3.12/site-packages/airflow/example_dags/example_params_ui_tutorial.py for tasks to queue
[2025-09-04T11:54:36.982+0000] {logging_mixin.py:188} INFO - [2025-09-04T11:54:36.981+0000] {dagbag.py:545} INFO - Filling up the DagBag from /home/airflow/.local/lib/python3.12/site-packages/airflow/example_dags/example_params_ui_tutorial.py
[2025-09-04T11:54:37.004+0000] {processor.py:840} INFO - DAG(s) 'example_params_ui_tutorial' retrieved from /home/airflow/.local/lib/python3.12/site-packages/airflow/example_dags/example_params_ui_tutorial.py
[2025-09-04T11:54:37.052+0000] {logging_mixin.py:188} INFO - [2025-09-04T11:54:37.052+0000] {dag.py:3096} INFO - Sync 1 DAGs
[2025-09-04T11:54:37.063+0000] {logging_mixin.py:188} INFO - [2025-09-04T11:54:37.063+0000] {dag.py:3954} INFO - Setting next_dagrun for example_params_ui_tutorial to None, run_after=None
[2025-09-04T11:54:37.084+0000] {processor.py:183} INFO - Processing /home/airflow/.local/lib/python3.12/site-packages/airflow/example_dags/example_params_ui_tutorial.py took 0.116 seconds
[2025-09-04T11:55:07.279+0000] {processor.py:161} INFO - Started process (PID=649) to work on /home/airflow/.local/lib/python3.12/site-packages/airflow/example_dags/example_params_ui_tutorial.py
[2025-09-04T11:55:07.282+0000] {processor.py:830} INFO - Processing file /home/airflow/.local/lib/python3.12/site-packages/airflow/example_dags/example_params_ui_tutorial.py for tasks to queue
[2025-09-04T11:55:07.286+0000] {logging_mixin.py:188} INFO - [2025-09-04T11:55:07.286+0000] {dagbag.py:545} INFO - Filling up the DagBag from /home/airflow/.local/lib/python3.12/site-packages/airflow/example_dags/example_params_ui_tutorial.py
[2025-09-04T11:55:07.311+0000] {processor.py:840} INFO - DAG(s) 'example_params_ui_tutorial' retrieved from /home/airflow/.local/lib/python3.12/site-packages/airflow/example_dags/example_params_ui_tutorial.py
[2025-09-04T11:55:07.409+0000] {logging_mixin.py:188} INFO - [2025-09-04T11:55:07.408+0000] {dag.py:3096} INFO - Sync 1 DAGs
[2025-09-04T11:55:07.420+0000] {logging_mixin.py:188} INFO - [2025-09-04T11:55:07.419+0000] {dag.py:3954} INFO - Setting next_dagrun for example_params_ui_tutorial to None, run_after=None
[2025-09-04T11:55:07.448+0000] {processor.py:183} INFO - Processing /home/airflow/.local/lib/python3.12/site-packages/airflow/example_dags/example_params_ui_tutorial.py took 0.177 seconds
[2025-09-04T11:55:37.547+0000] {processor.py:161} INFO - Started process (PID=707) to work on /home/airflow/.local/lib/python3.12/site-packages/airflow/example_dags/example_params_ui_tutorial.py
[2025-09-04T11:55:37.548+0000] {processor.py:830} INFO - Processing file /home/airflow/.local/lib/python3.12/site-packages/airflow/example_dags/example_params_ui_tutorial.py for tasks to queue
[2025-09-04T11:55:37.550+0000] {logging_mixin.py:188} INFO - [2025-09-04T11:55:37.550+0000] {dagbag.py:545} INFO - Filling up the DagBag from /home/airflow/.local/lib/python3.12/site-packages/airflow/example_dags/example_params_ui_tutorial.py
[2025-09-04T11:55:37.562+0000] {processor.py:840} INFO - DAG(s) 'example_params_ui_tutorial' retrieved from /home/airflow/.local/lib/python3.12/site-packages/airflow/example_dags/example_params_ui_tutorial.py
[2025-09-04T11:55:37.607+0000] {logging_mixin.py:188} INFO - [2025-09-04T11:55:37.607+0000] {dag.py:3096} INFO - Sync 1 DAGs
[2025-09-04T11:55:37.618+0000] {logging_mixin.py:188} INFO - [2025-09-04T11:55:37.617+0000] {dag.py:3954} INFO - Setting next_dagrun for example_params_ui_tutorial to None, run_after=None
[2025-09-04T11:55:37.633+0000] {processor.py:183} INFO - Processing /home/airflow/.local/lib/python3.12/site-packages/airflow/example_dags/example_params_ui_tutorial.py took 0.092 seconds
[2025-09-04T11:56:08.175+0000] {processor.py:161} INFO - Started process (PID=765) to work on /home/airflow/.local/lib/python3.12/site-packages/airflow/example_dags/example_params_ui_tutorial.py
[2025-09-04T11:56:08.178+0000] {processor.py:830} INFO - Processing file /home/airflow/.local/lib/python3.12/site-packages/airflow/example_dags/example_params_ui_tutorial.py for tasks to queue
[2025-09-04T11:56:08.181+0000] {logging_mixin.py:188} INFO - [2025-09-04T11:56:08.181+0000] {dagbag.py:545} INFO - Filling up the DagBag from /home/airflow/.local/lib/python3.12/site-packages/airflow/example_dags/example_params_ui_tutorial.py
[2025-09-04T11:56:08.198+0000] {processor.py:840} INFO - DAG(s) 'example_params_ui_tutorial' retrieved from /home/airflow/.local/lib/python3.12/site-packages/airflow/example_dags/example_params_ui_tutorial.py
[2025-09-04T11:56:08.246+0000] {logging_mixin.py:188} INFO - [2025-09-04T11:56:08.246+0000] {dag.py:3096} INFO - Sync 1 DAGs
[2025-09-04T11:56:08.259+0000] {logging_mixin.py:188} INFO - [2025-09-04T11:56:08.258+0000] {dag.py:3954} INFO - Setting next_dagrun for example_params_ui_tutorial to None, run_after=None
[2025-09-04T11:56:08.280+0000] {processor.py:183} INFO - Processing /home/airflow/.local/lib/python3.12/site-packages/airflow/example_dags/example_params_ui_tutorial.py took 0.117 seconds
[2025-09-04T11:56:38.463+0000] {processor.py:161} INFO - Started process (PID=823) to work on /home/airflow/.local/lib/python3.12/site-packages/airflow/example_dags/example_params_ui_tutorial.py
[2025-09-04T11:56:38.465+0000] {processor.py:830} INFO - Processing file /home/airflow/.local/lib/python3.12/site-packages/airflow/example_dags/example_params_ui_tutorial.py for tasks to queue
[2025-09-04T11:56:38.468+0000] {logging_mixin.py:188} INFO - [2025-09-04T11:56:38.467+0000] {dagbag.py:545} INFO - Filling up the DagBag from /home/airflow/.local/lib/python3.12/site-packages/airflow/example_dags/example_params_ui_tutorial.py
[2025-09-04T11:56:38.483+0000] {processor.py:840} INFO - DAG(s) 'example_params_ui_tutorial' retrieved from /home/airflow/.local/lib/python3.12/site-packages/airflow/example_dags/example_params_ui_tutorial.py
[2025-09-04T11:56:38.533+0000] {logging_mixin.py:188} INFO - [2025-09-04T11:56:38.533+0000] {dag.py:3096} INFO - Sync 1 DAGs
[2025-09-04T11:56:38.554+0000] {logging_mixin.py:188} INFO - [2025-09-04T11:56:38.553+0000] {dag.py:3954} INFO - Setting next_dagrun for example_params_ui_tutorial to None, run_after=None
[2025-09-04T11:56:38.592+0000] {processor.py:183} INFO - Processing /home/airflow/.local/lib/python3.12/site-packages/airflow/example_dags/example_params_ui_tutorial.py took 0.135 seconds
[2025-09-04T11:57:08.686+0000] {processor.py:161} INFO - Started process (PID=880) to work on /home/airflow/.local/lib/python3.12/site-packages/airflow/example_dags/example_params_ui_tutorial.py
[2025-09-04T11:57:08.695+0000] {processor.py:830} INFO - Processing file /home/airflow/.local/lib/python3.12/site-packages/airflow/example_dags/example_params_ui_tutorial.py for tasks to queue
[2025-09-04T11:57:08.703+0000] {logging_mixin.py:188} INFO - [2025-09-04T11:57:08.703+0000] {dagbag.py:545} INFO - Filling up the DagBag from /home/airflow/.local/lib/python3.12/site-packages/airflow/example_dags/example_params_ui_tutorial.py
[2025-09-04T11:57:08.731+0000] {processor.py:840} INFO - DAG(s) 'example_params_ui_tutorial' retrieved from /home/airflow/.local/lib/python3.12/site-packages/airflow/example_dags/example_params_ui_tutorial.py
[2025-09-04T11:57:08.823+0000] {logging_mixin.py:188} INFO - [2025-09-04T11:57:08.823+0000] {dag.py:3096} INFO - Sync 1 DAGs
[2025-09-04T11:57:08.839+0000] {logging_mixin.py:188} INFO - [2025-09-04T11:57:08.838+0000] {dag.py:3954} INFO - Setting next_dagrun for example_params_ui_tutorial to None, run_after=None
[2025-09-04T11:57:08.859+0000] {processor.py:183} INFO - Processing /home/airflow/.local/lib/python3.12/site-packages/airflow/example_dags/example_params_ui_tutorial.py took 0.196 seconds
[2025-09-04T11:57:39.008+0000] {processor.py:161} INFO - Started process (PID=938) to work on /home/airflow/.local/lib/python3.12/site-packages/airflow/example_dags/example_params_ui_tutorial.py
[2025-09-04T11:57:39.009+0000] {processor.py:830} INFO - Processing file /home/airflow/.local/lib/python3.12/site-packages/airflow/example_dags/example_params_ui_tutorial.py for tasks to queue
[2025-09-04T11:57:39.013+0000] {logging_mixin.py:188} INFO - [2025-09-04T11:57:39.012+0000] {dagbag.py:545} INFO - Filling up the DagBag from /home/airflow/.local/lib/python3.12/site-packages/airflow/example_dags/example_params_ui_tutorial.py
[2025-09-04T11:57:39.033+0000] {processor.py:840} INFO - DAG(s) 'example_params_ui_tutorial' retrieved from /home/airflow/.local/lib/python3.12/site-packages/airflow/example_dags/example_params_ui_tutorial.py
[2025-09-04T11:57:39.099+0000] {logging_mixin.py:188} INFO - [2025-09-04T11:57:39.099+0000] {dag.py:3096} INFO - Sync 1 DAGs
[2025-09-04T11:57:39.109+0000] {logging_mixin.py:188} INFO - [2025-09-04T11:57:39.109+0000] {dag.py:3954} INFO - Setting next_dagrun for example_params_ui_tutorial to None, run_after=None
[2025-09-04T11:57:39.133+0000] {processor.py:183} INFO - Processing /home/airflow/.local/lib/python3.12/site-packages/airflow/example_dags/example_params_ui_tutorial.py took 0.131 seconds
[2025-09-04T11:58:09.410+0000] {processor.py:161} INFO - Started process (PID=997) to work on /home/airflow/.local/lib/python3.12/site-packages/airflow/example_dags/example_params_ui_tutorial.py
[2025-09-04T11:58:09.411+0000] {processor.py:830} INFO - Processing file /home/airflow/.local/lib/python3.12/site-packages/airflow/example_dags/example_params_ui_tutorial.py for tasks to queue
[2025-09-04T11:58:09.414+0000] {logging_mixin.py:188} INFO - [2025-09-04T11:58:09.413+0000] {dagbag.py:545} INFO - Filling up the DagBag from /home/airflow/.local/lib/python3.12/site-packages/airflow/example_dags/example_params_ui_tutorial.py
[2025-09-04T11:58:09.424+0000] {processor.py:840} INFO - DAG(s) 'example_params_ui_tutorial' retrieved from /home/airflow/.local/lib/python3.12/site-packages/airflow/example_dags/example_params_ui_tutorial.py
[2025-09-04T11:58:09.477+0000] {logging_mixin.py:188} INFO - [2025-09-04T11:58:09.476+0000] {dag.py:3096} INFO - Sync 1 DAGs
[2025-09-04T11:58:09.493+0000] {logging_mixin.py:188} INFO - [2025-09-04T11:58:09.493+0000] {dag.py:3954} INFO - Setting next_dagrun for example_params_ui_tutorial to None, run_after=None
[2025-09-04T11:58:09.516+0000] {processor.py:183} INFO - Processing /home/airflow/.local/lib/python3.12/site-packages/airflow/example_dags/example_params_ui_tutorial.py took 0.112 seconds
[2025-09-04T11:58:39.623+0000] {processor.py:161} INFO - Started process (PID=1055) to work on /home/airflow/.local/lib/python3.12/site-packages/airflow/example_dags/example_params_ui_tutorial.py
[2025-09-04T11:58:39.624+0000] {processor.py:830} INFO - Processing file /home/airflow/.local/lib/python3.12/site-packages/airflow/example_dags/example_params_ui_tutorial.py for tasks to queue
[2025-09-04T11:58:39.626+0000] {logging_mixin.py:188} INFO - [2025-09-04T11:58:39.626+0000] {dagbag.py:545} INFO - Filling up the DagBag from /home/airflow/.local/lib/python3.12/site-packages/airflow/example_dags/example_params_ui_tutorial.py
[2025-09-04T11:58:39.636+0000] {processor.py:840} INFO - DAG(s) 'example_params_ui_tutorial' retrieved from /home/airflow/.local/lib/python3.12/site-packages/airflow/example_dags/example_params_ui_tutorial.py
[2025-09-04T11:58:39.677+0000] {logging_mixin.py:188} INFO - [2025-09-04T11:58:39.677+0000] {dag.py:3096} INFO - Sync 1 DAGs
[2025-09-04T11:58:39.688+0000] {logging_mixin.py:188} INFO - [2025-09-04T11:58:39.688+0000] {dag.py:3954} INFO - Setting next_dagrun for example_params_ui_tutorial to None, run_after=None
[2025-09-04T11:58:39.706+0000] {processor.py:183} INFO - Processing /home/airflow/.local/lib/python3.12/site-packages/airflow/example_dags/example_params_ui_tutorial.py took 0.088 seconds
[2025-09-04T11:59:10.150+0000] {processor.py:161} INFO - Started process (PID=1113) to work on /home/airflow/.local/lib/python3.12/site-packages/airflow/example_dags/example_params_ui_tutorial.py
[2025-09-04T11:59:10.153+0000] {processor.py:830} INFO - Processing file /home/airflow/.local/lib/python3.12/site-packages/airflow/example_dags/example_params_ui_tutorial.py for tasks to queue
[2025-09-04T11:59:10.156+0000] {logging_mixin.py:188} INFO - [2025-09-04T11:59:10.156+0000] {dagbag.py:545} INFO - Filling up the DagBag from /home/airflow/.local/lib/python3.12/site-packages/airflow/example_dags/example_params_ui_tutorial.py
[2025-09-04T11:59:10.180+0000] {processor.py:840} INFO - DAG(s) 'example_params_ui_tutorial' retrieved from /home/airflow/.local/lib/python3.12/site-packages/airflow/example_dags/example_params_ui_tutorial.py
[2025-09-04T11:59:10.259+0000] {logging_mixin.py:188} INFO - [2025-09-04T11:59:10.258+0000] {dag.py:3096} INFO - Sync 1 DAGs
[2025-09-04T11:59:10.276+0000] {logging_mixin.py:188} INFO - [2025-09-04T11:59:10.275+0000] {dag.py:3954} INFO - Setting next_dagrun for example_params_ui_tutorial to None, run_after=None
[2025-09-04T11:59:10.306+0000] {processor.py:183} INFO - Processing /home/airflow/.local/lib/python3.12/site-packages/airflow/example_dags/example_params_ui_tutorial.py took 0.164 seconds
[2025-09-04T11:59:40.602+0000] {processor.py:161} INFO - Started process (PID=1171) to work on /home/airflow/.local/lib/python3.12/site-packages/airflow/example_dags/example_params_ui_tutorial.py
[2025-09-04T11:59:40.603+0000] {processor.py:830} INFO - Processing file /home/airflow/.local/lib/python3.12/site-packages/airflow/example_dags/example_params_ui_tutorial.py for tasks to queue
[2025-09-04T11:59:40.605+0000] {logging_mixin.py:188} INFO - [2025-09-04T11:59:40.605+0000] {dagbag.py:545} INFO - Filling up the DagBag from /home/airflow/.local/lib/python3.12/site-packages/airflow/example_dags/example_params_ui_tutorial.py
[2025-09-04T11:59:40.618+0000] {processor.py:840} INFO - DAG(s) 'example_params_ui_tutorial' retrieved from /home/airflow/.local/lib/python3.12/site-packages/airflow/example_dags/example_params_ui_tutorial.py
[2025-09-04T11:59:40.664+0000] {logging_mixin.py:188} INFO - [2025-09-04T11:59:40.664+0000] {dag.py:3096} INFO - Sync 1 DAGs
[2025-09-04T11:59:40.674+0000] {logging_mixin.py:188} INFO - [2025-09-04T11:59:40.674+0000] {dag.py:3954} INFO - Setting next_dagrun for example_params_ui_tutorial to None, run_after=None
[2025-09-04T11:59:40.691+0000] {processor.py:183} INFO - Processing /home/airflow/.local/lib/python3.12/site-packages/airflow/example_dags/example_params_ui_tutorial.py took 0.095 seconds
[2025-09-04T12:01:30.644+0000] {processor.py:161} INFO - Started process (PID=58) to work on /home/airflow/.local/lib/python3.12/site-packages/airflow/example_dags/example_params_ui_tutorial.py
[2025-09-04T12:01:30.646+0000] {processor.py:830} INFO - Processing file /home/airflow/.local/lib/python3.12/site-packages/airflow/example_dags/example_params_ui_tutorial.py for tasks to queue
[2025-09-04T12:01:30.648+0000] {logging_mixin.py:188} INFO - [2025-09-04T12:01:30.647+0000] {dagbag.py:545} INFO - Filling up the DagBag from /home/airflow/.local/lib/python3.12/site-packages/airflow/example_dags/example_params_ui_tutorial.py
[2025-09-04T12:01:30.662+0000] {processor.py:840} INFO - DAG(s) 'example_params_ui_tutorial' retrieved from /home/airflow/.local/lib/python3.12/site-packages/airflow/example_dags/example_params_ui_tutorial.py
[2025-09-04T12:01:30.794+0000] {logging_mixin.py:188} INFO - [2025-09-04T12:01:30.794+0000] {dag.py:3096} INFO - Sync 1 DAGs
[2025-09-04T12:01:30.806+0000] {logging_mixin.py:188} INFO - [2025-09-04T12:01:30.806+0000] {dag.py:3954} INFO - Setting next_dagrun for example_params_ui_tutorial to None, run_after=None
[2025-09-04T12:01:30.830+0000] {processor.py:183} INFO - Processing /home/airflow/.local/lib/python3.12/site-packages/airflow/example_dags/example_params_ui_tutorial.py took 0.191 seconds
[2025-09-04T12:02:01.025+0000] {processor.py:161} INFO - Started process (PID=116) to work on /home/airflow/.local/lib/python3.12/site-packages/airflow/example_dags/example_params_ui_tutorial.py
[2025-09-04T12:02:01.027+0000] {processor.py:830} INFO - Processing file /home/airflow/.local/lib/python3.12/site-packages/airflow/example_dags/example_params_ui_tutorial.py for tasks to queue
[2025-09-04T12:02:01.029+0000] {logging_mixin.py:188} INFO - [2025-09-04T12:02:01.029+0000] {dagbag.py:545} INFO - Filling up the DagBag from /home/airflow/.local/lib/python3.12/site-packages/airflow/example_dags/example_params_ui_tutorial.py
[2025-09-04T12:02:01.043+0000] {processor.py:840} INFO - DAG(s) 'example_params_ui_tutorial' retrieved from /home/airflow/.local/lib/python3.12/site-packages/airflow/example_dags/example_params_ui_tutorial.py
[2025-09-04T12:02:01.096+0000] {logging_mixin.py:188} INFO - [2025-09-04T12:02:01.096+0000] {dag.py:3096} INFO - Sync 1 DAGs
[2025-09-04T12:02:01.107+0000] {logging_mixin.py:188} INFO - [2025-09-04T12:02:01.107+0000] {dag.py:3954} INFO - Setting next_dagrun for example_params_ui_tutorial to None, run_after=None
[2025-09-04T12:02:01.125+0000] {processor.py:183} INFO - Processing /home/airflow/.local/lib/python3.12/site-packages/airflow/example_dags/example_params_ui_tutorial.py took 0.106 seconds
[2025-09-04T12:02:31.540+0000] {processor.py:161} INFO - Started process (PID=174) to work on /home/airflow/.local/lib/python3.12/site-packages/airflow/example_dags/example_params_ui_tutorial.py
[2025-09-04T12:02:31.541+0000] {processor.py:830} INFO - Processing file /home/airflow/.local/lib/python3.12/site-packages/airflow/example_dags/example_params_ui_tutorial.py for tasks to queue
[2025-09-04T12:02:31.543+0000] {logging_mixin.py:188} INFO - [2025-09-04T12:02:31.543+0000] {dagbag.py:545} INFO - Filling up the DagBag from /home/airflow/.local/lib/python3.12/site-packages/airflow/example_dags/example_params_ui_tutorial.py
[2025-09-04T12:02:31.553+0000] {processor.py:840} INFO - DAG(s) 'example_params_ui_tutorial' retrieved from /home/airflow/.local/lib/python3.12/site-packages/airflow/example_dags/example_params_ui_tutorial.py
[2025-09-04T12:02:31.589+0000] {logging_mixin.py:188} INFO - [2025-09-04T12:02:31.589+0000] {dag.py:3096} INFO - Sync 1 DAGs
[2025-09-04T12:02:31.600+0000] {logging_mixin.py:188} INFO - [2025-09-04T12:02:31.599+0000] {dag.py:3954} INFO - Setting next_dagrun for example_params_ui_tutorial to None, run_after=None
[2025-09-04T12:02:31.615+0000] {processor.py:183} INFO - Processing /home/airflow/.local/lib/python3.12/site-packages/airflow/example_dags/example_params_ui_tutorial.py took 0.081 seconds
[2025-09-04T12:03:02.032+0000] {processor.py:161} INFO - Started process (PID=232) to work on /home/airflow/.local/lib/python3.12/site-packages/airflow/example_dags/example_params_ui_tutorial.py
[2025-09-04T12:03:02.034+0000] {processor.py:830} INFO - Processing file /home/airflow/.local/lib/python3.12/site-packages/airflow/example_dags/example_params_ui_tutorial.py for tasks to queue
[2025-09-04T12:03:02.036+0000] {logging_mixin.py:188} INFO - [2025-09-04T12:03:02.035+0000] {dagbag.py:545} INFO - Filling up the DagBag from /home/airflow/.local/lib/python3.12/site-packages/airflow/example_dags/example_params_ui_tutorial.py
[2025-09-04T12:03:02.045+0000] {processor.py:840} INFO - DAG(s) 'example_params_ui_tutorial' retrieved from /home/airflow/.local/lib/python3.12/site-packages/airflow/example_dags/example_params_ui_tutorial.py
[2025-09-04T12:03:02.080+0000] {logging_mixin.py:188} INFO - [2025-09-04T12:03:02.080+0000] {dag.py:3096} INFO - Sync 1 DAGs
[2025-09-04T12:03:02.090+0000] {logging_mixin.py:188} INFO - [2025-09-04T12:03:02.090+0000] {dag.py:3954} INFO - Setting next_dagrun for example_params_ui_tutorial to None, run_after=None
[2025-09-04T12:03:02.104+0000] {processor.py:183} INFO - Processing /home/airflow/.local/lib/python3.12/site-packages/airflow/example_dags/example_params_ui_tutorial.py took 0.076 seconds
[2025-09-04T12:03:32.338+0000] {processor.py:161} INFO - Started process (PID=290) to work on /home/airflow/.local/lib/python3.12/site-packages/airflow/example_dags/example_params_ui_tutorial.py
[2025-09-04T12:03:32.339+0000] {processor.py:830} INFO - Processing file /home/airflow/.local/lib/python3.12/site-packages/airflow/example_dags/example_params_ui_tutorial.py for tasks to queue
[2025-09-04T12:03:32.342+0000] {logging_mixin.py:188} INFO - [2025-09-04T12:03:32.341+0000] {dagbag.py:545} INFO - Filling up the DagBag from /home/airflow/.local/lib/python3.12/site-packages/airflow/example_dags/example_params_ui_tutorial.py
[2025-09-04T12:03:32.358+0000] {processor.py:840} INFO - DAG(s) 'example_params_ui_tutorial' retrieved from /home/airflow/.local/lib/python3.12/site-packages/airflow/example_dags/example_params_ui_tutorial.py
[2025-09-04T12:03:32.460+0000] {logging_mixin.py:188} INFO - [2025-09-04T12:03:32.459+0000] {dag.py:3096} INFO - Sync 1 DAGs
[2025-09-04T12:03:32.484+0000] {logging_mixin.py:188} INFO - [2025-09-04T12:03:32.483+0000] {dag.py:3954} INFO - Setting next_dagrun for example_params_ui_tutorial to None, run_after=None
[2025-09-04T12:03:32.539+0000] {processor.py:183} INFO - Processing /home/airflow/.local/lib/python3.12/site-packages/airflow/example_dags/example_params_ui_tutorial.py took 0.205 seconds
[2025-09-04T12:04:03.045+0000] {processor.py:161} INFO - Started process (PID=348) to work on /home/airflow/.local/lib/python3.12/site-packages/airflow/example_dags/example_params_ui_tutorial.py
[2025-09-04T12:04:03.047+0000] {processor.py:830} INFO - Processing file /home/airflow/.local/lib/python3.12/site-packages/airflow/example_dags/example_params_ui_tutorial.py for tasks to queue
[2025-09-04T12:04:03.049+0000] {logging_mixin.py:188} INFO - [2025-09-04T12:04:03.049+0000] {dagbag.py:545} INFO - Filling up the DagBag from /home/airflow/.local/lib/python3.12/site-packages/airflow/example_dags/example_params_ui_tutorial.py
[2025-09-04T12:04:03.064+0000] {processor.py:840} INFO - DAG(s) 'example_params_ui_tutorial' retrieved from /home/airflow/.local/lib/python3.12/site-packages/airflow/example_dags/example_params_ui_tutorial.py
[2025-09-04T12:04:03.124+0000] {logging_mixin.py:188} INFO - [2025-09-04T12:04:03.123+0000] {dag.py:3096} INFO - Sync 1 DAGs
[2025-09-04T12:04:03.136+0000] {logging_mixin.py:188} INFO - [2025-09-04T12:04:03.136+0000] {dag.py:3954} INFO - Setting next_dagrun for example_params_ui_tutorial to None, run_after=None
[2025-09-04T12:04:03.155+0000] {processor.py:183} INFO - Processing /home/airflow/.local/lib/python3.12/site-packages/airflow/example_dags/example_params_ui_tutorial.py took 0.118 seconds
[2025-09-04T12:04:33.462+0000] {processor.py:161} INFO - Started process (PID=412) to work on /home/airflow/.local/lib/python3.12/site-packages/airflow/example_dags/example_params_ui_tutorial.py
[2025-09-04T12:04:33.464+0000] {processor.py:830} INFO - Processing file /home/airflow/.local/lib/python3.12/site-packages/airflow/example_dags/example_params_ui_tutorial.py for tasks to queue
[2025-09-04T12:04:33.467+0000] {logging_mixin.py:188} INFO - [2025-09-04T12:04:33.467+0000] {dagbag.py:545} INFO - Filling up the DagBag from /home/airflow/.local/lib/python3.12/site-packages/airflow/example_dags/example_params_ui_tutorial.py
[2025-09-04T12:04:33.482+0000] {processor.py:840} INFO - DAG(s) 'example_params_ui_tutorial' retrieved from /home/airflow/.local/lib/python3.12/site-packages/airflow/example_dags/example_params_ui_tutorial.py
[2025-09-04T12:04:33.553+0000] {logging_mixin.py:188} INFO - [2025-09-04T12:04:33.552+0000] {dag.py:3096} INFO - Sync 1 DAGs
[2025-09-04T12:04:33.566+0000] {logging_mixin.py:188} INFO - [2025-09-04T12:04:33.566+0000] {dag.py:3954} INFO - Setting next_dagrun for example_params_ui_tutorial to None, run_after=None
[2025-09-04T12:04:33.581+0000] {processor.py:183} INFO - Processing /home/airflow/.local/lib/python3.12/site-packages/airflow/example_dags/example_params_ui_tutorial.py took 0.128 seconds
[2025-09-04T12:05:04.001+0000] {processor.py:161} INFO - Started process (PID=470) to work on /home/airflow/.local/lib/python3.12/site-packages/airflow/example_dags/example_params_ui_tutorial.py
[2025-09-04T12:05:04.003+0000] {processor.py:830} INFO - Processing file /home/airflow/.local/lib/python3.12/site-packages/airflow/example_dags/example_params_ui_tutorial.py for tasks to queue
[2025-09-04T12:05:04.005+0000] {logging_mixin.py:188} INFO - [2025-09-04T12:05:04.005+0000] {dagbag.py:545} INFO - Filling up the DagBag from /home/airflow/.local/lib/python3.12/site-packages/airflow/example_dags/example_params_ui_tutorial.py
[2025-09-04T12:05:04.017+0000] {processor.py:840} INFO - DAG(s) 'example_params_ui_tutorial' retrieved from /home/airflow/.local/lib/python3.12/site-packages/airflow/example_dags/example_params_ui_tutorial.py
[2025-09-04T12:05:04.058+0000] {logging_mixin.py:188} INFO - [2025-09-04T12:05:04.058+0000] {dag.py:3096} INFO - Sync 1 DAGs
[2025-09-04T12:05:04.070+0000] {logging_mixin.py:188} INFO - [2025-09-04T12:05:04.070+0000] {dag.py:3954} INFO - Setting next_dagrun for example_params_ui_tutorial to None, run_after=None
[2025-09-04T12:05:04.092+0000] {processor.py:183} INFO - Processing /home/airflow/.local/lib/python3.12/site-packages/airflow/example_dags/example_params_ui_tutorial.py took 0.100 seconds
[2025-09-04T12:05:34.345+0000] {processor.py:161} INFO - Started process (PID=528) to work on /home/airflow/.local/lib/python3.12/site-packages/airflow/example_dags/example_params_ui_tutorial.py
[2025-09-04T12:05:34.346+0000] {processor.py:830} INFO - Processing file /home/airflow/.local/lib/python3.12/site-packages/airflow/example_dags/example_params_ui_tutorial.py for tasks to queue
[2025-09-04T12:05:34.349+0000] {logging_mixin.py:188} INFO - [2025-09-04T12:05:34.349+0000] {dagbag.py:545} INFO - Filling up the DagBag from /home/airflow/.local/lib/python3.12/site-packages/airflow/example_dags/example_params_ui_tutorial.py
[2025-09-04T12:05:34.359+0000] {processor.py:840} INFO - DAG(s) 'example_params_ui_tutorial' retrieved from /home/airflow/.local/lib/python3.12/site-packages/airflow/example_dags/example_params_ui_tutorial.py
[2025-09-04T12:05:34.405+0000] {logging_mixin.py:188} INFO - [2025-09-04T12:05:34.405+0000] {dag.py:3096} INFO - Sync 1 DAGs
[2025-09-04T12:05:34.416+0000] {logging_mixin.py:188} INFO - [2025-09-04T12:05:34.415+0000] {dag.py:3954} INFO - Setting next_dagrun for example_params_ui_tutorial to None, run_after=None
[2025-09-04T12:05:34.439+0000] {processor.py:183} INFO - Processing /home/airflow/.local/lib/python3.12/site-packages/airflow/example_dags/example_params_ui_tutorial.py took 0.100 seconds
[2025-09-04T12:06:34.862+0000] {processor.py:161} INFO - Started process (PID=64) to work on /home/airflow/.local/lib/python3.12/site-packages/airflow/example_dags/example_params_ui_tutorial.py
[2025-09-04T12:06:34.865+0000] {processor.py:830} INFO - Processing file /home/airflow/.local/lib/python3.12/site-packages/airflow/example_dags/example_params_ui_tutorial.py for tasks to queue
[2025-09-04T12:06:34.868+0000] {logging_mixin.py:188} INFO - [2025-09-04T12:06:34.868+0000] {dagbag.py:545} INFO - Filling up the DagBag from /home/airflow/.local/lib/python3.12/site-packages/airflow/example_dags/example_params_ui_tutorial.py
[2025-09-04T12:06:34.893+0000] {processor.py:840} INFO - DAG(s) 'example_params_ui_tutorial' retrieved from /home/airflow/.local/lib/python3.12/site-packages/airflow/example_dags/example_params_ui_tutorial.py
[2025-09-04T12:06:34.920+0000] {logging_mixin.py:188} INFO - [2025-09-04T12:06:34.920+0000] {dag.py:3096} INFO - Sync 1 DAGs
[2025-09-04T12:06:34.940+0000] {logging_mixin.py:188} INFO - [2025-09-04T12:06:34.939+0000] {dag.py:3954} INFO - Setting next_dagrun for example_params_ui_tutorial to None, run_after=None
[2025-09-04T12:06:34.961+0000] {processor.py:183} INFO - Processing /home/airflow/.local/lib/python3.12/site-packages/airflow/example_dags/example_params_ui_tutorial.py took 0.106 seconds
[2025-09-04T12:07:05.597+0000] {processor.py:161} INFO - Started process (PID=122) to work on /home/airflow/.local/lib/python3.12/site-packages/airflow/example_dags/example_params_ui_tutorial.py
[2025-09-04T12:07:05.599+0000] {processor.py:830} INFO - Processing file /home/airflow/.local/lib/python3.12/site-packages/airflow/example_dags/example_params_ui_tutorial.py for tasks to queue
[2025-09-04T12:07:05.603+0000] {logging_mixin.py:188} INFO - [2025-09-04T12:07:05.602+0000] {dagbag.py:545} INFO - Filling up the DagBag from /home/airflow/.local/lib/python3.12/site-packages/airflow/example_dags/example_params_ui_tutorial.py
[2025-09-04T12:07:05.615+0000] {processor.py:840} INFO - DAG(s) 'example_params_ui_tutorial' retrieved from /home/airflow/.local/lib/python3.12/site-packages/airflow/example_dags/example_params_ui_tutorial.py
[2025-09-04T12:07:05.738+0000] {logging_mixin.py:188} INFO - [2025-09-04T12:07:05.738+0000] {dag.py:3096} INFO - Sync 1 DAGs
[2025-09-04T12:07:05.751+0000] {logging_mixin.py:188} INFO - [2025-09-04T12:07:05.750+0000] {dag.py:3954} INFO - Setting next_dagrun for example_params_ui_tutorial to None, run_after=None
[2025-09-04T12:07:05.775+0000] {processor.py:183} INFO - Processing /home/airflow/.local/lib/python3.12/site-packages/airflow/example_dags/example_params_ui_tutorial.py took 0.187 seconds
[2025-09-04T12:07:36.102+0000] {processor.py:161} INFO - Started process (PID=180) to work on /home/airflow/.local/lib/python3.12/site-packages/airflow/example_dags/example_params_ui_tutorial.py
[2025-09-04T12:07:36.106+0000] {processor.py:830} INFO - Processing file /home/airflow/.local/lib/python3.12/site-packages/airflow/example_dags/example_params_ui_tutorial.py for tasks to queue
[2025-09-04T12:07:36.112+0000] {logging_mixin.py:188} INFO - [2025-09-04T12:07:36.111+0000] {dagbag.py:545} INFO - Filling up the DagBag from /home/airflow/.local/lib/python3.12/site-packages/airflow/example_dags/example_params_ui_tutorial.py
[2025-09-04T12:07:36.139+0000] {processor.py:840} INFO - DAG(s) 'example_params_ui_tutorial' retrieved from /home/airflow/.local/lib/python3.12/site-packages/airflow/example_dags/example_params_ui_tutorial.py
[2025-09-04T12:07:36.229+0000] {logging_mixin.py:188} INFO - [2025-09-04T12:07:36.229+0000] {dag.py:3096} INFO - Sync 1 DAGs
[2025-09-04T12:07:36.255+0000] {logging_mixin.py:188} INFO - [2025-09-04T12:07:36.255+0000] {dag.py:3954} INFO - Setting next_dagrun for example_params_ui_tutorial to None, run_after=None
[2025-09-04T12:07:36.285+0000] {processor.py:183} INFO - Processing /home/airflow/.local/lib/python3.12/site-packages/airflow/example_dags/example_params_ui_tutorial.py took 0.195 seconds
[2025-09-04T12:08:06.489+0000] {processor.py:161} INFO - Started process (PID=238) to work on /home/airflow/.local/lib/python3.12/site-packages/airflow/example_dags/example_params_ui_tutorial.py
[2025-09-04T12:08:06.490+0000] {processor.py:830} INFO - Processing file /home/airflow/.local/lib/python3.12/site-packages/airflow/example_dags/example_params_ui_tutorial.py for tasks to queue
[2025-09-04T12:08:06.492+0000] {logging_mixin.py:188} INFO - [2025-09-04T12:08:06.492+0000] {dagbag.py:545} INFO - Filling up the DagBag from /home/airflow/.local/lib/python3.12/site-packages/airflow/example_dags/example_params_ui_tutorial.py
[2025-09-04T12:08:06.503+0000] {processor.py:840} INFO - DAG(s) 'example_params_ui_tutorial' retrieved from /home/airflow/.local/lib/python3.12/site-packages/airflow/example_dags/example_params_ui_tutorial.py
[2025-09-04T12:08:06.536+0000] {logging_mixin.py:188} INFO - [2025-09-04T12:08:06.536+0000] {dag.py:3096} INFO - Sync 1 DAGs
[2025-09-04T12:08:06.546+0000] {logging_mixin.py:188} INFO - [2025-09-04T12:08:06.546+0000] {dag.py:3954} INFO - Setting next_dagrun for example_params_ui_tutorial to None, run_after=None
[2025-09-04T12:08:06.561+0000] {processor.py:183} INFO - Processing /home/airflow/.local/lib/python3.12/site-packages/airflow/example_dags/example_params_ui_tutorial.py took 0.078 seconds
[2025-09-04T12:08:37.233+0000] {processor.py:161} INFO - Started process (PID=296) to work on /home/airflow/.local/lib/python3.12/site-packages/airflow/example_dags/example_params_ui_tutorial.py
[2025-09-04T12:08:37.237+0000] {processor.py:830} INFO - Processing file /home/airflow/.local/lib/python3.12/site-packages/airflow/example_dags/example_params_ui_tutorial.py for tasks to queue
[2025-09-04T12:08:37.243+0000] {logging_mixin.py:188} INFO - [2025-09-04T12:08:37.242+0000] {dagbag.py:545} INFO - Filling up the DagBag from /home/airflow/.local/lib/python3.12/site-packages/airflow/example_dags/example_params_ui_tutorial.py
[2025-09-04T12:08:37.260+0000] {processor.py:840} INFO - DAG(s) 'example_params_ui_tutorial' retrieved from /home/airflow/.local/lib/python3.12/site-packages/airflow/example_dags/example_params_ui_tutorial.py
[2025-09-04T12:08:37.297+0000] {logging_mixin.py:188} INFO - [2025-09-04T12:08:37.296+0000] {dag.py:3096} INFO - Sync 1 DAGs
[2025-09-04T12:08:37.306+0000] {logging_mixin.py:188} INFO - [2025-09-04T12:08:37.306+0000] {dag.py:3954} INFO - Setting next_dagrun for example_params_ui_tutorial to None, run_after=None
[2025-09-04T12:08:37.325+0000] {processor.py:183} INFO - Processing /home/airflow/.local/lib/python3.12/site-packages/airflow/example_dags/example_params_ui_tutorial.py took 0.103 seconds
