[2025-09-04T11:50:06.061+0000] {processor.py:161} INFO - Started process (PID=91) to work on /home/airflow/.local/lib/python3.12/site-packages/airflow/example_dags/example_branch_python_dop_operator_3.py
[2025-09-04T11:50:06.065+0000] {processor.py:830} INFO - Processing file /home/airflow/.local/lib/python3.12/site-packages/airflow/example_dags/example_branch_python_dop_operator_3.py for tasks to queue
[2025-09-04T11:50:06.071+0000] {logging_mixin.py:188} INFO - [2025-09-04T11:50:06.070+0000] {dagbag.py:545} INFO - Filling up the DagBag from /home/airflow/.local/lib/python3.12/site-packages/airflow/example_dags/example_branch_python_dop_operator_3.py
[2025-09-04T11:50:06.094+0000] {processor.py:840} INFO - DAG(s) 'example_branch_dop_operator_v3' retrieved from /home/airflow/.local/lib/python3.12/site-packages/airflow/example_dags/example_branch_python_dop_operator_3.py
[2025-09-04T11:50:06.213+0000] {logging_mixin.py:188} INFO - [2025-09-04T11:50:06.212+0000] {override.py:1829} INFO - Created Permission View: can edit on DAG:example_branch_dop_operator_v3
[2025-09-04T11:50:06.222+0000] {logging_mixin.py:188} INFO - [2025-09-04T11:50:06.222+0000] {override.py:1829} INFO - Created Permission View: can read on DAG:example_branch_dop_operator_v3
[2025-09-04T11:50:06.227+0000] {logging_mixin.py:188} INFO - [2025-09-04T11:50:06.227+0000] {override.py:1829} INFO - Created Permission View: can delete on DAG:example_branch_dop_operator_v3
[2025-09-04T11:50:06.228+0000] {logging_mixin.py:188} INFO - [2025-09-04T11:50:06.228+0000] {dag.py:3096} INFO - Sync 1 DAGs
[2025-09-04T11:50:06.239+0000] {logging_mixin.py:188} INFO - [2025-09-04T11:50:06.238+0000] {dag.py:3118} INFO - Creating ORM DAG for example_branch_dop_operator_v3
[2025-09-04T11:50:06.250+0000] {logging_mixin.py:188} INFO - [2025-09-04T11:50:06.250+0000] {dag.py:3954} INFO - Setting next_dagrun for example_branch_dop_operator_v3 to 2025-09-04 11:49:00+00:00, run_after=2025-09-04 11:50:00+00:00
[2025-09-04T11:50:06.267+0000] {processor.py:183} INFO - Processing /home/airflow/.local/lib/python3.12/site-packages/airflow/example_dags/example_branch_python_dop_operator_3.py took 0.219 seconds
[2025-09-04T11:50:36.457+0000] {processor.py:161} INFO - Started process (PID=149) to work on /home/airflow/.local/lib/python3.12/site-packages/airflow/example_dags/example_branch_python_dop_operator_3.py
[2025-09-04T11:50:36.458+0000] {processor.py:830} INFO - Processing file /home/airflow/.local/lib/python3.12/site-packages/airflow/example_dags/example_branch_python_dop_operator_3.py for tasks to queue
[2025-09-04T11:50:36.460+0000] {logging_mixin.py:188} INFO - [2025-09-04T11:50:36.460+0000] {dagbag.py:545} INFO - Filling up the DagBag from /home/airflow/.local/lib/python3.12/site-packages/airflow/example_dags/example_branch_python_dop_operator_3.py
[2025-09-04T11:50:36.469+0000] {processor.py:840} INFO - DAG(s) 'example_branch_dop_operator_v3' retrieved from /home/airflow/.local/lib/python3.12/site-packages/airflow/example_dags/example_branch_python_dop_operator_3.py
[2025-09-04T11:50:36.490+0000] {logging_mixin.py:188} INFO - [2025-09-04T11:50:36.490+0000] {dag.py:3096} INFO - Sync 1 DAGs
[2025-09-04T11:50:36.514+0000] {logging_mixin.py:188} INFO - [2025-09-04T11:50:36.514+0000] {dag.py:3954} INFO - Setting next_dagrun for example_branch_dop_operator_v3 to 2025-09-04 11:49:00+00:00, run_after=2025-09-04 11:50:00+00:00
[2025-09-04T11:50:36.534+0000] {processor.py:183} INFO - Processing /home/airflow/.local/lib/python3.12/site-packages/airflow/example_dags/example_branch_python_dop_operator_3.py took 0.087 seconds
[2025-09-04T11:51:07.258+0000] {processor.py:161} INFO - Started process (PID=206) to work on /home/airflow/.local/lib/python3.12/site-packages/airflow/example_dags/example_branch_python_dop_operator_3.py
[2025-09-04T11:51:07.260+0000] {processor.py:830} INFO - Processing file /home/airflow/.local/lib/python3.12/site-packages/airflow/example_dags/example_branch_python_dop_operator_3.py for tasks to queue
[2025-09-04T11:51:07.262+0000] {logging_mixin.py:188} INFO - [2025-09-04T11:51:07.262+0000] {dagbag.py:545} INFO - Filling up the DagBag from /home/airflow/.local/lib/python3.12/site-packages/airflow/example_dags/example_branch_python_dop_operator_3.py
[2025-09-04T11:51:07.273+0000] {processor.py:840} INFO - DAG(s) 'example_branch_dop_operator_v3' retrieved from /home/airflow/.local/lib/python3.12/site-packages/airflow/example_dags/example_branch_python_dop_operator_3.py
[2025-09-04T11:51:07.294+0000] {logging_mixin.py:188} INFO - [2025-09-04T11:51:07.294+0000] {dag.py:3096} INFO - Sync 1 DAGs
[2025-09-04T11:51:07.317+0000] {logging_mixin.py:188} INFO - [2025-09-04T11:51:07.317+0000] {dag.py:3954} INFO - Setting next_dagrun for example_branch_dop_operator_v3 to 2025-09-04 11:50:00+00:00, run_after=2025-09-04 11:51:00+00:00
[2025-09-04T11:51:07.337+0000] {processor.py:183} INFO - Processing /home/airflow/.local/lib/python3.12/site-packages/airflow/example_dags/example_branch_python_dop_operator_3.py took 0.086 seconds
[2025-09-04T11:51:38.083+0000] {processor.py:161} INFO - Started process (PID=264) to work on /home/airflow/.local/lib/python3.12/site-packages/airflow/example_dags/example_branch_python_dop_operator_3.py
[2025-09-04T11:51:38.084+0000] {processor.py:830} INFO - Processing file /home/airflow/.local/lib/python3.12/site-packages/airflow/example_dags/example_branch_python_dop_operator_3.py for tasks to queue
[2025-09-04T11:51:38.086+0000] {logging_mixin.py:188} INFO - [2025-09-04T11:51:38.086+0000] {dagbag.py:545} INFO - Filling up the DagBag from /home/airflow/.local/lib/python3.12/site-packages/airflow/example_dags/example_branch_python_dop_operator_3.py
[2025-09-04T11:51:38.093+0000] {processor.py:840} INFO - DAG(s) 'example_branch_dop_operator_v3' retrieved from /home/airflow/.local/lib/python3.12/site-packages/airflow/example_dags/example_branch_python_dop_operator_3.py
[2025-09-04T11:51:38.109+0000] {logging_mixin.py:188} INFO - [2025-09-04T11:51:38.108+0000] {dag.py:3096} INFO - Sync 1 DAGs
[2025-09-04T11:51:38.127+0000] {logging_mixin.py:188} INFO - [2025-09-04T11:51:38.127+0000] {dag.py:3954} INFO - Setting next_dagrun for example_branch_dop_operator_v3 to 2025-09-04 11:50:00+00:00, run_after=2025-09-04 11:51:00+00:00
[2025-09-04T11:51:38.144+0000] {processor.py:183} INFO - Processing /home/airflow/.local/lib/python3.12/site-packages/airflow/example_dags/example_branch_python_dop_operator_3.py took 0.066 seconds
[2025-09-04T11:52:08.989+0000] {processor.py:161} INFO - Started process (PID=322) to work on /home/airflow/.local/lib/python3.12/site-packages/airflow/example_dags/example_branch_python_dop_operator_3.py
[2025-09-04T11:52:08.991+0000] {processor.py:830} INFO - Processing file /home/airflow/.local/lib/python3.12/site-packages/airflow/example_dags/example_branch_python_dop_operator_3.py for tasks to queue
[2025-09-04T11:52:08.995+0000] {logging_mixin.py:188} INFO - [2025-09-04T11:52:08.994+0000] {dagbag.py:545} INFO - Filling up the DagBag from /home/airflow/.local/lib/python3.12/site-packages/airflow/example_dags/example_branch_python_dop_operator_3.py
[2025-09-04T11:52:09.016+0000] {processor.py:840} INFO - DAG(s) 'example_branch_dop_operator_v3' retrieved from /home/airflow/.local/lib/python3.12/site-packages/airflow/example_dags/example_branch_python_dop_operator_3.py
[2025-09-04T11:52:09.050+0000] {logging_mixin.py:188} INFO - [2025-09-04T11:52:09.050+0000] {dag.py:3096} INFO - Sync 1 DAGs
[2025-09-04T11:52:09.077+0000] {logging_mixin.py:188} INFO - [2025-09-04T11:52:09.076+0000] {dag.py:3954} INFO - Setting next_dagrun for example_branch_dop_operator_v3 to 2025-09-04 11:51:00+00:00, run_after=2025-09-04 11:52:00+00:00
[2025-09-04T11:52:09.101+0000] {processor.py:183} INFO - Processing /home/airflow/.local/lib/python3.12/site-packages/airflow/example_dags/example_branch_python_dop_operator_3.py took 0.123 seconds
[2025-09-04T11:52:40.224+0000] {processor.py:161} INFO - Started process (PID=380) to work on /home/airflow/.local/lib/python3.12/site-packages/airflow/example_dags/example_branch_python_dop_operator_3.py
[2025-09-04T11:52:40.227+0000] {processor.py:830} INFO - Processing file /home/airflow/.local/lib/python3.12/site-packages/airflow/example_dags/example_branch_python_dop_operator_3.py for tasks to queue
[2025-09-04T11:52:40.233+0000] {logging_mixin.py:188} INFO - [2025-09-04T11:52:40.232+0000] {dagbag.py:545} INFO - Filling up the DagBag from /home/airflow/.local/lib/python3.12/site-packages/airflow/example_dags/example_branch_python_dop_operator_3.py
[2025-09-04T11:52:40.249+0000] {processor.py:840} INFO - DAG(s) 'example_branch_dop_operator_v3' retrieved from /home/airflow/.local/lib/python3.12/site-packages/airflow/example_dags/example_branch_python_dop_operator_3.py
[2025-09-04T11:52:40.278+0000] {logging_mixin.py:188} INFO - [2025-09-04T11:52:40.278+0000] {dag.py:3096} INFO - Sync 1 DAGs
[2025-09-04T11:52:40.302+0000] {logging_mixin.py:188} INFO - [2025-09-04T11:52:40.302+0000] {dag.py:3954} INFO - Setting next_dagrun for example_branch_dop_operator_v3 to 2025-09-04 11:51:00+00:00, run_after=2025-09-04 11:52:00+00:00
[2025-09-04T11:52:40.328+0000] {processor.py:183} INFO - Processing /home/airflow/.local/lib/python3.12/site-packages/airflow/example_dags/example_branch_python_dop_operator_3.py took 0.123 seconds
[2025-09-04T11:53:10.440+0000] {processor.py:161} INFO - Started process (PID=438) to work on /home/airflow/.local/lib/python3.12/site-packages/airflow/example_dags/example_branch_python_dop_operator_3.py
[2025-09-04T11:53:10.442+0000] {processor.py:830} INFO - Processing file /home/airflow/.local/lib/python3.12/site-packages/airflow/example_dags/example_branch_python_dop_operator_3.py for tasks to queue
[2025-09-04T11:53:10.445+0000] {logging_mixin.py:188} INFO - [2025-09-04T11:53:10.445+0000] {dagbag.py:545} INFO - Filling up the DagBag from /home/airflow/.local/lib/python3.12/site-packages/airflow/example_dags/example_branch_python_dop_operator_3.py
[2025-09-04T11:53:10.454+0000] {processor.py:840} INFO - DAG(s) 'example_branch_dop_operator_v3' retrieved from /home/airflow/.local/lib/python3.12/site-packages/airflow/example_dags/example_branch_python_dop_operator_3.py
[2025-09-04T11:53:10.473+0000] {logging_mixin.py:188} INFO - [2025-09-04T11:53:10.473+0000] {dag.py:3096} INFO - Sync 1 DAGs
[2025-09-04T11:53:10.494+0000] {logging_mixin.py:188} INFO - [2025-09-04T11:53:10.494+0000] {dag.py:3954} INFO - Setting next_dagrun for example_branch_dop_operator_v3 to 2025-09-04 11:52:00+00:00, run_after=2025-09-04 11:53:00+00:00
[2025-09-04T11:53:10.514+0000] {processor.py:183} INFO - Processing /home/airflow/.local/lib/python3.12/site-packages/airflow/example_dags/example_branch_python_dop_operator_3.py took 0.082 seconds
[2025-09-04T11:53:40.794+0000] {processor.py:161} INFO - Started process (PID=496) to work on /home/airflow/.local/lib/python3.12/site-packages/airflow/example_dags/example_branch_python_dop_operator_3.py
[2025-09-04T11:53:40.796+0000] {processor.py:830} INFO - Processing file /home/airflow/.local/lib/python3.12/site-packages/airflow/example_dags/example_branch_python_dop_operator_3.py for tasks to queue
[2025-09-04T11:53:40.801+0000] {logging_mixin.py:188} INFO - [2025-09-04T11:53:40.800+0000] {dagbag.py:545} INFO - Filling up the DagBag from /home/airflow/.local/lib/python3.12/site-packages/airflow/example_dags/example_branch_python_dop_operator_3.py
[2025-09-04T11:53:40.819+0000] {processor.py:840} INFO - DAG(s) 'example_branch_dop_operator_v3' retrieved from /home/airflow/.local/lib/python3.12/site-packages/airflow/example_dags/example_branch_python_dop_operator_3.py
[2025-09-04T11:53:40.852+0000] {logging_mixin.py:188} INFO - [2025-09-04T11:53:40.852+0000] {dag.py:3096} INFO - Sync 1 DAGs
[2025-09-04T11:53:40.874+0000] {logging_mixin.py:188} INFO - [2025-09-04T11:53:40.873+0000] {dag.py:3954} INFO - Setting next_dagrun for example_branch_dop_operator_v3 to 2025-09-04 11:52:00+00:00, run_after=2025-09-04 11:53:00+00:00
[2025-09-04T11:53:40.891+0000] {processor.py:183} INFO - Processing /home/airflow/.local/lib/python3.12/site-packages/airflow/example_dags/example_branch_python_dop_operator_3.py took 0.109 seconds
[2025-09-04T11:54:11.097+0000] {processor.py:161} INFO - Started process (PID=554) to work on /home/airflow/.local/lib/python3.12/site-packages/airflow/example_dags/example_branch_python_dop_operator_3.py
[2025-09-04T11:54:11.099+0000] {processor.py:830} INFO - Processing file /home/airflow/.local/lib/python3.12/site-packages/airflow/example_dags/example_branch_python_dop_operator_3.py for tasks to queue
[2025-09-04T11:54:11.103+0000] {logging_mixin.py:188} INFO - [2025-09-04T11:54:11.102+0000] {dagbag.py:545} INFO - Filling up the DagBag from /home/airflow/.local/lib/python3.12/site-packages/airflow/example_dags/example_branch_python_dop_operator_3.py
[2025-09-04T11:54:11.116+0000] {processor.py:840} INFO - DAG(s) 'example_branch_dop_operator_v3' retrieved from /home/airflow/.local/lib/python3.12/site-packages/airflow/example_dags/example_branch_python_dop_operator_3.py
[2025-09-04T11:54:11.154+0000] {logging_mixin.py:188} INFO - [2025-09-04T11:54:11.153+0000] {dag.py:3096} INFO - Sync 1 DAGs
[2025-09-04T11:54:11.185+0000] {logging_mixin.py:188} INFO - [2025-09-04T11:54:11.185+0000] {dag.py:3954} INFO - Setting next_dagrun for example_branch_dop_operator_v3 to 2025-09-04 11:53:00+00:00, run_after=2025-09-04 11:54:00+00:00
[2025-09-04T11:54:11.207+0000] {processor.py:183} INFO - Processing /home/airflow/.local/lib/python3.12/site-packages/airflow/example_dags/example_branch_python_dop_operator_3.py took 0.121 seconds
[2025-09-04T11:54:41.496+0000] {processor.py:161} INFO - Started process (PID=612) to work on /home/airflow/.local/lib/python3.12/site-packages/airflow/example_dags/example_branch_python_dop_operator_3.py
[2025-09-04T11:54:41.497+0000] {processor.py:830} INFO - Processing file /home/airflow/.local/lib/python3.12/site-packages/airflow/example_dags/example_branch_python_dop_operator_3.py for tasks to queue
[2025-09-04T11:54:41.499+0000] {logging_mixin.py:188} INFO - [2025-09-04T11:54:41.499+0000] {dagbag.py:545} INFO - Filling up the DagBag from /home/airflow/.local/lib/python3.12/site-packages/airflow/example_dags/example_branch_python_dop_operator_3.py
[2025-09-04T11:54:41.506+0000] {processor.py:840} INFO - DAG(s) 'example_branch_dop_operator_v3' retrieved from /home/airflow/.local/lib/python3.12/site-packages/airflow/example_dags/example_branch_python_dop_operator_3.py
[2025-09-04T11:54:41.530+0000] {logging_mixin.py:188} INFO - [2025-09-04T11:54:41.529+0000] {dag.py:3096} INFO - Sync 1 DAGs
[2025-09-04T11:54:41.557+0000] {logging_mixin.py:188} INFO - [2025-09-04T11:54:41.557+0000] {dag.py:3954} INFO - Setting next_dagrun for example_branch_dop_operator_v3 to 2025-09-04 11:53:00+00:00, run_after=2025-09-04 11:54:00+00:00
[2025-09-04T11:54:41.572+0000] {processor.py:183} INFO - Processing /home/airflow/.local/lib/python3.12/site-packages/airflow/example_dags/example_branch_python_dop_operator_3.py took 0.083 seconds
[2025-09-04T11:55:12.090+0000] {processor.py:161} INFO - Started process (PID=670) to work on /home/airflow/.local/lib/python3.12/site-packages/airflow/example_dags/example_branch_python_dop_operator_3.py
[2025-09-04T11:55:12.091+0000] {processor.py:830} INFO - Processing file /home/airflow/.local/lib/python3.12/site-packages/airflow/example_dags/example_branch_python_dop_operator_3.py for tasks to queue
[2025-09-04T11:55:12.094+0000] {logging_mixin.py:188} INFO - [2025-09-04T11:55:12.094+0000] {dagbag.py:545} INFO - Filling up the DagBag from /home/airflow/.local/lib/python3.12/site-packages/airflow/example_dags/example_branch_python_dop_operator_3.py
[2025-09-04T11:55:12.103+0000] {processor.py:840} INFO - DAG(s) 'example_branch_dop_operator_v3' retrieved from /home/airflow/.local/lib/python3.12/site-packages/airflow/example_dags/example_branch_python_dop_operator_3.py
[2025-09-04T11:55:12.128+0000] {logging_mixin.py:188} INFO - [2025-09-04T11:55:12.127+0000] {dag.py:3096} INFO - Sync 1 DAGs
[2025-09-04T11:55:12.166+0000] {logging_mixin.py:188} INFO - [2025-09-04T11:55:12.166+0000] {dag.py:3954} INFO - Setting next_dagrun for example_branch_dop_operator_v3 to 2025-09-04 11:54:00+00:00, run_after=2025-09-04 11:55:00+00:00
[2025-09-04T11:55:12.186+0000] {processor.py:183} INFO - Processing /home/airflow/.local/lib/python3.12/site-packages/airflow/example_dags/example_branch_python_dop_operator_3.py took 0.105 seconds
[2025-09-04T11:55:42.489+0000] {processor.py:161} INFO - Started process (PID=728) to work on /home/airflow/.local/lib/python3.12/site-packages/airflow/example_dags/example_branch_python_dop_operator_3.py
[2025-09-04T11:55:42.491+0000] {processor.py:830} INFO - Processing file /home/airflow/.local/lib/python3.12/site-packages/airflow/example_dags/example_branch_python_dop_operator_3.py for tasks to queue
[2025-09-04T11:55:42.495+0000] {logging_mixin.py:188} INFO - [2025-09-04T11:55:42.494+0000] {dagbag.py:545} INFO - Filling up the DagBag from /home/airflow/.local/lib/python3.12/site-packages/airflow/example_dags/example_branch_python_dop_operator_3.py
[2025-09-04T11:55:42.505+0000] {processor.py:840} INFO - DAG(s) 'example_branch_dop_operator_v3' retrieved from /home/airflow/.local/lib/python3.12/site-packages/airflow/example_dags/example_branch_python_dop_operator_3.py
[2025-09-04T11:55:42.525+0000] {logging_mixin.py:188} INFO - [2025-09-04T11:55:42.525+0000] {dag.py:3096} INFO - Sync 1 DAGs
[2025-09-04T11:55:42.545+0000] {logging_mixin.py:188} INFO - [2025-09-04T11:55:42.545+0000] {dag.py:3954} INFO - Setting next_dagrun for example_branch_dop_operator_v3 to 2025-09-04 11:54:00+00:00, run_after=2025-09-04 11:55:00+00:00
[2025-09-04T11:55:42.564+0000] {processor.py:183} INFO - Processing /home/airflow/.local/lib/python3.12/site-packages/airflow/example_dags/example_branch_python_dop_operator_3.py took 0.087 seconds
[2025-09-04T11:56:13.007+0000] {processor.py:161} INFO - Started process (PID=786) to work on /home/airflow/.local/lib/python3.12/site-packages/airflow/example_dags/example_branch_python_dop_operator_3.py
[2025-09-04T11:56:13.009+0000] {processor.py:830} INFO - Processing file /home/airflow/.local/lib/python3.12/site-packages/airflow/example_dags/example_branch_python_dop_operator_3.py for tasks to queue
[2025-09-04T11:56:13.012+0000] {logging_mixin.py:188} INFO - [2025-09-04T11:56:13.012+0000] {dagbag.py:545} INFO - Filling up the DagBag from /home/airflow/.local/lib/python3.12/site-packages/airflow/example_dags/example_branch_python_dop_operator_3.py
[2025-09-04T11:56:13.021+0000] {processor.py:840} INFO - DAG(s) 'example_branch_dop_operator_v3' retrieved from /home/airflow/.local/lib/python3.12/site-packages/airflow/example_dags/example_branch_python_dop_operator_3.py
[2025-09-04T11:56:13.042+0000] {logging_mixin.py:188} INFO - [2025-09-04T11:56:13.042+0000] {dag.py:3096} INFO - Sync 1 DAGs
[2025-09-04T11:56:13.067+0000] {logging_mixin.py:188} INFO - [2025-09-04T11:56:13.067+0000] {dag.py:3954} INFO - Setting next_dagrun for example_branch_dop_operator_v3 to 2025-09-04 11:55:00+00:00, run_after=2025-09-04 11:56:00+00:00
[2025-09-04T11:56:13.095+0000] {processor.py:183} INFO - Processing /home/airflow/.local/lib/python3.12/site-packages/airflow/example_dags/example_branch_python_dop_operator_3.py took 0.095 seconds
[2025-09-04T11:56:43.485+0000] {processor.py:161} INFO - Started process (PID=844) to work on /home/airflow/.local/lib/python3.12/site-packages/airflow/example_dags/example_branch_python_dop_operator_3.py
[2025-09-04T11:56:43.488+0000] {processor.py:830} INFO - Processing file /home/airflow/.local/lib/python3.12/site-packages/airflow/example_dags/example_branch_python_dop_operator_3.py for tasks to queue
[2025-09-04T11:56:43.495+0000] {logging_mixin.py:188} INFO - [2025-09-04T11:56:43.494+0000] {dagbag.py:545} INFO - Filling up the DagBag from /home/airflow/.local/lib/python3.12/site-packages/airflow/example_dags/example_branch_python_dop_operator_3.py
[2025-09-04T11:56:43.515+0000] {processor.py:840} INFO - DAG(s) 'example_branch_dop_operator_v3' retrieved from /home/airflow/.local/lib/python3.12/site-packages/airflow/example_dags/example_branch_python_dop_operator_3.py
[2025-09-04T11:56:43.554+0000] {logging_mixin.py:188} INFO - [2025-09-04T11:56:43.554+0000] {dag.py:3096} INFO - Sync 1 DAGs
[2025-09-04T11:56:43.577+0000] {logging_mixin.py:188} INFO - [2025-09-04T11:56:43.577+0000] {dag.py:3954} INFO - Setting next_dagrun for example_branch_dop_operator_v3 to 2025-09-04 11:55:00+00:00, run_after=2025-09-04 11:56:00+00:00
[2025-09-04T11:56:43.596+0000] {processor.py:183} INFO - Processing /home/airflow/.local/lib/python3.12/site-packages/airflow/example_dags/example_branch_python_dop_operator_3.py took 0.121 seconds
[2025-09-04T11:57:14.668+0000] {processor.py:161} INFO - Started process (PID=902) to work on /home/airflow/.local/lib/python3.12/site-packages/airflow/example_dags/example_branch_python_dop_operator_3.py
[2025-09-04T11:57:14.670+0000] {processor.py:830} INFO - Processing file /home/airflow/.local/lib/python3.12/site-packages/airflow/example_dags/example_branch_python_dop_operator_3.py for tasks to queue
[2025-09-04T11:57:14.672+0000] {logging_mixin.py:188} INFO - [2025-09-04T11:57:14.672+0000] {dagbag.py:545} INFO - Filling up the DagBag from /home/airflow/.local/lib/python3.12/site-packages/airflow/example_dags/example_branch_python_dop_operator_3.py
[2025-09-04T11:57:14.680+0000] {processor.py:840} INFO - DAG(s) 'example_branch_dop_operator_v3' retrieved from /home/airflow/.local/lib/python3.12/site-packages/airflow/example_dags/example_branch_python_dop_operator_3.py
[2025-09-04T11:57:14.699+0000] {logging_mixin.py:188} INFO - [2025-09-04T11:57:14.699+0000] {dag.py:3096} INFO - Sync 1 DAGs
[2025-09-04T11:57:14.717+0000] {logging_mixin.py:188} INFO - [2025-09-04T11:57:14.717+0000] {dag.py:3954} INFO - Setting next_dagrun for example_branch_dop_operator_v3 to 2025-09-04 11:56:00+00:00, run_after=2025-09-04 11:57:00+00:00
[2025-09-04T11:57:14.735+0000] {processor.py:183} INFO - Processing /home/airflow/.local/lib/python3.12/site-packages/airflow/example_dags/example_branch_python_dop_operator_3.py took 0.079 seconds
[2025-09-04T11:57:44.932+0000] {processor.py:161} INFO - Started process (PID=960) to work on /home/airflow/.local/lib/python3.12/site-packages/airflow/example_dags/example_branch_python_dop_operator_3.py
[2025-09-04T11:57:44.933+0000] {processor.py:830} INFO - Processing file /home/airflow/.local/lib/python3.12/site-packages/airflow/example_dags/example_branch_python_dop_operator_3.py for tasks to queue
[2025-09-04T11:57:44.935+0000] {logging_mixin.py:188} INFO - [2025-09-04T11:57:44.935+0000] {dagbag.py:545} INFO - Filling up the DagBag from /home/airflow/.local/lib/python3.12/site-packages/airflow/example_dags/example_branch_python_dop_operator_3.py
[2025-09-04T11:57:44.942+0000] {processor.py:840} INFO - DAG(s) 'example_branch_dop_operator_v3' retrieved from /home/airflow/.local/lib/python3.12/site-packages/airflow/example_dags/example_branch_python_dop_operator_3.py
[2025-09-04T11:57:44.959+0000] {logging_mixin.py:188} INFO - [2025-09-04T11:57:44.958+0000] {dag.py:3096} INFO - Sync 1 DAGs
[2025-09-04T11:57:44.979+0000] {logging_mixin.py:188} INFO - [2025-09-04T11:57:44.978+0000] {dag.py:3954} INFO - Setting next_dagrun for example_branch_dop_operator_v3 to 2025-09-04 11:56:00+00:00, run_after=2025-09-04 11:57:00+00:00
[2025-09-04T11:57:44.995+0000] {processor.py:183} INFO - Processing /home/airflow/.local/lib/python3.12/site-packages/airflow/example_dags/example_branch_python_dop_operator_3.py took 0.068 seconds
[2025-09-04T11:58:15.269+0000] {processor.py:161} INFO - Started process (PID=1019) to work on /home/airflow/.local/lib/python3.12/site-packages/airflow/example_dags/example_branch_python_dop_operator_3.py
[2025-09-04T11:58:15.271+0000] {processor.py:830} INFO - Processing file /home/airflow/.local/lib/python3.12/site-packages/airflow/example_dags/example_branch_python_dop_operator_3.py for tasks to queue
[2025-09-04T11:58:15.275+0000] {logging_mixin.py:188} INFO - [2025-09-04T11:58:15.275+0000] {dagbag.py:545} INFO - Filling up the DagBag from /home/airflow/.local/lib/python3.12/site-packages/airflow/example_dags/example_branch_python_dop_operator_3.py
[2025-09-04T11:58:15.285+0000] {processor.py:840} INFO - DAG(s) 'example_branch_dop_operator_v3' retrieved from /home/airflow/.local/lib/python3.12/site-packages/airflow/example_dags/example_branch_python_dop_operator_3.py
[2025-09-04T11:58:15.314+0000] {logging_mixin.py:188} INFO - [2025-09-04T11:58:15.314+0000] {dag.py:3096} INFO - Sync 1 DAGs
[2025-09-04T11:58:15.342+0000] {logging_mixin.py:188} INFO - [2025-09-04T11:58:15.341+0000] {dag.py:3954} INFO - Setting next_dagrun for example_branch_dop_operator_v3 to 2025-09-04 11:57:00+00:00, run_after=2025-09-04 11:58:00+00:00
[2025-09-04T11:58:15.365+0000] {processor.py:183} INFO - Processing /home/airflow/.local/lib/python3.12/site-packages/airflow/example_dags/example_branch_python_dop_operator_3.py took 0.107 seconds
[2025-09-04T11:58:46.178+0000] {processor.py:161} INFO - Started process (PID=1077) to work on /home/airflow/.local/lib/python3.12/site-packages/airflow/example_dags/example_branch_python_dop_operator_3.py
[2025-09-04T11:58:46.179+0000] {processor.py:830} INFO - Processing file /home/airflow/.local/lib/python3.12/site-packages/airflow/example_dags/example_branch_python_dop_operator_3.py for tasks to queue
[2025-09-04T11:58:46.182+0000] {logging_mixin.py:188} INFO - [2025-09-04T11:58:46.181+0000] {dagbag.py:545} INFO - Filling up the DagBag from /home/airflow/.local/lib/python3.12/site-packages/airflow/example_dags/example_branch_python_dop_operator_3.py
[2025-09-04T11:58:46.191+0000] {processor.py:840} INFO - DAG(s) 'example_branch_dop_operator_v3' retrieved from /home/airflow/.local/lib/python3.12/site-packages/airflow/example_dags/example_branch_python_dop_operator_3.py
[2025-09-04T11:58:46.214+0000] {logging_mixin.py:188} INFO - [2025-09-04T11:58:46.214+0000] {dag.py:3096} INFO - Sync 1 DAGs
[2025-09-04T11:58:46.237+0000] {logging_mixin.py:188} INFO - [2025-09-04T11:58:46.236+0000] {dag.py:3954} INFO - Setting next_dagrun for example_branch_dop_operator_v3 to 2025-09-04 11:57:00+00:00, run_after=2025-09-04 11:58:00+00:00
[2025-09-04T11:58:46.259+0000] {processor.py:183} INFO - Processing /home/airflow/.local/lib/python3.12/site-packages/airflow/example_dags/example_branch_python_dop_operator_3.py took 0.087 seconds
[2025-09-04T11:59:17.097+0000] {processor.py:161} INFO - Started process (PID=1135) to work on /home/airflow/.local/lib/python3.12/site-packages/airflow/example_dags/example_branch_python_dop_operator_3.py
[2025-09-04T11:59:17.099+0000] {processor.py:830} INFO - Processing file /home/airflow/.local/lib/python3.12/site-packages/airflow/example_dags/example_branch_python_dop_operator_3.py for tasks to queue
[2025-09-04T11:59:17.103+0000] {logging_mixin.py:188} INFO - [2025-09-04T11:59:17.102+0000] {dagbag.py:545} INFO - Filling up the DagBag from /home/airflow/.local/lib/python3.12/site-packages/airflow/example_dags/example_branch_python_dop_operator_3.py
[2025-09-04T11:59:17.118+0000] {processor.py:840} INFO - DAG(s) 'example_branch_dop_operator_v3' retrieved from /home/airflow/.local/lib/python3.12/site-packages/airflow/example_dags/example_branch_python_dop_operator_3.py
[2025-09-04T11:59:17.149+0000] {logging_mixin.py:188} INFO - [2025-09-04T11:59:17.149+0000] {dag.py:3096} INFO - Sync 1 DAGs
[2025-09-04T11:59:17.180+0000] {logging_mixin.py:188} INFO - [2025-09-04T11:59:17.179+0000] {dag.py:3954} INFO - Setting next_dagrun for example_branch_dop_operator_v3 to 2025-09-04 11:58:00+00:00, run_after=2025-09-04 11:59:00+00:00
[2025-09-04T11:59:17.207+0000] {processor.py:183} INFO - Processing /home/airflow/.local/lib/python3.12/site-packages/airflow/example_dags/example_branch_python_dop_operator_3.py took 0.122 seconds
[2025-09-04T12:01:33.465+0000] {processor.py:161} INFO - Started process (PID=85) to work on /home/airflow/.local/lib/python3.12/site-packages/airflow/example_dags/example_branch_python_dop_operator_3.py
[2025-09-04T12:01:33.466+0000] {processor.py:830} INFO - Processing file /home/airflow/.local/lib/python3.12/site-packages/airflow/example_dags/example_branch_python_dop_operator_3.py for tasks to queue
[2025-09-04T12:01:33.469+0000] {logging_mixin.py:188} INFO - [2025-09-04T12:01:33.468+0000] {dagbag.py:545} INFO - Filling up the DagBag from /home/airflow/.local/lib/python3.12/site-packages/airflow/example_dags/example_branch_python_dop_operator_3.py
[2025-09-04T12:01:33.480+0000] {processor.py:840} INFO - DAG(s) 'example_branch_dop_operator_v3' retrieved from /home/airflow/.local/lib/python3.12/site-packages/airflow/example_dags/example_branch_python_dop_operator_3.py
[2025-09-04T12:01:33.580+0000] {logging_mixin.py:188} INFO - [2025-09-04T12:01:33.580+0000] {dag.py:3096} INFO - Sync 1 DAGs
[2025-09-04T12:01:33.603+0000] {logging_mixin.py:188} INFO - [2025-09-04T12:01:33.603+0000] {dag.py:3954} INFO - Setting next_dagrun for example_branch_dop_operator_v3 to 2025-09-04 12:00:00+00:00, run_after=2025-09-04 12:01:00+00:00
[2025-09-04T12:01:33.626+0000] {processor.py:183} INFO - Processing /home/airflow/.local/lib/python3.12/site-packages/airflow/example_dags/example_branch_python_dop_operator_3.py took 0.168 seconds
[2025-09-04T12:02:04.299+0000] {processor.py:161} INFO - Started process (PID=143) to work on /home/airflow/.local/lib/python3.12/site-packages/airflow/example_dags/example_branch_python_dop_operator_3.py
[2025-09-04T12:02:04.303+0000] {processor.py:830} INFO - Processing file /home/airflow/.local/lib/python3.12/site-packages/airflow/example_dags/example_branch_python_dop_operator_3.py for tasks to queue
[2025-09-04T12:02:04.309+0000] {logging_mixin.py:188} INFO - [2025-09-04T12:02:04.308+0000] {dagbag.py:545} INFO - Filling up the DagBag from /home/airflow/.local/lib/python3.12/site-packages/airflow/example_dags/example_branch_python_dop_operator_3.py
[2025-09-04T12:02:04.330+0000] {processor.py:840} INFO - DAG(s) 'example_branch_dop_operator_v3' retrieved from /home/airflow/.local/lib/python3.12/site-packages/airflow/example_dags/example_branch_python_dop_operator_3.py
[2025-09-04T12:02:04.375+0000] {logging_mixin.py:188} INFO - [2025-09-04T12:02:04.374+0000] {dag.py:3096} INFO - Sync 1 DAGs
[2025-09-04T12:02:04.413+0000] {logging_mixin.py:188} INFO - [2025-09-04T12:02:04.413+0000] {dag.py:3954} INFO - Setting next_dagrun for example_branch_dop_operator_v3 to 2025-09-04 12:01:00+00:00, run_after=2025-09-04 12:02:00+00:00
[2025-09-04T12:02:04.431+0000] {processor.py:183} INFO - Processing /home/airflow/.local/lib/python3.12/site-packages/airflow/example_dags/example_branch_python_dop_operator_3.py took 0.144 seconds
[2025-09-04T12:02:35.209+0000] {processor.py:161} INFO - Started process (PID=201) to work on /home/airflow/.local/lib/python3.12/site-packages/airflow/example_dags/example_branch_python_dop_operator_3.py
[2025-09-04T12:02:35.211+0000] {processor.py:830} INFO - Processing file /home/airflow/.local/lib/python3.12/site-packages/airflow/example_dags/example_branch_python_dop_operator_3.py for tasks to queue
[2025-09-04T12:02:35.212+0000] {logging_mixin.py:188} INFO - [2025-09-04T12:02:35.212+0000] {dagbag.py:545} INFO - Filling up the DagBag from /home/airflow/.local/lib/python3.12/site-packages/airflow/example_dags/example_branch_python_dop_operator_3.py
[2025-09-04T12:02:35.219+0000] {processor.py:840} INFO - DAG(s) 'example_branch_dop_operator_v3' retrieved from /home/airflow/.local/lib/python3.12/site-packages/airflow/example_dags/example_branch_python_dop_operator_3.py
[2025-09-04T12:02:35.235+0000] {logging_mixin.py:188} INFO - [2025-09-04T12:02:35.235+0000] {dag.py:3096} INFO - Sync 1 DAGs
[2025-09-04T12:02:35.260+0000] {logging_mixin.py:188} INFO - [2025-09-04T12:02:35.260+0000] {dag.py:3954} INFO - Setting next_dagrun for example_branch_dop_operator_v3 to 2025-09-04 12:01:00+00:00, run_after=2025-09-04 12:02:00+00:00
[2025-09-04T12:02:35.277+0000] {processor.py:183} INFO - Processing /home/airflow/.local/lib/python3.12/site-packages/airflow/example_dags/example_branch_python_dop_operator_3.py took 0.073 seconds
[2025-09-04T12:03:05.481+0000] {processor.py:161} INFO - Started process (PID=259) to work on /home/airflow/.local/lib/python3.12/site-packages/airflow/example_dags/example_branch_python_dop_operator_3.py
[2025-09-04T12:03:05.484+0000] {processor.py:830} INFO - Processing file /home/airflow/.local/lib/python3.12/site-packages/airflow/example_dags/example_branch_python_dop_operator_3.py for tasks to queue
[2025-09-04T12:03:05.488+0000] {logging_mixin.py:188} INFO - [2025-09-04T12:03:05.487+0000] {dagbag.py:545} INFO - Filling up the DagBag from /home/airflow/.local/lib/python3.12/site-packages/airflow/example_dags/example_branch_python_dop_operator_3.py
[2025-09-04T12:03:05.505+0000] {processor.py:840} INFO - DAG(s) 'example_branch_dop_operator_v3' retrieved from /home/airflow/.local/lib/python3.12/site-packages/airflow/example_dags/example_branch_python_dop_operator_3.py
[2025-09-04T12:03:05.540+0000] {logging_mixin.py:188} INFO - [2025-09-04T12:03:05.540+0000] {dag.py:3096} INFO - Sync 1 DAGs
[2025-09-04T12:03:05.579+0000] {logging_mixin.py:188} INFO - [2025-09-04T12:03:05.579+0000] {dag.py:3954} INFO - Setting next_dagrun for example_branch_dop_operator_v3 to 2025-09-04 12:02:00+00:00, run_after=2025-09-04 12:03:00+00:00
[2025-09-04T12:03:05.605+0000] {processor.py:183} INFO - Processing /home/airflow/.local/lib/python3.12/site-packages/airflow/example_dags/example_branch_python_dop_operator_3.py took 0.134 seconds
[2025-09-04T12:03:35.862+0000] {processor.py:161} INFO - Started process (PID=317) to work on /home/airflow/.local/lib/python3.12/site-packages/airflow/example_dags/example_branch_python_dop_operator_3.py
[2025-09-04T12:03:35.863+0000] {processor.py:830} INFO - Processing file /home/airflow/.local/lib/python3.12/site-packages/airflow/example_dags/example_branch_python_dop_operator_3.py for tasks to queue
[2025-09-04T12:03:35.865+0000] {logging_mixin.py:188} INFO - [2025-09-04T12:03:35.865+0000] {dagbag.py:545} INFO - Filling up the DagBag from /home/airflow/.local/lib/python3.12/site-packages/airflow/example_dags/example_branch_python_dop_operator_3.py
[2025-09-04T12:03:35.872+0000] {processor.py:840} INFO - DAG(s) 'example_branch_dop_operator_v3' retrieved from /home/airflow/.local/lib/python3.12/site-packages/airflow/example_dags/example_branch_python_dop_operator_3.py
[2025-09-04T12:03:35.887+0000] {logging_mixin.py:188} INFO - [2025-09-04T12:03:35.887+0000] {dag.py:3096} INFO - Sync 1 DAGs
[2025-09-04T12:03:35.906+0000] {logging_mixin.py:188} INFO - [2025-09-04T12:03:35.906+0000] {dag.py:3954} INFO - Setting next_dagrun for example_branch_dop_operator_v3 to 2025-09-04 12:02:00+00:00, run_after=2025-09-04 12:03:00+00:00
[2025-09-04T12:03:35.922+0000] {processor.py:183} INFO - Processing /home/airflow/.local/lib/python3.12/site-packages/airflow/example_dags/example_branch_python_dop_operator_3.py took 0.065 seconds
[2025-09-04T12:04:06.839+0000] {processor.py:161} INFO - Started process (PID=375) to work on /home/airflow/.local/lib/python3.12/site-packages/airflow/example_dags/example_branch_python_dop_operator_3.py
[2025-09-04T12:04:06.841+0000] {processor.py:830} INFO - Processing file /home/airflow/.local/lib/python3.12/site-packages/airflow/example_dags/example_branch_python_dop_operator_3.py for tasks to queue
[2025-09-04T12:04:06.845+0000] {logging_mixin.py:188} INFO - [2025-09-04T12:04:06.844+0000] {dagbag.py:545} INFO - Filling up the DagBag from /home/airflow/.local/lib/python3.12/site-packages/airflow/example_dags/example_branch_python_dop_operator_3.py
[2025-09-04T12:04:06.858+0000] {processor.py:840} INFO - DAG(s) 'example_branch_dop_operator_v3' retrieved from /home/airflow/.local/lib/python3.12/site-packages/airflow/example_dags/example_branch_python_dop_operator_3.py
[2025-09-04T12:04:06.881+0000] {logging_mixin.py:188} INFO - [2025-09-04T12:04:06.881+0000] {dag.py:3096} INFO - Sync 1 DAGs
[2025-09-04T12:04:06.904+0000] {logging_mixin.py:188} INFO - [2025-09-04T12:04:06.904+0000] {dag.py:3954} INFO - Setting next_dagrun for example_branch_dop_operator_v3 to 2025-09-04 12:03:00+00:00, run_after=2025-09-04 12:04:00+00:00
[2025-09-04T12:04:06.923+0000] {processor.py:183} INFO - Processing /home/airflow/.local/lib/python3.12/site-packages/airflow/example_dags/example_branch_python_dop_operator_3.py took 0.097 seconds
[2025-09-04T12:04:37.112+0000] {processor.py:161} INFO - Started process (PID=433) to work on /home/airflow/.local/lib/python3.12/site-packages/airflow/example_dags/example_branch_python_dop_operator_3.py
[2025-09-04T12:04:37.113+0000] {processor.py:830} INFO - Processing file /home/airflow/.local/lib/python3.12/site-packages/airflow/example_dags/example_branch_python_dop_operator_3.py for tasks to queue
[2025-09-04T12:04:37.118+0000] {logging_mixin.py:188} INFO - [2025-09-04T12:04:37.117+0000] {dagbag.py:545} INFO - Filling up the DagBag from /home/airflow/.local/lib/python3.12/site-packages/airflow/example_dags/example_branch_python_dop_operator_3.py
[2025-09-04T12:04:37.132+0000] {processor.py:840} INFO - DAG(s) 'example_branch_dop_operator_v3' retrieved from /home/airflow/.local/lib/python3.12/site-packages/airflow/example_dags/example_branch_python_dop_operator_3.py
[2025-09-04T12:04:37.149+0000] {logging_mixin.py:188} INFO - [2025-09-04T12:04:37.149+0000] {dag.py:3096} INFO - Sync 1 DAGs
[2025-09-04T12:04:37.169+0000] {logging_mixin.py:188} INFO - [2025-09-04T12:04:37.169+0000] {dag.py:3954} INFO - Setting next_dagrun for example_branch_dop_operator_v3 to 2025-09-04 12:03:00+00:00, run_after=2025-09-04 12:04:00+00:00
[2025-09-04T12:04:37.184+0000] {processor.py:183} INFO - Processing /home/airflow/.local/lib/python3.12/site-packages/airflow/example_dags/example_branch_python_dop_operator_3.py took 0.080 seconds
[2025-09-04T12:05:07.666+0000] {processor.py:161} INFO - Started process (PID=491) to work on /home/airflow/.local/lib/python3.12/site-packages/airflow/example_dags/example_branch_python_dop_operator_3.py
[2025-09-04T12:05:07.668+0000] {processor.py:830} INFO - Processing file /home/airflow/.local/lib/python3.12/site-packages/airflow/example_dags/example_branch_python_dop_operator_3.py for tasks to queue
[2025-09-04T12:05:07.672+0000] {logging_mixin.py:188} INFO - [2025-09-04T12:05:07.671+0000] {dagbag.py:545} INFO - Filling up the DagBag from /home/airflow/.local/lib/python3.12/site-packages/airflow/example_dags/example_branch_python_dop_operator_3.py
[2025-09-04T12:05:07.690+0000] {processor.py:840} INFO - DAG(s) 'example_branch_dop_operator_v3' retrieved from /home/airflow/.local/lib/python3.12/site-packages/airflow/example_dags/example_branch_python_dop_operator_3.py
[2025-09-04T12:05:07.727+0000] {logging_mixin.py:188} INFO - [2025-09-04T12:05:07.727+0000] {dag.py:3096} INFO - Sync 1 DAGs
[2025-09-04T12:05:07.763+0000] {logging_mixin.py:188} INFO - [2025-09-04T12:05:07.763+0000] {dag.py:3954} INFO - Setting next_dagrun for example_branch_dop_operator_v3 to 2025-09-04 12:04:00+00:00, run_after=2025-09-04 12:05:00+00:00
[2025-09-04T12:05:07.787+0000] {processor.py:183} INFO - Processing /home/airflow/.local/lib/python3.12/site-packages/airflow/example_dags/example_branch_python_dop_operator_3.py took 0.129 seconds
[2025-09-04T12:05:38.054+0000] {processor.py:161} INFO - Started process (PID=549) to work on /home/airflow/.local/lib/python3.12/site-packages/airflow/example_dags/example_branch_python_dop_operator_3.py
[2025-09-04T12:05:38.055+0000] {processor.py:830} INFO - Processing file /home/airflow/.local/lib/python3.12/site-packages/airflow/example_dags/example_branch_python_dop_operator_3.py for tasks to queue
[2025-09-04T12:05:38.057+0000] {logging_mixin.py:188} INFO - [2025-09-04T12:05:38.056+0000] {dagbag.py:545} INFO - Filling up the DagBag from /home/airflow/.local/lib/python3.12/site-packages/airflow/example_dags/example_branch_python_dop_operator_3.py
[2025-09-04T12:05:38.068+0000] {processor.py:840} INFO - DAG(s) 'example_branch_dop_operator_v3' retrieved from /home/airflow/.local/lib/python3.12/site-packages/airflow/example_dags/example_branch_python_dop_operator_3.py
[2025-09-04T12:05:38.095+0000] {logging_mixin.py:188} INFO - [2025-09-04T12:05:38.095+0000] {dag.py:3096} INFO - Sync 1 DAGs
[2025-09-04T12:05:38.123+0000] {logging_mixin.py:188} INFO - [2025-09-04T12:05:38.123+0000] {dag.py:3954} INFO - Setting next_dagrun for example_branch_dop_operator_v3 to 2025-09-04 12:04:00+00:00, run_after=2025-09-04 12:05:00+00:00
[2025-09-04T12:05:38.142+0000] {processor.py:183} INFO - Processing /home/airflow/.local/lib/python3.12/site-packages/airflow/example_dags/example_branch_python_dop_operator_3.py took 0.093 seconds
[2025-09-04T12:06:36.348+0000] {processor.py:161} INFO - Started process (PID=85) to work on /home/airflow/.local/lib/python3.12/site-packages/airflow/example_dags/example_branch_python_dop_operator_3.py
[2025-09-04T12:06:36.349+0000] {processor.py:830} INFO - Processing file /home/airflow/.local/lib/python3.12/site-packages/airflow/example_dags/example_branch_python_dop_operator_3.py for tasks to queue
[2025-09-04T12:06:36.353+0000] {logging_mixin.py:188} INFO - [2025-09-04T12:06:36.353+0000] {dagbag.py:545} INFO - Filling up the DagBag from /home/airflow/.local/lib/python3.12/site-packages/airflow/example_dags/example_branch_python_dop_operator_3.py
[2025-09-04T12:06:36.368+0000] {processor.py:840} INFO - DAG(s) 'example_branch_dop_operator_v3' retrieved from /home/airflow/.local/lib/python3.12/site-packages/airflow/example_dags/example_branch_python_dop_operator_3.py
[2025-09-04T12:06:36.386+0000] {logging_mixin.py:188} INFO - [2025-09-04T12:06:36.386+0000] {dag.py:3096} INFO - Sync 1 DAGs
[2025-09-04T12:06:36.413+0000] {logging_mixin.py:188} INFO - [2025-09-04T12:06:36.413+0000] {dag.py:3954} INFO - Setting next_dagrun for example_branch_dop_operator_v3 to 2025-09-04 12:05:00+00:00, run_after=2025-09-04 12:06:00+00:00
[2025-09-04T12:06:36.436+0000] {processor.py:183} INFO - Processing /home/airflow/.local/lib/python3.12/site-packages/airflow/example_dags/example_branch_python_dop_operator_3.py took 0.095 seconds
[2025-09-04T12:07:08.715+0000] {processor.py:161} INFO - Started process (PID=149) to work on /home/airflow/.local/lib/python3.12/site-packages/airflow/example_dags/example_branch_python_dop_operator_3.py
[2025-09-04T12:07:08.718+0000] {processor.py:830} INFO - Processing file /home/airflow/.local/lib/python3.12/site-packages/airflow/example_dags/example_branch_python_dop_operator_3.py for tasks to queue
[2025-09-04T12:07:08.721+0000] {logging_mixin.py:188} INFO - [2025-09-04T12:07:08.720+0000] {dagbag.py:545} INFO - Filling up the DagBag from /home/airflow/.local/lib/python3.12/site-packages/airflow/example_dags/example_branch_python_dop_operator_3.py
[2025-09-04T12:07:08.732+0000] {processor.py:840} INFO - DAG(s) 'example_branch_dop_operator_v3' retrieved from /home/airflow/.local/lib/python3.12/site-packages/airflow/example_dags/example_branch_python_dop_operator_3.py
[2025-09-04T12:07:08.817+0000] {logging_mixin.py:188} INFO - [2025-09-04T12:07:08.817+0000] {dag.py:3096} INFO - Sync 1 DAGs
[2025-09-04T12:07:08.838+0000] {logging_mixin.py:188} INFO - [2025-09-04T12:07:08.837+0000] {dag.py:3954} INFO - Setting next_dagrun for example_branch_dop_operator_v3 to 2025-09-04 12:06:00+00:00, run_after=2025-09-04 12:07:00+00:00
[2025-09-04T12:07:08.862+0000] {processor.py:183} INFO - Processing /home/airflow/.local/lib/python3.12/site-packages/airflow/example_dags/example_branch_python_dop_operator_3.py took 0.155 seconds
[2025-09-04T12:07:39.653+0000] {processor.py:161} INFO - Started process (PID=207) to work on /home/airflow/.local/lib/python3.12/site-packages/airflow/example_dags/example_branch_python_dop_operator_3.py
[2025-09-04T12:07:39.655+0000] {processor.py:830} INFO - Processing file /home/airflow/.local/lib/python3.12/site-packages/airflow/example_dags/example_branch_python_dop_operator_3.py for tasks to queue
[2025-09-04T12:07:39.659+0000] {logging_mixin.py:188} INFO - [2025-09-04T12:07:39.659+0000] {dagbag.py:545} INFO - Filling up the DagBag from /home/airflow/.local/lib/python3.12/site-packages/airflow/example_dags/example_branch_python_dop_operator_3.py
[2025-09-04T12:07:39.676+0000] {processor.py:840} INFO - DAG(s) 'example_branch_dop_operator_v3' retrieved from /home/airflow/.local/lib/python3.12/site-packages/airflow/example_dags/example_branch_python_dop_operator_3.py
[2025-09-04T12:07:39.706+0000] {logging_mixin.py:188} INFO - [2025-09-04T12:07:39.706+0000] {dag.py:3096} INFO - Sync 1 DAGs
[2025-09-04T12:07:39.756+0000] {logging_mixin.py:188} INFO - [2025-09-04T12:07:39.755+0000] {dag.py:3954} INFO - Setting next_dagrun for example_branch_dop_operator_v3 to 2025-09-04 12:06:00+00:00, run_after=2025-09-04 12:07:00+00:00
[2025-09-04T12:07:39.801+0000] {processor.py:183} INFO - Processing /home/airflow/.local/lib/python3.12/site-packages/airflow/example_dags/example_branch_python_dop_operator_3.py took 0.160 seconds
[2025-09-04T12:08:10.814+0000] {processor.py:161} INFO - Started process (PID=265) to work on /home/airflow/.local/lib/python3.12/site-packages/airflow/example_dags/example_branch_python_dop_operator_3.py
[2025-09-04T12:08:10.816+0000] {processor.py:830} INFO - Processing file /home/airflow/.local/lib/python3.12/site-packages/airflow/example_dags/example_branch_python_dop_operator_3.py for tasks to queue
[2025-09-04T12:08:10.818+0000] {logging_mixin.py:188} INFO - [2025-09-04T12:08:10.817+0000] {dagbag.py:545} INFO - Filling up the DagBag from /home/airflow/.local/lib/python3.12/site-packages/airflow/example_dags/example_branch_python_dop_operator_3.py
[2025-09-04T12:08:10.825+0000] {processor.py:840} INFO - DAG(s) 'example_branch_dop_operator_v3' retrieved from /home/airflow/.local/lib/python3.12/site-packages/airflow/example_dags/example_branch_python_dop_operator_3.py
[2025-09-04T12:08:10.844+0000] {logging_mixin.py:188} INFO - [2025-09-04T12:08:10.843+0000] {dag.py:3096} INFO - Sync 1 DAGs
[2025-09-04T12:08:10.865+0000] {logging_mixin.py:188} INFO - [2025-09-04T12:08:10.865+0000] {dag.py:3954} INFO - Setting next_dagrun for example_branch_dop_operator_v3 to 2025-09-04 12:07:00+00:00, run_after=2025-09-04 12:08:00+00:00
[2025-09-04T12:08:10.883+0000] {processor.py:183} INFO - Processing /home/airflow/.local/lib/python3.12/site-packages/airflow/example_dags/example_branch_python_dop_operator_3.py took 0.078 seconds
[2025-09-04T12:08:41.235+0000] {processor.py:161} INFO - Started process (PID=323) to work on /home/airflow/.local/lib/python3.12/site-packages/airflow/example_dags/example_branch_python_dop_operator_3.py
[2025-09-04T12:08:41.237+0000] {processor.py:830} INFO - Processing file /home/airflow/.local/lib/python3.12/site-packages/airflow/example_dags/example_branch_python_dop_operator_3.py for tasks to queue
[2025-09-04T12:08:41.244+0000] {logging_mixin.py:188} INFO - [2025-09-04T12:08:41.243+0000] {dagbag.py:545} INFO - Filling up the DagBag from /home/airflow/.local/lib/python3.12/site-packages/airflow/example_dags/example_branch_python_dop_operator_3.py
[2025-09-04T12:08:41.258+0000] {processor.py:840} INFO - DAG(s) 'example_branch_dop_operator_v3' retrieved from /home/airflow/.local/lib/python3.12/site-packages/airflow/example_dags/example_branch_python_dop_operator_3.py
[2025-09-04T12:08:41.280+0000] {logging_mixin.py:188} INFO - [2025-09-04T12:08:41.279+0000] {dag.py:3096} INFO - Sync 1 DAGs
[2025-09-04T12:08:41.303+0000] {logging_mixin.py:188} INFO - [2025-09-04T12:08:41.303+0000] {dag.py:3954} INFO - Setting next_dagrun for example_branch_dop_operator_v3 to 2025-09-04 12:07:00+00:00, run_after=2025-09-04 12:08:00+00:00
[2025-09-04T12:08:41.333+0000] {processor.py:183} INFO - Processing /home/airflow/.local/lib/python3.12/site-packages/airflow/example_dags/example_branch_python_dop_operator_3.py took 0.108 seconds
