[2025-09-04T11:50:07.359+0000] {processor.py:161} INFO - Started process (PID=101) to work on /home/airflow/.local/lib/python3.12/site-packages/airflow/example_dags/example_latest_only_with_trigger.py
[2025-09-04T11:50:07.361+0000] {processor.py:830} INFO - Processing file /home/airflow/.local/lib/python3.12/site-packages/airflow/example_dags/example_latest_only_with_trigger.py for tasks to queue
[2025-09-04T11:50:07.366+0000] {logging_mixin.py:188} INFO - [2025-09-04T11:50:07.365+0000] {dagbag.py:545} INFO - Filling up the DagBag from /home/airflow/.local/lib/python3.12/site-packages/airflow/example_dags/example_latest_only_with_trigger.py
[2025-09-04T11:50:07.379+0000] {processor.py:840} INFO - DAG(s) 'latest_only_with_trigger' retrieved from /home/airflow/.local/lib/python3.12/site-packages/airflow/example_dags/example_latest_only_with_trigger.py
[2025-09-04T11:50:07.524+0000] {logging_mixin.py:188} INFO - [2025-09-04T11:50:07.524+0000] {override.py:1829} INFO - Created Permission View: can edit on DAG:latest_only_with_trigger
[2025-09-04T11:50:07.534+0000] {logging_mixin.py:188} INFO - [2025-09-04T11:50:07.533+0000] {override.py:1829} INFO - Created Permission View: can read on DAG:latest_only_with_trigger
[2025-09-04T11:50:07.540+0000] {logging_mixin.py:188} INFO - [2025-09-04T11:50:07.539+0000] {override.py:1829} INFO - Created Permission View: can delete on DAG:latest_only_with_trigger
[2025-09-04T11:50:07.540+0000] {logging_mixin.py:188} INFO - [2025-09-04T11:50:07.540+0000] {dag.py:3096} INFO - Sync 1 DAGs
[2025-09-04T11:50:07.551+0000] {logging_mixin.py:188} INFO - [2025-09-04T11:50:07.551+0000] {dag.py:3118} INFO - Creating ORM DAG for latest_only_with_trigger
[2025-09-04T11:50:07.561+0000] {logging_mixin.py:188} INFO - [2025-09-04T11:50:07.561+0000] {dag.py:3954} INFO - Setting next_dagrun for latest_only_with_trigger to 2025-09-04 04:00:00+00:00, run_after=2025-09-04 08:00:00+00:00
[2025-09-04T11:50:07.579+0000] {processor.py:183} INFO - Processing /home/airflow/.local/lib/python3.12/site-packages/airflow/example_dags/example_latest_only_with_trigger.py took 0.228 seconds
[2025-09-04T11:50:37.819+0000] {processor.py:161} INFO - Started process (PID=159) to work on /home/airflow/.local/lib/python3.12/site-packages/airflow/example_dags/example_latest_only_with_trigger.py
[2025-09-04T11:50:37.822+0000] {processor.py:830} INFO - Processing file /home/airflow/.local/lib/python3.12/site-packages/airflow/example_dags/example_latest_only_with_trigger.py for tasks to queue
[2025-09-04T11:50:37.826+0000] {logging_mixin.py:188} INFO - [2025-09-04T11:50:37.826+0000] {dagbag.py:545} INFO - Filling up the DagBag from /home/airflow/.local/lib/python3.12/site-packages/airflow/example_dags/example_latest_only_with_trigger.py
[2025-09-04T11:50:37.832+0000] {processor.py:840} INFO - DAG(s) 'latest_only_with_trigger' retrieved from /home/airflow/.local/lib/python3.12/site-packages/airflow/example_dags/example_latest_only_with_trigger.py
[2025-09-04T11:50:37.854+0000] {logging_mixin.py:188} INFO - [2025-09-04T11:50:37.853+0000] {dag.py:3096} INFO - Sync 1 DAGs
[2025-09-04T11:50:37.873+0000] {logging_mixin.py:188} INFO - [2025-09-04T11:50:37.873+0000] {dag.py:3954} INFO - Setting next_dagrun for latest_only_with_trigger to 2025-09-04 04:00:00+00:00, run_after=2025-09-04 08:00:00+00:00
[2025-09-04T11:50:37.898+0000] {processor.py:183} INFO - Processing /home/airflow/.local/lib/python3.12/site-packages/airflow/example_dags/example_latest_only_with_trigger.py took 0.087 seconds
[2025-09-04T11:51:08.196+0000] {processor.py:161} INFO - Started process (PID=216) to work on /home/airflow/.local/lib/python3.12/site-packages/airflow/example_dags/example_latest_only_with_trigger.py
[2025-09-04T11:51:08.198+0000] {processor.py:830} INFO - Processing file /home/airflow/.local/lib/python3.12/site-packages/airflow/example_dags/example_latest_only_with_trigger.py for tasks to queue
[2025-09-04T11:51:08.201+0000] {logging_mixin.py:188} INFO - [2025-09-04T11:51:08.200+0000] {dagbag.py:545} INFO - Filling up the DagBag from /home/airflow/.local/lib/python3.12/site-packages/airflow/example_dags/example_latest_only_with_trigger.py
[2025-09-04T11:51:08.207+0000] {processor.py:840} INFO - DAG(s) 'latest_only_with_trigger' retrieved from /home/airflow/.local/lib/python3.12/site-packages/airflow/example_dags/example_latest_only_with_trigger.py
[2025-09-04T11:51:08.227+0000] {logging_mixin.py:188} INFO - [2025-09-04T11:51:08.227+0000] {dag.py:3096} INFO - Sync 1 DAGs
[2025-09-04T11:51:08.252+0000] {logging_mixin.py:188} INFO - [2025-09-04T11:51:08.252+0000] {dag.py:3954} INFO - Setting next_dagrun for latest_only_with_trigger to 2025-09-04 04:00:00+00:00, run_after=2025-09-04 08:00:00+00:00
[2025-09-04T11:51:08.282+0000] {processor.py:183} INFO - Processing /home/airflow/.local/lib/python3.12/site-packages/airflow/example_dags/example_latest_only_with_trigger.py took 0.091 seconds
[2025-09-04T11:51:38.951+0000] {processor.py:161} INFO - Started process (PID=274) to work on /home/airflow/.local/lib/python3.12/site-packages/airflow/example_dags/example_latest_only_with_trigger.py
[2025-09-04T11:51:38.954+0000] {processor.py:830} INFO - Processing file /home/airflow/.local/lib/python3.12/site-packages/airflow/example_dags/example_latest_only_with_trigger.py for tasks to queue
[2025-09-04T11:51:38.956+0000] {logging_mixin.py:188} INFO - [2025-09-04T11:51:38.956+0000] {dagbag.py:545} INFO - Filling up the DagBag from /home/airflow/.local/lib/python3.12/site-packages/airflow/example_dags/example_latest_only_with_trigger.py
[2025-09-04T11:51:38.961+0000] {processor.py:840} INFO - DAG(s) 'latest_only_with_trigger' retrieved from /home/airflow/.local/lib/python3.12/site-packages/airflow/example_dags/example_latest_only_with_trigger.py
[2025-09-04T11:51:38.979+0000] {logging_mixin.py:188} INFO - [2025-09-04T11:51:38.978+0000] {dag.py:3096} INFO - Sync 1 DAGs
[2025-09-04T11:51:38.995+0000] {logging_mixin.py:188} INFO - [2025-09-04T11:51:38.995+0000] {dag.py:3954} INFO - Setting next_dagrun for latest_only_with_trigger to 2025-09-04 04:00:00+00:00, run_after=2025-09-04 08:00:00+00:00
[2025-09-04T11:51:39.013+0000] {processor.py:183} INFO - Processing /home/airflow/.local/lib/python3.12/site-packages/airflow/example_dags/example_latest_only_with_trigger.py took 0.071 seconds
[2025-09-04T11:52:09.603+0000] {processor.py:161} INFO - Started process (PID=332) to work on /home/airflow/.local/lib/python3.12/site-packages/airflow/example_dags/example_latest_only_with_trigger.py
[2025-09-04T11:52:09.605+0000] {processor.py:830} INFO - Processing file /home/airflow/.local/lib/python3.12/site-packages/airflow/example_dags/example_latest_only_with_trigger.py for tasks to queue
[2025-09-04T11:52:09.607+0000] {logging_mixin.py:188} INFO - [2025-09-04T11:52:09.606+0000] {dagbag.py:545} INFO - Filling up the DagBag from /home/airflow/.local/lib/python3.12/site-packages/airflow/example_dags/example_latest_only_with_trigger.py
[2025-09-04T11:52:09.612+0000] {processor.py:840} INFO - DAG(s) 'latest_only_with_trigger' retrieved from /home/airflow/.local/lib/python3.12/site-packages/airflow/example_dags/example_latest_only_with_trigger.py
[2025-09-04T11:52:09.638+0000] {logging_mixin.py:188} INFO - [2025-09-04T11:52:09.637+0000] {dag.py:3096} INFO - Sync 1 DAGs
[2025-09-04T11:52:09.656+0000] {logging_mixin.py:188} INFO - [2025-09-04T11:52:09.656+0000] {dag.py:3954} INFO - Setting next_dagrun for latest_only_with_trigger to 2025-09-04 04:00:00+00:00, run_after=2025-09-04 08:00:00+00:00
[2025-09-04T11:52:09.671+0000] {processor.py:183} INFO - Processing /home/airflow/.local/lib/python3.12/site-packages/airflow/example_dags/example_latest_only_with_trigger.py took 0.073 seconds
[2025-09-04T11:52:40.915+0000] {processor.py:161} INFO - Started process (PID=390) to work on /home/airflow/.local/lib/python3.12/site-packages/airflow/example_dags/example_latest_only_with_trigger.py
[2025-09-04T11:52:40.926+0000] {processor.py:830} INFO - Processing file /home/airflow/.local/lib/python3.12/site-packages/airflow/example_dags/example_latest_only_with_trigger.py for tasks to queue
[2025-09-04T11:52:40.930+0000] {logging_mixin.py:188} INFO - [2025-09-04T11:52:40.929+0000] {dagbag.py:545} INFO - Filling up the DagBag from /home/airflow/.local/lib/python3.12/site-packages/airflow/example_dags/example_latest_only_with_trigger.py
[2025-09-04T11:52:40.941+0000] {processor.py:840} INFO - DAG(s) 'latest_only_with_trigger' retrieved from /home/airflow/.local/lib/python3.12/site-packages/airflow/example_dags/example_latest_only_with_trigger.py
[2025-09-04T11:52:40.985+0000] {logging_mixin.py:188} INFO - [2025-09-04T11:52:40.985+0000] {dag.py:3096} INFO - Sync 1 DAGs
[2025-09-04T11:52:41.007+0000] {logging_mixin.py:188} INFO - [2025-09-04T11:52:41.007+0000] {dag.py:3954} INFO - Setting next_dagrun for latest_only_with_trigger to 2025-09-04 04:00:00+00:00, run_after=2025-09-04 08:00:00+00:00
[2025-09-04T11:52:41.026+0000] {processor.py:183} INFO - Processing /home/airflow/.local/lib/python3.12/site-packages/airflow/example_dags/example_latest_only_with_trigger.py took 0.118 seconds
[2025-09-04T11:53:11.392+0000] {processor.py:161} INFO - Started process (PID=448) to work on /home/airflow/.local/lib/python3.12/site-packages/airflow/example_dags/example_latest_only_with_trigger.py
[2025-09-04T11:53:11.394+0000] {processor.py:830} INFO - Processing file /home/airflow/.local/lib/python3.12/site-packages/airflow/example_dags/example_latest_only_with_trigger.py for tasks to queue
[2025-09-04T11:53:11.396+0000] {logging_mixin.py:188} INFO - [2025-09-04T11:53:11.396+0000] {dagbag.py:545} INFO - Filling up the DagBag from /home/airflow/.local/lib/python3.12/site-packages/airflow/example_dags/example_latest_only_with_trigger.py
[2025-09-04T11:53:11.402+0000] {processor.py:840} INFO - DAG(s) 'latest_only_with_trigger' retrieved from /home/airflow/.local/lib/python3.12/site-packages/airflow/example_dags/example_latest_only_with_trigger.py
[2025-09-04T11:53:11.426+0000] {logging_mixin.py:188} INFO - [2025-09-04T11:53:11.426+0000] {dag.py:3096} INFO - Sync 1 DAGs
[2025-09-04T11:53:11.459+0000] {logging_mixin.py:188} INFO - [2025-09-04T11:53:11.458+0000] {dag.py:3954} INFO - Setting next_dagrun for latest_only_with_trigger to 2025-09-04 04:00:00+00:00, run_after=2025-09-04 08:00:00+00:00
[2025-09-04T11:53:11.499+0000] {processor.py:183} INFO - Processing /home/airflow/.local/lib/python3.12/site-packages/airflow/example_dags/example_latest_only_with_trigger.py took 0.112 seconds
[2025-09-04T11:53:41.748+0000] {processor.py:161} INFO - Started process (PID=506) to work on /home/airflow/.local/lib/python3.12/site-packages/airflow/example_dags/example_latest_only_with_trigger.py
[2025-09-04T11:53:41.750+0000] {processor.py:830} INFO - Processing file /home/airflow/.local/lib/python3.12/site-packages/airflow/example_dags/example_latest_only_with_trigger.py for tasks to queue
[2025-09-04T11:53:41.752+0000] {logging_mixin.py:188} INFO - [2025-09-04T11:53:41.752+0000] {dagbag.py:545} INFO - Filling up the DagBag from /home/airflow/.local/lib/python3.12/site-packages/airflow/example_dags/example_latest_only_with_trigger.py
[2025-09-04T11:53:41.757+0000] {processor.py:840} INFO - DAG(s) 'latest_only_with_trigger' retrieved from /home/airflow/.local/lib/python3.12/site-packages/airflow/example_dags/example_latest_only_with_trigger.py
[2025-09-04T11:53:41.772+0000] {logging_mixin.py:188} INFO - [2025-09-04T11:53:41.772+0000] {dag.py:3096} INFO - Sync 1 DAGs
[2025-09-04T11:53:41.787+0000] {logging_mixin.py:188} INFO - [2025-09-04T11:53:41.787+0000] {dag.py:3954} INFO - Setting next_dagrun for latest_only_with_trigger to 2025-09-04 04:00:00+00:00, run_after=2025-09-04 08:00:00+00:00
[2025-09-04T11:53:41.803+0000] {processor.py:183} INFO - Processing /home/airflow/.local/lib/python3.12/site-packages/airflow/example_dags/example_latest_only_with_trigger.py took 0.059 seconds
[2025-09-04T11:54:12.248+0000] {processor.py:161} INFO - Started process (PID=564) to work on /home/airflow/.local/lib/python3.12/site-packages/airflow/example_dags/example_latest_only_with_trigger.py
[2025-09-04T11:54:12.249+0000] {processor.py:830} INFO - Processing file /home/airflow/.local/lib/python3.12/site-packages/airflow/example_dags/example_latest_only_with_trigger.py for tasks to queue
[2025-09-04T11:54:12.251+0000] {logging_mixin.py:188} INFO - [2025-09-04T11:54:12.251+0000] {dagbag.py:545} INFO - Filling up the DagBag from /home/airflow/.local/lib/python3.12/site-packages/airflow/example_dags/example_latest_only_with_trigger.py
[2025-09-04T11:54:12.260+0000] {processor.py:840} INFO - DAG(s) 'latest_only_with_trigger' retrieved from /home/airflow/.local/lib/python3.12/site-packages/airflow/example_dags/example_latest_only_with_trigger.py
[2025-09-04T11:54:12.279+0000] {logging_mixin.py:188} INFO - [2025-09-04T11:54:12.279+0000] {dag.py:3096} INFO - Sync 1 DAGs
[2025-09-04T11:54:12.298+0000] {logging_mixin.py:188} INFO - [2025-09-04T11:54:12.298+0000] {dag.py:3954} INFO - Setting next_dagrun for latest_only_with_trigger to 2025-09-04 04:00:00+00:00, run_after=2025-09-04 08:00:00+00:00
[2025-09-04T11:54:12.317+0000] {processor.py:183} INFO - Processing /home/airflow/.local/lib/python3.12/site-packages/airflow/example_dags/example_latest_only_with_trigger.py took 0.073 seconds
[2025-09-04T11:54:43.004+0000] {processor.py:161} INFO - Started process (PID=622) to work on /home/airflow/.local/lib/python3.12/site-packages/airflow/example_dags/example_latest_only_with_trigger.py
[2025-09-04T11:54:43.005+0000] {processor.py:830} INFO - Processing file /home/airflow/.local/lib/python3.12/site-packages/airflow/example_dags/example_latest_only_with_trigger.py for tasks to queue
[2025-09-04T11:54:43.006+0000] {logging_mixin.py:188} INFO - [2025-09-04T11:54:43.006+0000] {dagbag.py:545} INFO - Filling up the DagBag from /home/airflow/.local/lib/python3.12/site-packages/airflow/example_dags/example_latest_only_with_trigger.py
[2025-09-04T11:54:43.011+0000] {processor.py:840} INFO - DAG(s) 'latest_only_with_trigger' retrieved from /home/airflow/.local/lib/python3.12/site-packages/airflow/example_dags/example_latest_only_with_trigger.py
[2025-09-04T11:54:43.027+0000] {logging_mixin.py:188} INFO - [2025-09-04T11:54:43.027+0000] {dag.py:3096} INFO - Sync 1 DAGs
[2025-09-04T11:54:43.044+0000] {logging_mixin.py:188} INFO - [2025-09-04T11:54:43.044+0000] {dag.py:3954} INFO - Setting next_dagrun for latest_only_with_trigger to 2025-09-04 04:00:00+00:00, run_after=2025-09-04 08:00:00+00:00
[2025-09-04T11:54:43.058+0000] {processor.py:183} INFO - Processing /home/airflow/.local/lib/python3.12/site-packages/airflow/example_dags/example_latest_only_with_trigger.py took 0.059 seconds
[2025-09-04T11:55:14.048+0000] {processor.py:161} INFO - Started process (PID=680) to work on /home/airflow/.local/lib/python3.12/site-packages/airflow/example_dags/example_latest_only_with_trigger.py
[2025-09-04T11:55:14.050+0000] {processor.py:830} INFO - Processing file /home/airflow/.local/lib/python3.12/site-packages/airflow/example_dags/example_latest_only_with_trigger.py for tasks to queue
[2025-09-04T11:55:14.053+0000] {logging_mixin.py:188} INFO - [2025-09-04T11:55:14.052+0000] {dagbag.py:545} INFO - Filling up the DagBag from /home/airflow/.local/lib/python3.12/site-packages/airflow/example_dags/example_latest_only_with_trigger.py
[2025-09-04T11:55:14.060+0000] {processor.py:840} INFO - DAG(s) 'latest_only_with_trigger' retrieved from /home/airflow/.local/lib/python3.12/site-packages/airflow/example_dags/example_latest_only_with_trigger.py
[2025-09-04T11:55:14.082+0000] {logging_mixin.py:188} INFO - [2025-09-04T11:55:14.082+0000] {dag.py:3096} INFO - Sync 1 DAGs
[2025-09-04T11:55:14.101+0000] {logging_mixin.py:188} INFO - [2025-09-04T11:55:14.101+0000] {dag.py:3954} INFO - Setting next_dagrun for latest_only_with_trigger to 2025-09-04 04:00:00+00:00, run_after=2025-09-04 08:00:00+00:00
[2025-09-04T11:55:14.123+0000] {processor.py:183} INFO - Processing /home/airflow/.local/lib/python3.12/site-packages/airflow/example_dags/example_latest_only_with_trigger.py took 0.082 seconds
[2025-09-04T11:55:44.201+0000] {processor.py:161} INFO - Started process (PID=738) to work on /home/airflow/.local/lib/python3.12/site-packages/airflow/example_dags/example_latest_only_with_trigger.py
[2025-09-04T11:55:44.202+0000] {processor.py:830} INFO - Processing file /home/airflow/.local/lib/python3.12/site-packages/airflow/example_dags/example_latest_only_with_trigger.py for tasks to queue
[2025-09-04T11:55:44.204+0000] {logging_mixin.py:188} INFO - [2025-09-04T11:55:44.203+0000] {dagbag.py:545} INFO - Filling up the DagBag from /home/airflow/.local/lib/python3.12/site-packages/airflow/example_dags/example_latest_only_with_trigger.py
[2025-09-04T11:55:44.209+0000] {processor.py:840} INFO - DAG(s) 'latest_only_with_trigger' retrieved from /home/airflow/.local/lib/python3.12/site-packages/airflow/example_dags/example_latest_only_with_trigger.py
[2025-09-04T11:55:44.227+0000] {logging_mixin.py:188} INFO - [2025-09-04T11:55:44.227+0000] {dag.py:3096} INFO - Sync 1 DAGs
[2025-09-04T11:55:44.247+0000] {logging_mixin.py:188} INFO - [2025-09-04T11:55:44.246+0000] {dag.py:3954} INFO - Setting next_dagrun for latest_only_with_trigger to 2025-09-04 04:00:00+00:00, run_after=2025-09-04 08:00:00+00:00
[2025-09-04T11:55:44.277+0000] {processor.py:183} INFO - Processing /home/airflow/.local/lib/python3.12/site-packages/airflow/example_dags/example_latest_only_with_trigger.py took 0.081 seconds
[2025-09-04T11:56:14.807+0000] {processor.py:161} INFO - Started process (PID=796) to work on /home/airflow/.local/lib/python3.12/site-packages/airflow/example_dags/example_latest_only_with_trigger.py
[2025-09-04T11:56:14.808+0000] {processor.py:830} INFO - Processing file /home/airflow/.local/lib/python3.12/site-packages/airflow/example_dags/example_latest_only_with_trigger.py for tasks to queue
[2025-09-04T11:56:14.811+0000] {logging_mixin.py:188} INFO - [2025-09-04T11:56:14.811+0000] {dagbag.py:545} INFO - Filling up the DagBag from /home/airflow/.local/lib/python3.12/site-packages/airflow/example_dags/example_latest_only_with_trigger.py
[2025-09-04T11:56:14.817+0000] {processor.py:840} INFO - DAG(s) 'latest_only_with_trigger' retrieved from /home/airflow/.local/lib/python3.12/site-packages/airflow/example_dags/example_latest_only_with_trigger.py
[2025-09-04T11:56:14.840+0000] {logging_mixin.py:188} INFO - [2025-09-04T11:56:14.840+0000] {dag.py:3096} INFO - Sync 1 DAGs
[2025-09-04T11:56:14.866+0000] {logging_mixin.py:188} INFO - [2025-09-04T11:56:14.865+0000] {dag.py:3954} INFO - Setting next_dagrun for latest_only_with_trigger to 2025-09-04 04:00:00+00:00, run_after=2025-09-04 08:00:00+00:00
[2025-09-04T11:56:14.893+0000] {processor.py:183} INFO - Processing /home/airflow/.local/lib/python3.12/site-packages/airflow/example_dags/example_latest_only_with_trigger.py took 0.091 seconds
[2025-09-04T11:56:45.271+0000] {processor.py:161} INFO - Started process (PID=854) to work on /home/airflow/.local/lib/python3.12/site-packages/airflow/example_dags/example_latest_only_with_trigger.py
[2025-09-04T11:56:45.273+0000] {processor.py:830} INFO - Processing file /home/airflow/.local/lib/python3.12/site-packages/airflow/example_dags/example_latest_only_with_trigger.py for tasks to queue
[2025-09-04T11:56:45.276+0000] {logging_mixin.py:188} INFO - [2025-09-04T11:56:45.276+0000] {dagbag.py:545} INFO - Filling up the DagBag from /home/airflow/.local/lib/python3.12/site-packages/airflow/example_dags/example_latest_only_with_trigger.py
[2025-09-04T11:56:45.286+0000] {processor.py:840} INFO - DAG(s) 'latest_only_with_trigger' retrieved from /home/airflow/.local/lib/python3.12/site-packages/airflow/example_dags/example_latest_only_with_trigger.py
[2025-09-04T11:56:45.316+0000] {logging_mixin.py:188} INFO - [2025-09-04T11:56:45.315+0000] {dag.py:3096} INFO - Sync 1 DAGs
[2025-09-04T11:56:45.335+0000] {logging_mixin.py:188} INFO - [2025-09-04T11:56:45.335+0000] {dag.py:3954} INFO - Setting next_dagrun for latest_only_with_trigger to 2025-09-04 04:00:00+00:00, run_after=2025-09-04 08:00:00+00:00
[2025-09-04T11:56:45.358+0000] {processor.py:183} INFO - Processing /home/airflow/.local/lib/python3.12/site-packages/airflow/example_dags/example_latest_only_with_trigger.py took 0.093 seconds
[2025-09-04T11:57:16.345+0000] {processor.py:161} INFO - Started process (PID=912) to work on /home/airflow/.local/lib/python3.12/site-packages/airflow/example_dags/example_latest_only_with_trigger.py
[2025-09-04T11:57:16.348+0000] {processor.py:830} INFO - Processing file /home/airflow/.local/lib/python3.12/site-packages/airflow/example_dags/example_latest_only_with_trigger.py for tasks to queue
[2025-09-04T11:57:16.352+0000] {logging_mixin.py:188} INFO - [2025-09-04T11:57:16.352+0000] {dagbag.py:545} INFO - Filling up the DagBag from /home/airflow/.local/lib/python3.12/site-packages/airflow/example_dags/example_latest_only_with_trigger.py
[2025-09-04T11:57:16.360+0000] {processor.py:840} INFO - DAG(s) 'latest_only_with_trigger' retrieved from /home/airflow/.local/lib/python3.12/site-packages/airflow/example_dags/example_latest_only_with_trigger.py
[2025-09-04T11:57:16.390+0000] {logging_mixin.py:188} INFO - [2025-09-04T11:57:16.389+0000] {dag.py:3096} INFO - Sync 1 DAGs
[2025-09-04T11:57:16.415+0000] {logging_mixin.py:188} INFO - [2025-09-04T11:57:16.415+0000] {dag.py:3954} INFO - Setting next_dagrun for latest_only_with_trigger to 2025-09-04 04:00:00+00:00, run_after=2025-09-04 08:00:00+00:00
[2025-09-04T11:57:16.433+0000] {processor.py:183} INFO - Processing /home/airflow/.local/lib/python3.12/site-packages/airflow/example_dags/example_latest_only_with_trigger.py took 0.098 seconds
[2025-09-04T11:57:46.623+0000] {processor.py:161} INFO - Started process (PID=970) to work on /home/airflow/.local/lib/python3.12/site-packages/airflow/example_dags/example_latest_only_with_trigger.py
[2025-09-04T11:57:46.624+0000] {processor.py:830} INFO - Processing file /home/airflow/.local/lib/python3.12/site-packages/airflow/example_dags/example_latest_only_with_trigger.py for tasks to queue
[2025-09-04T11:57:46.626+0000] {logging_mixin.py:188} INFO - [2025-09-04T11:57:46.626+0000] {dagbag.py:545} INFO - Filling up the DagBag from /home/airflow/.local/lib/python3.12/site-packages/airflow/example_dags/example_latest_only_with_trigger.py
[2025-09-04T11:57:46.632+0000] {processor.py:840} INFO - DAG(s) 'latest_only_with_trigger' retrieved from /home/airflow/.local/lib/python3.12/site-packages/airflow/example_dags/example_latest_only_with_trigger.py
[2025-09-04T11:57:46.648+0000] {logging_mixin.py:188} INFO - [2025-09-04T11:57:46.648+0000] {dag.py:3096} INFO - Sync 1 DAGs
[2025-09-04T11:57:46.665+0000] {logging_mixin.py:188} INFO - [2025-09-04T11:57:46.665+0000] {dag.py:3954} INFO - Setting next_dagrun for latest_only_with_trigger to 2025-09-04 04:00:00+00:00, run_after=2025-09-04 08:00:00+00:00
[2025-09-04T11:57:46.680+0000] {processor.py:183} INFO - Processing /home/airflow/.local/lib/python3.12/site-packages/airflow/example_dags/example_latest_only_with_trigger.py took 0.063 seconds
[2025-09-04T11:58:17.217+0000] {processor.py:161} INFO - Started process (PID=1029) to work on /home/airflow/.local/lib/python3.12/site-packages/airflow/example_dags/example_latest_only_with_trigger.py
[2025-09-04T11:58:17.219+0000] {processor.py:830} INFO - Processing file /home/airflow/.local/lib/python3.12/site-packages/airflow/example_dags/example_latest_only_with_trigger.py for tasks to queue
[2025-09-04T11:58:17.221+0000] {logging_mixin.py:188} INFO - [2025-09-04T11:58:17.221+0000] {dagbag.py:545} INFO - Filling up the DagBag from /home/airflow/.local/lib/python3.12/site-packages/airflow/example_dags/example_latest_only_with_trigger.py
[2025-09-04T11:58:17.227+0000] {processor.py:840} INFO - DAG(s) 'latest_only_with_trigger' retrieved from /home/airflow/.local/lib/python3.12/site-packages/airflow/example_dags/example_latest_only_with_trigger.py
[2025-09-04T11:58:17.248+0000] {logging_mixin.py:188} INFO - [2025-09-04T11:58:17.248+0000] {dag.py:3096} INFO - Sync 1 DAGs
[2025-09-04T11:58:17.268+0000] {logging_mixin.py:188} INFO - [2025-09-04T11:58:17.267+0000] {dag.py:3954} INFO - Setting next_dagrun for latest_only_with_trigger to 2025-09-04 04:00:00+00:00, run_after=2025-09-04 08:00:00+00:00
[2025-09-04T11:58:17.295+0000] {processor.py:183} INFO - Processing /home/airflow/.local/lib/python3.12/site-packages/airflow/example_dags/example_latest_only_with_trigger.py took 0.084 seconds
[2025-09-04T11:58:47.974+0000] {processor.py:161} INFO - Started process (PID=1087) to work on /home/airflow/.local/lib/python3.12/site-packages/airflow/example_dags/example_latest_only_with_trigger.py
[2025-09-04T11:58:47.976+0000] {processor.py:830} INFO - Processing file /home/airflow/.local/lib/python3.12/site-packages/airflow/example_dags/example_latest_only_with_trigger.py for tasks to queue
[2025-09-04T11:58:47.979+0000] {logging_mixin.py:188} INFO - [2025-09-04T11:58:47.979+0000] {dagbag.py:545} INFO - Filling up the DagBag from /home/airflow/.local/lib/python3.12/site-packages/airflow/example_dags/example_latest_only_with_trigger.py
[2025-09-04T11:58:47.984+0000] {processor.py:840} INFO - DAG(s) 'latest_only_with_trigger' retrieved from /home/airflow/.local/lib/python3.12/site-packages/airflow/example_dags/example_latest_only_with_trigger.py
[2025-09-04T11:58:48.001+0000] {logging_mixin.py:188} INFO - [2025-09-04T11:58:48.001+0000] {dag.py:3096} INFO - Sync 1 DAGs
[2025-09-04T11:58:48.017+0000] {logging_mixin.py:188} INFO - [2025-09-04T11:58:48.017+0000] {dag.py:3954} INFO - Setting next_dagrun for latest_only_with_trigger to 2025-09-04 04:00:00+00:00, run_after=2025-09-04 08:00:00+00:00
[2025-09-04T11:58:48.033+0000] {processor.py:183} INFO - Processing /home/airflow/.local/lib/python3.12/site-packages/airflow/example_dags/example_latest_only_with_trigger.py took 0.069 seconds
[2025-09-04T11:59:19.250+0000] {processor.py:161} INFO - Started process (PID=1145) to work on /home/airflow/.local/lib/python3.12/site-packages/airflow/example_dags/example_latest_only_with_trigger.py
[2025-09-04T11:59:19.252+0000] {processor.py:830} INFO - Processing file /home/airflow/.local/lib/python3.12/site-packages/airflow/example_dags/example_latest_only_with_trigger.py for tasks to queue
[2025-09-04T11:59:19.254+0000] {logging_mixin.py:188} INFO - [2025-09-04T11:59:19.254+0000] {dagbag.py:545} INFO - Filling up the DagBag from /home/airflow/.local/lib/python3.12/site-packages/airflow/example_dags/example_latest_only_with_trigger.py
[2025-09-04T11:59:19.260+0000] {processor.py:840} INFO - DAG(s) 'latest_only_with_trigger' retrieved from /home/airflow/.local/lib/python3.12/site-packages/airflow/example_dags/example_latest_only_with_trigger.py
[2025-09-04T11:59:19.302+0000] {logging_mixin.py:188} INFO - [2025-09-04T11:59:19.301+0000] {dag.py:3096} INFO - Sync 1 DAGs
[2025-09-04T11:59:19.324+0000] {logging_mixin.py:188} INFO - [2025-09-04T11:59:19.324+0000] {dag.py:3954} INFO - Setting next_dagrun for latest_only_with_trigger to 2025-09-04 04:00:00+00:00, run_after=2025-09-04 08:00:00+00:00
[2025-09-04T11:59:19.350+0000] {processor.py:183} INFO - Processing /home/airflow/.local/lib/python3.12/site-packages/airflow/example_dags/example_latest_only_with_trigger.py took 0.108 seconds
[2025-09-04T12:01:35.177+0000] {processor.py:161} INFO - Started process (PID=95) to work on /home/airflow/.local/lib/python3.12/site-packages/airflow/example_dags/example_latest_only_with_trigger.py
[2025-09-04T12:01:35.179+0000] {processor.py:830} INFO - Processing file /home/airflow/.local/lib/python3.12/site-packages/airflow/example_dags/example_latest_only_with_trigger.py for tasks to queue
[2025-09-04T12:01:35.182+0000] {logging_mixin.py:188} INFO - [2025-09-04T12:01:35.181+0000] {dagbag.py:545} INFO - Filling up the DagBag from /home/airflow/.local/lib/python3.12/site-packages/airflow/example_dags/example_latest_only_with_trigger.py
[2025-09-04T12:01:35.189+0000] {processor.py:840} INFO - DAG(s) 'latest_only_with_trigger' retrieved from /home/airflow/.local/lib/python3.12/site-packages/airflow/example_dags/example_latest_only_with_trigger.py
[2025-09-04T12:01:35.277+0000] {logging_mixin.py:188} INFO - [2025-09-04T12:01:35.277+0000] {dag.py:3096} INFO - Sync 1 DAGs
[2025-09-04T12:01:35.296+0000] {logging_mixin.py:188} INFO - [2025-09-04T12:01:35.296+0000] {dag.py:3954} INFO - Setting next_dagrun for latest_only_with_trigger to 2025-09-04 08:00:00+00:00, run_after=2025-09-04 12:00:00+00:00
[2025-09-04T12:01:35.317+0000] {processor.py:183} INFO - Processing /home/airflow/.local/lib/python3.12/site-packages/airflow/example_dags/example_latest_only_with_trigger.py took 0.145 seconds
[2025-09-04T12:02:06.121+0000] {processor.py:161} INFO - Started process (PID=153) to work on /home/airflow/.local/lib/python3.12/site-packages/airflow/example_dags/example_latest_only_with_trigger.py
[2025-09-04T12:02:06.123+0000] {processor.py:830} INFO - Processing file /home/airflow/.local/lib/python3.12/site-packages/airflow/example_dags/example_latest_only_with_trigger.py for tasks to queue
[2025-09-04T12:02:06.125+0000] {logging_mixin.py:188} INFO - [2025-09-04T12:02:06.124+0000] {dagbag.py:545} INFO - Filling up the DagBag from /home/airflow/.local/lib/python3.12/site-packages/airflow/example_dags/example_latest_only_with_trigger.py
[2025-09-04T12:02:06.132+0000] {processor.py:840} INFO - DAG(s) 'latest_only_with_trigger' retrieved from /home/airflow/.local/lib/python3.12/site-packages/airflow/example_dags/example_latest_only_with_trigger.py
[2025-09-04T12:02:06.152+0000] {logging_mixin.py:188} INFO - [2025-09-04T12:02:06.152+0000] {dag.py:3096} INFO - Sync 1 DAGs
[2025-09-04T12:02:06.171+0000] {logging_mixin.py:188} INFO - [2025-09-04T12:02:06.171+0000] {dag.py:3954} INFO - Setting next_dagrun for latest_only_with_trigger to 2025-09-04 08:00:00+00:00, run_after=2025-09-04 12:00:00+00:00
[2025-09-04T12:02:06.188+0000] {processor.py:183} INFO - Processing /home/airflow/.local/lib/python3.12/site-packages/airflow/example_dags/example_latest_only_with_trigger.py took 0.074 seconds
[2025-09-04T12:02:36.807+0000] {processor.py:161} INFO - Started process (PID=211) to work on /home/airflow/.local/lib/python3.12/site-packages/airflow/example_dags/example_latest_only_with_trigger.py
[2025-09-04T12:02:36.809+0000] {processor.py:830} INFO - Processing file /home/airflow/.local/lib/python3.12/site-packages/airflow/example_dags/example_latest_only_with_trigger.py for tasks to queue
[2025-09-04T12:02:36.811+0000] {logging_mixin.py:188} INFO - [2025-09-04T12:02:36.811+0000] {dagbag.py:545} INFO - Filling up the DagBag from /home/airflow/.local/lib/python3.12/site-packages/airflow/example_dags/example_latest_only_with_trigger.py
[2025-09-04T12:02:36.816+0000] {processor.py:840} INFO - DAG(s) 'latest_only_with_trigger' retrieved from /home/airflow/.local/lib/python3.12/site-packages/airflow/example_dags/example_latest_only_with_trigger.py
[2025-09-04T12:02:36.833+0000] {logging_mixin.py:188} INFO - [2025-09-04T12:02:36.833+0000] {dag.py:3096} INFO - Sync 1 DAGs
[2025-09-04T12:02:36.850+0000] {logging_mixin.py:188} INFO - [2025-09-04T12:02:36.850+0000] {dag.py:3954} INFO - Setting next_dagrun for latest_only_with_trigger to 2025-09-04 08:00:00+00:00, run_after=2025-09-04 12:00:00+00:00
[2025-09-04T12:02:36.864+0000] {processor.py:183} INFO - Processing /home/airflow/.local/lib/python3.12/site-packages/airflow/example_dags/example_latest_only_with_trigger.py took 0.065 seconds
[2025-09-04T12:03:07.750+0000] {processor.py:161} INFO - Started process (PID=269) to work on /home/airflow/.local/lib/python3.12/site-packages/airflow/example_dags/example_latest_only_with_trigger.py
[2025-09-04T12:03:07.753+0000] {processor.py:830} INFO - Processing file /home/airflow/.local/lib/python3.12/site-packages/airflow/example_dags/example_latest_only_with_trigger.py for tasks to queue
[2025-09-04T12:03:07.759+0000] {logging_mixin.py:188} INFO - [2025-09-04T12:03:07.758+0000] {dagbag.py:545} INFO - Filling up the DagBag from /home/airflow/.local/lib/python3.12/site-packages/airflow/example_dags/example_latest_only_with_trigger.py
[2025-09-04T12:03:07.776+0000] {processor.py:840} INFO - DAG(s) 'latest_only_with_trigger' retrieved from /home/airflow/.local/lib/python3.12/site-packages/airflow/example_dags/example_latest_only_with_trigger.py
[2025-09-04T12:03:07.804+0000] {logging_mixin.py:188} INFO - [2025-09-04T12:03:07.803+0000] {dag.py:3096} INFO - Sync 1 DAGs
[2025-09-04T12:03:07.827+0000] {logging_mixin.py:188} INFO - [2025-09-04T12:03:07.827+0000] {dag.py:3954} INFO - Setting next_dagrun for latest_only_with_trigger to 2025-09-04 08:00:00+00:00, run_after=2025-09-04 12:00:00+00:00
[2025-09-04T12:03:07.847+0000] {processor.py:183} INFO - Processing /home/airflow/.local/lib/python3.12/site-packages/airflow/example_dags/example_latest_only_with_trigger.py took 0.110 seconds
[2025-09-04T12:03:38.376+0000] {processor.py:161} INFO - Started process (PID=327) to work on /home/airflow/.local/lib/python3.12/site-packages/airflow/example_dags/example_latest_only_with_trigger.py
[2025-09-04T12:03:38.377+0000] {processor.py:830} INFO - Processing file /home/airflow/.local/lib/python3.12/site-packages/airflow/example_dags/example_latest_only_with_trigger.py for tasks to queue
[2025-09-04T12:03:38.379+0000] {logging_mixin.py:188} INFO - [2025-09-04T12:03:38.379+0000] {dagbag.py:545} INFO - Filling up the DagBag from /home/airflow/.local/lib/python3.12/site-packages/airflow/example_dags/example_latest_only_with_trigger.py
[2025-09-04T12:03:38.387+0000] {processor.py:840} INFO - DAG(s) 'latest_only_with_trigger' retrieved from /home/airflow/.local/lib/python3.12/site-packages/airflow/example_dags/example_latest_only_with_trigger.py
[2025-09-04T12:03:38.423+0000] {logging_mixin.py:188} INFO - [2025-09-04T12:03:38.423+0000] {dag.py:3096} INFO - Sync 1 DAGs
[2025-09-04T12:03:38.460+0000] {logging_mixin.py:188} INFO - [2025-09-04T12:03:38.460+0000] {dag.py:3954} INFO - Setting next_dagrun for latest_only_with_trigger to 2025-09-04 08:00:00+00:00, run_after=2025-09-04 12:00:00+00:00
[2025-09-04T12:03:38.490+0000] {processor.py:183} INFO - Processing /home/airflow/.local/lib/python3.12/site-packages/airflow/example_dags/example_latest_only_with_trigger.py took 0.122 seconds
[2025-09-04T12:04:08.747+0000] {processor.py:161} INFO - Started process (PID=385) to work on /home/airflow/.local/lib/python3.12/site-packages/airflow/example_dags/example_latest_only_with_trigger.py
[2025-09-04T12:04:08.749+0000] {processor.py:830} INFO - Processing file /home/airflow/.local/lib/python3.12/site-packages/airflow/example_dags/example_latest_only_with_trigger.py for tasks to queue
[2025-09-04T12:04:08.753+0000] {logging_mixin.py:188} INFO - [2025-09-04T12:04:08.752+0000] {dagbag.py:545} INFO - Filling up the DagBag from /home/airflow/.local/lib/python3.12/site-packages/airflow/example_dags/example_latest_only_with_trigger.py
[2025-09-04T12:04:08.764+0000] {processor.py:840} INFO - DAG(s) 'latest_only_with_trigger' retrieved from /home/airflow/.local/lib/python3.12/site-packages/airflow/example_dags/example_latest_only_with_trigger.py
[2025-09-04T12:04:08.819+0000] {logging_mixin.py:188} INFO - [2025-09-04T12:04:08.819+0000] {dag.py:3096} INFO - Sync 1 DAGs
[2025-09-04T12:04:08.847+0000] {logging_mixin.py:188} INFO - [2025-09-04T12:04:08.847+0000] {dag.py:3954} INFO - Setting next_dagrun for latest_only_with_trigger to 2025-09-04 08:00:00+00:00, run_after=2025-09-04 12:00:00+00:00
[2025-09-04T12:04:08.879+0000] {processor.py:183} INFO - Processing /home/airflow/.local/lib/python3.12/site-packages/airflow/example_dags/example_latest_only_with_trigger.py took 0.143 seconds
[2025-09-04T12:04:39.765+0000] {processor.py:161} INFO - Started process (PID=443) to work on /home/airflow/.local/lib/python3.12/site-packages/airflow/example_dags/example_latest_only_with_trigger.py
[2025-09-04T12:04:39.766+0000] {processor.py:830} INFO - Processing file /home/airflow/.local/lib/python3.12/site-packages/airflow/example_dags/example_latest_only_with_trigger.py for tasks to queue
[2025-09-04T12:04:39.768+0000] {logging_mixin.py:188} INFO - [2025-09-04T12:04:39.767+0000] {dagbag.py:545} INFO - Filling up the DagBag from /home/airflow/.local/lib/python3.12/site-packages/airflow/example_dags/example_latest_only_with_trigger.py
[2025-09-04T12:04:39.773+0000] {processor.py:840} INFO - DAG(s) 'latest_only_with_trigger' retrieved from /home/airflow/.local/lib/python3.12/site-packages/airflow/example_dags/example_latest_only_with_trigger.py
[2025-09-04T12:04:39.796+0000] {logging_mixin.py:188} INFO - [2025-09-04T12:04:39.796+0000] {dag.py:3096} INFO - Sync 1 DAGs
[2025-09-04T12:04:39.816+0000] {logging_mixin.py:188} INFO - [2025-09-04T12:04:39.816+0000] {dag.py:3954} INFO - Setting next_dagrun for latest_only_with_trigger to 2025-09-04 08:00:00+00:00, run_after=2025-09-04 12:00:00+00:00
[2025-09-04T12:04:39.835+0000] {processor.py:183} INFO - Processing /home/airflow/.local/lib/python3.12/site-packages/airflow/example_dags/example_latest_only_with_trigger.py took 0.076 seconds
[2025-09-04T12:05:10.634+0000] {processor.py:161} INFO - Started process (PID=501) to work on /home/airflow/.local/lib/python3.12/site-packages/airflow/example_dags/example_latest_only_with_trigger.py
[2025-09-04T12:05:10.637+0000] {processor.py:830} INFO - Processing file /home/airflow/.local/lib/python3.12/site-packages/airflow/example_dags/example_latest_only_with_trigger.py for tasks to queue
[2025-09-04T12:05:10.639+0000] {logging_mixin.py:188} INFO - [2025-09-04T12:05:10.639+0000] {dagbag.py:545} INFO - Filling up the DagBag from /home/airflow/.local/lib/python3.12/site-packages/airflow/example_dags/example_latest_only_with_trigger.py
[2025-09-04T12:05:10.646+0000] {processor.py:840} INFO - DAG(s) 'latest_only_with_trigger' retrieved from /home/airflow/.local/lib/python3.12/site-packages/airflow/example_dags/example_latest_only_with_trigger.py
[2025-09-04T12:05:10.672+0000] {logging_mixin.py:188} INFO - [2025-09-04T12:05:10.671+0000] {dag.py:3096} INFO - Sync 1 DAGs
[2025-09-04T12:05:10.699+0000] {logging_mixin.py:188} INFO - [2025-09-04T12:05:10.699+0000] {dag.py:3954} INFO - Setting next_dagrun for latest_only_with_trigger to 2025-09-04 08:00:00+00:00, run_after=2025-09-04 12:00:00+00:00
[2025-09-04T12:05:10.727+0000] {processor.py:183} INFO - Processing /home/airflow/.local/lib/python3.12/site-packages/airflow/example_dags/example_latest_only_with_trigger.py took 0.102 seconds
[2025-09-04T12:05:40.851+0000] {processor.py:161} INFO - Started process (PID=559) to work on /home/airflow/.local/lib/python3.12/site-packages/airflow/example_dags/example_latest_only_with_trigger.py
[2025-09-04T12:05:40.853+0000] {processor.py:830} INFO - Processing file /home/airflow/.local/lib/python3.12/site-packages/airflow/example_dags/example_latest_only_with_trigger.py for tasks to queue
[2025-09-04T12:05:40.856+0000] {logging_mixin.py:188} INFO - [2025-09-04T12:05:40.855+0000] {dagbag.py:545} INFO - Filling up the DagBag from /home/airflow/.local/lib/python3.12/site-packages/airflow/example_dags/example_latest_only_with_trigger.py
[2025-09-04T12:05:40.862+0000] {processor.py:840} INFO - DAG(s) 'latest_only_with_trigger' retrieved from /home/airflow/.local/lib/python3.12/site-packages/airflow/example_dags/example_latest_only_with_trigger.py
[2025-09-04T12:05:40.893+0000] {logging_mixin.py:188} INFO - [2025-09-04T12:05:40.893+0000] {dag.py:3096} INFO - Sync 1 DAGs
[2025-09-04T12:05:40.918+0000] {logging_mixin.py:188} INFO - [2025-09-04T12:05:40.918+0000] {dag.py:3954} INFO - Setting next_dagrun for latest_only_with_trigger to 2025-09-04 08:00:00+00:00, run_after=2025-09-04 12:00:00+00:00
[2025-09-04T12:05:40.943+0000] {processor.py:183} INFO - Processing /home/airflow/.local/lib/python3.12/site-packages/airflow/example_dags/example_latest_only_with_trigger.py took 0.100 seconds
[2025-09-04T12:06:37.135+0000] {processor.py:161} INFO - Started process (PID=95) to work on /home/airflow/.local/lib/python3.12/site-packages/airflow/example_dags/example_latest_only_with_trigger.py
[2025-09-04T12:06:37.136+0000] {processor.py:830} INFO - Processing file /home/airflow/.local/lib/python3.12/site-packages/airflow/example_dags/example_latest_only_with_trigger.py for tasks to queue
[2025-09-04T12:06:37.138+0000] {logging_mixin.py:188} INFO - [2025-09-04T12:06:37.138+0000] {dagbag.py:545} INFO - Filling up the DagBag from /home/airflow/.local/lib/python3.12/site-packages/airflow/example_dags/example_latest_only_with_trigger.py
[2025-09-04T12:06:37.146+0000] {processor.py:840} INFO - DAG(s) 'latest_only_with_trigger' retrieved from /home/airflow/.local/lib/python3.12/site-packages/airflow/example_dags/example_latest_only_with_trigger.py
[2025-09-04T12:06:37.161+0000] {logging_mixin.py:188} INFO - [2025-09-04T12:06:37.161+0000] {dag.py:3096} INFO - Sync 1 DAGs
[2025-09-04T12:06:37.181+0000] {logging_mixin.py:188} INFO - [2025-09-04T12:06:37.181+0000] {dag.py:3954} INFO - Setting next_dagrun for latest_only_with_trigger to 2025-09-04 08:00:00+00:00, run_after=2025-09-04 12:00:00+00:00
[2025-09-04T12:06:37.205+0000] {processor.py:183} INFO - Processing /home/airflow/.local/lib/python3.12/site-packages/airflow/example_dags/example_latest_only_with_trigger.py took 0.075 seconds
[2025-09-04T12:07:09.706+0000] {processor.py:161} INFO - Started process (PID=159) to work on /home/airflow/.local/lib/python3.12/site-packages/airflow/example_dags/example_latest_only_with_trigger.py
[2025-09-04T12:07:09.708+0000] {processor.py:830} INFO - Processing file /home/airflow/.local/lib/python3.12/site-packages/airflow/example_dags/example_latest_only_with_trigger.py for tasks to queue
[2025-09-04T12:07:09.711+0000] {logging_mixin.py:188} INFO - [2025-09-04T12:07:09.711+0000] {dagbag.py:545} INFO - Filling up the DagBag from /home/airflow/.local/lib/python3.12/site-packages/airflow/example_dags/example_latest_only_with_trigger.py
[2025-09-04T12:07:09.718+0000] {processor.py:840} INFO - DAG(s) 'latest_only_with_trigger' retrieved from /home/airflow/.local/lib/python3.12/site-packages/airflow/example_dags/example_latest_only_with_trigger.py
[2025-09-04T12:07:09.826+0000] {logging_mixin.py:188} INFO - [2025-09-04T12:07:09.825+0000] {dag.py:3096} INFO - Sync 1 DAGs
[2025-09-04T12:07:09.844+0000] {logging_mixin.py:188} INFO - [2025-09-04T12:07:09.843+0000] {dag.py:3954} INFO - Setting next_dagrun for latest_only_with_trigger to 2025-09-04 08:00:00+00:00, run_after=2025-09-04 12:00:00+00:00
[2025-09-04T12:07:09.862+0000] {processor.py:183} INFO - Processing /home/airflow/.local/lib/python3.12/site-packages/airflow/example_dags/example_latest_only_with_trigger.py took 0.164 seconds
[2025-09-04T12:07:40.835+0000] {processor.py:161} INFO - Started process (PID=217) to work on /home/airflow/.local/lib/python3.12/site-packages/airflow/example_dags/example_latest_only_with_trigger.py
[2025-09-04T12:07:40.837+0000] {processor.py:830} INFO - Processing file /home/airflow/.local/lib/python3.12/site-packages/airflow/example_dags/example_latest_only_with_trigger.py for tasks to queue
[2025-09-04T12:07:40.840+0000] {logging_mixin.py:188} INFO - [2025-09-04T12:07:40.840+0000] {dagbag.py:545} INFO - Filling up the DagBag from /home/airflow/.local/lib/python3.12/site-packages/airflow/example_dags/example_latest_only_with_trigger.py
[2025-09-04T12:07:40.846+0000] {processor.py:840} INFO - DAG(s) 'latest_only_with_trigger' retrieved from /home/airflow/.local/lib/python3.12/site-packages/airflow/example_dags/example_latest_only_with_trigger.py
[2025-09-04T12:07:40.866+0000] {logging_mixin.py:188} INFO - [2025-09-04T12:07:40.866+0000] {dag.py:3096} INFO - Sync 1 DAGs
[2025-09-04T12:07:40.888+0000] {logging_mixin.py:188} INFO - [2025-09-04T12:07:40.888+0000] {dag.py:3954} INFO - Setting next_dagrun for latest_only_with_trigger to 2025-09-04 08:00:00+00:00, run_after=2025-09-04 12:00:00+00:00
[2025-09-04T12:07:40.913+0000] {processor.py:183} INFO - Processing /home/airflow/.local/lib/python3.12/site-packages/airflow/example_dags/example_latest_only_with_trigger.py took 0.088 seconds
[2025-09-04T12:08:11.611+0000] {processor.py:161} INFO - Started process (PID=275) to work on /home/airflow/.local/lib/python3.12/site-packages/airflow/example_dags/example_latest_only_with_trigger.py
[2025-09-04T12:08:11.612+0000] {processor.py:830} INFO - Processing file /home/airflow/.local/lib/python3.12/site-packages/airflow/example_dags/example_latest_only_with_trigger.py for tasks to queue
[2025-09-04T12:08:11.615+0000] {logging_mixin.py:188} INFO - [2025-09-04T12:08:11.615+0000] {dagbag.py:545} INFO - Filling up the DagBag from /home/airflow/.local/lib/python3.12/site-packages/airflow/example_dags/example_latest_only_with_trigger.py
[2025-09-04T12:08:11.624+0000] {processor.py:840} INFO - DAG(s) 'latest_only_with_trigger' retrieved from /home/airflow/.local/lib/python3.12/site-packages/airflow/example_dags/example_latest_only_with_trigger.py
[2025-09-04T12:08:11.649+0000] {logging_mixin.py:188} INFO - [2025-09-04T12:08:11.649+0000] {dag.py:3096} INFO - Sync 1 DAGs
[2025-09-04T12:08:11.675+0000] {logging_mixin.py:188} INFO - [2025-09-04T12:08:11.675+0000] {dag.py:3954} INFO - Setting next_dagrun for latest_only_with_trigger to 2025-09-04 08:00:00+00:00, run_after=2025-09-04 12:00:00+00:00
[2025-09-04T12:08:11.701+0000] {processor.py:183} INFO - Processing /home/airflow/.local/lib/python3.12/site-packages/airflow/example_dags/example_latest_only_with_trigger.py took 0.097 seconds
[2025-09-04T12:08:42.293+0000] {processor.py:161} INFO - Started process (PID=333) to work on /home/airflow/.local/lib/python3.12/site-packages/airflow/example_dags/example_latest_only_with_trigger.py
[2025-09-04T12:08:42.295+0000] {processor.py:830} INFO - Processing file /home/airflow/.local/lib/python3.12/site-packages/airflow/example_dags/example_latest_only_with_trigger.py for tasks to queue
[2025-09-04T12:08:42.298+0000] {logging_mixin.py:188} INFO - [2025-09-04T12:08:42.298+0000] {dagbag.py:545} INFO - Filling up the DagBag from /home/airflow/.local/lib/python3.12/site-packages/airflow/example_dags/example_latest_only_with_trigger.py
[2025-09-04T12:08:42.312+0000] {processor.py:840} INFO - DAG(s) 'latest_only_with_trigger' retrieved from /home/airflow/.local/lib/python3.12/site-packages/airflow/example_dags/example_latest_only_with_trigger.py
[2025-09-04T12:08:42.358+0000] {logging_mixin.py:188} INFO - [2025-09-04T12:08:42.357+0000] {dag.py:3096} INFO - Sync 1 DAGs
[2025-09-04T12:08:42.385+0000] {logging_mixin.py:188} INFO - [2025-09-04T12:08:42.385+0000] {dag.py:3954} INFO - Setting next_dagrun for latest_only_with_trigger to 2025-09-04 08:00:00+00:00, run_after=2025-09-04 12:00:00+00:00
[2025-09-04T12:08:42.414+0000] {processor.py:183} INFO - Processing /home/airflow/.local/lib/python3.12/site-packages/airflow/example_dags/example_latest_only_with_trigger.py took 0.132 seconds
