[2025-09-04T11:50:00.955+0000] {processor.py:161} INFO - Started process (PID=57) to work on /home/airflow/.local/lib/python3.12/site-packages/airflow/example_dags/example_dag_decorator.py
[2025-09-04T11:50:00.959+0000] {processor.py:830} INFO - Processing file /home/airflow/.local/lib/python3.12/site-packages/airflow/example_dags/example_dag_decorator.py for tasks to queue
[2025-09-04T11:50:00.964+0000] {logging_mixin.py:188} INFO - [2025-09-04T11:50:00.963+0000] {dagbag.py:545} INFO - Filling up the DagBag from /home/airflow/.local/lib/python3.12/site-packages/airflow/example_dags/example_dag_decorator.py
[2025-09-04T11:50:01.334+0000] {processor.py:840} INFO - DAG(s) 'example_dag_decorator' retrieved from /home/airflow/.local/lib/python3.12/site-packages/airflow/example_dags/example_dag_decorator.py
[2025-09-04T11:50:01.502+0000] {logging_mixin.py:188} INFO - [2025-09-04T11:50:01.501+0000] {override.py:1829} INFO - Created Permission View: can edit on DAG:example_dag_decorator
[2025-09-04T11:50:01.517+0000] {logging_mixin.py:188} INFO - [2025-09-04T11:50:01.516+0000] {override.py:1829} INFO - Created Permission View: can read on DAG:example_dag_decorator
[2025-09-04T11:50:01.527+0000] {logging_mixin.py:188} INFO - [2025-09-04T11:50:01.526+0000] {override.py:1829} INFO - Created Permission View: can delete on DAG:example_dag_decorator
[2025-09-04T11:50:01.528+0000] {logging_mixin.py:188} INFO - [2025-09-04T11:50:01.528+0000] {dag.py:3096} INFO - Sync 1 DAGs
[2025-09-04T11:50:01.542+0000] {logging_mixin.py:188} INFO - [2025-09-04T11:50:01.542+0000] {dag.py:3118} INFO - Creating ORM DAG for example_dag_decorator
[2025-09-04T11:50:01.544+0000] {logging_mixin.py:188} INFO - [2025-09-04T11:50:01.544+0000] {dag.py:3954} INFO - Setting next_dagrun for example_dag_decorator to None, run_after=None
[2025-09-04T11:50:01.565+0000] {processor.py:183} INFO - Processing /home/airflow/.local/lib/python3.12/site-packages/airflow/example_dags/example_dag_decorator.py took 0.623 seconds
[2025-09-04T11:50:32.413+0000] {processor.py:161} INFO - Started process (PID=115) to work on /home/airflow/.local/lib/python3.12/site-packages/airflow/example_dags/example_dag_decorator.py
[2025-09-04T11:50:32.415+0000] {processor.py:830} INFO - Processing file /home/airflow/.local/lib/python3.12/site-packages/airflow/example_dags/example_dag_decorator.py for tasks to queue
[2025-09-04T11:50:32.418+0000] {logging_mixin.py:188} INFO - [2025-09-04T11:50:32.418+0000] {dagbag.py:545} INFO - Filling up the DagBag from /home/airflow/.local/lib/python3.12/site-packages/airflow/example_dags/example_dag_decorator.py
[2025-09-04T11:50:32.542+0000] {processor.py:840} INFO - DAG(s) 'example_dag_decorator' retrieved from /home/airflow/.local/lib/python3.12/site-packages/airflow/example_dags/example_dag_decorator.py
[2025-09-04T11:50:32.686+0000] {logging_mixin.py:188} INFO - [2025-09-04T11:50:32.686+0000] {dag.py:3096} INFO - Sync 1 DAGs
[2025-09-04T11:50:32.698+0000] {logging_mixin.py:188} INFO - [2025-09-04T11:50:32.698+0000] {dag.py:3954} INFO - Setting next_dagrun for example_dag_decorator to None, run_after=None
[2025-09-04T11:50:32.723+0000] {processor.py:183} INFO - Processing /home/airflow/.local/lib/python3.12/site-packages/airflow/example_dags/example_dag_decorator.py took 0.319 seconds
[2025-09-04T11:51:02.918+0000] {processor.py:161} INFO - Started process (PID=173) to work on /home/airflow/.local/lib/python3.12/site-packages/airflow/example_dags/example_dag_decorator.py
[2025-09-04T11:51:02.921+0000] {processor.py:830} INFO - Processing file /home/airflow/.local/lib/python3.12/site-packages/airflow/example_dags/example_dag_decorator.py for tasks to queue
[2025-09-04T11:51:02.924+0000] {logging_mixin.py:188} INFO - [2025-09-04T11:51:02.923+0000] {dagbag.py:545} INFO - Filling up the DagBag from /home/airflow/.local/lib/python3.12/site-packages/airflow/example_dags/example_dag_decorator.py
[2025-09-04T11:51:03.104+0000] {processor.py:840} INFO - DAG(s) 'example_dag_decorator' retrieved from /home/airflow/.local/lib/python3.12/site-packages/airflow/example_dags/example_dag_decorator.py
[2025-09-04T11:51:03.225+0000] {logging_mixin.py:188} INFO - [2025-09-04T11:51:03.225+0000] {dag.py:3096} INFO - Sync 1 DAGs
[2025-09-04T11:51:03.238+0000] {logging_mixin.py:188} INFO - [2025-09-04T11:51:03.238+0000] {dag.py:3954} INFO - Setting next_dagrun for example_dag_decorator to None, run_after=None
[2025-09-04T11:51:03.269+0000] {processor.py:183} INFO - Processing /home/airflow/.local/lib/python3.12/site-packages/airflow/example_dags/example_dag_decorator.py took 0.359 seconds
[2025-09-04T11:51:33.439+0000] {processor.py:161} INFO - Started process (PID=231) to work on /home/airflow/.local/lib/python3.12/site-packages/airflow/example_dags/example_dag_decorator.py
[2025-09-04T11:51:33.442+0000] {processor.py:830} INFO - Processing file /home/airflow/.local/lib/python3.12/site-packages/airflow/example_dags/example_dag_decorator.py for tasks to queue
[2025-09-04T11:51:33.444+0000] {logging_mixin.py:188} INFO - [2025-09-04T11:51:33.444+0000] {dagbag.py:545} INFO - Filling up the DagBag from /home/airflow/.local/lib/python3.12/site-packages/airflow/example_dags/example_dag_decorator.py
[2025-09-04T11:51:33.540+0000] {processor.py:840} INFO - DAG(s) 'example_dag_decorator' retrieved from /home/airflow/.local/lib/python3.12/site-packages/airflow/example_dags/example_dag_decorator.py
[2025-09-04T11:51:33.671+0000] {logging_mixin.py:188} INFO - [2025-09-04T11:51:33.671+0000] {dag.py:3096} INFO - Sync 1 DAGs
[2025-09-04T11:51:33.685+0000] {logging_mixin.py:188} INFO - [2025-09-04T11:51:33.684+0000] {dag.py:3954} INFO - Setting next_dagrun for example_dag_decorator to None, run_after=None
[2025-09-04T11:51:33.708+0000] {processor.py:183} INFO - Processing /home/airflow/.local/lib/python3.12/site-packages/airflow/example_dags/example_dag_decorator.py took 0.276 seconds
[2025-09-04T11:52:03.875+0000] {processor.py:161} INFO - Started process (PID=288) to work on /home/airflow/.local/lib/python3.12/site-packages/airflow/example_dags/example_dag_decorator.py
[2025-09-04T11:52:03.877+0000] {processor.py:830} INFO - Processing file /home/airflow/.local/lib/python3.12/site-packages/airflow/example_dags/example_dag_decorator.py for tasks to queue
[2025-09-04T11:52:03.881+0000] {logging_mixin.py:188} INFO - [2025-09-04T11:52:03.880+0000] {dagbag.py:545} INFO - Filling up the DagBag from /home/airflow/.local/lib/python3.12/site-packages/airflow/example_dags/example_dag_decorator.py
[2025-09-04T11:52:03.987+0000] {processor.py:840} INFO - DAG(s) 'example_dag_decorator' retrieved from /home/airflow/.local/lib/python3.12/site-packages/airflow/example_dags/example_dag_decorator.py
[2025-09-04T11:52:04.143+0000] {logging_mixin.py:188} INFO - [2025-09-04T11:52:04.142+0000] {dag.py:3096} INFO - Sync 1 DAGs
[2025-09-04T11:52:04.153+0000] {logging_mixin.py:188} INFO - [2025-09-04T11:52:04.153+0000] {dag.py:3954} INFO - Setting next_dagrun for example_dag_decorator to None, run_after=None
[2025-09-04T11:52:04.179+0000] {processor.py:183} INFO - Processing /home/airflow/.local/lib/python3.12/site-packages/airflow/example_dags/example_dag_decorator.py took 0.316 seconds
[2025-09-04T11:52:34.360+0000] {processor.py:161} INFO - Started process (PID=346) to work on /home/airflow/.local/lib/python3.12/site-packages/airflow/example_dags/example_dag_decorator.py
[2025-09-04T11:52:34.361+0000] {processor.py:830} INFO - Processing file /home/airflow/.local/lib/python3.12/site-packages/airflow/example_dags/example_dag_decorator.py for tasks to queue
[2025-09-04T11:52:34.364+0000] {logging_mixin.py:188} INFO - [2025-09-04T11:52:34.364+0000] {dagbag.py:545} INFO - Filling up the DagBag from /home/airflow/.local/lib/python3.12/site-packages/airflow/example_dags/example_dag_decorator.py
[2025-09-04T11:52:34.480+0000] {processor.py:840} INFO - DAG(s) 'example_dag_decorator' retrieved from /home/airflow/.local/lib/python3.12/site-packages/airflow/example_dags/example_dag_decorator.py
[2025-09-04T11:52:34.607+0000] {logging_mixin.py:188} INFO - [2025-09-04T11:52:34.607+0000] {dag.py:3096} INFO - Sync 1 DAGs
[2025-09-04T11:52:34.620+0000] {logging_mixin.py:188} INFO - [2025-09-04T11:52:34.620+0000] {dag.py:3954} INFO - Setting next_dagrun for example_dag_decorator to None, run_after=None
[2025-09-04T11:52:34.647+0000] {processor.py:183} INFO - Processing /home/airflow/.local/lib/python3.12/site-packages/airflow/example_dags/example_dag_decorator.py took 0.295 seconds
[2025-09-04T11:53:04.757+0000] {processor.py:161} INFO - Started process (PID=411) to work on /home/airflow/.local/lib/python3.12/site-packages/airflow/example_dags/example_dag_decorator.py
[2025-09-04T11:53:04.758+0000] {processor.py:830} INFO - Processing file /home/airflow/.local/lib/python3.12/site-packages/airflow/example_dags/example_dag_decorator.py for tasks to queue
[2025-09-04T11:53:04.760+0000] {logging_mixin.py:188} INFO - [2025-09-04T11:53:04.759+0000] {dagbag.py:545} INFO - Filling up the DagBag from /home/airflow/.local/lib/python3.12/site-packages/airflow/example_dags/example_dag_decorator.py
[2025-09-04T11:53:04.842+0000] {processor.py:840} INFO - DAG(s) 'example_dag_decorator' retrieved from /home/airflow/.local/lib/python3.12/site-packages/airflow/example_dags/example_dag_decorator.py
[2025-09-04T11:53:04.918+0000] {logging_mixin.py:188} INFO - [2025-09-04T11:53:04.918+0000] {dag.py:3096} INFO - Sync 1 DAGs
[2025-09-04T11:53:04.926+0000] {logging_mixin.py:188} INFO - [2025-09-04T11:53:04.926+0000] {dag.py:3954} INFO - Setting next_dagrun for example_dag_decorator to None, run_after=None
[2025-09-04T11:53:04.943+0000] {processor.py:183} INFO - Processing /home/airflow/.local/lib/python3.12/site-packages/airflow/example_dags/example_dag_decorator.py took 0.191 seconds
[2025-09-04T11:53:35.027+0000] {processor.py:161} INFO - Started process (PID=468) to work on /home/airflow/.local/lib/python3.12/site-packages/airflow/example_dags/example_dag_decorator.py
[2025-09-04T11:53:35.028+0000] {processor.py:830} INFO - Processing file /home/airflow/.local/lib/python3.12/site-packages/airflow/example_dags/example_dag_decorator.py for tasks to queue
[2025-09-04T11:53:35.031+0000] {logging_mixin.py:188} INFO - [2025-09-04T11:53:35.030+0000] {dagbag.py:545} INFO - Filling up the DagBag from /home/airflow/.local/lib/python3.12/site-packages/airflow/example_dags/example_dag_decorator.py
[2025-09-04T11:53:35.111+0000] {processor.py:840} INFO - DAG(s) 'example_dag_decorator' retrieved from /home/airflow/.local/lib/python3.12/site-packages/airflow/example_dags/example_dag_decorator.py
[2025-09-04T11:53:35.193+0000] {logging_mixin.py:188} INFO - [2025-09-04T11:53:35.193+0000] {dag.py:3096} INFO - Sync 1 DAGs
[2025-09-04T11:53:35.203+0000] {logging_mixin.py:188} INFO - [2025-09-04T11:53:35.203+0000] {dag.py:3954} INFO - Setting next_dagrun for example_dag_decorator to None, run_after=None
[2025-09-04T11:53:35.224+0000] {processor.py:183} INFO - Processing /home/airflow/.local/lib/python3.12/site-packages/airflow/example_dags/example_dag_decorator.py took 0.207 seconds
[2025-09-04T11:54:05.814+0000] {processor.py:161} INFO - Started process (PID=526) to work on /home/airflow/.local/lib/python3.12/site-packages/airflow/example_dags/example_dag_decorator.py
[2025-09-04T11:54:05.816+0000] {processor.py:830} INFO - Processing file /home/airflow/.local/lib/python3.12/site-packages/airflow/example_dags/example_dag_decorator.py for tasks to queue
[2025-09-04T11:54:05.820+0000] {logging_mixin.py:188} INFO - [2025-09-04T11:54:05.819+0000] {dagbag.py:545} INFO - Filling up the DagBag from /home/airflow/.local/lib/python3.12/site-packages/airflow/example_dags/example_dag_decorator.py
[2025-09-04T11:54:05.960+0000] {processor.py:840} INFO - DAG(s) 'example_dag_decorator' retrieved from /home/airflow/.local/lib/python3.12/site-packages/airflow/example_dags/example_dag_decorator.py
[2025-09-04T11:54:06.074+0000] {logging_mixin.py:188} INFO - [2025-09-04T11:54:06.074+0000] {dag.py:3096} INFO - Sync 1 DAGs
[2025-09-04T11:54:06.088+0000] {logging_mixin.py:188} INFO - [2025-09-04T11:54:06.088+0000] {dag.py:3954} INFO - Setting next_dagrun for example_dag_decorator to None, run_after=None
[2025-09-04T11:54:06.116+0000] {processor.py:183} INFO - Processing /home/airflow/.local/lib/python3.12/site-packages/airflow/example_dags/example_dag_decorator.py took 0.311 seconds
[2025-09-04T11:54:36.244+0000] {processor.py:161} INFO - Started process (PID=585) to work on /home/airflow/.local/lib/python3.12/site-packages/airflow/example_dags/example_dag_decorator.py
[2025-09-04T11:54:36.246+0000] {processor.py:830} INFO - Processing file /home/airflow/.local/lib/python3.12/site-packages/airflow/example_dags/example_dag_decorator.py for tasks to queue
[2025-09-04T11:54:36.251+0000] {logging_mixin.py:188} INFO - [2025-09-04T11:54:36.250+0000] {dagbag.py:545} INFO - Filling up the DagBag from /home/airflow/.local/lib/python3.12/site-packages/airflow/example_dags/example_dag_decorator.py
[2025-09-04T11:54:36.391+0000] {processor.py:840} INFO - DAG(s) 'example_dag_decorator' retrieved from /home/airflow/.local/lib/python3.12/site-packages/airflow/example_dags/example_dag_decorator.py
[2025-09-04T11:54:36.528+0000] {logging_mixin.py:188} INFO - [2025-09-04T11:54:36.528+0000] {dag.py:3096} INFO - Sync 1 DAGs
[2025-09-04T11:54:36.539+0000] {logging_mixin.py:188} INFO - [2025-09-04T11:54:36.539+0000] {dag.py:3954} INFO - Setting next_dagrun for example_dag_decorator to None, run_after=None
[2025-09-04T11:54:36.562+0000] {processor.py:183} INFO - Processing /home/airflow/.local/lib/python3.12/site-packages/airflow/example_dags/example_dag_decorator.py took 0.327 seconds
[2025-09-04T11:55:06.696+0000] {processor.py:161} INFO - Started process (PID=644) to work on /home/airflow/.local/lib/python3.12/site-packages/airflow/example_dags/example_dag_decorator.py
[2025-09-04T11:55:06.700+0000] {processor.py:830} INFO - Processing file /home/airflow/.local/lib/python3.12/site-packages/airflow/example_dags/example_dag_decorator.py for tasks to queue
[2025-09-04T11:55:06.703+0000] {logging_mixin.py:188} INFO - [2025-09-04T11:55:06.703+0000] {dagbag.py:545} INFO - Filling up the DagBag from /home/airflow/.local/lib/python3.12/site-packages/airflow/example_dags/example_dag_decorator.py
[2025-09-04T11:55:06.823+0000] {processor.py:840} INFO - DAG(s) 'example_dag_decorator' retrieved from /home/airflow/.local/lib/python3.12/site-packages/airflow/example_dags/example_dag_decorator.py
[2025-09-04T11:55:06.939+0000] {logging_mixin.py:188} INFO - [2025-09-04T11:55:06.939+0000] {dag.py:3096} INFO - Sync 1 DAGs
[2025-09-04T11:55:06.952+0000] {logging_mixin.py:188} INFO - [2025-09-04T11:55:06.952+0000] {dag.py:3954} INFO - Setting next_dagrun for example_dag_decorator to None, run_after=None
[2025-09-04T11:55:06.981+0000] {processor.py:183} INFO - Processing /home/airflow/.local/lib/python3.12/site-packages/airflow/example_dags/example_dag_decorator.py took 0.296 seconds
[2025-09-04T11:55:37.089+0000] {processor.py:161} INFO - Started process (PID=703) to work on /home/airflow/.local/lib/python3.12/site-packages/airflow/example_dags/example_dag_decorator.py
[2025-09-04T11:55:37.090+0000] {processor.py:830} INFO - Processing file /home/airflow/.local/lib/python3.12/site-packages/airflow/example_dags/example_dag_decorator.py for tasks to queue
[2025-09-04T11:55:37.092+0000] {logging_mixin.py:188} INFO - [2025-09-04T11:55:37.092+0000] {dagbag.py:545} INFO - Filling up the DagBag from /home/airflow/.local/lib/python3.12/site-packages/airflow/example_dags/example_dag_decorator.py
[2025-09-04T11:55:37.188+0000] {processor.py:840} INFO - DAG(s) 'example_dag_decorator' retrieved from /home/airflow/.local/lib/python3.12/site-packages/airflow/example_dags/example_dag_decorator.py
[2025-09-04T11:55:37.287+0000] {logging_mixin.py:188} INFO - [2025-09-04T11:55:37.286+0000] {dag.py:3096} INFO - Sync 1 DAGs
[2025-09-04T11:55:37.480+0000] {logging_mixin.py:188} INFO - [2025-09-04T11:55:37.480+0000] {dag.py:3954} INFO - Setting next_dagrun for example_dag_decorator to None, run_after=None
[2025-09-04T11:55:37.505+0000] {processor.py:183} INFO - Processing /home/airflow/.local/lib/python3.12/site-packages/airflow/example_dags/example_dag_decorator.py took 0.420 seconds
[2025-09-04T11:56:07.812+0000] {processor.py:161} INFO - Started process (PID=762) to work on /home/airflow/.local/lib/python3.12/site-packages/airflow/example_dags/example_dag_decorator.py
[2025-09-04T11:56:07.813+0000] {processor.py:830} INFO - Processing file /home/airflow/.local/lib/python3.12/site-packages/airflow/example_dags/example_dag_decorator.py for tasks to queue
[2025-09-04T11:56:07.816+0000] {logging_mixin.py:188} INFO - [2025-09-04T11:56:07.815+0000] {dagbag.py:545} INFO - Filling up the DagBag from /home/airflow/.local/lib/python3.12/site-packages/airflow/example_dags/example_dag_decorator.py
[2025-09-04T11:56:07.943+0000] {processor.py:840} INFO - DAG(s) 'example_dag_decorator' retrieved from /home/airflow/.local/lib/python3.12/site-packages/airflow/example_dags/example_dag_decorator.py
[2025-09-04T11:56:08.050+0000] {logging_mixin.py:188} INFO - [2025-09-04T11:56:08.050+0000] {dag.py:3096} INFO - Sync 1 DAGs
[2025-09-04T11:56:08.062+0000] {logging_mixin.py:188} INFO - [2025-09-04T11:56:08.062+0000] {dag.py:3954} INFO - Setting next_dagrun for example_dag_decorator to None, run_after=None
[2025-09-04T11:56:08.267+0000] {processor.py:183} INFO - Processing /home/airflow/.local/lib/python3.12/site-packages/airflow/example_dags/example_dag_decorator.py took 0.462 seconds
[2025-09-04T11:56:38.385+0000] {processor.py:161} INFO - Started process (PID=822) to work on /home/airflow/.local/lib/python3.12/site-packages/airflow/example_dags/example_dag_decorator.py
[2025-09-04T11:56:38.391+0000] {processor.py:830} INFO - Processing file /home/airflow/.local/lib/python3.12/site-packages/airflow/example_dags/example_dag_decorator.py for tasks to queue
[2025-09-04T11:56:38.395+0000] {logging_mixin.py:188} INFO - [2025-09-04T11:56:38.394+0000] {dagbag.py:545} INFO - Filling up the DagBag from /home/airflow/.local/lib/python3.12/site-packages/airflow/example_dags/example_dag_decorator.py
[2025-09-04T11:56:38.504+0000] {processor.py:840} INFO - DAG(s) 'example_dag_decorator' retrieved from /home/airflow/.local/lib/python3.12/site-packages/airflow/example_dags/example_dag_decorator.py
[2025-09-04T11:56:38.667+0000] {logging_mixin.py:188} INFO - [2025-09-04T11:56:38.667+0000] {dag.py:3096} INFO - Sync 1 DAGs
[2025-09-04T11:56:38.689+0000] {logging_mixin.py:188} INFO - [2025-09-04T11:56:38.688+0000] {dag.py:3954} INFO - Setting next_dagrun for example_dag_decorator to None, run_after=None
[2025-09-04T11:56:38.710+0000] {processor.py:183} INFO - Processing /home/airflow/.local/lib/python3.12/site-packages/airflow/example_dags/example_dag_decorator.py took 0.343 seconds
[2025-09-04T11:57:08.805+0000] {processor.py:161} INFO - Started process (PID=881) to work on /home/airflow/.local/lib/python3.12/site-packages/airflow/example_dags/example_dag_decorator.py
[2025-09-04T11:57:08.808+0000] {processor.py:830} INFO - Processing file /home/airflow/.local/lib/python3.12/site-packages/airflow/example_dags/example_dag_decorator.py for tasks to queue
[2025-09-04T11:57:08.812+0000] {logging_mixin.py:188} INFO - [2025-09-04T11:57:08.811+0000] {dagbag.py:545} INFO - Filling up the DagBag from /home/airflow/.local/lib/python3.12/site-packages/airflow/example_dags/example_dag_decorator.py
[2025-09-04T11:57:08.945+0000] {processor.py:840} INFO - DAG(s) 'example_dag_decorator' retrieved from /home/airflow/.local/lib/python3.12/site-packages/airflow/example_dags/example_dag_decorator.py
[2025-09-04T11:57:09.062+0000] {logging_mixin.py:188} INFO - [2025-09-04T11:57:09.062+0000] {dag.py:3096} INFO - Sync 1 DAGs
[2025-09-04T11:57:09.075+0000] {logging_mixin.py:188} INFO - [2025-09-04T11:57:09.075+0000] {dag.py:3954} INFO - Setting next_dagrun for example_dag_decorator to None, run_after=None
[2025-09-04T11:57:09.096+0000] {processor.py:183} INFO - Processing /home/airflow/.local/lib/python3.12/site-packages/airflow/example_dags/example_dag_decorator.py took 0.300 seconds
[2025-09-04T11:57:39.173+0000] {processor.py:161} INFO - Started process (PID=940) to work on /home/airflow/.local/lib/python3.12/site-packages/airflow/example_dags/example_dag_decorator.py
[2025-09-04T11:57:39.174+0000] {processor.py:830} INFO - Processing file /home/airflow/.local/lib/python3.12/site-packages/airflow/example_dags/example_dag_decorator.py for tasks to queue
[2025-09-04T11:57:39.177+0000] {logging_mixin.py:188} INFO - [2025-09-04T11:57:39.176+0000] {dagbag.py:545} INFO - Filling up the DagBag from /home/airflow/.local/lib/python3.12/site-packages/airflow/example_dags/example_dag_decorator.py
[2025-09-04T11:57:39.317+0000] {processor.py:840} INFO - DAG(s) 'example_dag_decorator' retrieved from /home/airflow/.local/lib/python3.12/site-packages/airflow/example_dags/example_dag_decorator.py
[2025-09-04T11:57:39.423+0000] {logging_mixin.py:188} INFO - [2025-09-04T11:57:39.423+0000] {dag.py:3096} INFO - Sync 1 DAGs
[2025-09-04T11:57:39.432+0000] {logging_mixin.py:188} INFO - [2025-09-04T11:57:39.432+0000] {dag.py:3954} INFO - Setting next_dagrun for example_dag_decorator to None, run_after=None
[2025-09-04T11:57:39.453+0000] {processor.py:183} INFO - Processing /home/airflow/.local/lib/python3.12/site-packages/airflow/example_dags/example_dag_decorator.py took 0.286 seconds
[2025-09-04T11:58:09.564+0000] {processor.py:161} INFO - Started process (PID=999) to work on /home/airflow/.local/lib/python3.12/site-packages/airflow/example_dags/example_dag_decorator.py
[2025-09-04T11:58:09.566+0000] {processor.py:830} INFO - Processing file /home/airflow/.local/lib/python3.12/site-packages/airflow/example_dags/example_dag_decorator.py for tasks to queue
[2025-09-04T11:58:09.569+0000] {logging_mixin.py:188} INFO - [2025-09-04T11:58:09.569+0000] {dagbag.py:545} INFO - Filling up the DagBag from /home/airflow/.local/lib/python3.12/site-packages/airflow/example_dags/example_dag_decorator.py
[2025-09-04T11:58:09.701+0000] {processor.py:840} INFO - DAG(s) 'example_dag_decorator' retrieved from /home/airflow/.local/lib/python3.12/site-packages/airflow/example_dags/example_dag_decorator.py
[2025-09-04T11:58:09.947+0000] {logging_mixin.py:188} INFO - [2025-09-04T11:58:09.946+0000] {dag.py:3096} INFO - Sync 1 DAGs
[2025-09-04T11:58:09.956+0000] {logging_mixin.py:188} INFO - [2025-09-04T11:58:09.956+0000] {dag.py:3954} INFO - Setting next_dagrun for example_dag_decorator to None, run_after=None
[2025-09-04T11:58:09.982+0000] {processor.py:183} INFO - Processing /home/airflow/.local/lib/python3.12/site-packages/airflow/example_dags/example_dag_decorator.py took 0.426 seconds
[2025-09-04T11:58:40.870+0000] {processor.py:161} INFO - Started process (PID=1058) to work on /home/airflow/.local/lib/python3.12/site-packages/airflow/example_dags/example_dag_decorator.py
[2025-09-04T11:58:40.872+0000] {processor.py:830} INFO - Processing file /home/airflow/.local/lib/python3.12/site-packages/airflow/example_dags/example_dag_decorator.py for tasks to queue
[2025-09-04T11:58:40.876+0000] {logging_mixin.py:188} INFO - [2025-09-04T11:58:40.876+0000] {dagbag.py:545} INFO - Filling up the DagBag from /home/airflow/.local/lib/python3.12/site-packages/airflow/example_dags/example_dag_decorator.py
[2025-09-04T11:58:40.995+0000] {processor.py:840} INFO - DAG(s) 'example_dag_decorator' retrieved from /home/airflow/.local/lib/python3.12/site-packages/airflow/example_dags/example_dag_decorator.py
[2025-09-04T11:58:41.167+0000] {logging_mixin.py:188} INFO - [2025-09-04T11:58:41.167+0000] {dag.py:3096} INFO - Sync 1 DAGs
[2025-09-04T11:58:41.341+0000] {logging_mixin.py:188} INFO - [2025-09-04T11:58:41.340+0000] {dag.py:3954} INFO - Setting next_dagrun for example_dag_decorator to None, run_after=None
[2025-09-04T11:58:41.371+0000] {processor.py:183} INFO - Processing /home/airflow/.local/lib/python3.12/site-packages/airflow/example_dags/example_dag_decorator.py took 0.508 seconds
[2025-09-04T11:59:11.604+0000] {processor.py:161} INFO - Started process (PID=1116) to work on /home/airflow/.local/lib/python3.12/site-packages/airflow/example_dags/example_dag_decorator.py
[2025-09-04T11:59:11.605+0000] {processor.py:830} INFO - Processing file /home/airflow/.local/lib/python3.12/site-packages/airflow/example_dags/example_dag_decorator.py for tasks to queue
[2025-09-04T11:59:11.608+0000] {logging_mixin.py:188} INFO - [2025-09-04T11:59:11.607+0000] {dagbag.py:545} INFO - Filling up the DagBag from /home/airflow/.local/lib/python3.12/site-packages/airflow/example_dags/example_dag_decorator.py
[2025-09-04T11:59:11.810+0000] {processor.py:840} INFO - DAG(s) 'example_dag_decorator' retrieved from /home/airflow/.local/lib/python3.12/site-packages/airflow/example_dags/example_dag_decorator.py
[2025-09-04T11:59:11.968+0000] {logging_mixin.py:188} INFO - [2025-09-04T11:59:11.968+0000] {dag.py:3096} INFO - Sync 1 DAGs
[2025-09-04T11:59:11.983+0000] {logging_mixin.py:188} INFO - [2025-09-04T11:59:11.983+0000] {dag.py:3954} INFO - Setting next_dagrun for example_dag_decorator to None, run_after=None
[2025-09-04T11:59:12.276+0000] {processor.py:183} INFO - Processing /home/airflow/.local/lib/python3.12/site-packages/airflow/example_dags/example_dag_decorator.py took 0.679 seconds
[2025-09-04T11:59:42.801+0000] {processor.py:161} INFO - Started process (PID=1174) to work on /home/airflow/.local/lib/python3.12/site-packages/airflow/example_dags/example_dag_decorator.py
[2025-09-04T11:59:42.803+0000] {processor.py:830} INFO - Processing file /home/airflow/.local/lib/python3.12/site-packages/airflow/example_dags/example_dag_decorator.py for tasks to queue
[2025-09-04T11:59:42.805+0000] {logging_mixin.py:188} INFO - [2025-09-04T11:59:42.805+0000] {dagbag.py:545} INFO - Filling up the DagBag from /home/airflow/.local/lib/python3.12/site-packages/airflow/example_dags/example_dag_decorator.py
[2025-09-04T11:59:42.890+0000] {processor.py:840} INFO - DAG(s) 'example_dag_decorator' retrieved from /home/airflow/.local/lib/python3.12/site-packages/airflow/example_dags/example_dag_decorator.py
[2025-09-04T11:59:43.178+0000] {logging_mixin.py:188} INFO - [2025-09-04T11:59:43.178+0000] {dag.py:3096} INFO - Sync 1 DAGs
[2025-09-04T11:59:43.187+0000] {logging_mixin.py:188} INFO - [2025-09-04T11:59:43.187+0000] {dag.py:3954} INFO - Setting next_dagrun for example_dag_decorator to None, run_after=None
[2025-09-04T11:59:43.206+0000] {processor.py:183} INFO - Processing /home/airflow/.local/lib/python3.12/site-packages/airflow/example_dags/example_dag_decorator.py took 0.413 seconds
[2025-09-04T12:01:15.388+0000] {processor.py:161} INFO - Started process (PID=57) to work on /home/airflow/.local/lib/python3.12/site-packages/airflow/example_dags/example_dag_decorator.py
[2025-09-04T12:01:15.390+0000] {processor.py:830} INFO - Processing file /home/airflow/.local/lib/python3.12/site-packages/airflow/example_dags/example_dag_decorator.py for tasks to queue
[2025-09-04T12:01:15.393+0000] {logging_mixin.py:188} INFO - [2025-09-04T12:01:15.392+0000] {dagbag.py:545} INFO - Filling up the DagBag from /home/airflow/.local/lib/python3.12/site-packages/airflow/example_dags/example_dag_decorator.py
[2025-09-04T12:01:16.324+0000] {logging_mixin.py:188} INFO - [2025-09-04T12:01:16.324+0000] {process_utils.py:263} INFO - Waiting up to 5 seconds for processes to exit...
[2025-09-04T12:01:29.419+0000] {processor.py:161} INFO - Started process (PID=51) to work on /home/airflow/.local/lib/python3.12/site-packages/airflow/example_dags/example_dag_decorator.py
[2025-09-04T12:01:29.420+0000] {processor.py:830} INFO - Processing file /home/airflow/.local/lib/python3.12/site-packages/airflow/example_dags/example_dag_decorator.py for tasks to queue
[2025-09-04T12:01:29.422+0000] {logging_mixin.py:188} INFO - [2025-09-04T12:01:29.421+0000] {dagbag.py:545} INFO - Filling up the DagBag from /home/airflow/.local/lib/python3.12/site-packages/airflow/example_dags/example_dag_decorator.py
[2025-09-04T12:01:29.599+0000] {processor.py:840} INFO - DAG(s) 'example_dag_decorator' retrieved from /home/airflow/.local/lib/python3.12/site-packages/airflow/example_dags/example_dag_decorator.py
[2025-09-04T12:01:29.701+0000] {logging_mixin.py:188} INFO - [2025-09-04T12:01:29.700+0000] {dag.py:3096} INFO - Sync 1 DAGs
[2025-09-04T12:01:29.710+0000] {logging_mixin.py:188} INFO - [2025-09-04T12:01:29.709+0000] {dag.py:3954} INFO - Setting next_dagrun for example_dag_decorator to None, run_after=None
[2025-09-04T12:01:29.734+0000] {processor.py:183} INFO - Processing /home/airflow/.local/lib/python3.12/site-packages/airflow/example_dags/example_dag_decorator.py took 0.320 seconds
[2025-09-04T12:02:00.158+0000] {processor.py:161} INFO - Started process (PID=109) to work on /home/airflow/.local/lib/python3.12/site-packages/airflow/example_dags/example_dag_decorator.py
[2025-09-04T12:02:00.159+0000] {processor.py:830} INFO - Processing file /home/airflow/.local/lib/python3.12/site-packages/airflow/example_dags/example_dag_decorator.py for tasks to queue
[2025-09-04T12:02:00.161+0000] {logging_mixin.py:188} INFO - [2025-09-04T12:02:00.161+0000] {dagbag.py:545} INFO - Filling up the DagBag from /home/airflow/.local/lib/python3.12/site-packages/airflow/example_dags/example_dag_decorator.py
[2025-09-04T12:02:00.269+0000] {processor.py:840} INFO - DAG(s) 'example_dag_decorator' retrieved from /home/airflow/.local/lib/python3.12/site-packages/airflow/example_dags/example_dag_decorator.py
[2025-09-04T12:02:00.368+0000] {logging_mixin.py:188} INFO - [2025-09-04T12:02:00.367+0000] {dag.py:3096} INFO - Sync 1 DAGs
[2025-09-04T12:02:00.379+0000] {logging_mixin.py:188} INFO - [2025-09-04T12:02:00.378+0000] {dag.py:3954} INFO - Setting next_dagrun for example_dag_decorator to None, run_after=None
[2025-09-04T12:02:00.402+0000] {processor.py:183} INFO - Processing /home/airflow/.local/lib/python3.12/site-packages/airflow/example_dags/example_dag_decorator.py took 0.248 seconds
[2025-09-04T12:02:31.034+0000] {processor.py:161} INFO - Started process (PID=167) to work on /home/airflow/.local/lib/python3.12/site-packages/airflow/example_dags/example_dag_decorator.py
[2025-09-04T12:02:31.035+0000] {processor.py:830} INFO - Processing file /home/airflow/.local/lib/python3.12/site-packages/airflow/example_dags/example_dag_decorator.py for tasks to queue
[2025-09-04T12:02:31.036+0000] {logging_mixin.py:188} INFO - [2025-09-04T12:02:31.036+0000] {dagbag.py:545} INFO - Filling up the DagBag from /home/airflow/.local/lib/python3.12/site-packages/airflow/example_dags/example_dag_decorator.py
[2025-09-04T12:02:31.138+0000] {processor.py:840} INFO - DAG(s) 'example_dag_decorator' retrieved from /home/airflow/.local/lib/python3.12/site-packages/airflow/example_dags/example_dag_decorator.py
[2025-09-04T12:02:31.238+0000] {logging_mixin.py:188} INFO - [2025-09-04T12:02:31.238+0000] {dag.py:3096} INFO - Sync 1 DAGs
[2025-09-04T12:02:31.245+0000] {logging_mixin.py:188} INFO - [2025-09-04T12:02:31.245+0000] {dag.py:3954} INFO - Setting next_dagrun for example_dag_decorator to None, run_after=None
[2025-09-04T12:02:31.259+0000] {processor.py:183} INFO - Processing /home/airflow/.local/lib/python3.12/site-packages/airflow/example_dags/example_dag_decorator.py took 0.231 seconds
[2025-09-04T12:03:01.504+0000] {processor.py:161} INFO - Started process (PID=225) to work on /home/airflow/.local/lib/python3.12/site-packages/airflow/example_dags/example_dag_decorator.py
[2025-09-04T12:03:01.505+0000] {processor.py:830} INFO - Processing file /home/airflow/.local/lib/python3.12/site-packages/airflow/example_dags/example_dag_decorator.py for tasks to queue
[2025-09-04T12:03:01.507+0000] {logging_mixin.py:188} INFO - [2025-09-04T12:03:01.506+0000] {dagbag.py:545} INFO - Filling up the DagBag from /home/airflow/.local/lib/python3.12/site-packages/airflow/example_dags/example_dag_decorator.py
[2025-09-04T12:03:01.583+0000] {processor.py:840} INFO - DAG(s) 'example_dag_decorator' retrieved from /home/airflow/.local/lib/python3.12/site-packages/airflow/example_dags/example_dag_decorator.py
[2025-09-04T12:03:01.657+0000] {logging_mixin.py:188} INFO - [2025-09-04T12:03:01.657+0000] {dag.py:3096} INFO - Sync 1 DAGs
[2025-09-04T12:03:01.666+0000] {logging_mixin.py:188} INFO - [2025-09-04T12:03:01.666+0000] {dag.py:3954} INFO - Setting next_dagrun for example_dag_decorator to None, run_after=None
[2025-09-04T12:03:01.683+0000] {processor.py:183} INFO - Processing /home/airflow/.local/lib/python3.12/site-packages/airflow/example_dags/example_dag_decorator.py took 0.184 seconds
[2025-09-04T12:03:31.765+0000] {processor.py:161} INFO - Started process (PID=283) to work on /home/airflow/.local/lib/python3.12/site-packages/airflow/example_dags/example_dag_decorator.py
[2025-09-04T12:03:31.766+0000] {processor.py:830} INFO - Processing file /home/airflow/.local/lib/python3.12/site-packages/airflow/example_dags/example_dag_decorator.py for tasks to queue
[2025-09-04T12:03:31.767+0000] {logging_mixin.py:188} INFO - [2025-09-04T12:03:31.767+0000] {dagbag.py:545} INFO - Filling up the DagBag from /home/airflow/.local/lib/python3.12/site-packages/airflow/example_dags/example_dag_decorator.py
[2025-09-04T12:03:31.852+0000] {processor.py:840} INFO - DAG(s) 'example_dag_decorator' retrieved from /home/airflow/.local/lib/python3.12/site-packages/airflow/example_dags/example_dag_decorator.py
[2025-09-04T12:03:31.980+0000] {logging_mixin.py:188} INFO - [2025-09-04T12:03:31.980+0000] {dag.py:3096} INFO - Sync 1 DAGs
[2025-09-04T12:03:32.000+0000] {logging_mixin.py:188} INFO - [2025-09-04T12:03:32.000+0000] {dag.py:3954} INFO - Setting next_dagrun for example_dag_decorator to None, run_after=None
[2025-09-04T12:03:32.046+0000] {processor.py:183} INFO - Processing /home/airflow/.local/lib/python3.12/site-packages/airflow/example_dags/example_dag_decorator.py took 0.288 seconds
[2025-09-04T12:04:02.275+0000] {processor.py:161} INFO - Started process (PID=341) to work on /home/airflow/.local/lib/python3.12/site-packages/airflow/example_dags/example_dag_decorator.py
[2025-09-04T12:04:02.277+0000] {processor.py:830} INFO - Processing file /home/airflow/.local/lib/python3.12/site-packages/airflow/example_dags/example_dag_decorator.py for tasks to queue
[2025-09-04T12:04:02.279+0000] {logging_mixin.py:188} INFO - [2025-09-04T12:04:02.279+0000] {dagbag.py:545} INFO - Filling up the DagBag from /home/airflow/.local/lib/python3.12/site-packages/airflow/example_dags/example_dag_decorator.py
[2025-09-04T12:04:02.413+0000] {processor.py:840} INFO - DAG(s) 'example_dag_decorator' retrieved from /home/airflow/.local/lib/python3.12/site-packages/airflow/example_dags/example_dag_decorator.py
[2025-09-04T12:04:02.579+0000] {logging_mixin.py:188} INFO - [2025-09-04T12:04:02.578+0000] {dag.py:3096} INFO - Sync 1 DAGs
[2025-09-04T12:04:02.591+0000] {logging_mixin.py:188} INFO - [2025-09-04T12:04:02.591+0000] {dag.py:3954} INFO - Setting next_dagrun for example_dag_decorator to None, run_after=None
[2025-09-04T12:04:02.618+0000] {processor.py:183} INFO - Processing /home/airflow/.local/lib/python3.12/site-packages/airflow/example_dags/example_dag_decorator.py took 0.349 seconds
[2025-09-04T12:04:32.735+0000] {processor.py:161} INFO - Started process (PID=400) to work on /home/airflow/.local/lib/python3.12/site-packages/airflow/example_dags/example_dag_decorator.py
[2025-09-04T12:04:32.736+0000] {processor.py:830} INFO - Processing file /home/airflow/.local/lib/python3.12/site-packages/airflow/example_dags/example_dag_decorator.py for tasks to queue
[2025-09-04T12:04:32.738+0000] {logging_mixin.py:188} INFO - [2025-09-04T12:04:32.738+0000] {dagbag.py:545} INFO - Filling up the DagBag from /home/airflow/.local/lib/python3.12/site-packages/airflow/example_dags/example_dag_decorator.py
[2025-09-04T12:04:32.812+0000] {processor.py:840} INFO - DAG(s) 'example_dag_decorator' retrieved from /home/airflow/.local/lib/python3.12/site-packages/airflow/example_dags/example_dag_decorator.py
[2025-09-04T12:04:32.888+0000] {logging_mixin.py:188} INFO - [2025-09-04T12:04:32.888+0000] {dag.py:3096} INFO - Sync 1 DAGs
[2025-09-04T12:04:32.896+0000] {logging_mixin.py:188} INFO - [2025-09-04T12:04:32.896+0000] {dag.py:3954} INFO - Setting next_dagrun for example_dag_decorator to None, run_after=None
[2025-09-04T12:04:32.915+0000] {processor.py:183} INFO - Processing /home/airflow/.local/lib/python3.12/site-packages/airflow/example_dags/example_dag_decorator.py took 0.185 seconds
[2025-09-04T12:05:03.508+0000] {processor.py:161} INFO - Started process (PID=464) to work on /home/airflow/.local/lib/python3.12/site-packages/airflow/example_dags/example_dag_decorator.py
[2025-09-04T12:05:03.512+0000] {processor.py:830} INFO - Processing file /home/airflow/.local/lib/python3.12/site-packages/airflow/example_dags/example_dag_decorator.py for tasks to queue
[2025-09-04T12:05:03.517+0000] {logging_mixin.py:188} INFO - [2025-09-04T12:05:03.516+0000] {dagbag.py:545} INFO - Filling up the DagBag from /home/airflow/.local/lib/python3.12/site-packages/airflow/example_dags/example_dag_decorator.py
[2025-09-04T12:05:03.676+0000] {processor.py:840} INFO - DAG(s) 'example_dag_decorator' retrieved from /home/airflow/.local/lib/python3.12/site-packages/airflow/example_dags/example_dag_decorator.py
[2025-09-04T12:05:03.781+0000] {logging_mixin.py:188} INFO - [2025-09-04T12:05:03.781+0000] {dag.py:3096} INFO - Sync 1 DAGs
[2025-09-04T12:05:03.791+0000] {logging_mixin.py:188} INFO - [2025-09-04T12:05:03.791+0000] {dag.py:3954} INFO - Setting next_dagrun for example_dag_decorator to None, run_after=None
[2025-09-04T12:05:03.814+0000] {processor.py:183} INFO - Processing /home/airflow/.local/lib/python3.12/site-packages/airflow/example_dags/example_dag_decorator.py took 0.325 seconds
[2025-09-04T12:05:34.014+0000] {processor.py:161} INFO - Started process (PID=524) to work on /home/airflow/.local/lib/python3.12/site-packages/airflow/example_dags/example_dag_decorator.py
[2025-09-04T12:05:34.015+0000] {processor.py:830} INFO - Processing file /home/airflow/.local/lib/python3.12/site-packages/airflow/example_dags/example_dag_decorator.py for tasks to queue
[2025-09-04T12:05:34.016+0000] {logging_mixin.py:188} INFO - [2025-09-04T12:05:34.016+0000] {dagbag.py:545} INFO - Filling up the DagBag from /home/airflow/.local/lib/python3.12/site-packages/airflow/example_dags/example_dag_decorator.py
[2025-09-04T12:05:34.097+0000] {processor.py:840} INFO - DAG(s) 'example_dag_decorator' retrieved from /home/airflow/.local/lib/python3.12/site-packages/airflow/example_dags/example_dag_decorator.py
[2025-09-04T12:05:34.173+0000] {logging_mixin.py:188} INFO - [2025-09-04T12:05:34.173+0000] {dag.py:3096} INFO - Sync 1 DAGs
[2025-09-04T12:05:34.181+0000] {logging_mixin.py:188} INFO - [2025-09-04T12:05:34.181+0000] {dag.py:3954} INFO - Setting next_dagrun for example_dag_decorator to None, run_after=None
[2025-09-04T12:05:34.196+0000] {processor.py:183} INFO - Processing /home/airflow/.local/lib/python3.12/site-packages/airflow/example_dags/example_dag_decorator.py took 0.186 seconds
[2025-09-04T12:06:34.066+0000] {processor.py:161} INFO - Started process (PID=57) to work on /home/airflow/.local/lib/python3.12/site-packages/airflow/example_dags/example_dag_decorator.py
[2025-09-04T12:06:34.067+0000] {processor.py:830} INFO - Processing file /home/airflow/.local/lib/python3.12/site-packages/airflow/example_dags/example_dag_decorator.py for tasks to queue
[2025-09-04T12:06:34.069+0000] {logging_mixin.py:188} INFO - [2025-09-04T12:06:34.068+0000] {dagbag.py:545} INFO - Filling up the DagBag from /home/airflow/.local/lib/python3.12/site-packages/airflow/example_dags/example_dag_decorator.py
[2025-09-04T12:06:34.344+0000] {processor.py:840} INFO - DAG(s) 'example_dag_decorator' retrieved from /home/airflow/.local/lib/python3.12/site-packages/airflow/example_dags/example_dag_decorator.py
[2025-09-04T12:06:34.359+0000] {logging_mixin.py:188} INFO - [2025-09-04T12:06:34.359+0000] {dag.py:3096} INFO - Sync 1 DAGs
[2025-09-04T12:06:34.374+0000] {logging_mixin.py:188} INFO - [2025-09-04T12:06:34.374+0000] {dag.py:3954} INFO - Setting next_dagrun for example_dag_decorator to None, run_after=None
[2025-09-04T12:06:34.403+0000] {processor.py:183} INFO - Processing /home/airflow/.local/lib/python3.12/site-packages/airflow/example_dags/example_dag_decorator.py took 0.343 seconds
[2025-09-04T12:07:04.565+0000] {processor.py:161} INFO - Started process (PID=115) to work on /home/airflow/.local/lib/python3.12/site-packages/airflow/example_dags/example_dag_decorator.py
[2025-09-04T12:07:04.567+0000] {processor.py:830} INFO - Processing file /home/airflow/.local/lib/python3.12/site-packages/airflow/example_dags/example_dag_decorator.py for tasks to queue
[2025-09-04T12:07:04.569+0000] {logging_mixin.py:188} INFO - [2025-09-04T12:07:04.569+0000] {dagbag.py:545} INFO - Filling up the DagBag from /home/airflow/.local/lib/python3.12/site-packages/airflow/example_dags/example_dag_decorator.py
[2025-09-04T12:07:04.652+0000] {processor.py:840} INFO - DAG(s) 'example_dag_decorator' retrieved from /home/airflow/.local/lib/python3.12/site-packages/airflow/example_dags/example_dag_decorator.py
[2025-09-04T12:07:04.737+0000] {logging_mixin.py:188} INFO - [2025-09-04T12:07:04.737+0000] {dag.py:3096} INFO - Sync 1 DAGs
[2025-09-04T12:07:04.746+0000] {logging_mixin.py:188} INFO - [2025-09-04T12:07:04.746+0000] {dag.py:3954} INFO - Setting next_dagrun for example_dag_decorator to None, run_after=None
[2025-09-04T12:07:04.763+0000] {processor.py:183} INFO - Processing /home/airflow/.local/lib/python3.12/site-packages/airflow/example_dags/example_dag_decorator.py took 0.203 seconds
[2025-09-04T12:07:34.973+0000] {processor.py:161} INFO - Started process (PID=173) to work on /home/airflow/.local/lib/python3.12/site-packages/airflow/example_dags/example_dag_decorator.py
[2025-09-04T12:07:34.976+0000] {processor.py:830} INFO - Processing file /home/airflow/.local/lib/python3.12/site-packages/airflow/example_dags/example_dag_decorator.py for tasks to queue
[2025-09-04T12:07:34.979+0000] {logging_mixin.py:188} INFO - [2025-09-04T12:07:34.979+0000] {dagbag.py:545} INFO - Filling up the DagBag from /home/airflow/.local/lib/python3.12/site-packages/airflow/example_dags/example_dag_decorator.py
[2025-09-04T12:07:35.096+0000] {processor.py:840} INFO - DAG(s) 'example_dag_decorator' retrieved from /home/airflow/.local/lib/python3.12/site-packages/airflow/example_dags/example_dag_decorator.py
[2025-09-04T12:07:35.207+0000] {logging_mixin.py:188} INFO - [2025-09-04T12:07:35.206+0000] {dag.py:3096} INFO - Sync 1 DAGs
[2025-09-04T12:07:35.219+0000] {logging_mixin.py:188} INFO - [2025-09-04T12:07:35.219+0000] {dag.py:3954} INFO - Setting next_dagrun for example_dag_decorator to None, run_after=None
[2025-09-04T12:07:35.249+0000] {processor.py:183} INFO - Processing /home/airflow/.local/lib/python3.12/site-packages/airflow/example_dags/example_dag_decorator.py took 0.282 seconds
[2025-09-04T12:08:06.003+0000] {processor.py:161} INFO - Started process (PID=231) to work on /home/airflow/.local/lib/python3.12/site-packages/airflow/example_dags/example_dag_decorator.py
[2025-09-04T12:08:06.004+0000] {processor.py:830} INFO - Processing file /home/airflow/.local/lib/python3.12/site-packages/airflow/example_dags/example_dag_decorator.py for tasks to queue
[2025-09-04T12:08:06.006+0000] {logging_mixin.py:188} INFO - [2025-09-04T12:08:06.005+0000] {dagbag.py:545} INFO - Filling up the DagBag from /home/airflow/.local/lib/python3.12/site-packages/airflow/example_dags/example_dag_decorator.py
[2025-09-04T12:08:06.086+0000] {processor.py:840} INFO - DAG(s) 'example_dag_decorator' retrieved from /home/airflow/.local/lib/python3.12/site-packages/airflow/example_dags/example_dag_decorator.py
[2025-09-04T12:08:06.169+0000] {logging_mixin.py:188} INFO - [2025-09-04T12:08:06.169+0000] {dag.py:3096} INFO - Sync 1 DAGs
[2025-09-04T12:08:06.177+0000] {logging_mixin.py:188} INFO - [2025-09-04T12:08:06.177+0000] {dag.py:3954} INFO - Setting next_dagrun for example_dag_decorator to None, run_after=None
[2025-09-04T12:08:06.191+0000] {processor.py:183} INFO - Processing /home/airflow/.local/lib/python3.12/site-packages/airflow/example_dags/example_dag_decorator.py took 0.192 seconds
[2025-09-04T12:08:36.362+0000] {processor.py:161} INFO - Started process (PID=290) to work on /home/airflow/.local/lib/python3.12/site-packages/airflow/example_dags/example_dag_decorator.py
[2025-09-04T12:08:36.365+0000] {processor.py:830} INFO - Processing file /home/airflow/.local/lib/python3.12/site-packages/airflow/example_dags/example_dag_decorator.py for tasks to queue
[2025-09-04T12:08:36.370+0000] {logging_mixin.py:188} INFO - [2025-09-04T12:08:36.369+0000] {dagbag.py:545} INFO - Filling up the DagBag from /home/airflow/.local/lib/python3.12/site-packages/airflow/example_dags/example_dag_decorator.py
[2025-09-04T12:08:36.555+0000] {processor.py:840} INFO - DAG(s) 'example_dag_decorator' retrieved from /home/airflow/.local/lib/python3.12/site-packages/airflow/example_dags/example_dag_decorator.py
[2025-09-04T12:08:36.754+0000] {logging_mixin.py:188} INFO - [2025-09-04T12:08:36.754+0000] {dag.py:3096} INFO - Sync 1 DAGs
[2025-09-04T12:08:36.766+0000] {logging_mixin.py:188} INFO - [2025-09-04T12:08:36.766+0000] {dag.py:3954} INFO - Setting next_dagrun for example_dag_decorator to None, run_after=None
[2025-09-04T12:08:36.790+0000] {processor.py:183} INFO - Processing /home/airflow/.local/lib/python3.12/site-packages/airflow/example_dags/example_dag_decorator.py took 0.443 seconds
