[2025-09-04T11:50:03.062+0000] {processor.py:161} INFO - Started process (PID=66) to work on /home/airflow/.local/lib/python3.12/site-packages/airflow/example_dags/example_task_group.py
[2025-09-04T11:50:03.063+0000] {processor.py:830} INFO - Processing file /home/airflow/.local/lib/python3.12/site-packages/airflow/example_dags/example_task_group.py for tasks to queue
[2025-09-04T11:50:03.065+0000] {logging_mixin.py:188} INFO - [2025-09-04T11:50:03.065+0000] {dagbag.py:545} INFO - Filling up the DagBag from /home/airflow/.local/lib/python3.12/site-packages/airflow/example_dags/example_task_group.py
[2025-09-04T11:50:03.077+0000] {processor.py:840} INFO - DAG(s) 'example_task_group' retrieved from /home/airflow/.local/lib/python3.12/site-packages/airflow/example_dags/example_task_group.py
[2025-09-04T11:50:03.202+0000] {logging_mixin.py:188} INFO - [2025-09-04T11:50:03.201+0000] {override.py:1829} INFO - Created Permission View: can edit on DAG:example_task_group
[2025-09-04T11:50:03.213+0000] {logging_mixin.py:188} INFO - [2025-09-04T11:50:03.213+0000] {override.py:1829} INFO - Created Permission View: can read on DAG:example_task_group
[2025-09-04T11:50:03.221+0000] {logging_mixin.py:188} INFO - [2025-09-04T11:50:03.220+0000] {override.py:1829} INFO - Created Permission View: can delete on DAG:example_task_group
[2025-09-04T11:50:03.222+0000] {logging_mixin.py:188} INFO - [2025-09-04T11:50:03.222+0000] {dag.py:3096} INFO - Sync 1 DAGs
[2025-09-04T11:50:03.235+0000] {logging_mixin.py:188} INFO - [2025-09-04T11:50:03.234+0000] {dag.py:3118} INFO - Creating ORM DAG for example_task_group
[2025-09-04T11:50:03.246+0000] {logging_mixin.py:188} INFO - [2025-09-04T11:50:03.246+0000] {dag.py:3954} INFO - Setting next_dagrun for example_task_group to 2025-09-03 00:00:00+00:00, run_after=2025-09-04 00:00:00+00:00
[2025-09-04T11:50:03.268+0000] {processor.py:183} INFO - Processing /home/airflow/.local/lib/python3.12/site-packages/airflow/example_dags/example_task_group.py took 0.212 seconds
[2025-09-04T11:50:33.414+0000] {processor.py:161} INFO - Started process (PID=124) to work on /home/airflow/.local/lib/python3.12/site-packages/airflow/example_dags/example_task_group.py
[2025-09-04T11:50:33.415+0000] {processor.py:830} INFO - Processing file /home/airflow/.local/lib/python3.12/site-packages/airflow/example_dags/example_task_group.py for tasks to queue
[2025-09-04T11:50:33.417+0000] {logging_mixin.py:188} INFO - [2025-09-04T11:50:33.417+0000] {dagbag.py:545} INFO - Filling up the DagBag from /home/airflow/.local/lib/python3.12/site-packages/airflow/example_dags/example_task_group.py
[2025-09-04T11:50:33.423+0000] {processor.py:840} INFO - DAG(s) 'example_task_group' retrieved from /home/airflow/.local/lib/python3.12/site-packages/airflow/example_dags/example_task_group.py
[2025-09-04T11:50:33.453+0000] {logging_mixin.py:188} INFO - [2025-09-04T11:50:33.452+0000] {dag.py:3096} INFO - Sync 1 DAGs
[2025-09-04T11:50:33.474+0000] {logging_mixin.py:188} INFO - [2025-09-04T11:50:33.473+0000] {dag.py:3954} INFO - Setting next_dagrun for example_task_group to 2025-09-03 00:00:00+00:00, run_after=2025-09-04 00:00:00+00:00
[2025-09-04T11:50:33.496+0000] {processor.py:183} INFO - Processing /home/airflow/.local/lib/python3.12/site-packages/airflow/example_dags/example_task_group.py took 0.090 seconds
[2025-09-04T11:51:03.750+0000] {processor.py:161} INFO - Started process (PID=182) to work on /home/airflow/.local/lib/python3.12/site-packages/airflow/example_dags/example_task_group.py
[2025-09-04T11:51:03.752+0000] {processor.py:830} INFO - Processing file /home/airflow/.local/lib/python3.12/site-packages/airflow/example_dags/example_task_group.py for tasks to queue
[2025-09-04T11:51:03.754+0000] {logging_mixin.py:188} INFO - [2025-09-04T11:51:03.753+0000] {dagbag.py:545} INFO - Filling up the DagBag from /home/airflow/.local/lib/python3.12/site-packages/airflow/example_dags/example_task_group.py
[2025-09-04T11:51:03.760+0000] {processor.py:840} INFO - DAG(s) 'example_task_group' retrieved from /home/airflow/.local/lib/python3.12/site-packages/airflow/example_dags/example_task_group.py
[2025-09-04T11:51:03.778+0000] {logging_mixin.py:188} INFO - [2025-09-04T11:51:03.778+0000] {dag.py:3096} INFO - Sync 1 DAGs
[2025-09-04T11:51:03.794+0000] {logging_mixin.py:188} INFO - [2025-09-04T11:51:03.794+0000] {dag.py:3954} INFO - Setting next_dagrun for example_task_group to 2025-09-03 00:00:00+00:00, run_after=2025-09-04 00:00:00+00:00
[2025-09-04T11:51:03.814+0000] {processor.py:183} INFO - Processing /home/airflow/.local/lib/python3.12/site-packages/airflow/example_dags/example_task_group.py took 0.067 seconds
[2025-09-04T11:51:34.111+0000] {processor.py:161} INFO - Started process (PID=239) to work on /home/airflow/.local/lib/python3.12/site-packages/airflow/example_dags/example_task_group.py
[2025-09-04T11:51:34.112+0000] {processor.py:830} INFO - Processing file /home/airflow/.local/lib/python3.12/site-packages/airflow/example_dags/example_task_group.py for tasks to queue
[2025-09-04T11:51:34.114+0000] {logging_mixin.py:188} INFO - [2025-09-04T11:51:34.114+0000] {dagbag.py:545} INFO - Filling up the DagBag from /home/airflow/.local/lib/python3.12/site-packages/airflow/example_dags/example_task_group.py
[2025-09-04T11:51:34.120+0000] {processor.py:840} INFO - DAG(s) 'example_task_group' retrieved from /home/airflow/.local/lib/python3.12/site-packages/airflow/example_dags/example_task_group.py
[2025-09-04T11:51:34.136+0000] {logging_mixin.py:188} INFO - [2025-09-04T11:51:34.136+0000] {dag.py:3096} INFO - Sync 1 DAGs
[2025-09-04T11:51:34.152+0000] {logging_mixin.py:188} INFO - [2025-09-04T11:51:34.152+0000] {dag.py:3954} INFO - Setting next_dagrun for example_task_group to 2025-09-03 00:00:00+00:00, run_after=2025-09-04 00:00:00+00:00
[2025-09-04T11:51:34.167+0000] {processor.py:183} INFO - Processing /home/airflow/.local/lib/python3.12/site-packages/airflow/example_dags/example_task_group.py took 0.065 seconds
[2025-09-04T11:52:04.703+0000] {processor.py:161} INFO - Started process (PID=303) to work on /home/airflow/.local/lib/python3.12/site-packages/airflow/example_dags/example_task_group.py
[2025-09-04T11:52:04.704+0000] {processor.py:830} INFO - Processing file /home/airflow/.local/lib/python3.12/site-packages/airflow/example_dags/example_task_group.py for tasks to queue
[2025-09-04T11:52:04.706+0000] {logging_mixin.py:188} INFO - [2025-09-04T11:52:04.706+0000] {dagbag.py:545} INFO - Filling up the DagBag from /home/airflow/.local/lib/python3.12/site-packages/airflow/example_dags/example_task_group.py
[2025-09-04T11:52:04.714+0000] {processor.py:840} INFO - DAG(s) 'example_task_group' retrieved from /home/airflow/.local/lib/python3.12/site-packages/airflow/example_dags/example_task_group.py
[2025-09-04T11:52:04.738+0000] {logging_mixin.py:188} INFO - [2025-09-04T11:52:04.737+0000] {dag.py:3096} INFO - Sync 1 DAGs
[2025-09-04T11:52:04.757+0000] {logging_mixin.py:188} INFO - [2025-09-04T11:52:04.757+0000] {dag.py:3954} INFO - Setting next_dagrun for example_task_group to 2025-09-03 00:00:00+00:00, run_after=2025-09-04 00:00:00+00:00
[2025-09-04T11:52:04.775+0000] {processor.py:183} INFO - Processing /home/airflow/.local/lib/python3.12/site-packages/airflow/example_dags/example_task_group.py took 0.084 seconds
[2025-09-04T11:52:35.210+0000] {processor.py:161} INFO - Started process (PID=361) to work on /home/airflow/.local/lib/python3.12/site-packages/airflow/example_dags/example_task_group.py
[2025-09-04T11:52:35.212+0000] {processor.py:830} INFO - Processing file /home/airflow/.local/lib/python3.12/site-packages/airflow/example_dags/example_task_group.py for tasks to queue
[2025-09-04T11:52:35.215+0000] {logging_mixin.py:188} INFO - [2025-09-04T11:52:35.215+0000] {dagbag.py:545} INFO - Filling up the DagBag from /home/airflow/.local/lib/python3.12/site-packages/airflow/example_dags/example_task_group.py
[2025-09-04T11:52:35.227+0000] {processor.py:840} INFO - DAG(s) 'example_task_group' retrieved from /home/airflow/.local/lib/python3.12/site-packages/airflow/example_dags/example_task_group.py
[2025-09-04T11:52:35.245+0000] {logging_mixin.py:188} INFO - [2025-09-04T11:52:35.245+0000] {dag.py:3096} INFO - Sync 1 DAGs
[2025-09-04T11:52:35.267+0000] {logging_mixin.py:188} INFO - [2025-09-04T11:52:35.267+0000] {dag.py:3954} INFO - Setting next_dagrun for example_task_group to 2025-09-03 00:00:00+00:00, run_after=2025-09-04 00:00:00+00:00
[2025-09-04T11:52:35.290+0000] {processor.py:183} INFO - Processing /home/airflow/.local/lib/python3.12/site-packages/airflow/example_dags/example_task_group.py took 0.089 seconds
[2025-09-04T11:53:05.368+0000] {processor.py:161} INFO - Started process (PID=419) to work on /home/airflow/.local/lib/python3.12/site-packages/airflow/example_dags/example_task_group.py
[2025-09-04T11:53:05.369+0000] {processor.py:830} INFO - Processing file /home/airflow/.local/lib/python3.12/site-packages/airflow/example_dags/example_task_group.py for tasks to queue
[2025-09-04T11:53:05.373+0000] {logging_mixin.py:188} INFO - [2025-09-04T11:53:05.373+0000] {dagbag.py:545} INFO - Filling up the DagBag from /home/airflow/.local/lib/python3.12/site-packages/airflow/example_dags/example_task_group.py
[2025-09-04T11:53:05.380+0000] {processor.py:840} INFO - DAG(s) 'example_task_group' retrieved from /home/airflow/.local/lib/python3.12/site-packages/airflow/example_dags/example_task_group.py
[2025-09-04T11:53:05.399+0000] {logging_mixin.py:188} INFO - [2025-09-04T11:53:05.399+0000] {dag.py:3096} INFO - Sync 1 DAGs
[2025-09-04T11:53:05.419+0000] {logging_mixin.py:188} INFO - [2025-09-04T11:53:05.419+0000] {dag.py:3954} INFO - Setting next_dagrun for example_task_group to 2025-09-03 00:00:00+00:00, run_after=2025-09-04 00:00:00+00:00
[2025-09-04T11:53:05.438+0000] {processor.py:183} INFO - Processing /home/airflow/.local/lib/python3.12/site-packages/airflow/example_dags/example_task_group.py took 0.077 seconds
[2025-09-04T11:53:35.684+0000] {processor.py:161} INFO - Started process (PID=477) to work on /home/airflow/.local/lib/python3.12/site-packages/airflow/example_dags/example_task_group.py
[2025-09-04T11:53:35.686+0000] {processor.py:830} INFO - Processing file /home/airflow/.local/lib/python3.12/site-packages/airflow/example_dags/example_task_group.py for tasks to queue
[2025-09-04T11:53:35.691+0000] {logging_mixin.py:188} INFO - [2025-09-04T11:53:35.690+0000] {dagbag.py:545} INFO - Filling up the DagBag from /home/airflow/.local/lib/python3.12/site-packages/airflow/example_dags/example_task_group.py
[2025-09-04T11:53:35.707+0000] {processor.py:840} INFO - DAG(s) 'example_task_group' retrieved from /home/airflow/.local/lib/python3.12/site-packages/airflow/example_dags/example_task_group.py
[2025-09-04T11:53:35.746+0000] {logging_mixin.py:188} INFO - [2025-09-04T11:53:35.746+0000] {dag.py:3096} INFO - Sync 1 DAGs
[2025-09-04T11:53:35.781+0000] {logging_mixin.py:188} INFO - [2025-09-04T11:53:35.781+0000] {dag.py:3954} INFO - Setting next_dagrun for example_task_group to 2025-09-03 00:00:00+00:00, run_after=2025-09-04 00:00:00+00:00
[2025-09-04T11:53:35.811+0000] {processor.py:183} INFO - Processing /home/airflow/.local/lib/python3.12/site-packages/airflow/example_dags/example_task_group.py took 0.136 seconds
[2025-09-04T11:54:06.639+0000] {processor.py:161} INFO - Started process (PID=535) to work on /home/airflow/.local/lib/python3.12/site-packages/airflow/example_dags/example_task_group.py
[2025-09-04T11:54:06.640+0000] {processor.py:830} INFO - Processing file /home/airflow/.local/lib/python3.12/site-packages/airflow/example_dags/example_task_group.py for tasks to queue
[2025-09-04T11:54:06.643+0000] {logging_mixin.py:188} INFO - [2025-09-04T11:54:06.642+0000] {dagbag.py:545} INFO - Filling up the DagBag from /home/airflow/.local/lib/python3.12/site-packages/airflow/example_dags/example_task_group.py
[2025-09-04T11:54:06.650+0000] {processor.py:840} INFO - DAG(s) 'example_task_group' retrieved from /home/airflow/.local/lib/python3.12/site-packages/airflow/example_dags/example_task_group.py
[2025-09-04T11:54:06.670+0000] {logging_mixin.py:188} INFO - [2025-09-04T11:54:06.670+0000] {dag.py:3096} INFO - Sync 1 DAGs
[2025-09-04T11:54:06.687+0000] {logging_mixin.py:188} INFO - [2025-09-04T11:54:06.687+0000] {dag.py:3954} INFO - Setting next_dagrun for example_task_group to 2025-09-03 00:00:00+00:00, run_after=2025-09-04 00:00:00+00:00
[2025-09-04T11:54:06.706+0000] {processor.py:183} INFO - Processing /home/airflow/.local/lib/python3.12/site-packages/airflow/example_dags/example_task_group.py took 0.076 seconds
[2025-09-04T11:54:37.136+0000] {processor.py:161} INFO - Started process (PID=593) to work on /home/airflow/.local/lib/python3.12/site-packages/airflow/example_dags/example_task_group.py
[2025-09-04T11:54:37.137+0000] {processor.py:830} INFO - Processing file /home/airflow/.local/lib/python3.12/site-packages/airflow/example_dags/example_task_group.py for tasks to queue
[2025-09-04T11:54:37.140+0000] {logging_mixin.py:188} INFO - [2025-09-04T11:54:37.140+0000] {dagbag.py:545} INFO - Filling up the DagBag from /home/airflow/.local/lib/python3.12/site-packages/airflow/example_dags/example_task_group.py
[2025-09-04T11:54:37.149+0000] {processor.py:840} INFO - DAG(s) 'example_task_group' retrieved from /home/airflow/.local/lib/python3.12/site-packages/airflow/example_dags/example_task_group.py
[2025-09-04T11:54:37.175+0000] {logging_mixin.py:188} INFO - [2025-09-04T11:54:37.174+0000] {dag.py:3096} INFO - Sync 1 DAGs
[2025-09-04T11:54:37.196+0000] {logging_mixin.py:188} INFO - [2025-09-04T11:54:37.195+0000] {dag.py:3954} INFO - Setting next_dagrun for example_task_group to 2025-09-03 00:00:00+00:00, run_after=2025-09-04 00:00:00+00:00
[2025-09-04T11:54:37.221+0000] {processor.py:183} INFO - Processing /home/airflow/.local/lib/python3.12/site-packages/airflow/example_dags/example_task_group.py took 0.093 seconds
[2025-09-04T11:55:07.521+0000] {processor.py:161} INFO - Started process (PID=651) to work on /home/airflow/.local/lib/python3.12/site-packages/airflow/example_dags/example_task_group.py
[2025-09-04T11:55:07.523+0000] {processor.py:830} INFO - Processing file /home/airflow/.local/lib/python3.12/site-packages/airflow/example_dags/example_task_group.py for tasks to queue
[2025-09-04T11:55:07.525+0000] {logging_mixin.py:188} INFO - [2025-09-04T11:55:07.525+0000] {dagbag.py:545} INFO - Filling up the DagBag from /home/airflow/.local/lib/python3.12/site-packages/airflow/example_dags/example_task_group.py
[2025-09-04T11:55:07.533+0000] {processor.py:840} INFO - DAG(s) 'example_task_group' retrieved from /home/airflow/.local/lib/python3.12/site-packages/airflow/example_dags/example_task_group.py
[2025-09-04T11:55:07.557+0000] {logging_mixin.py:188} INFO - [2025-09-04T11:55:07.557+0000] {dag.py:3096} INFO - Sync 1 DAGs
[2025-09-04T11:55:07.577+0000] {logging_mixin.py:188} INFO - [2025-09-04T11:55:07.577+0000] {dag.py:3954} INFO - Setting next_dagrun for example_task_group to 2025-09-03 00:00:00+00:00, run_after=2025-09-04 00:00:00+00:00
[2025-09-04T11:55:07.599+0000] {processor.py:183} INFO - Processing /home/airflow/.local/lib/python3.12/site-packages/airflow/example_dags/example_task_group.py took 0.085 seconds
[2025-09-04T11:55:37.676+0000] {processor.py:161} INFO - Started process (PID=709) to work on /home/airflow/.local/lib/python3.12/site-packages/airflow/example_dags/example_task_group.py
[2025-09-04T11:55:37.677+0000] {processor.py:830} INFO - Processing file /home/airflow/.local/lib/python3.12/site-packages/airflow/example_dags/example_task_group.py for tasks to queue
[2025-09-04T11:55:37.679+0000] {logging_mixin.py:188} INFO - [2025-09-04T11:55:37.679+0000] {dagbag.py:545} INFO - Filling up the DagBag from /home/airflow/.local/lib/python3.12/site-packages/airflow/example_dags/example_task_group.py
[2025-09-04T11:55:37.687+0000] {processor.py:840} INFO - DAG(s) 'example_task_group' retrieved from /home/airflow/.local/lib/python3.12/site-packages/airflow/example_dags/example_task_group.py
[2025-09-04T11:55:37.705+0000] {logging_mixin.py:188} INFO - [2025-09-04T11:55:37.704+0000] {dag.py:3096} INFO - Sync 1 DAGs
[2025-09-04T11:55:37.721+0000] {logging_mixin.py:188} INFO - [2025-09-04T11:55:37.721+0000] {dag.py:3954} INFO - Setting next_dagrun for example_task_group to 2025-09-03 00:00:00+00:00, run_after=2025-09-04 00:00:00+00:00
[2025-09-04T11:55:37.747+0000] {processor.py:183} INFO - Processing /home/airflow/.local/lib/python3.12/site-packages/airflow/example_dags/example_task_group.py took 0.079 seconds
[2025-09-04T11:56:08.477+0000] {processor.py:161} INFO - Started process (PID=767) to work on /home/airflow/.local/lib/python3.12/site-packages/airflow/example_dags/example_task_group.py
[2025-09-04T11:56:08.478+0000] {processor.py:830} INFO - Processing file /home/airflow/.local/lib/python3.12/site-packages/airflow/example_dags/example_task_group.py for tasks to queue
[2025-09-04T11:56:08.482+0000] {logging_mixin.py:188} INFO - [2025-09-04T11:56:08.481+0000] {dagbag.py:545} INFO - Filling up the DagBag from /home/airflow/.local/lib/python3.12/site-packages/airflow/example_dags/example_task_group.py
[2025-09-04T11:56:08.491+0000] {processor.py:840} INFO - DAG(s) 'example_task_group' retrieved from /home/airflow/.local/lib/python3.12/site-packages/airflow/example_dags/example_task_group.py
[2025-09-04T11:56:08.521+0000] {logging_mixin.py:188} INFO - [2025-09-04T11:56:08.520+0000] {dag.py:3096} INFO - Sync 1 DAGs
[2025-09-04T11:56:08.547+0000] {logging_mixin.py:188} INFO - [2025-09-04T11:56:08.547+0000] {dag.py:3954} INFO - Setting next_dagrun for example_task_group to 2025-09-03 00:00:00+00:00, run_after=2025-09-04 00:00:00+00:00
[2025-09-04T11:56:08.584+0000] {processor.py:183} INFO - Processing /home/airflow/.local/lib/python3.12/site-packages/airflow/example_dags/example_task_group.py took 0.115 seconds
[2025-09-04T11:56:38.763+0000] {processor.py:161} INFO - Started process (PID=825) to work on /home/airflow/.local/lib/python3.12/site-packages/airflow/example_dags/example_task_group.py
[2025-09-04T11:56:38.765+0000] {processor.py:830} INFO - Processing file /home/airflow/.local/lib/python3.12/site-packages/airflow/example_dags/example_task_group.py for tasks to queue
[2025-09-04T11:56:38.769+0000] {logging_mixin.py:188} INFO - [2025-09-04T11:56:38.768+0000] {dagbag.py:545} INFO - Filling up the DagBag from /home/airflow/.local/lib/python3.12/site-packages/airflow/example_dags/example_task_group.py
[2025-09-04T11:56:38.781+0000] {processor.py:840} INFO - DAG(s) 'example_task_group' retrieved from /home/airflow/.local/lib/python3.12/site-packages/airflow/example_dags/example_task_group.py
[2025-09-04T11:56:38.813+0000] {logging_mixin.py:188} INFO - [2025-09-04T11:56:38.812+0000] {dag.py:3096} INFO - Sync 1 DAGs
[2025-09-04T11:56:38.866+0000] {logging_mixin.py:188} INFO - [2025-09-04T11:56:38.865+0000] {dag.py:3954} INFO - Setting next_dagrun for example_task_group to 2025-09-03 00:00:00+00:00, run_after=2025-09-04 00:00:00+00:00
[2025-09-04T11:56:38.917+0000] {processor.py:183} INFO - Processing /home/airflow/.local/lib/python3.12/site-packages/airflow/example_dags/example_task_group.py took 0.163 seconds
[2025-09-04T11:57:09.068+0000] {processor.py:161} INFO - Started process (PID=883) to work on /home/airflow/.local/lib/python3.12/site-packages/airflow/example_dags/example_task_group.py
[2025-09-04T11:57:09.070+0000] {processor.py:830} INFO - Processing file /home/airflow/.local/lib/python3.12/site-packages/airflow/example_dags/example_task_group.py for tasks to queue
[2025-09-04T11:57:09.073+0000] {logging_mixin.py:188} INFO - [2025-09-04T11:57:09.072+0000] {dagbag.py:545} INFO - Filling up the DagBag from /home/airflow/.local/lib/python3.12/site-packages/airflow/example_dags/example_task_group.py
[2025-09-04T11:57:09.081+0000] {processor.py:840} INFO - DAG(s) 'example_task_group' retrieved from /home/airflow/.local/lib/python3.12/site-packages/airflow/example_dags/example_task_group.py
[2025-09-04T11:57:09.104+0000] {logging_mixin.py:188} INFO - [2025-09-04T11:57:09.103+0000] {dag.py:3096} INFO - Sync 1 DAGs
[2025-09-04T11:57:09.127+0000] {logging_mixin.py:188} INFO - [2025-09-04T11:57:09.127+0000] {dag.py:3954} INFO - Setting next_dagrun for example_task_group to 2025-09-03 00:00:00+00:00, run_after=2025-09-04 00:00:00+00:00
[2025-09-04T11:57:09.143+0000] {processor.py:183} INFO - Processing /home/airflow/.local/lib/python3.12/site-packages/airflow/example_dags/example_task_group.py took 0.086 seconds
[2025-09-04T11:57:39.224+0000] {processor.py:161} INFO - Started process (PID=941) to work on /home/airflow/.local/lib/python3.12/site-packages/airflow/example_dags/example_task_group.py
[2025-09-04T11:57:39.225+0000] {processor.py:830} INFO - Processing file /home/airflow/.local/lib/python3.12/site-packages/airflow/example_dags/example_task_group.py for tasks to queue
[2025-09-04T11:57:39.228+0000] {logging_mixin.py:188} INFO - [2025-09-04T11:57:39.227+0000] {dagbag.py:545} INFO - Filling up the DagBag from /home/airflow/.local/lib/python3.12/site-packages/airflow/example_dags/example_task_group.py
[2025-09-04T11:57:39.238+0000] {processor.py:840} INFO - DAG(s) 'example_task_group' retrieved from /home/airflow/.local/lib/python3.12/site-packages/airflow/example_dags/example_task_group.py
[2025-09-04T11:57:39.265+0000] {logging_mixin.py:188} INFO - [2025-09-04T11:57:39.265+0000] {dag.py:3096} INFO - Sync 1 DAGs
[2025-09-04T11:57:39.297+0000] {logging_mixin.py:188} INFO - [2025-09-04T11:57:39.297+0000] {dag.py:3954} INFO - Setting next_dagrun for example_task_group to 2025-09-03 00:00:00+00:00, run_after=2025-09-04 00:00:00+00:00
[2025-09-04T11:57:39.330+0000] {processor.py:183} INFO - Processing /home/airflow/.local/lib/python3.12/site-packages/airflow/example_dags/example_task_group.py took 0.116 seconds
[2025-09-04T11:58:09.617+0000] {processor.py:161} INFO - Started process (PID=1000) to work on /home/airflow/.local/lib/python3.12/site-packages/airflow/example_dags/example_task_group.py
[2025-09-04T11:58:09.619+0000] {processor.py:830} INFO - Processing file /home/airflow/.local/lib/python3.12/site-packages/airflow/example_dags/example_task_group.py for tasks to queue
[2025-09-04T11:58:09.621+0000] {logging_mixin.py:188} INFO - [2025-09-04T11:58:09.621+0000] {dagbag.py:545} INFO - Filling up the DagBag from /home/airflow/.local/lib/python3.12/site-packages/airflow/example_dags/example_task_group.py
[2025-09-04T11:58:09.630+0000] {processor.py:840} INFO - DAG(s) 'example_task_group' retrieved from /home/airflow/.local/lib/python3.12/site-packages/airflow/example_dags/example_task_group.py
[2025-09-04T11:58:09.658+0000] {logging_mixin.py:188} INFO - [2025-09-04T11:58:09.657+0000] {dag.py:3096} INFO - Sync 1 DAGs
[2025-09-04T11:58:09.683+0000] {logging_mixin.py:188} INFO - [2025-09-04T11:58:09.683+0000] {dag.py:3954} INFO - Setting next_dagrun for example_task_group to 2025-09-03 00:00:00+00:00, run_after=2025-09-04 00:00:00+00:00
[2025-09-04T11:58:09.707+0000] {processor.py:183} INFO - Processing /home/airflow/.local/lib/python3.12/site-packages/airflow/example_dags/example_task_group.py took 0.096 seconds
[2025-09-04T11:58:39.746+0000] {processor.py:161} INFO - Started process (PID=1057) to work on /home/airflow/.local/lib/python3.12/site-packages/airflow/example_dags/example_task_group.py
[2025-09-04T11:58:39.747+0000] {processor.py:830} INFO - Processing file /home/airflow/.local/lib/python3.12/site-packages/airflow/example_dags/example_task_group.py for tasks to queue
[2025-09-04T11:58:39.749+0000] {logging_mixin.py:188} INFO - [2025-09-04T11:58:39.749+0000] {dagbag.py:545} INFO - Filling up the DagBag from /home/airflow/.local/lib/python3.12/site-packages/airflow/example_dags/example_task_group.py
[2025-09-04T11:58:39.755+0000] {processor.py:840} INFO - DAG(s) 'example_task_group' retrieved from /home/airflow/.local/lib/python3.12/site-packages/airflow/example_dags/example_task_group.py
[2025-09-04T11:58:39.771+0000] {logging_mixin.py:188} INFO - [2025-09-04T11:58:39.771+0000] {dag.py:3096} INFO - Sync 1 DAGs
[2025-09-04T11:58:39.787+0000] {logging_mixin.py:188} INFO - [2025-09-04T11:58:39.787+0000] {dag.py:3954} INFO - Setting next_dagrun for example_task_group to 2025-09-03 00:00:00+00:00, run_after=2025-09-04 00:00:00+00:00
[2025-09-04T11:58:39.805+0000] {processor.py:183} INFO - Processing /home/airflow/.local/lib/python3.12/site-packages/airflow/example_dags/example_task_group.py took 0.064 seconds
[2025-09-04T11:59:10.369+0000] {processor.py:161} INFO - Started process (PID=1115) to work on /home/airflow/.local/lib/python3.12/site-packages/airflow/example_dags/example_task_group.py
[2025-09-04T11:59:10.372+0000] {processor.py:830} INFO - Processing file /home/airflow/.local/lib/python3.12/site-packages/airflow/example_dags/example_task_group.py for tasks to queue
[2025-09-04T11:59:10.376+0000] {logging_mixin.py:188} INFO - [2025-09-04T11:59:10.375+0000] {dagbag.py:545} INFO - Filling up the DagBag from /home/airflow/.local/lib/python3.12/site-packages/airflow/example_dags/example_task_group.py
[2025-09-04T11:59:10.389+0000] {processor.py:840} INFO - DAG(s) 'example_task_group' retrieved from /home/airflow/.local/lib/python3.12/site-packages/airflow/example_dags/example_task_group.py
[2025-09-04T11:59:10.420+0000] {logging_mixin.py:188} INFO - [2025-09-04T11:59:10.420+0000] {dag.py:3096} INFO - Sync 1 DAGs
[2025-09-04T11:59:10.473+0000] {logging_mixin.py:188} INFO - [2025-09-04T11:59:10.473+0000] {dag.py:3954} INFO - Setting next_dagrun for example_task_group to 2025-09-03 00:00:00+00:00, run_after=2025-09-04 00:00:00+00:00
[2025-09-04T11:59:10.517+0000] {processor.py:183} INFO - Processing /home/airflow/.local/lib/python3.12/site-packages/airflow/example_dags/example_task_group.py took 0.157 seconds
[2025-09-04T11:59:40.727+0000] {processor.py:161} INFO - Started process (PID=1173) to work on /home/airflow/.local/lib/python3.12/site-packages/airflow/example_dags/example_task_group.py
[2025-09-04T11:59:40.728+0000] {processor.py:830} INFO - Processing file /home/airflow/.local/lib/python3.12/site-packages/airflow/example_dags/example_task_group.py for tasks to queue
[2025-09-04T11:59:40.731+0000] {logging_mixin.py:188} INFO - [2025-09-04T11:59:40.731+0000] {dagbag.py:545} INFO - Filling up the DagBag from /home/airflow/.local/lib/python3.12/site-packages/airflow/example_dags/example_task_group.py
[2025-09-04T11:59:40.738+0000] {processor.py:840} INFO - DAG(s) 'example_task_group' retrieved from /home/airflow/.local/lib/python3.12/site-packages/airflow/example_dags/example_task_group.py
[2025-09-04T11:59:40.757+0000] {logging_mixin.py:188} INFO - [2025-09-04T11:59:40.757+0000] {dag.py:3096} INFO - Sync 1 DAGs
[2025-09-04T11:59:40.775+0000] {logging_mixin.py:188} INFO - [2025-09-04T11:59:40.775+0000] {dag.py:3954} INFO - Setting next_dagrun for example_task_group to 2025-09-03 00:00:00+00:00, run_after=2025-09-04 00:00:00+00:00
[2025-09-04T11:59:40.794+0000] {processor.py:183} INFO - Processing /home/airflow/.local/lib/python3.12/site-packages/airflow/example_dags/example_task_group.py took 0.072 seconds
[2025-09-04T12:01:30.874+0000] {processor.py:161} INFO - Started process (PID=60) to work on /home/airflow/.local/lib/python3.12/site-packages/airflow/example_dags/example_task_group.py
[2025-09-04T12:01:30.875+0000] {processor.py:830} INFO - Processing file /home/airflow/.local/lib/python3.12/site-packages/airflow/example_dags/example_task_group.py for tasks to queue
[2025-09-04T12:01:30.879+0000] {logging_mixin.py:188} INFO - [2025-09-04T12:01:30.878+0000] {dagbag.py:545} INFO - Filling up the DagBag from /home/airflow/.local/lib/python3.12/site-packages/airflow/example_dags/example_task_group.py
[2025-09-04T12:01:30.890+0000] {processor.py:840} INFO - DAG(s) 'example_task_group' retrieved from /home/airflow/.local/lib/python3.12/site-packages/airflow/example_dags/example_task_group.py
[2025-09-04T12:01:31.002+0000] {logging_mixin.py:188} INFO - [2025-09-04T12:01:31.001+0000] {dag.py:3096} INFO - Sync 1 DAGs
[2025-09-04T12:01:31.021+0000] {logging_mixin.py:188} INFO - [2025-09-04T12:01:31.021+0000] {dag.py:3954} INFO - Setting next_dagrun for example_task_group to 2025-09-03 00:00:00+00:00, run_after=2025-09-04 00:00:00+00:00
[2025-09-04T12:01:31.046+0000] {processor.py:183} INFO - Processing /home/airflow/.local/lib/python3.12/site-packages/airflow/example_dags/example_task_group.py took 0.178 seconds
[2025-09-04T12:02:01.196+0000] {processor.py:161} INFO - Started process (PID=118) to work on /home/airflow/.local/lib/python3.12/site-packages/airflow/example_dags/example_task_group.py
[2025-09-04T12:02:01.199+0000] {processor.py:830} INFO - Processing file /home/airflow/.local/lib/python3.12/site-packages/airflow/example_dags/example_task_group.py for tasks to queue
[2025-09-04T12:02:01.201+0000] {logging_mixin.py:188} INFO - [2025-09-04T12:02:01.201+0000] {dagbag.py:545} INFO - Filling up the DagBag from /home/airflow/.local/lib/python3.12/site-packages/airflow/example_dags/example_task_group.py
[2025-09-04T12:02:01.207+0000] {processor.py:840} INFO - DAG(s) 'example_task_group' retrieved from /home/airflow/.local/lib/python3.12/site-packages/airflow/example_dags/example_task_group.py
[2025-09-04T12:02:01.225+0000] {logging_mixin.py:188} INFO - [2025-09-04T12:02:01.225+0000] {dag.py:3096} INFO - Sync 1 DAGs
[2025-09-04T12:02:01.243+0000] {logging_mixin.py:188} INFO - [2025-09-04T12:02:01.243+0000] {dag.py:3954} INFO - Setting next_dagrun for example_task_group to 2025-09-03 00:00:00+00:00, run_after=2025-09-04 00:00:00+00:00
[2025-09-04T12:02:01.260+0000] {processor.py:183} INFO - Processing /home/airflow/.local/lib/python3.12/site-packages/airflow/example_dags/example_task_group.py took 0.082 seconds
[2025-09-04T12:02:31.676+0000] {processor.py:161} INFO - Started process (PID=176) to work on /home/airflow/.local/lib/python3.12/site-packages/airflow/example_dags/example_task_group.py
[2025-09-04T12:02:31.679+0000] {processor.py:830} INFO - Processing file /home/airflow/.local/lib/python3.12/site-packages/airflow/example_dags/example_task_group.py for tasks to queue
[2025-09-04T12:02:31.683+0000] {logging_mixin.py:188} INFO - [2025-09-04T12:02:31.682+0000] {dagbag.py:545} INFO - Filling up the DagBag from /home/airflow/.local/lib/python3.12/site-packages/airflow/example_dags/example_task_group.py
[2025-09-04T12:02:31.698+0000] {processor.py:840} INFO - DAG(s) 'example_task_group' retrieved from /home/airflow/.local/lib/python3.12/site-packages/airflow/example_dags/example_task_group.py
[2025-09-04T12:02:31.748+0000] {logging_mixin.py:188} INFO - [2025-09-04T12:02:31.747+0000] {dag.py:3096} INFO - Sync 1 DAGs
[2025-09-04T12:02:31.778+0000] {logging_mixin.py:188} INFO - [2025-09-04T12:02:31.777+0000] {dag.py:3954} INFO - Setting next_dagrun for example_task_group to 2025-09-03 00:00:00+00:00, run_after=2025-09-04 00:00:00+00:00
[2025-09-04T12:02:31.820+0000] {processor.py:183} INFO - Processing /home/airflow/.local/lib/python3.12/site-packages/airflow/example_dags/example_task_group.py took 0.157 seconds
[2025-09-04T12:03:02.143+0000] {processor.py:161} INFO - Started process (PID=234) to work on /home/airflow/.local/lib/python3.12/site-packages/airflow/example_dags/example_task_group.py
[2025-09-04T12:03:02.144+0000] {processor.py:830} INFO - Processing file /home/airflow/.local/lib/python3.12/site-packages/airflow/example_dags/example_task_group.py for tasks to queue
[2025-09-04T12:03:02.147+0000] {logging_mixin.py:188} INFO - [2025-09-04T12:03:02.146+0000] {dagbag.py:545} INFO - Filling up the DagBag from /home/airflow/.local/lib/python3.12/site-packages/airflow/example_dags/example_task_group.py
[2025-09-04T12:03:02.154+0000] {processor.py:840} INFO - DAG(s) 'example_task_group' retrieved from /home/airflow/.local/lib/python3.12/site-packages/airflow/example_dags/example_task_group.py
[2025-09-04T12:03:02.171+0000] {logging_mixin.py:188} INFO - [2025-09-04T12:03:02.171+0000] {dag.py:3096} INFO - Sync 1 DAGs
[2025-09-04T12:03:02.188+0000] {logging_mixin.py:188} INFO - [2025-09-04T12:03:02.187+0000] {dag.py:3954} INFO - Setting next_dagrun for example_task_group to 2025-09-03 00:00:00+00:00, run_after=2025-09-04 00:00:00+00:00
[2025-09-04T12:03:02.202+0000] {processor.py:183} INFO - Processing /home/airflow/.local/lib/python3.12/site-packages/airflow/example_dags/example_task_group.py took 0.063 seconds
[2025-09-04T12:03:32.613+0000] {processor.py:161} INFO - Started process (PID=292) to work on /home/airflow/.local/lib/python3.12/site-packages/airflow/example_dags/example_task_group.py
[2025-09-04T12:03:32.616+0000] {processor.py:830} INFO - Processing file /home/airflow/.local/lib/python3.12/site-packages/airflow/example_dags/example_task_group.py for tasks to queue
[2025-09-04T12:03:32.622+0000] {logging_mixin.py:188} INFO - [2025-09-04T12:03:32.621+0000] {dagbag.py:545} INFO - Filling up the DagBag from /home/airflow/.local/lib/python3.12/site-packages/airflow/example_dags/example_task_group.py
[2025-09-04T12:03:32.640+0000] {processor.py:840} INFO - DAG(s) 'example_task_group' retrieved from /home/airflow/.local/lib/python3.12/site-packages/airflow/example_dags/example_task_group.py
[2025-09-04T12:03:32.672+0000] {logging_mixin.py:188} INFO - [2025-09-04T12:03:32.672+0000] {dag.py:3096} INFO - Sync 1 DAGs
[2025-09-04T12:03:32.690+0000] {logging_mixin.py:188} INFO - [2025-09-04T12:03:32.690+0000] {dag.py:3954} INFO - Setting next_dagrun for example_task_group to 2025-09-03 00:00:00+00:00, run_after=2025-09-04 00:00:00+00:00
[2025-09-04T12:03:32.710+0000] {processor.py:183} INFO - Processing /home/airflow/.local/lib/python3.12/site-packages/airflow/example_dags/example_task_group.py took 0.114 seconds
[2025-09-04T12:04:03.212+0000] {processor.py:161} INFO - Started process (PID=356) to work on /home/airflow/.local/lib/python3.12/site-packages/airflow/example_dags/example_task_group.py
[2025-09-04T12:04:03.214+0000] {processor.py:830} INFO - Processing file /home/airflow/.local/lib/python3.12/site-packages/airflow/example_dags/example_task_group.py for tasks to queue
[2025-09-04T12:04:03.219+0000] {logging_mixin.py:188} INFO - [2025-09-04T12:04:03.218+0000] {dagbag.py:545} INFO - Filling up the DagBag from /home/airflow/.local/lib/python3.12/site-packages/airflow/example_dags/example_task_group.py
[2025-09-04T12:04:03.232+0000] {processor.py:840} INFO - DAG(s) 'example_task_group' retrieved from /home/airflow/.local/lib/python3.12/site-packages/airflow/example_dags/example_task_group.py
[2025-09-04T12:04:03.258+0000] {logging_mixin.py:188} INFO - [2025-09-04T12:04:03.258+0000] {dag.py:3096} INFO - Sync 1 DAGs
[2025-09-04T12:04:03.281+0000] {logging_mixin.py:188} INFO - [2025-09-04T12:04:03.281+0000] {dag.py:3954} INFO - Setting next_dagrun for example_task_group to 2025-09-03 00:00:00+00:00, run_after=2025-09-04 00:00:00+00:00
[2025-09-04T12:04:03.304+0000] {processor.py:183} INFO - Processing /home/airflow/.local/lib/python3.12/site-packages/airflow/example_dags/example_task_group.py took 0.104 seconds
[2025-09-04T12:04:33.629+0000] {processor.py:161} INFO - Started process (PID=414) to work on /home/airflow/.local/lib/python3.12/site-packages/airflow/example_dags/example_task_group.py
[2025-09-04T12:04:33.630+0000] {processor.py:830} INFO - Processing file /home/airflow/.local/lib/python3.12/site-packages/airflow/example_dags/example_task_group.py for tasks to queue
[2025-09-04T12:04:33.633+0000] {logging_mixin.py:188} INFO - [2025-09-04T12:04:33.633+0000] {dagbag.py:545} INFO - Filling up the DagBag from /home/airflow/.local/lib/python3.12/site-packages/airflow/example_dags/example_task_group.py
[2025-09-04T12:04:33.643+0000] {processor.py:840} INFO - DAG(s) 'example_task_group' retrieved from /home/airflow/.local/lib/python3.12/site-packages/airflow/example_dags/example_task_group.py
[2025-09-04T12:04:33.662+0000] {logging_mixin.py:188} INFO - [2025-09-04T12:04:33.662+0000] {dag.py:3096} INFO - Sync 1 DAGs
[2025-09-04T12:04:33.682+0000] {logging_mixin.py:188} INFO - [2025-09-04T12:04:33.682+0000] {dag.py:3954} INFO - Setting next_dagrun for example_task_group to 2025-09-03 00:00:00+00:00, run_after=2025-09-04 00:00:00+00:00
[2025-09-04T12:04:33.698+0000] {processor.py:183} INFO - Processing /home/airflow/.local/lib/python3.12/site-packages/airflow/example_dags/example_task_group.py took 0.077 seconds
[2025-09-04T12:05:04.125+0000] {processor.py:161} INFO - Started process (PID=472) to work on /home/airflow/.local/lib/python3.12/site-packages/airflow/example_dags/example_task_group.py
[2025-09-04T12:05:04.128+0000] {processor.py:830} INFO - Processing file /home/airflow/.local/lib/python3.12/site-packages/airflow/example_dags/example_task_group.py for tasks to queue
[2025-09-04T12:05:04.130+0000] {logging_mixin.py:188} INFO - [2025-09-04T12:05:04.129+0000] {dagbag.py:545} INFO - Filling up the DagBag from /home/airflow/.local/lib/python3.12/site-packages/airflow/example_dags/example_task_group.py
[2025-09-04T12:05:04.137+0000] {processor.py:840} INFO - DAG(s) 'example_task_group' retrieved from /home/airflow/.local/lib/python3.12/site-packages/airflow/example_dags/example_task_group.py
[2025-09-04T12:05:04.158+0000] {logging_mixin.py:188} INFO - [2025-09-04T12:05:04.158+0000] {dag.py:3096} INFO - Sync 1 DAGs
[2025-09-04T12:05:04.177+0000] {logging_mixin.py:188} INFO - [2025-09-04T12:05:04.177+0000] {dag.py:3954} INFO - Setting next_dagrun for example_task_group to 2025-09-03 00:00:00+00:00, run_after=2025-09-04 00:00:00+00:00
[2025-09-04T12:05:04.198+0000] {processor.py:183} INFO - Processing /home/airflow/.local/lib/python3.12/site-packages/airflow/example_dags/example_task_group.py took 0.077 seconds
[2025-09-04T12:05:34.483+0000] {processor.py:161} INFO - Started process (PID=530) to work on /home/airflow/.local/lib/python3.12/site-packages/airflow/example_dags/example_task_group.py
[2025-09-04T12:05:34.484+0000] {processor.py:830} INFO - Processing file /home/airflow/.local/lib/python3.12/site-packages/airflow/example_dags/example_task_group.py for tasks to queue
[2025-09-04T12:05:34.486+0000] {logging_mixin.py:188} INFO - [2025-09-04T12:05:34.486+0000] {dagbag.py:545} INFO - Filling up the DagBag from /home/airflow/.local/lib/python3.12/site-packages/airflow/example_dags/example_task_group.py
[2025-09-04T12:05:34.492+0000] {processor.py:840} INFO - DAG(s) 'example_task_group' retrieved from /home/airflow/.local/lib/python3.12/site-packages/airflow/example_dags/example_task_group.py
[2025-09-04T12:05:34.523+0000] {logging_mixin.py:188} INFO - [2025-09-04T12:05:34.522+0000] {dag.py:3096} INFO - Sync 1 DAGs
[2025-09-04T12:05:34.578+0000] {logging_mixin.py:188} INFO - [2025-09-04T12:05:34.577+0000] {dag.py:3954} INFO - Setting next_dagrun for example_task_group to 2025-09-03 00:00:00+00:00, run_after=2025-09-04 00:00:00+00:00
[2025-09-04T12:05:34.605+0000] {processor.py:183} INFO - Processing /home/airflow/.local/lib/python3.12/site-packages/airflow/example_dags/example_task_group.py took 0.130 seconds
[2025-09-04T12:06:35.012+0000] {processor.py:161} INFO - Started process (PID=66) to work on /home/airflow/.local/lib/python3.12/site-packages/airflow/example_dags/example_task_group.py
[2025-09-04T12:06:35.014+0000] {processor.py:830} INFO - Processing file /home/airflow/.local/lib/python3.12/site-packages/airflow/example_dags/example_task_group.py for tasks to queue
[2025-09-04T12:06:35.016+0000] {logging_mixin.py:188} INFO - [2025-09-04T12:06:35.015+0000] {dagbag.py:545} INFO - Filling up the DagBag from /home/airflow/.local/lib/python3.12/site-packages/airflow/example_dags/example_task_group.py
[2025-09-04T12:06:35.028+0000] {processor.py:840} INFO - DAG(s) 'example_task_group' retrieved from /home/airflow/.local/lib/python3.12/site-packages/airflow/example_dags/example_task_group.py
[2025-09-04T12:06:35.041+0000] {logging_mixin.py:188} INFO - [2025-09-04T12:06:35.041+0000] {dag.py:3096} INFO - Sync 1 DAGs
[2025-09-04T12:06:35.065+0000] {logging_mixin.py:188} INFO - [2025-09-04T12:06:35.065+0000] {dag.py:3954} INFO - Setting next_dagrun for example_task_group to 2025-09-03 00:00:00+00:00, run_after=2025-09-04 00:00:00+00:00
[2025-09-04T12:06:35.087+0000] {processor.py:183} INFO - Processing /home/airflow/.local/lib/python3.12/site-packages/airflow/example_dags/example_task_group.py took 0.081 seconds
[2025-09-04T12:07:05.814+0000] {processor.py:161} INFO - Started process (PID=124) to work on /home/airflow/.local/lib/python3.12/site-packages/airflow/example_dags/example_task_group.py
[2025-09-04T12:07:05.816+0000] {processor.py:830} INFO - Processing file /home/airflow/.local/lib/python3.12/site-packages/airflow/example_dags/example_task_group.py for tasks to queue
[2025-09-04T12:07:05.818+0000] {logging_mixin.py:188} INFO - [2025-09-04T12:07:05.818+0000] {dagbag.py:545} INFO - Filling up the DagBag from /home/airflow/.local/lib/python3.12/site-packages/airflow/example_dags/example_task_group.py
[2025-09-04T12:07:05.825+0000] {processor.py:840} INFO - DAG(s) 'example_task_group' retrieved from /home/airflow/.local/lib/python3.12/site-packages/airflow/example_dags/example_task_group.py
[2025-09-04T12:07:05.987+0000] {logging_mixin.py:188} INFO - [2025-09-04T12:07:05.986+0000] {dag.py:3096} INFO - Sync 1 DAGs
[2025-09-04T12:07:06.036+0000] {logging_mixin.py:188} INFO - [2025-09-04T12:07:06.035+0000] {dag.py:3954} INFO - Setting next_dagrun for example_task_group to 2025-09-03 00:00:00+00:00, run_after=2025-09-04 00:00:00+00:00
[2025-09-04T12:07:06.095+0000] {processor.py:183} INFO - Processing /home/airflow/.local/lib/python3.12/site-packages/airflow/example_dags/example_task_group.py took 0.285 seconds
[2025-09-04T12:07:36.357+0000] {processor.py:161} INFO - Started process (PID=182) to work on /home/airflow/.local/lib/python3.12/site-packages/airflow/example_dags/example_task_group.py
[2025-09-04T12:07:36.360+0000] {processor.py:830} INFO - Processing file /home/airflow/.local/lib/python3.12/site-packages/airflow/example_dags/example_task_group.py for tasks to queue
[2025-09-04T12:07:36.369+0000] {logging_mixin.py:188} INFO - [2025-09-04T12:07:36.368+0000] {dagbag.py:545} INFO - Filling up the DagBag from /home/airflow/.local/lib/python3.12/site-packages/airflow/example_dags/example_task_group.py
[2025-09-04T12:07:36.391+0000] {processor.py:840} INFO - DAG(s) 'example_task_group' retrieved from /home/airflow/.local/lib/python3.12/site-packages/airflow/example_dags/example_task_group.py
[2025-09-04T12:07:36.428+0000] {logging_mixin.py:188} INFO - [2025-09-04T12:07:36.428+0000] {dag.py:3096} INFO - Sync 1 DAGs
[2025-09-04T12:07:36.461+0000] {logging_mixin.py:188} INFO - [2025-09-04T12:07:36.461+0000] {dag.py:3954} INFO - Setting next_dagrun for example_task_group to 2025-09-03 00:00:00+00:00, run_after=2025-09-04 00:00:00+00:00
[2025-09-04T12:07:36.481+0000] {processor.py:183} INFO - Processing /home/airflow/.local/lib/python3.12/site-packages/airflow/example_dags/example_task_group.py took 0.139 seconds
[2025-09-04T12:08:06.620+0000] {processor.py:161} INFO - Started process (PID=240) to work on /home/airflow/.local/lib/python3.12/site-packages/airflow/example_dags/example_task_group.py
[2025-09-04T12:08:06.621+0000] {processor.py:830} INFO - Processing file /home/airflow/.local/lib/python3.12/site-packages/airflow/example_dags/example_task_group.py for tasks to queue
[2025-09-04T12:08:06.624+0000] {logging_mixin.py:188} INFO - [2025-09-04T12:08:06.623+0000] {dagbag.py:545} INFO - Filling up the DagBag from /home/airflow/.local/lib/python3.12/site-packages/airflow/example_dags/example_task_group.py
[2025-09-04T12:08:06.633+0000] {processor.py:840} INFO - DAG(s) 'example_task_group' retrieved from /home/airflow/.local/lib/python3.12/site-packages/airflow/example_dags/example_task_group.py
[2025-09-04T12:08:06.657+0000] {logging_mixin.py:188} INFO - [2025-09-04T12:08:06.656+0000] {dag.py:3096} INFO - Sync 1 DAGs
[2025-09-04T12:08:06.677+0000] {logging_mixin.py:188} INFO - [2025-09-04T12:08:06.677+0000] {dag.py:3954} INFO - Setting next_dagrun for example_task_group to 2025-09-03 00:00:00+00:00, run_after=2025-09-04 00:00:00+00:00
[2025-09-04T12:08:06.697+0000] {processor.py:183} INFO - Processing /home/airflow/.local/lib/python3.12/site-packages/airflow/example_dags/example_task_group.py took 0.085 seconds
[2025-09-04T12:08:37.377+0000] {processor.py:161} INFO - Started process (PID=298) to work on /home/airflow/.local/lib/python3.12/site-packages/airflow/example_dags/example_task_group.py
[2025-09-04T12:08:37.378+0000] {processor.py:830} INFO - Processing file /home/airflow/.local/lib/python3.12/site-packages/airflow/example_dags/example_task_group.py for tasks to queue
[2025-09-04T12:08:37.380+0000] {logging_mixin.py:188} INFO - [2025-09-04T12:08:37.380+0000] {dagbag.py:545} INFO - Filling up the DagBag from /home/airflow/.local/lib/python3.12/site-packages/airflow/example_dags/example_task_group.py
[2025-09-04T12:08:37.388+0000] {processor.py:840} INFO - DAG(s) 'example_task_group' retrieved from /home/airflow/.local/lib/python3.12/site-packages/airflow/example_dags/example_task_group.py
[2025-09-04T12:08:37.410+0000] {logging_mixin.py:188} INFO - [2025-09-04T12:08:37.409+0000] {dag.py:3096} INFO - Sync 1 DAGs
[2025-09-04T12:08:37.427+0000] {logging_mixin.py:188} INFO - [2025-09-04T12:08:37.427+0000] {dag.py:3954} INFO - Setting next_dagrun for example_task_group to 2025-09-03 00:00:00+00:00, run_after=2025-09-04 00:00:00+00:00
[2025-09-04T12:08:37.449+0000] {processor.py:183} INFO - Processing /home/airflow/.local/lib/python3.12/site-packages/airflow/example_dags/example_task_group.py took 0.077 seconds
