[2025-09-04T11:50:05.054+0000] {processor.py:161} INFO - Started process (PID=85) to work on /home/airflow/.local/lib/python3.12/site-packages/airflow/example_dags/example_bash_operator.py
[2025-09-04T11:50:05.056+0000] {processor.py:830} INFO - Processing file /home/airflow/.local/lib/python3.12/site-packages/airflow/example_dags/example_bash_operator.py for tasks to queue
[2025-09-04T11:50:05.059+0000] {logging_mixin.py:188} INFO - [2025-09-04T11:50:05.059+0000] {dagbag.py:545} INFO - Filling up the DagBag from /home/airflow/.local/lib/python3.12/site-packages/airflow/example_dags/example_bash_operator.py
[2025-09-04T11:50:05.081+0000] {processor.py:840} INFO - DAG(s) 'example_bash_operator' retrieved from /home/airflow/.local/lib/python3.12/site-packages/airflow/example_dags/example_bash_operator.py
[2025-09-04T11:50:05.194+0000] {logging_mixin.py:188} INFO - [2025-09-04T11:50:05.194+0000] {override.py:1829} INFO - Created Permission View: can edit on DAG:example_bash_operator
[2025-09-04T11:50:05.205+0000] {logging_mixin.py:188} INFO - [2025-09-04T11:50:05.205+0000] {override.py:1829} INFO - Created Permission View: can read on DAG:example_bash_operator
[2025-09-04T11:50:05.213+0000] {logging_mixin.py:188} INFO - [2025-09-04T11:50:05.213+0000] {override.py:1829} INFO - Created Permission View: can delete on DAG:example_bash_operator
[2025-09-04T11:50:05.214+0000] {logging_mixin.py:188} INFO - [2025-09-04T11:50:05.214+0000] {dag.py:3096} INFO - Sync 1 DAGs
[2025-09-04T11:50:05.228+0000] {logging_mixin.py:188} INFO - [2025-09-04T11:50:05.228+0000] {dag.py:3118} INFO - Creating ORM DAG for example_bash_operator
[2025-09-04T11:50:05.240+0000] {logging_mixin.py:188} INFO - [2025-09-04T11:50:05.240+0000] {dag.py:3954} INFO - Setting next_dagrun for example_bash_operator to 2025-09-03 00:00:00+00:00, run_after=2025-09-04 00:00:00+00:00
[2025-09-04T11:50:05.262+0000] {processor.py:183} INFO - Processing /home/airflow/.local/lib/python3.12/site-packages/airflow/example_dags/example_bash_operator.py took 0.216 seconds
[2025-09-04T11:50:35.728+0000] {processor.py:161} INFO - Started process (PID=143) to work on /home/airflow/.local/lib/python3.12/site-packages/airflow/example_dags/example_bash_operator.py
[2025-09-04T11:50:35.729+0000] {processor.py:830} INFO - Processing file /home/airflow/.local/lib/python3.12/site-packages/airflow/example_dags/example_bash_operator.py for tasks to queue
[2025-09-04T11:50:35.732+0000] {logging_mixin.py:188} INFO - [2025-09-04T11:50:35.731+0000] {dagbag.py:545} INFO - Filling up the DagBag from /home/airflow/.local/lib/python3.12/site-packages/airflow/example_dags/example_bash_operator.py
[2025-09-04T11:50:35.747+0000] {processor.py:840} INFO - DAG(s) 'example_bash_operator' retrieved from /home/airflow/.local/lib/python3.12/site-packages/airflow/example_dags/example_bash_operator.py
[2025-09-04T11:50:35.779+0000] {logging_mixin.py:188} INFO - [2025-09-04T11:50:35.778+0000] {dag.py:3096} INFO - Sync 1 DAGs
[2025-09-04T11:50:35.799+0000] {logging_mixin.py:188} INFO - [2025-09-04T11:50:35.799+0000] {dag.py:3954} INFO - Setting next_dagrun for example_bash_operator to 2025-09-03 00:00:00+00:00, run_after=2025-09-04 00:00:00+00:00
[2025-09-04T11:50:35.821+0000] {processor.py:183} INFO - Processing /home/airflow/.local/lib/python3.12/site-packages/airflow/example_dags/example_bash_operator.py took 0.101 seconds
[2025-09-04T11:51:06.528+0000] {processor.py:161} INFO - Started process (PID=200) to work on /home/airflow/.local/lib/python3.12/site-packages/airflow/example_dags/example_bash_operator.py
[2025-09-04T11:51:06.530+0000] {processor.py:830} INFO - Processing file /home/airflow/.local/lib/python3.12/site-packages/airflow/example_dags/example_bash_operator.py for tasks to queue
[2025-09-04T11:51:06.535+0000] {logging_mixin.py:188} INFO - [2025-09-04T11:51:06.534+0000] {dagbag.py:545} INFO - Filling up the DagBag from /home/airflow/.local/lib/python3.12/site-packages/airflow/example_dags/example_bash_operator.py
[2025-09-04T11:51:06.552+0000] {processor.py:840} INFO - DAG(s) 'example_bash_operator' retrieved from /home/airflow/.local/lib/python3.12/site-packages/airflow/example_dags/example_bash_operator.py
[2025-09-04T11:51:06.585+0000] {logging_mixin.py:188} INFO - [2025-09-04T11:51:06.584+0000] {dag.py:3096} INFO - Sync 1 DAGs
[2025-09-04T11:51:06.610+0000] {logging_mixin.py:188} INFO - [2025-09-04T11:51:06.610+0000] {dag.py:3954} INFO - Setting next_dagrun for example_bash_operator to 2025-09-03 00:00:00+00:00, run_after=2025-09-04 00:00:00+00:00
[2025-09-04T11:51:06.634+0000] {processor.py:183} INFO - Processing /home/airflow/.local/lib/python3.12/site-packages/airflow/example_dags/example_bash_operator.py took 0.113 seconds
[2025-09-04T11:51:36.751+0000] {processor.py:161} INFO - Started process (PID=258) to work on /home/airflow/.local/lib/python3.12/site-packages/airflow/example_dags/example_bash_operator.py
[2025-09-04T11:51:36.754+0000] {processor.py:830} INFO - Processing file /home/airflow/.local/lib/python3.12/site-packages/airflow/example_dags/example_bash_operator.py for tasks to queue
[2025-09-04T11:51:36.757+0000] {logging_mixin.py:188} INFO - [2025-09-04T11:51:36.756+0000] {dagbag.py:545} INFO - Filling up the DagBag from /home/airflow/.local/lib/python3.12/site-packages/airflow/example_dags/example_bash_operator.py
[2025-09-04T11:51:36.778+0000] {processor.py:840} INFO - DAG(s) 'example_bash_operator' retrieved from /home/airflow/.local/lib/python3.12/site-packages/airflow/example_dags/example_bash_operator.py
[2025-09-04T11:51:36.834+0000] {logging_mixin.py:188} INFO - [2025-09-04T11:51:36.834+0000] {dag.py:3096} INFO - Sync 1 DAGs
[2025-09-04T11:51:36.859+0000] {logging_mixin.py:188} INFO - [2025-09-04T11:51:36.859+0000] {dag.py:3954} INFO - Setting next_dagrun for example_bash_operator to 2025-09-03 00:00:00+00:00, run_after=2025-09-04 00:00:00+00:00
[2025-09-04T11:51:36.881+0000] {processor.py:183} INFO - Processing /home/airflow/.local/lib/python3.12/site-packages/airflow/example_dags/example_bash_operator.py took 0.137 seconds
[2025-09-04T11:52:07.533+0000] {processor.py:161} INFO - Started process (PID=316) to work on /home/airflow/.local/lib/python3.12/site-packages/airflow/example_dags/example_bash_operator.py
[2025-09-04T11:52:07.536+0000] {processor.py:830} INFO - Processing file /home/airflow/.local/lib/python3.12/site-packages/airflow/example_dags/example_bash_operator.py for tasks to queue
[2025-09-04T11:52:07.541+0000] {logging_mixin.py:188} INFO - [2025-09-04T11:52:07.540+0000] {dagbag.py:545} INFO - Filling up the DagBag from /home/airflow/.local/lib/python3.12/site-packages/airflow/example_dags/example_bash_operator.py
[2025-09-04T11:52:07.561+0000] {processor.py:840} INFO - DAG(s) 'example_bash_operator' retrieved from /home/airflow/.local/lib/python3.12/site-packages/airflow/example_dags/example_bash_operator.py
[2025-09-04T11:52:07.585+0000] {logging_mixin.py:188} INFO - [2025-09-04T11:52:07.584+0000] {dag.py:3096} INFO - Sync 1 DAGs
[2025-09-04T11:52:07.608+0000] {logging_mixin.py:188} INFO - [2025-09-04T11:52:07.607+0000] {dag.py:3954} INFO - Setting next_dagrun for example_bash_operator to 2025-09-03 00:00:00+00:00, run_after=2025-09-04 00:00:00+00:00
[2025-09-04T11:52:07.624+0000] {processor.py:183} INFO - Processing /home/airflow/.local/lib/python3.12/site-packages/airflow/example_dags/example_bash_operator.py took 0.104 seconds
[2025-09-04T11:52:37.964+0000] {processor.py:161} INFO - Started process (PID=374) to work on /home/airflow/.local/lib/python3.12/site-packages/airflow/example_dags/example_bash_operator.py
[2025-09-04T11:52:37.967+0000] {processor.py:830} INFO - Processing file /home/airflow/.local/lib/python3.12/site-packages/airflow/example_dags/example_bash_operator.py for tasks to queue
[2025-09-04T11:52:37.969+0000] {logging_mixin.py:188} INFO - [2025-09-04T11:52:37.969+0000] {dagbag.py:545} INFO - Filling up the DagBag from /home/airflow/.local/lib/python3.12/site-packages/airflow/example_dags/example_bash_operator.py
[2025-09-04T11:52:37.979+0000] {processor.py:840} INFO - DAG(s) 'example_bash_operator' retrieved from /home/airflow/.local/lib/python3.12/site-packages/airflow/example_dags/example_bash_operator.py
[2025-09-04T11:52:37.999+0000] {logging_mixin.py:188} INFO - [2025-09-04T11:52:37.999+0000] {dag.py:3096} INFO - Sync 1 DAGs
[2025-09-04T11:52:38.017+0000] {logging_mixin.py:188} INFO - [2025-09-04T11:52:38.017+0000] {dag.py:3954} INFO - Setting next_dagrun for example_bash_operator to 2025-09-03 00:00:00+00:00, run_after=2025-09-04 00:00:00+00:00
[2025-09-04T11:52:38.031+0000] {processor.py:183} INFO - Processing /home/airflow/.local/lib/python3.12/site-packages/airflow/example_dags/example_bash_operator.py took 0.076 seconds
[2025-09-04T11:53:08.135+0000] {processor.py:161} INFO - Started process (PID=432) to work on /home/airflow/.local/lib/python3.12/site-packages/airflow/example_dags/example_bash_operator.py
[2025-09-04T11:53:08.137+0000] {processor.py:830} INFO - Processing file /home/airflow/.local/lib/python3.12/site-packages/airflow/example_dags/example_bash_operator.py for tasks to queue
[2025-09-04T11:53:08.138+0000] {logging_mixin.py:188} INFO - [2025-09-04T11:53:08.138+0000] {dagbag.py:545} INFO - Filling up the DagBag from /home/airflow/.local/lib/python3.12/site-packages/airflow/example_dags/example_bash_operator.py
[2025-09-04T11:53:08.147+0000] {processor.py:840} INFO - DAG(s) 'example_bash_operator' retrieved from /home/airflow/.local/lib/python3.12/site-packages/airflow/example_dags/example_bash_operator.py
[2025-09-04T11:53:08.168+0000] {logging_mixin.py:188} INFO - [2025-09-04T11:53:08.168+0000] {dag.py:3096} INFO - Sync 1 DAGs
[2025-09-04T11:53:08.189+0000] {logging_mixin.py:188} INFO - [2025-09-04T11:53:08.189+0000] {dag.py:3954} INFO - Setting next_dagrun for example_bash_operator to 2025-09-03 00:00:00+00:00, run_after=2025-09-04 00:00:00+00:00
[2025-09-04T11:53:08.208+0000] {processor.py:183} INFO - Processing /home/airflow/.local/lib/python3.12/site-packages/airflow/example_dags/example_bash_operator.py took 0.079 seconds
[2025-09-04T11:53:38.464+0000] {processor.py:161} INFO - Started process (PID=490) to work on /home/airflow/.local/lib/python3.12/site-packages/airflow/example_dags/example_bash_operator.py
[2025-09-04T11:53:38.467+0000] {processor.py:830} INFO - Processing file /home/airflow/.local/lib/python3.12/site-packages/airflow/example_dags/example_bash_operator.py for tasks to queue
[2025-09-04T11:53:38.471+0000] {logging_mixin.py:188} INFO - [2025-09-04T11:53:38.471+0000] {dagbag.py:545} INFO - Filling up the DagBag from /home/airflow/.local/lib/python3.12/site-packages/airflow/example_dags/example_bash_operator.py
[2025-09-04T11:53:38.485+0000] {processor.py:840} INFO - DAG(s) 'example_bash_operator' retrieved from /home/airflow/.local/lib/python3.12/site-packages/airflow/example_dags/example_bash_operator.py
[2025-09-04T11:53:38.508+0000] {logging_mixin.py:188} INFO - [2025-09-04T11:53:38.508+0000] {dag.py:3096} INFO - Sync 1 DAGs
[2025-09-04T11:53:38.541+0000] {logging_mixin.py:188} INFO - [2025-09-04T11:53:38.540+0000] {dag.py:3954} INFO - Setting next_dagrun for example_bash_operator to 2025-09-03 00:00:00+00:00, run_after=2025-09-04 00:00:00+00:00
[2025-09-04T11:53:38.577+0000] {processor.py:183} INFO - Processing /home/airflow/.local/lib/python3.12/site-packages/airflow/example_dags/example_bash_operator.py took 0.125 seconds
[2025-09-04T11:54:08.743+0000] {processor.py:161} INFO - Started process (PID=548) to work on /home/airflow/.local/lib/python3.12/site-packages/airflow/example_dags/example_bash_operator.py
[2025-09-04T11:54:08.746+0000] {processor.py:830} INFO - Processing file /home/airflow/.local/lib/python3.12/site-packages/airflow/example_dags/example_bash_operator.py for tasks to queue
[2025-09-04T11:54:08.750+0000] {logging_mixin.py:188} INFO - [2025-09-04T11:54:08.749+0000] {dagbag.py:545} INFO - Filling up the DagBag from /home/airflow/.local/lib/python3.12/site-packages/airflow/example_dags/example_bash_operator.py
[2025-09-04T11:54:08.762+0000] {processor.py:840} INFO - DAG(s) 'example_bash_operator' retrieved from /home/airflow/.local/lib/python3.12/site-packages/airflow/example_dags/example_bash_operator.py
[2025-09-04T11:54:08.806+0000] {logging_mixin.py:188} INFO - [2025-09-04T11:54:08.806+0000] {dag.py:3096} INFO - Sync 1 DAGs
[2025-09-04T11:54:08.824+0000] {logging_mixin.py:188} INFO - [2025-09-04T11:54:08.824+0000] {dag.py:3954} INFO - Setting next_dagrun for example_bash_operator to 2025-09-03 00:00:00+00:00, run_after=2025-09-04 00:00:00+00:00
[2025-09-04T11:54:08.849+0000] {processor.py:183} INFO - Processing /home/airflow/.local/lib/python3.12/site-packages/airflow/example_dags/example_bash_operator.py took 0.115 seconds
[2025-09-04T11:54:39.224+0000] {processor.py:161} INFO - Started process (PID=606) to work on /home/airflow/.local/lib/python3.12/site-packages/airflow/example_dags/example_bash_operator.py
[2025-09-04T11:54:39.226+0000] {processor.py:830} INFO - Processing file /home/airflow/.local/lib/python3.12/site-packages/airflow/example_dags/example_bash_operator.py for tasks to queue
[2025-09-04T11:54:39.230+0000] {logging_mixin.py:188} INFO - [2025-09-04T11:54:39.229+0000] {dagbag.py:545} INFO - Filling up the DagBag from /home/airflow/.local/lib/python3.12/site-packages/airflow/example_dags/example_bash_operator.py
[2025-09-04T11:54:39.247+0000] {processor.py:840} INFO - DAG(s) 'example_bash_operator' retrieved from /home/airflow/.local/lib/python3.12/site-packages/airflow/example_dags/example_bash_operator.py
[2025-09-04T11:54:39.272+0000] {logging_mixin.py:188} INFO - [2025-09-04T11:54:39.272+0000] {dag.py:3096} INFO - Sync 1 DAGs
[2025-09-04T11:54:39.298+0000] {logging_mixin.py:188} INFO - [2025-09-04T11:54:39.297+0000] {dag.py:3954} INFO - Setting next_dagrun for example_bash_operator to 2025-09-03 00:00:00+00:00, run_after=2025-09-04 00:00:00+00:00
[2025-09-04T11:54:39.314+0000] {processor.py:183} INFO - Processing /home/airflow/.local/lib/python3.12/site-packages/airflow/example_dags/example_bash_operator.py took 0.102 seconds
[2025-09-04T11:55:09.689+0000] {processor.py:161} INFO - Started process (PID=664) to work on /home/airflow/.local/lib/python3.12/site-packages/airflow/example_dags/example_bash_operator.py
[2025-09-04T11:55:09.692+0000] {processor.py:830} INFO - Processing file /home/airflow/.local/lib/python3.12/site-packages/airflow/example_dags/example_bash_operator.py for tasks to queue
[2025-09-04T11:55:09.694+0000] {logging_mixin.py:188} INFO - [2025-09-04T11:55:09.694+0000] {dagbag.py:545} INFO - Filling up the DagBag from /home/airflow/.local/lib/python3.12/site-packages/airflow/example_dags/example_bash_operator.py
[2025-09-04T11:55:09.705+0000] {processor.py:840} INFO - DAG(s) 'example_bash_operator' retrieved from /home/airflow/.local/lib/python3.12/site-packages/airflow/example_dags/example_bash_operator.py
[2025-09-04T11:55:09.745+0000] {logging_mixin.py:188} INFO - [2025-09-04T11:55:09.745+0000] {dag.py:3096} INFO - Sync 1 DAGs
[2025-09-04T11:55:09.777+0000] {logging_mixin.py:188} INFO - [2025-09-04T11:55:09.777+0000] {dag.py:3954} INFO - Setting next_dagrun for example_bash_operator to 2025-09-03 00:00:00+00:00, run_after=2025-09-04 00:00:00+00:00
[2025-09-04T11:55:09.806+0000] {processor.py:183} INFO - Processing /home/airflow/.local/lib/python3.12/site-packages/airflow/example_dags/example_bash_operator.py took 0.123 seconds
[2025-09-04T11:55:40.069+0000] {processor.py:161} INFO - Started process (PID=722) to work on /home/airflow/.local/lib/python3.12/site-packages/airflow/example_dags/example_bash_operator.py
[2025-09-04T11:55:40.071+0000] {processor.py:830} INFO - Processing file /home/airflow/.local/lib/python3.12/site-packages/airflow/example_dags/example_bash_operator.py for tasks to queue
[2025-09-04T11:55:40.075+0000] {logging_mixin.py:188} INFO - [2025-09-04T11:55:40.074+0000] {dagbag.py:545} INFO - Filling up the DagBag from /home/airflow/.local/lib/python3.12/site-packages/airflow/example_dags/example_bash_operator.py
[2025-09-04T11:55:40.088+0000] {processor.py:840} INFO - DAG(s) 'example_bash_operator' retrieved from /home/airflow/.local/lib/python3.12/site-packages/airflow/example_dags/example_bash_operator.py
[2025-09-04T11:55:40.117+0000] {logging_mixin.py:188} INFO - [2025-09-04T11:55:40.116+0000] {dag.py:3096} INFO - Sync 1 DAGs
[2025-09-04T11:55:40.145+0000] {logging_mixin.py:188} INFO - [2025-09-04T11:55:40.145+0000] {dag.py:3954} INFO - Setting next_dagrun for example_bash_operator to 2025-09-03 00:00:00+00:00, run_after=2025-09-04 00:00:00+00:00
[2025-09-04T11:55:40.168+0000] {processor.py:183} INFO - Processing /home/airflow/.local/lib/python3.12/site-packages/airflow/example_dags/example_bash_operator.py took 0.106 seconds
[2025-09-04T11:56:10.499+0000] {processor.py:161} INFO - Started process (PID=780) to work on /home/airflow/.local/lib/python3.12/site-packages/airflow/example_dags/example_bash_operator.py
[2025-09-04T11:56:10.500+0000] {processor.py:830} INFO - Processing file /home/airflow/.local/lib/python3.12/site-packages/airflow/example_dags/example_bash_operator.py for tasks to queue
[2025-09-04T11:56:10.503+0000] {logging_mixin.py:188} INFO - [2025-09-04T11:56:10.502+0000] {dagbag.py:545} INFO - Filling up the DagBag from /home/airflow/.local/lib/python3.12/site-packages/airflow/example_dags/example_bash_operator.py
[2025-09-04T11:56:10.514+0000] {processor.py:840} INFO - DAG(s) 'example_bash_operator' retrieved from /home/airflow/.local/lib/python3.12/site-packages/airflow/example_dags/example_bash_operator.py
[2025-09-04T11:56:10.545+0000] {logging_mixin.py:188} INFO - [2025-09-04T11:56:10.544+0000] {dag.py:3096} INFO - Sync 1 DAGs
[2025-09-04T11:56:10.570+0000] {logging_mixin.py:188} INFO - [2025-09-04T11:56:10.570+0000] {dag.py:3954} INFO - Setting next_dagrun for example_bash_operator to 2025-09-03 00:00:00+00:00, run_after=2025-09-04 00:00:00+00:00
[2025-09-04T11:56:10.595+0000] {processor.py:183} INFO - Processing /home/airflow/.local/lib/python3.12/site-packages/airflow/example_dags/example_bash_operator.py took 0.102 seconds
[2025-09-04T11:56:41.041+0000] {processor.py:161} INFO - Started process (PID=838) to work on /home/airflow/.local/lib/python3.12/site-packages/airflow/example_dags/example_bash_operator.py
[2025-09-04T11:56:41.051+0000] {processor.py:830} INFO - Processing file /home/airflow/.local/lib/python3.12/site-packages/airflow/example_dags/example_bash_operator.py for tasks to queue
[2025-09-04T11:56:41.055+0000] {logging_mixin.py:188} INFO - [2025-09-04T11:56:41.054+0000] {dagbag.py:545} INFO - Filling up the DagBag from /home/airflow/.local/lib/python3.12/site-packages/airflow/example_dags/example_bash_operator.py
[2025-09-04T11:56:41.086+0000] {processor.py:840} INFO - DAG(s) 'example_bash_operator' retrieved from /home/airflow/.local/lib/python3.12/site-packages/airflow/example_dags/example_bash_operator.py
[2025-09-04T11:56:41.122+0000] {logging_mixin.py:188} INFO - [2025-09-04T11:56:41.122+0000] {dag.py:3096} INFO - Sync 1 DAGs
[2025-09-04T11:56:41.162+0000] {logging_mixin.py:188} INFO - [2025-09-04T11:56:41.161+0000] {dag.py:3954} INFO - Setting next_dagrun for example_bash_operator to 2025-09-03 00:00:00+00:00, run_after=2025-09-04 00:00:00+00:00
[2025-09-04T11:56:41.203+0000] {processor.py:183} INFO - Processing /home/airflow/.local/lib/python3.12/site-packages/airflow/example_dags/example_bash_operator.py took 0.176 seconds
[2025-09-04T11:57:11.330+0000] {processor.py:161} INFO - Started process (PID=896) to work on /home/airflow/.local/lib/python3.12/site-packages/airflow/example_dags/example_bash_operator.py
[2025-09-04T11:57:11.332+0000] {processor.py:830} INFO - Processing file /home/airflow/.local/lib/python3.12/site-packages/airflow/example_dags/example_bash_operator.py for tasks to queue
[2025-09-04T11:57:11.335+0000] {logging_mixin.py:188} INFO - [2025-09-04T11:57:11.335+0000] {dagbag.py:545} INFO - Filling up the DagBag from /home/airflow/.local/lib/python3.12/site-packages/airflow/example_dags/example_bash_operator.py
[2025-09-04T11:57:11.344+0000] {processor.py:840} INFO - DAG(s) 'example_bash_operator' retrieved from /home/airflow/.local/lib/python3.12/site-packages/airflow/example_dags/example_bash_operator.py
[2025-09-04T11:57:11.367+0000] {logging_mixin.py:188} INFO - [2025-09-04T11:57:11.366+0000] {dag.py:3096} INFO - Sync 1 DAGs
[2025-09-04T11:57:11.390+0000] {logging_mixin.py:188} INFO - [2025-09-04T11:57:11.389+0000] {dag.py:3954} INFO - Setting next_dagrun for example_bash_operator to 2025-09-03 00:00:00+00:00, run_after=2025-09-04 00:00:00+00:00
[2025-09-04T11:57:11.419+0000] {processor.py:183} INFO - Processing /home/airflow/.local/lib/python3.12/site-packages/airflow/example_dags/example_bash_operator.py took 0.097 seconds
[2025-09-04T11:57:41.638+0000] {processor.py:161} INFO - Started process (PID=954) to work on /home/airflow/.local/lib/python3.12/site-packages/airflow/example_dags/example_bash_operator.py
[2025-09-04T11:57:41.640+0000] {processor.py:830} INFO - Processing file /home/airflow/.local/lib/python3.12/site-packages/airflow/example_dags/example_bash_operator.py for tasks to queue
[2025-09-04T11:57:41.643+0000] {logging_mixin.py:188} INFO - [2025-09-04T11:57:41.643+0000] {dagbag.py:545} INFO - Filling up the DagBag from /home/airflow/.local/lib/python3.12/site-packages/airflow/example_dags/example_bash_operator.py
[2025-09-04T11:57:41.661+0000] {processor.py:840} INFO - DAG(s) 'example_bash_operator' retrieved from /home/airflow/.local/lib/python3.12/site-packages/airflow/example_dags/example_bash_operator.py
[2025-09-04T11:57:41.696+0000] {logging_mixin.py:188} INFO - [2025-09-04T11:57:41.696+0000] {dag.py:3096} INFO - Sync 1 DAGs
[2025-09-04T11:57:41.723+0000] {logging_mixin.py:188} INFO - [2025-09-04T11:57:41.723+0000] {dag.py:3954} INFO - Setting next_dagrun for example_bash_operator to 2025-09-03 00:00:00+00:00, run_after=2025-09-04 00:00:00+00:00
[2025-09-04T11:57:41.755+0000] {processor.py:183} INFO - Processing /home/airflow/.local/lib/python3.12/site-packages/airflow/example_dags/example_bash_operator.py took 0.127 seconds
[2025-09-04T11:58:11.932+0000] {processor.py:161} INFO - Started process (PID=1013) to work on /home/airflow/.local/lib/python3.12/site-packages/airflow/example_dags/example_bash_operator.py
[2025-09-04T11:58:11.933+0000] {processor.py:830} INFO - Processing file /home/airflow/.local/lib/python3.12/site-packages/airflow/example_dags/example_bash_operator.py for tasks to queue
[2025-09-04T11:58:11.935+0000] {logging_mixin.py:188} INFO - [2025-09-04T11:58:11.935+0000] {dagbag.py:545} INFO - Filling up the DagBag from /home/airflow/.local/lib/python3.12/site-packages/airflow/example_dags/example_bash_operator.py
[2025-09-04T11:58:11.947+0000] {processor.py:840} INFO - DAG(s) 'example_bash_operator' retrieved from /home/airflow/.local/lib/python3.12/site-packages/airflow/example_dags/example_bash_operator.py
[2025-09-04T11:58:11.977+0000] {logging_mixin.py:188} INFO - [2025-09-04T11:58:11.976+0000] {dag.py:3096} INFO - Sync 1 DAGs
[2025-09-04T11:58:12.004+0000] {logging_mixin.py:188} INFO - [2025-09-04T11:58:12.003+0000] {dag.py:3954} INFO - Setting next_dagrun for example_bash_operator to 2025-09-03 00:00:00+00:00, run_after=2025-09-04 00:00:00+00:00
[2025-09-04T11:58:12.030+0000] {processor.py:183} INFO - Processing /home/airflow/.local/lib/python3.12/site-packages/airflow/example_dags/example_bash_operator.py took 0.105 seconds
[2025-09-04T11:58:42.906+0000] {processor.py:161} INFO - Started process (PID=1071) to work on /home/airflow/.local/lib/python3.12/site-packages/airflow/example_dags/example_bash_operator.py
[2025-09-04T11:58:42.907+0000] {processor.py:830} INFO - Processing file /home/airflow/.local/lib/python3.12/site-packages/airflow/example_dags/example_bash_operator.py for tasks to queue
[2025-09-04T11:58:42.909+0000] {logging_mixin.py:188} INFO - [2025-09-04T11:58:42.909+0000] {dagbag.py:545} INFO - Filling up the DagBag from /home/airflow/.local/lib/python3.12/site-packages/airflow/example_dags/example_bash_operator.py
[2025-09-04T11:58:42.921+0000] {processor.py:840} INFO - DAG(s) 'example_bash_operator' retrieved from /home/airflow/.local/lib/python3.12/site-packages/airflow/example_dags/example_bash_operator.py
[2025-09-04T11:58:42.950+0000] {logging_mixin.py:188} INFO - [2025-09-04T11:58:42.950+0000] {dag.py:3096} INFO - Sync 1 DAGs
[2025-09-04T11:58:42.971+0000] {logging_mixin.py:188} INFO - [2025-09-04T11:58:42.971+0000] {dag.py:3954} INFO - Setting next_dagrun for example_bash_operator to 2025-09-03 00:00:00+00:00, run_after=2025-09-04 00:00:00+00:00
[2025-09-04T11:58:42.991+0000] {processor.py:183} INFO - Processing /home/airflow/.local/lib/python3.12/site-packages/airflow/example_dags/example_bash_operator.py took 0.091 seconds
[2025-09-04T11:59:13.678+0000] {processor.py:161} INFO - Started process (PID=1129) to work on /home/airflow/.local/lib/python3.12/site-packages/airflow/example_dags/example_bash_operator.py
[2025-09-04T11:59:13.681+0000] {processor.py:830} INFO - Processing file /home/airflow/.local/lib/python3.12/site-packages/airflow/example_dags/example_bash_operator.py for tasks to queue
[2025-09-04T11:59:13.684+0000] {logging_mixin.py:188} INFO - [2025-09-04T11:59:13.683+0000] {dagbag.py:545} INFO - Filling up the DagBag from /home/airflow/.local/lib/python3.12/site-packages/airflow/example_dags/example_bash_operator.py
[2025-09-04T11:59:13.699+0000] {processor.py:840} INFO - DAG(s) 'example_bash_operator' retrieved from /home/airflow/.local/lib/python3.12/site-packages/airflow/example_dags/example_bash_operator.py
[2025-09-04T11:59:13.736+0000] {logging_mixin.py:188} INFO - [2025-09-04T11:59:13.735+0000] {dag.py:3096} INFO - Sync 1 DAGs
[2025-09-04T11:59:13.761+0000] {logging_mixin.py:188} INFO - [2025-09-04T11:59:13.761+0000] {dag.py:3954} INFO - Setting next_dagrun for example_bash_operator to 2025-09-03 00:00:00+00:00, run_after=2025-09-04 00:00:00+00:00
[2025-09-04T11:59:13.781+0000] {processor.py:183} INFO - Processing /home/airflow/.local/lib/python3.12/site-packages/airflow/example_dags/example_bash_operator.py took 0.119 seconds
[2025-09-04T11:59:43.907+0000] {processor.py:161} INFO - Started process (PID=1187) to work on /home/airflow/.local/lib/python3.12/site-packages/airflow/example_dags/example_bash_operator.py
[2025-09-04T11:59:43.909+0000] {processor.py:830} INFO - Processing file /home/airflow/.local/lib/python3.12/site-packages/airflow/example_dags/example_bash_operator.py for tasks to queue
[2025-09-04T11:59:43.912+0000] {logging_mixin.py:188} INFO - [2025-09-04T11:59:43.911+0000] {dagbag.py:545} INFO - Filling up the DagBag from /home/airflow/.local/lib/python3.12/site-packages/airflow/example_dags/example_bash_operator.py
[2025-09-04T11:59:43.928+0000] {processor.py:840} INFO - DAG(s) 'example_bash_operator' retrieved from /home/airflow/.local/lib/python3.12/site-packages/airflow/example_dags/example_bash_operator.py
[2025-09-04T11:59:43.957+0000] {logging_mixin.py:188} INFO - [2025-09-04T11:59:43.957+0000] {dag.py:3096} INFO - Sync 1 DAGs
[2025-09-04T11:59:43.974+0000] {logging_mixin.py:188} INFO - [2025-09-04T11:59:43.973+0000] {dag.py:3954} INFO - Setting next_dagrun for example_bash_operator to 2025-09-03 00:00:00+00:00, run_after=2025-09-04 00:00:00+00:00
[2025-09-04T11:59:43.994+0000] {processor.py:183} INFO - Processing /home/airflow/.local/lib/python3.12/site-packages/airflow/example_dags/example_bash_operator.py took 0.093 seconds
[2025-09-04T12:01:32.462+0000] {processor.py:161} INFO - Started process (PID=73) to work on /home/airflow/.local/lib/python3.12/site-packages/airflow/example_dags/example_bash_operator.py
[2025-09-04T12:01:32.463+0000] {processor.py:830} INFO - Processing file /home/airflow/.local/lib/python3.12/site-packages/airflow/example_dags/example_bash_operator.py for tasks to queue
[2025-09-04T12:01:32.465+0000] {logging_mixin.py:188} INFO - [2025-09-04T12:01:32.465+0000] {dagbag.py:545} INFO - Filling up the DagBag from /home/airflow/.local/lib/python3.12/site-packages/airflow/example_dags/example_bash_operator.py
[2025-09-04T12:01:32.481+0000] {processor.py:840} INFO - DAG(s) 'example_bash_operator' retrieved from /home/airflow/.local/lib/python3.12/site-packages/airflow/example_dags/example_bash_operator.py
[2025-09-04T12:01:32.648+0000] {logging_mixin.py:188} INFO - [2025-09-04T12:01:32.648+0000] {dag.py:3096} INFO - Sync 1 DAGs
[2025-09-04T12:01:32.672+0000] {logging_mixin.py:188} INFO - [2025-09-04T12:01:32.672+0000] {dag.py:3954} INFO - Setting next_dagrun for example_bash_operator to 2025-09-03 00:00:00+00:00, run_after=2025-09-04 00:00:00+00:00
[2025-09-04T12:01:32.699+0000] {processor.py:183} INFO - Processing /home/airflow/.local/lib/python3.12/site-packages/airflow/example_dags/example_bash_operator.py took 0.243 seconds
[2025-09-04T12:02:02.788+0000] {processor.py:161} INFO - Started process (PID=131) to work on /home/airflow/.local/lib/python3.12/site-packages/airflow/example_dags/example_bash_operator.py
[2025-09-04T12:02:02.790+0000] {processor.py:830} INFO - Processing file /home/airflow/.local/lib/python3.12/site-packages/airflow/example_dags/example_bash_operator.py for tasks to queue
[2025-09-04T12:02:02.793+0000] {logging_mixin.py:188} INFO - [2025-09-04T12:02:02.792+0000] {dagbag.py:545} INFO - Filling up the DagBag from /home/airflow/.local/lib/python3.12/site-packages/airflow/example_dags/example_bash_operator.py
[2025-09-04T12:02:02.806+0000] {processor.py:840} INFO - DAG(s) 'example_bash_operator' retrieved from /home/airflow/.local/lib/python3.12/site-packages/airflow/example_dags/example_bash_operator.py
[2025-09-04T12:02:02.831+0000] {logging_mixin.py:188} INFO - [2025-09-04T12:02:02.831+0000] {dag.py:3096} INFO - Sync 1 DAGs
[2025-09-04T12:02:02.857+0000] {logging_mixin.py:188} INFO - [2025-09-04T12:02:02.857+0000] {dag.py:3954} INFO - Setting next_dagrun for example_bash_operator to 2025-09-03 00:00:00+00:00, run_after=2025-09-04 00:00:00+00:00
[2025-09-04T12:02:02.886+0000] {processor.py:183} INFO - Processing /home/airflow/.local/lib/python3.12/site-packages/airflow/example_dags/example_bash_operator.py took 0.104 seconds
[2025-09-04T12:02:33.856+0000] {processor.py:161} INFO - Started process (PID=195) to work on /home/airflow/.local/lib/python3.12/site-packages/airflow/example_dags/example_bash_operator.py
[2025-09-04T12:02:33.858+0000] {processor.py:830} INFO - Processing file /home/airflow/.local/lib/python3.12/site-packages/airflow/example_dags/example_bash_operator.py for tasks to queue
[2025-09-04T12:02:33.861+0000] {logging_mixin.py:188} INFO - [2025-09-04T12:02:33.860+0000] {dagbag.py:545} INFO - Filling up the DagBag from /home/airflow/.local/lib/python3.12/site-packages/airflow/example_dags/example_bash_operator.py
[2025-09-04T12:02:33.883+0000] {processor.py:840} INFO - DAG(s) 'example_bash_operator' retrieved from /home/airflow/.local/lib/python3.12/site-packages/airflow/example_dags/example_bash_operator.py
[2025-09-04T12:02:33.917+0000] {logging_mixin.py:188} INFO - [2025-09-04T12:02:33.917+0000] {dag.py:3096} INFO - Sync 1 DAGs
[2025-09-04T12:02:33.941+0000] {logging_mixin.py:188} INFO - [2025-09-04T12:02:33.941+0000] {dag.py:3954} INFO - Setting next_dagrun for example_bash_operator to 2025-09-03 00:00:00+00:00, run_after=2025-09-04 00:00:00+00:00
[2025-09-04T12:02:33.961+0000] {processor.py:183} INFO - Processing /home/airflow/.local/lib/python3.12/site-packages/airflow/example_dags/example_bash_operator.py took 0.113 seconds
[2025-09-04T12:03:05.011+0000] {processor.py:161} INFO - Started process (PID=253) to work on /home/airflow/.local/lib/python3.12/site-packages/airflow/example_dags/example_bash_operator.py
[2025-09-04T12:03:05.014+0000] {processor.py:830} INFO - Processing file /home/airflow/.local/lib/python3.12/site-packages/airflow/example_dags/example_bash_operator.py for tasks to queue
[2025-09-04T12:03:05.020+0000] {logging_mixin.py:188} INFO - [2025-09-04T12:03:05.019+0000] {dagbag.py:545} INFO - Filling up the DagBag from /home/airflow/.local/lib/python3.12/site-packages/airflow/example_dags/example_bash_operator.py
[2025-09-04T12:03:05.041+0000] {processor.py:840} INFO - DAG(s) 'example_bash_operator' retrieved from /home/airflow/.local/lib/python3.12/site-packages/airflow/example_dags/example_bash_operator.py
[2025-09-04T12:03:05.086+0000] {logging_mixin.py:188} INFO - [2025-09-04T12:03:05.085+0000] {dag.py:3096} INFO - Sync 1 DAGs
[2025-09-04T12:03:05.109+0000] {logging_mixin.py:188} INFO - [2025-09-04T12:03:05.109+0000] {dag.py:3954} INFO - Setting next_dagrun for example_bash_operator to 2025-09-03 00:00:00+00:00, run_after=2025-09-04 00:00:00+00:00
[2025-09-04T12:03:05.130+0000] {processor.py:183} INFO - Processing /home/airflow/.local/lib/python3.12/site-packages/airflow/example_dags/example_bash_operator.py took 0.135 seconds
[2025-09-04T12:03:35.386+0000] {processor.py:161} INFO - Started process (PID=311) to work on /home/airflow/.local/lib/python3.12/site-packages/airflow/example_dags/example_bash_operator.py
[2025-09-04T12:03:35.387+0000] {processor.py:830} INFO - Processing file /home/airflow/.local/lib/python3.12/site-packages/airflow/example_dags/example_bash_operator.py for tasks to queue
[2025-09-04T12:03:35.389+0000] {logging_mixin.py:188} INFO - [2025-09-04T12:03:35.389+0000] {dagbag.py:545} INFO - Filling up the DagBag from /home/airflow/.local/lib/python3.12/site-packages/airflow/example_dags/example_bash_operator.py
[2025-09-04T12:03:35.397+0000] {processor.py:840} INFO - DAG(s) 'example_bash_operator' retrieved from /home/airflow/.local/lib/python3.12/site-packages/airflow/example_dags/example_bash_operator.py
[2025-09-04T12:03:35.417+0000] {logging_mixin.py:188} INFO - [2025-09-04T12:03:35.417+0000] {dag.py:3096} INFO - Sync 1 DAGs
[2025-09-04T12:03:35.433+0000] {logging_mixin.py:188} INFO - [2025-09-04T12:03:35.433+0000] {dag.py:3954} INFO - Setting next_dagrun for example_bash_operator to 2025-09-03 00:00:00+00:00, run_after=2025-09-04 00:00:00+00:00
[2025-09-04T12:03:35.447+0000] {processor.py:183} INFO - Processing /home/airflow/.local/lib/python3.12/site-packages/airflow/example_dags/example_bash_operator.py took 0.067 seconds
[2025-09-04T12:04:06.319+0000] {processor.py:161} INFO - Started process (PID=369) to work on /home/airflow/.local/lib/python3.12/site-packages/airflow/example_dags/example_bash_operator.py
[2025-09-04T12:04:06.322+0000] {processor.py:830} INFO - Processing file /home/airflow/.local/lib/python3.12/site-packages/airflow/example_dags/example_bash_operator.py for tasks to queue
[2025-09-04T12:04:06.327+0000] {logging_mixin.py:188} INFO - [2025-09-04T12:04:06.326+0000] {dagbag.py:545} INFO - Filling up the DagBag from /home/airflow/.local/lib/python3.12/site-packages/airflow/example_dags/example_bash_operator.py
[2025-09-04T12:04:06.355+0000] {processor.py:840} INFO - DAG(s) 'example_bash_operator' retrieved from /home/airflow/.local/lib/python3.12/site-packages/airflow/example_dags/example_bash_operator.py
[2025-09-04T12:04:06.405+0000] {logging_mixin.py:188} INFO - [2025-09-04T12:04:06.405+0000] {dag.py:3096} INFO - Sync 1 DAGs
[2025-09-04T12:04:06.434+0000] {logging_mixin.py:188} INFO - [2025-09-04T12:04:06.434+0000] {dag.py:3954} INFO - Setting next_dagrun for example_bash_operator to 2025-09-03 00:00:00+00:00, run_after=2025-09-04 00:00:00+00:00
[2025-09-04T12:04:06.468+0000] {processor.py:183} INFO - Processing /home/airflow/.local/lib/python3.12/site-packages/airflow/example_dags/example_bash_operator.py took 0.161 seconds
[2025-09-04T12:04:36.614+0000] {processor.py:161} INFO - Started process (PID=427) to work on /home/airflow/.local/lib/python3.12/site-packages/airflow/example_dags/example_bash_operator.py
[2025-09-04T12:04:36.615+0000] {processor.py:830} INFO - Processing file /home/airflow/.local/lib/python3.12/site-packages/airflow/example_dags/example_bash_operator.py for tasks to queue
[2025-09-04T12:04:36.616+0000] {logging_mixin.py:188} INFO - [2025-09-04T12:04:36.616+0000] {dagbag.py:545} INFO - Filling up the DagBag from /home/airflow/.local/lib/python3.12/site-packages/airflow/example_dags/example_bash_operator.py
[2025-09-04T12:04:36.626+0000] {processor.py:840} INFO - DAG(s) 'example_bash_operator' retrieved from /home/airflow/.local/lib/python3.12/site-packages/airflow/example_dags/example_bash_operator.py
[2025-09-04T12:04:36.651+0000] {logging_mixin.py:188} INFO - [2025-09-04T12:04:36.651+0000] {dag.py:3096} INFO - Sync 1 DAGs
[2025-09-04T12:04:36.676+0000] {logging_mixin.py:188} INFO - [2025-09-04T12:04:36.676+0000] {dag.py:3954} INFO - Setting next_dagrun for example_bash_operator to 2025-09-03 00:00:00+00:00, run_after=2025-09-04 00:00:00+00:00
[2025-09-04T12:04:36.711+0000] {processor.py:183} INFO - Processing /home/airflow/.local/lib/python3.12/site-packages/airflow/example_dags/example_bash_operator.py took 0.101 seconds
[2025-09-04T12:05:07.183+0000] {processor.py:161} INFO - Started process (PID=485) to work on /home/airflow/.local/lib/python3.12/site-packages/airflow/example_dags/example_bash_operator.py
[2025-09-04T12:05:07.186+0000] {processor.py:830} INFO - Processing file /home/airflow/.local/lib/python3.12/site-packages/airflow/example_dags/example_bash_operator.py for tasks to queue
[2025-09-04T12:05:07.191+0000] {logging_mixin.py:188} INFO - [2025-09-04T12:05:07.190+0000] {dagbag.py:545} INFO - Filling up the DagBag from /home/airflow/.local/lib/python3.12/site-packages/airflow/example_dags/example_bash_operator.py
[2025-09-04T12:05:07.211+0000] {processor.py:840} INFO - DAG(s) 'example_bash_operator' retrieved from /home/airflow/.local/lib/python3.12/site-packages/airflow/example_dags/example_bash_operator.py
[2025-09-04T12:05:07.256+0000] {logging_mixin.py:188} INFO - [2025-09-04T12:05:07.256+0000] {dag.py:3096} INFO - Sync 1 DAGs
[2025-09-04T12:05:07.277+0000] {logging_mixin.py:188} INFO - [2025-09-04T12:05:07.277+0000] {dag.py:3954} INFO - Setting next_dagrun for example_bash_operator to 2025-09-03 00:00:00+00:00, run_after=2025-09-04 00:00:00+00:00
[2025-09-04T12:05:07.302+0000] {processor.py:183} INFO - Processing /home/airflow/.local/lib/python3.12/site-packages/airflow/example_dags/example_bash_operator.py took 0.130 seconds
[2025-09-04T12:05:37.458+0000] {processor.py:161} INFO - Started process (PID=543) to work on /home/airflow/.local/lib/python3.12/site-packages/airflow/example_dags/example_bash_operator.py
[2025-09-04T12:05:37.460+0000] {processor.py:830} INFO - Processing file /home/airflow/.local/lib/python3.12/site-packages/airflow/example_dags/example_bash_operator.py for tasks to queue
[2025-09-04T12:05:37.465+0000] {logging_mixin.py:188} INFO - [2025-09-04T12:05:37.464+0000] {dagbag.py:545} INFO - Filling up the DagBag from /home/airflow/.local/lib/python3.12/site-packages/airflow/example_dags/example_bash_operator.py
[2025-09-04T12:05:37.487+0000] {processor.py:840} INFO - DAG(s) 'example_bash_operator' retrieved from /home/airflow/.local/lib/python3.12/site-packages/airflow/example_dags/example_bash_operator.py
[2025-09-04T12:05:37.534+0000] {logging_mixin.py:188} INFO - [2025-09-04T12:05:37.534+0000] {dag.py:3096} INFO - Sync 1 DAGs
[2025-09-04T12:05:37.556+0000] {logging_mixin.py:188} INFO - [2025-09-04T12:05:37.556+0000] {dag.py:3954} INFO - Setting next_dagrun for example_bash_operator to 2025-09-03 00:00:00+00:00, run_after=2025-09-04 00:00:00+00:00
[2025-09-04T12:05:37.577+0000] {processor.py:183} INFO - Processing /home/airflow/.local/lib/python3.12/site-packages/airflow/example_dags/example_bash_operator.py took 0.131 seconds
[2025-09-04T12:06:35.868+0000] {processor.py:161} INFO - Started process (PID=79) to work on /home/airflow/.local/lib/python3.12/site-packages/airflow/example_dags/example_bash_operator.py
[2025-09-04T12:06:35.879+0000] {processor.py:830} INFO - Processing file /home/airflow/.local/lib/python3.12/site-packages/airflow/example_dags/example_bash_operator.py for tasks to queue
[2025-09-04T12:06:35.891+0000] {logging_mixin.py:188} INFO - [2025-09-04T12:06:35.890+0000] {dagbag.py:545} INFO - Filling up the DagBag from /home/airflow/.local/lib/python3.12/site-packages/airflow/example_dags/example_bash_operator.py
[2025-09-04T12:06:35.926+0000] {processor.py:840} INFO - DAG(s) 'example_bash_operator' retrieved from /home/airflow/.local/lib/python3.12/site-packages/airflow/example_dags/example_bash_operator.py
[2025-09-04T12:06:35.948+0000] {logging_mixin.py:188} INFO - [2025-09-04T12:06:35.947+0000] {dag.py:3096} INFO - Sync 1 DAGs
[2025-09-04T12:06:35.970+0000] {logging_mixin.py:188} INFO - [2025-09-04T12:06:35.970+0000] {dag.py:3954} INFO - Setting next_dagrun for example_bash_operator to 2025-09-03 00:00:00+00:00, run_after=2025-09-04 00:00:00+00:00
[2025-09-04T12:06:35.986+0000] {processor.py:183} INFO - Processing /home/airflow/.local/lib/python3.12/site-packages/airflow/example_dags/example_bash_operator.py took 0.129 seconds
[2025-09-04T12:07:07.706+0000] {processor.py:161} INFO - Started process (PID=137) to work on /home/airflow/.local/lib/python3.12/site-packages/airflow/example_dags/example_bash_operator.py
[2025-09-04T12:07:07.709+0000] {processor.py:830} INFO - Processing file /home/airflow/.local/lib/python3.12/site-packages/airflow/example_dags/example_bash_operator.py for tasks to queue
[2025-09-04T12:07:07.714+0000] {logging_mixin.py:188} INFO - [2025-09-04T12:07:07.714+0000] {dagbag.py:545} INFO - Filling up the DagBag from /home/airflow/.local/lib/python3.12/site-packages/airflow/example_dags/example_bash_operator.py
[2025-09-04T12:07:07.731+0000] {processor.py:840} INFO - DAG(s) 'example_bash_operator' retrieved from /home/airflow/.local/lib/python3.12/site-packages/airflow/example_dags/example_bash_operator.py
[2025-09-04T12:07:07.824+0000] {logging_mixin.py:188} INFO - [2025-09-04T12:07:07.824+0000] {dag.py:3096} INFO - Sync 1 DAGs
[2025-09-04T12:07:07.855+0000] {logging_mixin.py:188} INFO - [2025-09-04T12:07:07.853+0000] {dag.py:3954} INFO - Setting next_dagrun for example_bash_operator to 2025-09-03 00:00:00+00:00, run_after=2025-09-04 00:00:00+00:00
[2025-09-04T12:07:07.899+0000] {processor.py:183} INFO - Processing /home/airflow/.local/lib/python3.12/site-packages/airflow/example_dags/example_bash_operator.py took 0.204 seconds
[2025-09-04T12:07:38.843+0000] {processor.py:161} INFO - Started process (PID=201) to work on /home/airflow/.local/lib/python3.12/site-packages/airflow/example_dags/example_bash_operator.py
[2025-09-04T12:07:38.844+0000] {processor.py:830} INFO - Processing file /home/airflow/.local/lib/python3.12/site-packages/airflow/example_dags/example_bash_operator.py for tasks to queue
[2025-09-04T12:07:38.847+0000] {logging_mixin.py:188} INFO - [2025-09-04T12:07:38.846+0000] {dagbag.py:545} INFO - Filling up the DagBag from /home/airflow/.local/lib/python3.12/site-packages/airflow/example_dags/example_bash_operator.py
[2025-09-04T12:07:38.857+0000] {processor.py:840} INFO - DAG(s) 'example_bash_operator' retrieved from /home/airflow/.local/lib/python3.12/site-packages/airflow/example_dags/example_bash_operator.py
[2025-09-04T12:07:38.880+0000] {logging_mixin.py:188} INFO - [2025-09-04T12:07:38.880+0000] {dag.py:3096} INFO - Sync 1 DAGs
[2025-09-04T12:07:38.899+0000] {logging_mixin.py:188} INFO - [2025-09-04T12:07:38.899+0000] {dag.py:3954} INFO - Setting next_dagrun for example_bash_operator to 2025-09-03 00:00:00+00:00, run_after=2025-09-04 00:00:00+00:00
[2025-09-04T12:07:38.917+0000] {processor.py:183} INFO - Processing /home/airflow/.local/lib/python3.12/site-packages/airflow/example_dags/example_bash_operator.py took 0.080 seconds
[2025-09-04T12:08:09.490+0000] {processor.py:161} INFO - Started process (PID=259) to work on /home/airflow/.local/lib/python3.12/site-packages/airflow/example_dags/example_bash_operator.py
[2025-09-04T12:08:09.492+0000] {processor.py:830} INFO - Processing file /home/airflow/.local/lib/python3.12/site-packages/airflow/example_dags/example_bash_operator.py for tasks to queue
[2025-09-04T12:08:09.496+0000] {logging_mixin.py:188} INFO - [2025-09-04T12:08:09.496+0000] {dagbag.py:545} INFO - Filling up the DagBag from /home/airflow/.local/lib/python3.12/site-packages/airflow/example_dags/example_bash_operator.py
[2025-09-04T12:08:09.508+0000] {processor.py:840} INFO - DAG(s) 'example_bash_operator' retrieved from /home/airflow/.local/lib/python3.12/site-packages/airflow/example_dags/example_bash_operator.py
[2025-09-04T12:08:09.533+0000] {logging_mixin.py:188} INFO - [2025-09-04T12:08:09.532+0000] {dag.py:3096} INFO - Sync 1 DAGs
[2025-09-04T12:08:09.551+0000] {logging_mixin.py:188} INFO - [2025-09-04T12:08:09.550+0000] {dag.py:3954} INFO - Setting next_dagrun for example_bash_operator to 2025-09-03 00:00:00+00:00, run_after=2025-09-04 00:00:00+00:00
[2025-09-04T12:08:09.565+0000] {processor.py:183} INFO - Processing /home/airflow/.local/lib/python3.12/site-packages/airflow/example_dags/example_bash_operator.py took 0.083 seconds
[2025-09-04T12:08:40.585+0000] {processor.py:161} INFO - Started process (PID=317) to work on /home/airflow/.local/lib/python3.12/site-packages/airflow/example_dags/example_bash_operator.py
[2025-09-04T12:08:40.586+0000] {processor.py:830} INFO - Processing file /home/airflow/.local/lib/python3.12/site-packages/airflow/example_dags/example_bash_operator.py for tasks to queue
[2025-09-04T12:08:40.588+0000] {logging_mixin.py:188} INFO - [2025-09-04T12:08:40.588+0000] {dagbag.py:545} INFO - Filling up the DagBag from /home/airflow/.local/lib/python3.12/site-packages/airflow/example_dags/example_bash_operator.py
[2025-09-04T12:08:40.601+0000] {processor.py:840} INFO - DAG(s) 'example_bash_operator' retrieved from /home/airflow/.local/lib/python3.12/site-packages/airflow/example_dags/example_bash_operator.py
[2025-09-04T12:08:40.650+0000] {logging_mixin.py:188} INFO - [2025-09-04T12:08:40.650+0000] {dag.py:3096} INFO - Sync 1 DAGs
[2025-09-04T12:08:40.677+0000] {logging_mixin.py:188} INFO - [2025-09-04T12:08:40.677+0000] {dag.py:3954} INFO - Setting next_dagrun for example_bash_operator to 2025-09-03 00:00:00+00:00, run_after=2025-09-04 00:00:00+00:00
[2025-09-04T12:08:40.704+0000] {processor.py:183} INFO - Processing /home/airflow/.local/lib/python3.12/site-packages/airflow/example_dags/example_bash_operator.py took 0.125 seconds
