[2025-09-04T11:50:04.135+0000] {processor.py:161} INFO - Started process (PID=80) to work on /home/airflow/.local/lib/python3.12/site-packages/airflow/example_dags/example_skip_dag.py
[2025-09-04T11:50:04.137+0000] {processor.py:830} INFO - Processing file /home/airflow/.local/lib/python3.12/site-packages/airflow/example_dags/example_skip_dag.py for tasks to queue
[2025-09-04T11:50:04.140+0000] {logging_mixin.py:188} INFO - [2025-09-04T11:50:04.139+0000] {dagbag.py:545} INFO - Filling up the DagBag from /home/airflow/.local/lib/python3.12/site-packages/airflow/example_dags/example_skip_dag.py
[2025-09-04T11:50:04.149+0000] {processor.py:840} INFO - DAG(s) 'example_skip_dag' retrieved from /home/airflow/.local/lib/python3.12/site-packages/airflow/example_dags/example_skip_dag.py
[2025-09-04T11:50:04.251+0000] {logging_mixin.py:188} INFO - [2025-09-04T11:50:04.249+0000] {override.py:1829} INFO - Created Permission View: can edit on DAG:example_skip_dag
[2025-09-04T11:50:04.262+0000] {logging_mixin.py:188} INFO - [2025-09-04T11:50:04.261+0000] {override.py:1829} INFO - Created Permission View: can read on DAG:example_skip_dag
[2025-09-04T11:50:04.271+0000] {logging_mixin.py:188} INFO - [2025-09-04T11:50:04.270+0000] {override.py:1829} INFO - Created Permission View: can delete on DAG:example_skip_dag
[2025-09-04T11:50:04.272+0000] {logging_mixin.py:188} INFO - [2025-09-04T11:50:04.271+0000] {dag.py:3096} INFO - Sync 1 DAGs
[2025-09-04T11:50:04.282+0000] {logging_mixin.py:188} INFO - [2025-09-04T11:50:04.282+0000] {dag.py:3118} INFO - Creating ORM DAG for example_skip_dag
[2025-09-04T11:50:04.292+0000] {logging_mixin.py:188} INFO - [2025-09-04T11:50:04.292+0000] {dag.py:3954} INFO - Setting next_dagrun for example_skip_dag to 2025-09-03 00:00:00+00:00, run_after=2025-09-04 00:00:00+00:00
[2025-09-04T11:50:04.313+0000] {processor.py:183} INFO - Processing /home/airflow/.local/lib/python3.12/site-packages/airflow/example_dags/example_skip_dag.py took 0.183 seconds
[2025-09-04T11:50:34.408+0000] {processor.py:161} INFO - Started process (PID=138) to work on /home/airflow/.local/lib/python3.12/site-packages/airflow/example_dags/example_skip_dag.py
[2025-09-04T11:50:34.410+0000] {processor.py:830} INFO - Processing file /home/airflow/.local/lib/python3.12/site-packages/airflow/example_dags/example_skip_dag.py for tasks to queue
[2025-09-04T11:50:34.413+0000] {logging_mixin.py:188} INFO - [2025-09-04T11:50:34.413+0000] {dagbag.py:545} INFO - Filling up the DagBag from /home/airflow/.local/lib/python3.12/site-packages/airflow/example_dags/example_skip_dag.py
[2025-09-04T11:50:34.422+0000] {processor.py:840} INFO - DAG(s) 'example_skip_dag' retrieved from /home/airflow/.local/lib/python3.12/site-packages/airflow/example_dags/example_skip_dag.py
[2025-09-04T11:50:34.446+0000] {logging_mixin.py:188} INFO - [2025-09-04T11:50:34.446+0000] {dag.py:3096} INFO - Sync 1 DAGs
[2025-09-04T11:50:34.468+0000] {logging_mixin.py:188} INFO - [2025-09-04T11:50:34.468+0000] {dag.py:3954} INFO - Setting next_dagrun for example_skip_dag to 2025-09-03 00:00:00+00:00, run_after=2025-09-04 00:00:00+00:00
[2025-09-04T11:50:34.496+0000] {processor.py:183} INFO - Processing /home/airflow/.local/lib/python3.12/site-packages/airflow/example_dags/example_skip_dag.py took 0.095 seconds
[2025-09-04T11:51:05.177+0000] {processor.py:161} INFO - Started process (PID=195) to work on /home/airflow/.local/lib/python3.12/site-packages/airflow/example_dags/example_skip_dag.py
[2025-09-04T11:51:05.182+0000] {processor.py:830} INFO - Processing file /home/airflow/.local/lib/python3.12/site-packages/airflow/example_dags/example_skip_dag.py for tasks to queue
[2025-09-04T11:51:05.187+0000] {logging_mixin.py:188} INFO - [2025-09-04T11:51:05.186+0000] {dagbag.py:545} INFO - Filling up the DagBag from /home/airflow/.local/lib/python3.12/site-packages/airflow/example_dags/example_skip_dag.py
[2025-09-04T11:51:05.202+0000] {processor.py:840} INFO - DAG(s) 'example_skip_dag' retrieved from /home/airflow/.local/lib/python3.12/site-packages/airflow/example_dags/example_skip_dag.py
[2025-09-04T11:51:05.243+0000] {logging_mixin.py:188} INFO - [2025-09-04T11:51:05.243+0000] {dag.py:3096} INFO - Sync 1 DAGs
[2025-09-04T11:51:05.282+0000] {logging_mixin.py:188} INFO - [2025-09-04T11:51:05.282+0000] {dag.py:3954} INFO - Setting next_dagrun for example_skip_dag to 2025-09-03 00:00:00+00:00, run_after=2025-09-04 00:00:00+00:00
[2025-09-04T11:51:05.319+0000] {processor.py:183} INFO - Processing /home/airflow/.local/lib/python3.12/site-packages/airflow/example_dags/example_skip_dag.py took 0.154 seconds
[2025-09-04T11:51:35.469+0000] {processor.py:161} INFO - Started process (PID=253) to work on /home/airflow/.local/lib/python3.12/site-packages/airflow/example_dags/example_skip_dag.py
[2025-09-04T11:51:35.471+0000] {processor.py:830} INFO - Processing file /home/airflow/.local/lib/python3.12/site-packages/airflow/example_dags/example_skip_dag.py for tasks to queue
[2025-09-04T11:51:35.473+0000] {logging_mixin.py:188} INFO - [2025-09-04T11:51:35.473+0000] {dagbag.py:545} INFO - Filling up the DagBag from /home/airflow/.local/lib/python3.12/site-packages/airflow/example_dags/example_skip_dag.py
[2025-09-04T11:51:35.479+0000] {processor.py:840} INFO - DAG(s) 'example_skip_dag' retrieved from /home/airflow/.local/lib/python3.12/site-packages/airflow/example_dags/example_skip_dag.py
[2025-09-04T11:51:35.495+0000] {logging_mixin.py:188} INFO - [2025-09-04T11:51:35.495+0000] {dag.py:3096} INFO - Sync 1 DAGs
[2025-09-04T11:51:35.513+0000] {logging_mixin.py:188} INFO - [2025-09-04T11:51:35.513+0000] {dag.py:3954} INFO - Setting next_dagrun for example_skip_dag to 2025-09-03 00:00:00+00:00, run_after=2025-09-04 00:00:00+00:00
[2025-09-04T11:51:35.529+0000] {processor.py:183} INFO - Processing /home/airflow/.local/lib/python3.12/site-packages/airflow/example_dags/example_skip_dag.py took 0.064 seconds
[2025-09-04T11:52:06.189+0000] {processor.py:161} INFO - Started process (PID=311) to work on /home/airflow/.local/lib/python3.12/site-packages/airflow/example_dags/example_skip_dag.py
[2025-09-04T11:52:06.190+0000] {processor.py:830} INFO - Processing file /home/airflow/.local/lib/python3.12/site-packages/airflow/example_dags/example_skip_dag.py for tasks to queue
[2025-09-04T11:52:06.192+0000] {logging_mixin.py:188} INFO - [2025-09-04T11:52:06.191+0000] {dagbag.py:545} INFO - Filling up the DagBag from /home/airflow/.local/lib/python3.12/site-packages/airflow/example_dags/example_skip_dag.py
[2025-09-04T11:52:06.199+0000] {processor.py:840} INFO - DAG(s) 'example_skip_dag' retrieved from /home/airflow/.local/lib/python3.12/site-packages/airflow/example_dags/example_skip_dag.py
[2025-09-04T11:52:06.220+0000] {logging_mixin.py:188} INFO - [2025-09-04T11:52:06.220+0000] {dag.py:3096} INFO - Sync 1 DAGs
[2025-09-04T11:52:06.241+0000] {logging_mixin.py:188} INFO - [2025-09-04T11:52:06.240+0000] {dag.py:3954} INFO - Setting next_dagrun for example_skip_dag to 2025-09-03 00:00:00+00:00, run_after=2025-09-04 00:00:00+00:00
[2025-09-04T11:52:06.264+0000] {processor.py:183} INFO - Processing /home/airflow/.local/lib/python3.12/site-packages/airflow/example_dags/example_skip_dag.py took 0.081 seconds
[2025-09-04T11:52:36.628+0000] {processor.py:161} INFO - Started process (PID=369) to work on /home/airflow/.local/lib/python3.12/site-packages/airflow/example_dags/example_skip_dag.py
[2025-09-04T11:52:36.632+0000] {processor.py:830} INFO - Processing file /home/airflow/.local/lib/python3.12/site-packages/airflow/example_dags/example_skip_dag.py for tasks to queue
[2025-09-04T11:52:36.637+0000] {logging_mixin.py:188} INFO - [2025-09-04T11:52:36.636+0000] {dagbag.py:545} INFO - Filling up the DagBag from /home/airflow/.local/lib/python3.12/site-packages/airflow/example_dags/example_skip_dag.py
[2025-09-04T11:52:36.649+0000] {processor.py:840} INFO - DAG(s) 'example_skip_dag' retrieved from /home/airflow/.local/lib/python3.12/site-packages/airflow/example_dags/example_skip_dag.py
[2025-09-04T11:52:36.700+0000] {logging_mixin.py:188} INFO - [2025-09-04T11:52:36.700+0000] {dag.py:3096} INFO - Sync 1 DAGs
[2025-09-04T11:52:36.730+0000] {logging_mixin.py:188} INFO - [2025-09-04T11:52:36.729+0000] {dag.py:3954} INFO - Setting next_dagrun for example_skip_dag to 2025-09-03 00:00:00+00:00, run_after=2025-09-04 00:00:00+00:00
[2025-09-04T11:52:36.755+0000] {processor.py:183} INFO - Processing /home/airflow/.local/lib/python3.12/site-packages/airflow/example_dags/example_skip_dag.py took 0.138 seconds
[2025-09-04T11:53:06.933+0000] {processor.py:161} INFO - Started process (PID=427) to work on /home/airflow/.local/lib/python3.12/site-packages/airflow/example_dags/example_skip_dag.py
[2025-09-04T11:53:06.935+0000] {processor.py:830} INFO - Processing file /home/airflow/.local/lib/python3.12/site-packages/airflow/example_dags/example_skip_dag.py for tasks to queue
[2025-09-04T11:53:06.937+0000] {logging_mixin.py:188} INFO - [2025-09-04T11:53:06.937+0000] {dagbag.py:545} INFO - Filling up the DagBag from /home/airflow/.local/lib/python3.12/site-packages/airflow/example_dags/example_skip_dag.py
[2025-09-04T11:53:06.943+0000] {processor.py:840} INFO - DAG(s) 'example_skip_dag' retrieved from /home/airflow/.local/lib/python3.12/site-packages/airflow/example_dags/example_skip_dag.py
[2025-09-04T11:53:06.959+0000] {logging_mixin.py:188} INFO - [2025-09-04T11:53:06.959+0000] {dag.py:3096} INFO - Sync 1 DAGs
[2025-09-04T11:53:06.976+0000] {logging_mixin.py:188} INFO - [2025-09-04T11:53:06.976+0000] {dag.py:3954} INFO - Setting next_dagrun for example_skip_dag to 2025-09-03 00:00:00+00:00, run_after=2025-09-04 00:00:00+00:00
[2025-09-04T11:53:06.992+0000] {processor.py:183} INFO - Processing /home/airflow/.local/lib/python3.12/site-packages/airflow/example_dags/example_skip_dag.py took 0.067 seconds
[2025-09-04T11:53:37.192+0000] {processor.py:161} INFO - Started process (PID=485) to work on /home/airflow/.local/lib/python3.12/site-packages/airflow/example_dags/example_skip_dag.py
[2025-09-04T11:53:37.193+0000] {processor.py:830} INFO - Processing file /home/airflow/.local/lib/python3.12/site-packages/airflow/example_dags/example_skip_dag.py for tasks to queue
[2025-09-04T11:53:37.196+0000] {logging_mixin.py:188} INFO - [2025-09-04T11:53:37.195+0000] {dagbag.py:545} INFO - Filling up the DagBag from /home/airflow/.local/lib/python3.12/site-packages/airflow/example_dags/example_skip_dag.py
[2025-09-04T11:53:37.203+0000] {processor.py:840} INFO - DAG(s) 'example_skip_dag' retrieved from /home/airflow/.local/lib/python3.12/site-packages/airflow/example_dags/example_skip_dag.py
[2025-09-04T11:53:37.223+0000] {logging_mixin.py:188} INFO - [2025-09-04T11:53:37.223+0000] {dag.py:3096} INFO - Sync 1 DAGs
[2025-09-04T11:53:37.239+0000] {logging_mixin.py:188} INFO - [2025-09-04T11:53:37.238+0000] {dag.py:3954} INFO - Setting next_dagrun for example_skip_dag to 2025-09-03 00:00:00+00:00, run_after=2025-09-04 00:00:00+00:00
[2025-09-04T11:53:37.252+0000] {processor.py:183} INFO - Processing /home/airflow/.local/lib/python3.12/site-packages/airflow/example_dags/example_skip_dag.py took 0.067 seconds
[2025-09-04T11:54:08.256+0000] {processor.py:161} INFO - Started process (PID=543) to work on /home/airflow/.local/lib/python3.12/site-packages/airflow/example_dags/example_skip_dag.py
[2025-09-04T11:54:08.258+0000] {processor.py:830} INFO - Processing file /home/airflow/.local/lib/python3.12/site-packages/airflow/example_dags/example_skip_dag.py for tasks to queue
[2025-09-04T11:54:08.262+0000] {logging_mixin.py:188} INFO - [2025-09-04T11:54:08.261+0000] {dagbag.py:545} INFO - Filling up the DagBag from /home/airflow/.local/lib/python3.12/site-packages/airflow/example_dags/example_skip_dag.py
[2025-09-04T11:54:08.276+0000] {processor.py:840} INFO - DAG(s) 'example_skip_dag' retrieved from /home/airflow/.local/lib/python3.12/site-packages/airflow/example_dags/example_skip_dag.py
[2025-09-04T11:54:08.306+0000] {logging_mixin.py:188} INFO - [2025-09-04T11:54:08.306+0000] {dag.py:3096} INFO - Sync 1 DAGs
[2025-09-04T11:54:08.328+0000] {logging_mixin.py:188} INFO - [2025-09-04T11:54:08.328+0000] {dag.py:3954} INFO - Setting next_dagrun for example_skip_dag to 2025-09-03 00:00:00+00:00, run_after=2025-09-04 00:00:00+00:00
[2025-09-04T11:54:08.347+0000] {processor.py:183} INFO - Processing /home/airflow/.local/lib/python3.12/site-packages/airflow/example_dags/example_skip_dag.py took 0.095 seconds
[2025-09-04T11:54:38.847+0000] {processor.py:161} INFO - Started process (PID=601) to work on /home/airflow/.local/lib/python3.12/site-packages/airflow/example_dags/example_skip_dag.py
[2025-09-04T11:54:38.849+0000] {processor.py:830} INFO - Processing file /home/airflow/.local/lib/python3.12/site-packages/airflow/example_dags/example_skip_dag.py for tasks to queue
[2025-09-04T11:54:38.853+0000] {logging_mixin.py:188} INFO - [2025-09-04T11:54:38.852+0000] {dagbag.py:545} INFO - Filling up the DagBag from /home/airflow/.local/lib/python3.12/site-packages/airflow/example_dags/example_skip_dag.py
[2025-09-04T11:54:38.869+0000] {processor.py:840} INFO - DAG(s) 'example_skip_dag' retrieved from /home/airflow/.local/lib/python3.12/site-packages/airflow/example_dags/example_skip_dag.py
[2025-09-04T11:54:38.902+0000] {logging_mixin.py:188} INFO - [2025-09-04T11:54:38.901+0000] {dag.py:3096} INFO - Sync 1 DAGs
[2025-09-04T11:54:38.928+0000] {logging_mixin.py:188} INFO - [2025-09-04T11:54:38.928+0000] {dag.py:3954} INFO - Setting next_dagrun for example_skip_dag to 2025-09-03 00:00:00+00:00, run_after=2025-09-04 00:00:00+00:00
[2025-09-04T11:54:38.954+0000] {processor.py:183} INFO - Processing /home/airflow/.local/lib/python3.12/site-packages/airflow/example_dags/example_skip_dag.py took 0.121 seconds
[2025-09-04T11:55:09.295+0000] {processor.py:161} INFO - Started process (PID=659) to work on /home/airflow/.local/lib/python3.12/site-packages/airflow/example_dags/example_skip_dag.py
[2025-09-04T11:55:09.298+0000] {processor.py:830} INFO - Processing file /home/airflow/.local/lib/python3.12/site-packages/airflow/example_dags/example_skip_dag.py for tasks to queue
[2025-09-04T11:55:09.303+0000] {logging_mixin.py:188} INFO - [2025-09-04T11:55:09.302+0000] {dagbag.py:545} INFO - Filling up the DagBag from /home/airflow/.local/lib/python3.12/site-packages/airflow/example_dags/example_skip_dag.py
[2025-09-04T11:55:09.319+0000] {processor.py:840} INFO - DAG(s) 'example_skip_dag' retrieved from /home/airflow/.local/lib/python3.12/site-packages/airflow/example_dags/example_skip_dag.py
[2025-09-04T11:55:09.344+0000] {logging_mixin.py:188} INFO - [2025-09-04T11:55:09.343+0000] {dag.py:3096} INFO - Sync 1 DAGs
[2025-09-04T11:55:09.385+0000] {logging_mixin.py:188} INFO - [2025-09-04T11:55:09.385+0000] {dag.py:3954} INFO - Setting next_dagrun for example_skip_dag to 2025-09-03 00:00:00+00:00, run_after=2025-09-04 00:00:00+00:00
[2025-09-04T11:55:09.430+0000] {processor.py:183} INFO - Processing /home/airflow/.local/lib/python3.12/site-packages/airflow/example_dags/example_skip_dag.py took 0.147 seconds
[2025-09-04T11:55:39.717+0000] {processor.py:161} INFO - Started process (PID=717) to work on /home/airflow/.local/lib/python3.12/site-packages/airflow/example_dags/example_skip_dag.py
[2025-09-04T11:55:39.720+0000] {processor.py:830} INFO - Processing file /home/airflow/.local/lib/python3.12/site-packages/airflow/example_dags/example_skip_dag.py for tasks to queue
[2025-09-04T11:55:39.724+0000] {logging_mixin.py:188} INFO - [2025-09-04T11:55:39.723+0000] {dagbag.py:545} INFO - Filling up the DagBag from /home/airflow/.local/lib/python3.12/site-packages/airflow/example_dags/example_skip_dag.py
[2025-09-04T11:55:39.734+0000] {processor.py:840} INFO - DAG(s) 'example_skip_dag' retrieved from /home/airflow/.local/lib/python3.12/site-packages/airflow/example_dags/example_skip_dag.py
[2025-09-04T11:55:39.775+0000] {logging_mixin.py:188} INFO - [2025-09-04T11:55:39.775+0000] {dag.py:3096} INFO - Sync 1 DAGs
[2025-09-04T11:55:39.818+0000] {logging_mixin.py:188} INFO - [2025-09-04T11:55:39.818+0000] {dag.py:3954} INFO - Setting next_dagrun for example_skip_dag to 2025-09-03 00:00:00+00:00, run_after=2025-09-04 00:00:00+00:00
[2025-09-04T11:55:39.852+0000] {processor.py:183} INFO - Processing /home/airflow/.local/lib/python3.12/site-packages/airflow/example_dags/example_skip_dag.py took 0.147 seconds
[2025-09-04T11:56:10.153+0000] {processor.py:161} INFO - Started process (PID=775) to work on /home/airflow/.local/lib/python3.12/site-packages/airflow/example_dags/example_skip_dag.py
[2025-09-04T11:56:10.156+0000] {processor.py:830} INFO - Processing file /home/airflow/.local/lib/python3.12/site-packages/airflow/example_dags/example_skip_dag.py for tasks to queue
[2025-09-04T11:56:10.162+0000] {logging_mixin.py:188} INFO - [2025-09-04T11:56:10.161+0000] {dagbag.py:545} INFO - Filling up the DagBag from /home/airflow/.local/lib/python3.12/site-packages/airflow/example_dags/example_skip_dag.py
[2025-09-04T11:56:10.179+0000] {processor.py:840} INFO - DAG(s) 'example_skip_dag' retrieved from /home/airflow/.local/lib/python3.12/site-packages/airflow/example_dags/example_skip_dag.py
[2025-09-04T11:56:10.203+0000] {logging_mixin.py:188} INFO - [2025-09-04T11:56:10.203+0000] {dag.py:3096} INFO - Sync 1 DAGs
[2025-09-04T11:56:10.227+0000] {logging_mixin.py:188} INFO - [2025-09-04T11:56:10.227+0000] {dag.py:3954} INFO - Setting next_dagrun for example_skip_dag to 2025-09-03 00:00:00+00:00, run_after=2025-09-04 00:00:00+00:00
[2025-09-04T11:56:10.248+0000] {processor.py:183} INFO - Processing /home/airflow/.local/lib/python3.12/site-packages/airflow/example_dags/example_skip_dag.py took 0.112 seconds
[2025-09-04T11:56:40.500+0000] {processor.py:161} INFO - Started process (PID=833) to work on /home/airflow/.local/lib/python3.12/site-packages/airflow/example_dags/example_skip_dag.py
[2025-09-04T11:56:40.503+0000] {processor.py:830} INFO - Processing file /home/airflow/.local/lib/python3.12/site-packages/airflow/example_dags/example_skip_dag.py for tasks to queue
[2025-09-04T11:56:40.508+0000] {logging_mixin.py:188} INFO - [2025-09-04T11:56:40.507+0000] {dagbag.py:545} INFO - Filling up the DagBag from /home/airflow/.local/lib/python3.12/site-packages/airflow/example_dags/example_skip_dag.py
[2025-09-04T11:56:40.527+0000] {processor.py:840} INFO - DAG(s) 'example_skip_dag' retrieved from /home/airflow/.local/lib/python3.12/site-packages/airflow/example_dags/example_skip_dag.py
[2025-09-04T11:56:40.576+0000] {logging_mixin.py:188} INFO - [2025-09-04T11:56:40.575+0000] {dag.py:3096} INFO - Sync 1 DAGs
[2025-09-04T11:56:40.623+0000] {logging_mixin.py:188} INFO - [2025-09-04T11:56:40.622+0000] {dag.py:3954} INFO - Setting next_dagrun for example_skip_dag to 2025-09-03 00:00:00+00:00, run_after=2025-09-04 00:00:00+00:00
[2025-09-04T11:56:40.659+0000] {processor.py:183} INFO - Processing /home/airflow/.local/lib/python3.12/site-packages/airflow/example_dags/example_skip_dag.py took 0.173 seconds
[2025-09-04T11:57:10.897+0000] {processor.py:161} INFO - Started process (PID=891) to work on /home/airflow/.local/lib/python3.12/site-packages/airflow/example_dags/example_skip_dag.py
[2025-09-04T11:57:10.900+0000] {processor.py:830} INFO - Processing file /home/airflow/.local/lib/python3.12/site-packages/airflow/example_dags/example_skip_dag.py for tasks to queue
[2025-09-04T11:57:10.905+0000] {logging_mixin.py:188} INFO - [2025-09-04T11:57:10.904+0000] {dagbag.py:545} INFO - Filling up the DagBag from /home/airflow/.local/lib/python3.12/site-packages/airflow/example_dags/example_skip_dag.py
[2025-09-04T11:57:10.918+0000] {processor.py:840} INFO - DAG(s) 'example_skip_dag' retrieved from /home/airflow/.local/lib/python3.12/site-packages/airflow/example_dags/example_skip_dag.py
[2025-09-04T11:57:10.958+0000] {logging_mixin.py:188} INFO - [2025-09-04T11:57:10.958+0000] {dag.py:3096} INFO - Sync 1 DAGs
[2025-09-04T11:57:10.994+0000] {logging_mixin.py:188} INFO - [2025-09-04T11:57:10.994+0000] {dag.py:3954} INFO - Setting next_dagrun for example_skip_dag to 2025-09-03 00:00:00+00:00, run_after=2025-09-04 00:00:00+00:00
[2025-09-04T11:57:11.025+0000] {processor.py:183} INFO - Processing /home/airflow/.local/lib/python3.12/site-packages/airflow/example_dags/example_skip_dag.py took 0.139 seconds
[2025-09-04T11:57:41.067+0000] {processor.py:161} INFO - Started process (PID=949) to work on /home/airflow/.local/lib/python3.12/site-packages/airflow/example_dags/example_skip_dag.py
[2025-09-04T11:57:41.069+0000] {processor.py:830} INFO - Processing file /home/airflow/.local/lib/python3.12/site-packages/airflow/example_dags/example_skip_dag.py for tasks to queue
[2025-09-04T11:57:41.071+0000] {logging_mixin.py:188} INFO - [2025-09-04T11:57:41.070+0000] {dagbag.py:545} INFO - Filling up the DagBag from /home/airflow/.local/lib/python3.12/site-packages/airflow/example_dags/example_skip_dag.py
[2025-09-04T11:57:41.076+0000] {processor.py:840} INFO - DAG(s) 'example_skip_dag' retrieved from /home/airflow/.local/lib/python3.12/site-packages/airflow/example_dags/example_skip_dag.py
[2025-09-04T11:57:41.093+0000] {logging_mixin.py:188} INFO - [2025-09-04T11:57:41.093+0000] {dag.py:3096} INFO - Sync 1 DAGs
[2025-09-04T11:57:41.113+0000] {logging_mixin.py:188} INFO - [2025-09-04T11:57:41.113+0000] {dag.py:3954} INFO - Setting next_dagrun for example_skip_dag to 2025-09-03 00:00:00+00:00, run_after=2025-09-04 00:00:00+00:00
[2025-09-04T11:57:41.133+0000] {processor.py:183} INFO - Processing /home/airflow/.local/lib/python3.12/site-packages/airflow/example_dags/example_skip_dag.py took 0.070 seconds
[2025-09-04T11:58:11.290+0000] {processor.py:161} INFO - Started process (PID=1008) to work on /home/airflow/.local/lib/python3.12/site-packages/airflow/example_dags/example_skip_dag.py
[2025-09-04T11:58:11.292+0000] {processor.py:830} INFO - Processing file /home/airflow/.local/lib/python3.12/site-packages/airflow/example_dags/example_skip_dag.py for tasks to queue
[2025-09-04T11:58:11.295+0000] {logging_mixin.py:188} INFO - [2025-09-04T11:58:11.295+0000] {dagbag.py:545} INFO - Filling up the DagBag from /home/airflow/.local/lib/python3.12/site-packages/airflow/example_dags/example_skip_dag.py
[2025-09-04T11:58:11.303+0000] {processor.py:840} INFO - DAG(s) 'example_skip_dag' retrieved from /home/airflow/.local/lib/python3.12/site-packages/airflow/example_dags/example_skip_dag.py
[2025-09-04T11:58:11.324+0000] {logging_mixin.py:188} INFO - [2025-09-04T11:58:11.324+0000] {dag.py:3096} INFO - Sync 1 DAGs
[2025-09-04T11:58:11.346+0000] {logging_mixin.py:188} INFO - [2025-09-04T11:58:11.346+0000] {dag.py:3954} INFO - Setting next_dagrun for example_skip_dag to 2025-09-03 00:00:00+00:00, run_after=2025-09-04 00:00:00+00:00
[2025-09-04T11:58:11.373+0000] {processor.py:183} INFO - Processing /home/airflow/.local/lib/python3.12/site-packages/airflow/example_dags/example_skip_dag.py took 0.090 seconds
[2025-09-04T11:58:42.377+0000] {processor.py:161} INFO - Started process (PID=1066) to work on /home/airflow/.local/lib/python3.12/site-packages/airflow/example_dags/example_skip_dag.py
[2025-09-04T11:58:42.380+0000] {processor.py:830} INFO - Processing file /home/airflow/.local/lib/python3.12/site-packages/airflow/example_dags/example_skip_dag.py for tasks to queue
[2025-09-04T11:58:42.384+0000] {logging_mixin.py:188} INFO - [2025-09-04T11:58:42.383+0000] {dagbag.py:545} INFO - Filling up the DagBag from /home/airflow/.local/lib/python3.12/site-packages/airflow/example_dags/example_skip_dag.py
[2025-09-04T11:58:42.394+0000] {processor.py:840} INFO - DAG(s) 'example_skip_dag' retrieved from /home/airflow/.local/lib/python3.12/site-packages/airflow/example_dags/example_skip_dag.py
[2025-09-04T11:58:42.423+0000] {logging_mixin.py:188} INFO - [2025-09-04T11:58:42.423+0000] {dag.py:3096} INFO - Sync 1 DAGs
[2025-09-04T11:58:42.445+0000] {logging_mixin.py:188} INFO - [2025-09-04T11:58:42.445+0000] {dag.py:3954} INFO - Setting next_dagrun for example_skip_dag to 2025-09-03 00:00:00+00:00, run_after=2025-09-04 00:00:00+00:00
[2025-09-04T11:58:42.460+0000] {processor.py:183} INFO - Processing /home/airflow/.local/lib/python3.12/site-packages/airflow/example_dags/example_skip_dag.py took 0.091 seconds
[2025-09-04T11:59:13.182+0000] {processor.py:161} INFO - Started process (PID=1124) to work on /home/airflow/.local/lib/python3.12/site-packages/airflow/example_dags/example_skip_dag.py
[2025-09-04T11:59:13.184+0000] {processor.py:830} INFO - Processing file /home/airflow/.local/lib/python3.12/site-packages/airflow/example_dags/example_skip_dag.py for tasks to queue
[2025-09-04T11:59:13.189+0000] {logging_mixin.py:188} INFO - [2025-09-04T11:59:13.188+0000] {dagbag.py:545} INFO - Filling up the DagBag from /home/airflow/.local/lib/python3.12/site-packages/airflow/example_dags/example_skip_dag.py
[2025-09-04T11:59:13.203+0000] {processor.py:840} INFO - DAG(s) 'example_skip_dag' retrieved from /home/airflow/.local/lib/python3.12/site-packages/airflow/example_dags/example_skip_dag.py
[2025-09-04T11:59:13.257+0000] {logging_mixin.py:188} INFO - [2025-09-04T11:59:13.256+0000] {dag.py:3096} INFO - Sync 1 DAGs
[2025-09-04T11:59:13.288+0000] {logging_mixin.py:188} INFO - [2025-09-04T11:59:13.288+0000] {dag.py:3954} INFO - Setting next_dagrun for example_skip_dag to 2025-09-03 00:00:00+00:00, run_after=2025-09-04 00:00:00+00:00
[2025-09-04T11:59:13.323+0000] {processor.py:183} INFO - Processing /home/airflow/.local/lib/python3.12/site-packages/airflow/example_dags/example_skip_dag.py took 0.156 seconds
[2025-09-04T11:59:43.415+0000] {processor.py:161} INFO - Started process (PID=1182) to work on /home/airflow/.local/lib/python3.12/site-packages/airflow/example_dags/example_skip_dag.py
[2025-09-04T11:59:43.417+0000] {processor.py:830} INFO - Processing file /home/airflow/.local/lib/python3.12/site-packages/airflow/example_dags/example_skip_dag.py for tasks to queue
[2025-09-04T11:59:43.420+0000] {logging_mixin.py:188} INFO - [2025-09-04T11:59:43.419+0000] {dagbag.py:545} INFO - Filling up the DagBag from /home/airflow/.local/lib/python3.12/site-packages/airflow/example_dags/example_skip_dag.py
[2025-09-04T11:59:43.425+0000] {processor.py:840} INFO - DAG(s) 'example_skip_dag' retrieved from /home/airflow/.local/lib/python3.12/site-packages/airflow/example_dags/example_skip_dag.py
[2025-09-04T11:59:43.446+0000] {logging_mixin.py:188} INFO - [2025-09-04T11:59:43.446+0000] {dag.py:3096} INFO - Sync 1 DAGs
[2025-09-04T11:59:43.482+0000] {logging_mixin.py:188} INFO - [2025-09-04T11:59:43.482+0000] {dag.py:3954} INFO - Setting next_dagrun for example_skip_dag to 2025-09-03 00:00:00+00:00, run_after=2025-09-04 00:00:00+00:00
[2025-09-04T11:59:43.510+0000] {processor.py:183} INFO - Processing /home/airflow/.local/lib/python3.12/site-packages/airflow/example_dags/example_skip_dag.py took 0.099 seconds
[2025-09-04T12:01:31.793+0000] {processor.py:161} INFO - Started process (PID=68) to work on /home/airflow/.local/lib/python3.12/site-packages/airflow/example_dags/example_skip_dag.py
[2025-09-04T12:01:31.795+0000] {processor.py:830} INFO - Processing file /home/airflow/.local/lib/python3.12/site-packages/airflow/example_dags/example_skip_dag.py for tasks to queue
[2025-09-04T12:01:31.798+0000] {logging_mixin.py:188} INFO - [2025-09-04T12:01:31.797+0000] {dagbag.py:545} INFO - Filling up the DagBag from /home/airflow/.local/lib/python3.12/site-packages/airflow/example_dags/example_skip_dag.py
[2025-09-04T12:01:31.808+0000] {processor.py:840} INFO - DAG(s) 'example_skip_dag' retrieved from /home/airflow/.local/lib/python3.12/site-packages/airflow/example_dags/example_skip_dag.py
[2025-09-04T12:01:32.002+0000] {logging_mixin.py:188} INFO - [2025-09-04T12:01:32.001+0000] {dag.py:3096} INFO - Sync 1 DAGs
[2025-09-04T12:01:32.037+0000] {logging_mixin.py:188} INFO - [2025-09-04T12:01:32.036+0000] {dag.py:3954} INFO - Setting next_dagrun for example_skip_dag to 2025-09-03 00:00:00+00:00, run_after=2025-09-04 00:00:00+00:00
[2025-09-04T12:01:32.068+0000] {processor.py:183} INFO - Processing /home/airflow/.local/lib/python3.12/site-packages/airflow/example_dags/example_skip_dag.py took 0.284 seconds
[2025-09-04T12:02:02.267+0000] {processor.py:161} INFO - Started process (PID=126) to work on /home/airflow/.local/lib/python3.12/site-packages/airflow/example_dags/example_skip_dag.py
[2025-09-04T12:02:02.269+0000] {processor.py:830} INFO - Processing file /home/airflow/.local/lib/python3.12/site-packages/airflow/example_dags/example_skip_dag.py for tasks to queue
[2025-09-04T12:02:02.271+0000] {logging_mixin.py:188} INFO - [2025-09-04T12:02:02.271+0000] {dagbag.py:545} INFO - Filling up the DagBag from /home/airflow/.local/lib/python3.12/site-packages/airflow/example_dags/example_skip_dag.py
[2025-09-04T12:02:02.277+0000] {processor.py:840} INFO - DAG(s) 'example_skip_dag' retrieved from /home/airflow/.local/lib/python3.12/site-packages/airflow/example_dags/example_skip_dag.py
[2025-09-04T12:02:02.304+0000] {logging_mixin.py:188} INFO - [2025-09-04T12:02:02.304+0000] {dag.py:3096} INFO - Sync 1 DAGs
[2025-09-04T12:02:02.332+0000] {logging_mixin.py:188} INFO - [2025-09-04T12:02:02.331+0000] {dag.py:3954} INFO - Setting next_dagrun for example_skip_dag to 2025-09-03 00:00:00+00:00, run_after=2025-09-04 00:00:00+00:00
[2025-09-04T12:02:02.364+0000] {processor.py:183} INFO - Processing /home/airflow/.local/lib/python3.12/site-packages/airflow/example_dags/example_skip_dag.py took 0.104 seconds
[2025-09-04T12:02:32.457+0000] {processor.py:161} INFO - Started process (PID=184) to work on /home/airflow/.local/lib/python3.12/site-packages/airflow/example_dags/example_skip_dag.py
[2025-09-04T12:02:32.459+0000] {processor.py:830} INFO - Processing file /home/airflow/.local/lib/python3.12/site-packages/airflow/example_dags/example_skip_dag.py for tasks to queue
[2025-09-04T12:02:32.461+0000] {logging_mixin.py:188} INFO - [2025-09-04T12:02:32.461+0000] {dagbag.py:545} INFO - Filling up the DagBag from /home/airflow/.local/lib/python3.12/site-packages/airflow/example_dags/example_skip_dag.py
[2025-09-04T12:02:32.469+0000] {processor.py:840} INFO - DAG(s) 'example_skip_dag' retrieved from /home/airflow/.local/lib/python3.12/site-packages/airflow/example_dags/example_skip_dag.py
[2025-09-04T12:02:32.491+0000] {logging_mixin.py:188} INFO - [2025-09-04T12:02:32.491+0000] {dag.py:3096} INFO - Sync 1 DAGs
[2025-09-04T12:02:32.513+0000] {logging_mixin.py:188} INFO - [2025-09-04T12:02:32.512+0000] {dag.py:3954} INFO - Setting next_dagrun for example_skip_dag to 2025-09-03 00:00:00+00:00, run_after=2025-09-04 00:00:00+00:00
[2025-09-04T12:02:32.534+0000] {processor.py:183} INFO - Processing /home/airflow/.local/lib/python3.12/site-packages/airflow/example_dags/example_skip_dag.py took 0.093 seconds
[2025-09-04T12:03:02.727+0000] {processor.py:161} INFO - Started process (PID=242) to work on /home/airflow/.local/lib/python3.12/site-packages/airflow/example_dags/example_skip_dag.py
[2025-09-04T12:03:02.728+0000] {processor.py:830} INFO - Processing file /home/airflow/.local/lib/python3.12/site-packages/airflow/example_dags/example_skip_dag.py for tasks to queue
[2025-09-04T12:03:02.730+0000] {logging_mixin.py:188} INFO - [2025-09-04T12:03:02.730+0000] {dagbag.py:545} INFO - Filling up the DagBag from /home/airflow/.local/lib/python3.12/site-packages/airflow/example_dags/example_skip_dag.py
[2025-09-04T12:03:02.735+0000] {processor.py:840} INFO - DAG(s) 'example_skip_dag' retrieved from /home/airflow/.local/lib/python3.12/site-packages/airflow/example_dags/example_skip_dag.py
[2025-09-04T12:03:02.752+0000] {logging_mixin.py:188} INFO - [2025-09-04T12:03:02.752+0000] {dag.py:3096} INFO - Sync 1 DAGs
[2025-09-04T12:03:02.769+0000] {logging_mixin.py:188} INFO - [2025-09-04T12:03:02.769+0000] {dag.py:3954} INFO - Setting next_dagrun for example_skip_dag to 2025-09-03 00:00:00+00:00, run_after=2025-09-04 00:00:00+00:00
[2025-09-04T12:03:02.785+0000] {processor.py:183} INFO - Processing /home/airflow/.local/lib/python3.12/site-packages/airflow/example_dags/example_skip_dag.py took 0.064 seconds
[2025-09-04T12:03:33.050+0000] {processor.py:161} INFO - Started process (PID=300) to work on /home/airflow/.local/lib/python3.12/site-packages/airflow/example_dags/example_skip_dag.py
[2025-09-04T12:03:33.052+0000] {processor.py:830} INFO - Processing file /home/airflow/.local/lib/python3.12/site-packages/airflow/example_dags/example_skip_dag.py for tasks to queue
[2025-09-04T12:03:33.054+0000] {logging_mixin.py:188} INFO - [2025-09-04T12:03:33.054+0000] {dagbag.py:545} INFO - Filling up the DagBag from /home/airflow/.local/lib/python3.12/site-packages/airflow/example_dags/example_skip_dag.py
[2025-09-04T12:03:33.059+0000] {processor.py:840} INFO - DAG(s) 'example_skip_dag' retrieved from /home/airflow/.local/lib/python3.12/site-packages/airflow/example_dags/example_skip_dag.py
[2025-09-04T12:03:33.077+0000] {logging_mixin.py:188} INFO - [2025-09-04T12:03:33.077+0000] {dag.py:3096} INFO - Sync 1 DAGs
[2025-09-04T12:03:33.095+0000] {logging_mixin.py:188} INFO - [2025-09-04T12:03:33.095+0000] {dag.py:3954} INFO - Setting next_dagrun for example_skip_dag to 2025-09-03 00:00:00+00:00, run_after=2025-09-04 00:00:00+00:00
[2025-09-04T12:03:33.119+0000] {processor.py:183} INFO - Processing /home/airflow/.local/lib/python3.12/site-packages/airflow/example_dags/example_skip_dag.py took 0.073 seconds
[2025-09-04T12:04:03.893+0000] {processor.py:161} INFO - Started process (PID=364) to work on /home/airflow/.local/lib/python3.12/site-packages/airflow/example_dags/example_skip_dag.py
[2025-09-04T12:04:03.896+0000] {processor.py:830} INFO - Processing file /home/airflow/.local/lib/python3.12/site-packages/airflow/example_dags/example_skip_dag.py for tasks to queue
[2025-09-04T12:04:03.900+0000] {logging_mixin.py:188} INFO - [2025-09-04T12:04:03.899+0000] {dagbag.py:545} INFO - Filling up the DagBag from /home/airflow/.local/lib/python3.12/site-packages/airflow/example_dags/example_skip_dag.py
[2025-09-04T12:04:03.915+0000] {processor.py:840} INFO - DAG(s) 'example_skip_dag' retrieved from /home/airflow/.local/lib/python3.12/site-packages/airflow/example_dags/example_skip_dag.py
[2025-09-04T12:04:03.960+0000] {logging_mixin.py:188} INFO - [2025-09-04T12:04:03.959+0000] {dag.py:3096} INFO - Sync 1 DAGs
[2025-09-04T12:04:04.002+0000] {logging_mixin.py:188} INFO - [2025-09-04T12:04:04.002+0000] {dag.py:3954} INFO - Setting next_dagrun for example_skip_dag to 2025-09-03 00:00:00+00:00, run_after=2025-09-04 00:00:00+00:00
[2025-09-04T12:04:04.033+0000] {processor.py:183} INFO - Processing /home/airflow/.local/lib/python3.12/site-packages/airflow/example_dags/example_skip_dag.py took 0.150 seconds
[2025-09-04T12:04:34.228+0000] {processor.py:161} INFO - Started process (PID=422) to work on /home/airflow/.local/lib/python3.12/site-packages/airflow/example_dags/example_skip_dag.py
[2025-09-04T12:04:34.229+0000] {processor.py:830} INFO - Processing file /home/airflow/.local/lib/python3.12/site-packages/airflow/example_dags/example_skip_dag.py for tasks to queue
[2025-09-04T12:04:34.231+0000] {logging_mixin.py:188} INFO - [2025-09-04T12:04:34.231+0000] {dagbag.py:545} INFO - Filling up the DagBag from /home/airflow/.local/lib/python3.12/site-packages/airflow/example_dags/example_skip_dag.py
[2025-09-04T12:04:34.236+0000] {processor.py:840} INFO - DAG(s) 'example_skip_dag' retrieved from /home/airflow/.local/lib/python3.12/site-packages/airflow/example_dags/example_skip_dag.py
[2025-09-04T12:04:34.270+0000] {logging_mixin.py:188} INFO - [2025-09-04T12:04:34.270+0000] {dag.py:3096} INFO - Sync 1 DAGs
[2025-09-04T12:04:34.292+0000] {logging_mixin.py:188} INFO - [2025-09-04T12:04:34.292+0000] {dag.py:3954} INFO - Setting next_dagrun for example_skip_dag to 2025-09-03 00:00:00+00:00, run_after=2025-09-04 00:00:00+00:00
[2025-09-04T12:04:34.316+0000] {processor.py:183} INFO - Processing /home/airflow/.local/lib/python3.12/site-packages/airflow/example_dags/example_skip_dag.py took 0.096 seconds
[2025-09-04T12:05:04.816+0000] {processor.py:161} INFO - Started process (PID=480) to work on /home/airflow/.local/lib/python3.12/site-packages/airflow/example_dags/example_skip_dag.py
[2025-09-04T12:05:04.818+0000] {processor.py:830} INFO - Processing file /home/airflow/.local/lib/python3.12/site-packages/airflow/example_dags/example_skip_dag.py for tasks to queue
[2025-09-04T12:05:04.820+0000] {logging_mixin.py:188} INFO - [2025-09-04T12:05:04.820+0000] {dagbag.py:545} INFO - Filling up the DagBag from /home/airflow/.local/lib/python3.12/site-packages/airflow/example_dags/example_skip_dag.py
[2025-09-04T12:05:04.831+0000] {processor.py:840} INFO - DAG(s) 'example_skip_dag' retrieved from /home/airflow/.local/lib/python3.12/site-packages/airflow/example_dags/example_skip_dag.py
[2025-09-04T12:05:04.858+0000] {logging_mixin.py:188} INFO - [2025-09-04T12:05:04.858+0000] {dag.py:3096} INFO - Sync 1 DAGs
[2025-09-04T12:05:04.887+0000] {logging_mixin.py:188} INFO - [2025-09-04T12:05:04.887+0000] {dag.py:3954} INFO - Setting next_dagrun for example_skip_dag to 2025-09-03 00:00:00+00:00, run_after=2025-09-04 00:00:00+00:00
[2025-09-04T12:05:04.932+0000] {processor.py:183} INFO - Processing /home/airflow/.local/lib/python3.12/site-packages/airflow/example_dags/example_skip_dag.py took 0.125 seconds
[2025-09-04T12:05:35.019+0000] {processor.py:161} INFO - Started process (PID=538) to work on /home/airflow/.local/lib/python3.12/site-packages/airflow/example_dags/example_skip_dag.py
[2025-09-04T12:05:35.022+0000] {processor.py:830} INFO - Processing file /home/airflow/.local/lib/python3.12/site-packages/airflow/example_dags/example_skip_dag.py for tasks to queue
[2025-09-04T12:05:35.026+0000] {logging_mixin.py:188} INFO - [2025-09-04T12:05:35.025+0000] {dagbag.py:545} INFO - Filling up the DagBag from /home/airflow/.local/lib/python3.12/site-packages/airflow/example_dags/example_skip_dag.py
[2025-09-04T12:05:35.036+0000] {processor.py:840} INFO - DAG(s) 'example_skip_dag' retrieved from /home/airflow/.local/lib/python3.12/site-packages/airflow/example_dags/example_skip_dag.py
[2025-09-04T12:05:35.061+0000] {logging_mixin.py:188} INFO - [2025-09-04T12:05:35.060+0000] {dag.py:3096} INFO - Sync 1 DAGs
[2025-09-04T12:05:35.077+0000] {logging_mixin.py:188} INFO - [2025-09-04T12:05:35.077+0000] {dag.py:3954} INFO - Setting next_dagrun for example_skip_dag to 2025-09-03 00:00:00+00:00, run_after=2025-09-04 00:00:00+00:00
[2025-09-04T12:05:35.097+0000] {processor.py:183} INFO - Processing /home/airflow/.local/lib/python3.12/site-packages/airflow/example_dags/example_skip_dag.py took 0.089 seconds
[2025-09-04T12:06:35.571+0000] {processor.py:161} INFO - Started process (PID=74) to work on /home/airflow/.local/lib/python3.12/site-packages/airflow/example_dags/example_skip_dag.py
[2025-09-04T12:06:35.574+0000] {processor.py:830} INFO - Processing file /home/airflow/.local/lib/python3.12/site-packages/airflow/example_dags/example_skip_dag.py for tasks to queue
[2025-09-04T12:06:35.577+0000] {logging_mixin.py:188} INFO - [2025-09-04T12:06:35.577+0000] {dagbag.py:545} INFO - Filling up the DagBag from /home/airflow/.local/lib/python3.12/site-packages/airflow/example_dags/example_skip_dag.py
[2025-09-04T12:06:35.590+0000] {processor.py:840} INFO - DAG(s) 'example_skip_dag' retrieved from /home/airflow/.local/lib/python3.12/site-packages/airflow/example_dags/example_skip_dag.py
[2025-09-04T12:06:35.604+0000] {logging_mixin.py:188} INFO - [2025-09-04T12:06:35.604+0000] {dag.py:3096} INFO - Sync 1 DAGs
[2025-09-04T12:06:35.623+0000] {logging_mixin.py:188} INFO - [2025-09-04T12:06:35.623+0000] {dag.py:3954} INFO - Setting next_dagrun for example_skip_dag to 2025-09-03 00:00:00+00:00, run_after=2025-09-04 00:00:00+00:00
[2025-09-04T12:06:35.639+0000] {processor.py:183} INFO - Processing /home/airflow/.local/lib/python3.12/site-packages/airflow/example_dags/example_skip_dag.py took 0.075 seconds
[2025-09-04T12:07:07.013+0000] {processor.py:161} INFO - Started process (PID=132) to work on /home/airflow/.local/lib/python3.12/site-packages/airflow/example_dags/example_skip_dag.py
[2025-09-04T12:07:07.014+0000] {processor.py:830} INFO - Processing file /home/airflow/.local/lib/python3.12/site-packages/airflow/example_dags/example_skip_dag.py for tasks to queue
[2025-09-04T12:07:07.017+0000] {logging_mixin.py:188} INFO - [2025-09-04T12:07:07.016+0000] {dagbag.py:545} INFO - Filling up the DagBag from /home/airflow/.local/lib/python3.12/site-packages/airflow/example_dags/example_skip_dag.py
[2025-09-04T12:07:07.024+0000] {processor.py:840} INFO - DAG(s) 'example_skip_dag' retrieved from /home/airflow/.local/lib/python3.12/site-packages/airflow/example_dags/example_skip_dag.py
[2025-09-04T12:07:07.126+0000] {logging_mixin.py:188} INFO - [2025-09-04T12:07:07.126+0000] {dag.py:3096} INFO - Sync 1 DAGs
[2025-09-04T12:07:07.144+0000] {logging_mixin.py:188} INFO - [2025-09-04T12:07:07.143+0000] {dag.py:3954} INFO - Setting next_dagrun for example_skip_dag to 2025-09-03 00:00:00+00:00, run_after=2025-09-04 00:00:00+00:00
[2025-09-04T12:07:07.169+0000] {processor.py:183} INFO - Processing /home/airflow/.local/lib/python3.12/site-packages/airflow/example_dags/example_skip_dag.py took 0.162 seconds
[2025-09-04T12:07:37.304+0000] {processor.py:161} INFO - Started process (PID=190) to work on /home/airflow/.local/lib/python3.12/site-packages/airflow/example_dags/example_skip_dag.py
[2025-09-04T12:07:37.307+0000] {processor.py:830} INFO - Processing file /home/airflow/.local/lib/python3.12/site-packages/airflow/example_dags/example_skip_dag.py for tasks to queue
[2025-09-04T12:07:37.311+0000] {logging_mixin.py:188} INFO - [2025-09-04T12:07:37.311+0000] {dagbag.py:545} INFO - Filling up the DagBag from /home/airflow/.local/lib/python3.12/site-packages/airflow/example_dags/example_skip_dag.py
[2025-09-04T12:07:37.326+0000] {processor.py:840} INFO - DAG(s) 'example_skip_dag' retrieved from /home/airflow/.local/lib/python3.12/site-packages/airflow/example_dags/example_skip_dag.py
[2025-09-04T12:07:37.371+0000] {logging_mixin.py:188} INFO - [2025-09-04T12:07:37.370+0000] {dag.py:3096} INFO - Sync 1 DAGs
[2025-09-04T12:07:37.395+0000] {logging_mixin.py:188} INFO - [2025-09-04T12:07:37.395+0000] {dag.py:3954} INFO - Setting next_dagrun for example_skip_dag to 2025-09-03 00:00:00+00:00, run_after=2025-09-04 00:00:00+00:00
[2025-09-04T12:07:37.416+0000] {processor.py:183} INFO - Processing /home/airflow/.local/lib/python3.12/site-packages/airflow/example_dags/example_skip_dag.py took 0.124 seconds
[2025-09-04T12:08:08.255+0000] {processor.py:161} INFO - Started process (PID=248) to work on /home/airflow/.local/lib/python3.12/site-packages/airflow/example_dags/example_skip_dag.py
[2025-09-04T12:08:08.256+0000] {processor.py:830} INFO - Processing file /home/airflow/.local/lib/python3.12/site-packages/airflow/example_dags/example_skip_dag.py for tasks to queue
[2025-09-04T12:08:08.258+0000] {logging_mixin.py:188} INFO - [2025-09-04T12:08:08.258+0000] {dagbag.py:545} INFO - Filling up the DagBag from /home/airflow/.local/lib/python3.12/site-packages/airflow/example_dags/example_skip_dag.py
[2025-09-04T12:08:08.263+0000] {processor.py:840} INFO - DAG(s) 'example_skip_dag' retrieved from /home/airflow/.local/lib/python3.12/site-packages/airflow/example_dags/example_skip_dag.py
[2025-09-04T12:08:08.279+0000] {logging_mixin.py:188} INFO - [2025-09-04T12:08:08.279+0000] {dag.py:3096} INFO - Sync 1 DAGs
[2025-09-04T12:08:08.296+0000] {logging_mixin.py:188} INFO - [2025-09-04T12:08:08.295+0000] {dag.py:3954} INFO - Setting next_dagrun for example_skip_dag to 2025-09-03 00:00:00+00:00, run_after=2025-09-04 00:00:00+00:00
[2025-09-04T12:08:08.311+0000] {processor.py:183} INFO - Processing /home/airflow/.local/lib/python3.12/site-packages/airflow/example_dags/example_skip_dag.py took 0.061 seconds
[2025-09-04T12:08:39.094+0000] {processor.py:161} INFO - Started process (PID=312) to work on /home/airflow/.local/lib/python3.12/site-packages/airflow/example_dags/example_skip_dag.py
[2025-09-04T12:08:39.097+0000] {processor.py:830} INFO - Processing file /home/airflow/.local/lib/python3.12/site-packages/airflow/example_dags/example_skip_dag.py for tasks to queue
[2025-09-04T12:08:39.101+0000] {logging_mixin.py:188} INFO - [2025-09-04T12:08:39.100+0000] {dagbag.py:545} INFO - Filling up the DagBag from /home/airflow/.local/lib/python3.12/site-packages/airflow/example_dags/example_skip_dag.py
[2025-09-04T12:08:39.116+0000] {processor.py:840} INFO - DAG(s) 'example_skip_dag' retrieved from /home/airflow/.local/lib/python3.12/site-packages/airflow/example_dags/example_skip_dag.py
[2025-09-04T12:08:39.151+0000] {logging_mixin.py:188} INFO - [2025-09-04T12:08:39.151+0000] {dag.py:3096} INFO - Sync 1 DAGs
[2025-09-04T12:08:39.172+0000] {logging_mixin.py:188} INFO - [2025-09-04T12:08:39.172+0000] {dag.py:3954} INFO - Setting next_dagrun for example_skip_dag to 2025-09-03 00:00:00+00:00, run_after=2025-09-04 00:00:00+00:00
[2025-09-04T12:08:39.193+0000] {processor.py:183} INFO - Processing /home/airflow/.local/lib/python3.12/site-packages/airflow/example_dags/example_skip_dag.py took 0.111 seconds
