[2025-09-04T11:50:05.308+0000] {processor.py:161} INFO - Started process (PID=87) to work on /home/airflow/.local/lib/python3.12/site-packages/airflow/example_dags/example_short_circuit_decorator.py
[2025-09-04T11:50:05.310+0000] {processor.py:830} INFO - Processing file /home/airflow/.local/lib/python3.12/site-packages/airflow/example_dags/example_short_circuit_decorator.py for tasks to queue
[2025-09-04T11:50:05.313+0000] {logging_mixin.py:188} INFO - [2025-09-04T11:50:05.312+0000] {dagbag.py:545} INFO - Filling up the DagBag from /home/airflow/.local/lib/python3.12/site-packages/airflow/example_dags/example_short_circuit_decorator.py
[2025-09-04T11:50:05.325+0000] {processor.py:840} INFO - DAG(s) 'example_short_circuit_decorator' retrieved from /home/airflow/.local/lib/python3.12/site-packages/airflow/example_dags/example_short_circuit_decorator.py
[2025-09-04T11:50:05.446+0000] {logging_mixin.py:188} INFO - [2025-09-04T11:50:05.445+0000] {override.py:1829} INFO - Created Permission View: can edit on DAG:example_short_circuit_decorator
[2025-09-04T11:50:05.456+0000] {logging_mixin.py:188} INFO - [2025-09-04T11:50:05.456+0000] {override.py:1829} INFO - Created Permission View: can read on DAG:example_short_circuit_decorator
[2025-09-04T11:50:05.463+0000] {logging_mixin.py:188} INFO - [2025-09-04T11:50:05.463+0000] {override.py:1829} INFO - Created Permission View: can delete on DAG:example_short_circuit_decorator
[2025-09-04T11:50:05.464+0000] {logging_mixin.py:188} INFO - [2025-09-04T11:50:05.464+0000] {dag.py:3096} INFO - Sync 1 DAGs
[2025-09-04T11:50:05.476+0000] {logging_mixin.py:188} INFO - [2025-09-04T11:50:05.476+0000] {dag.py:3118} INFO - Creating ORM DAG for example_short_circuit_decorator
[2025-09-04T11:50:05.489+0000] {logging_mixin.py:188} INFO - [2025-09-04T11:50:05.489+0000] {dag.py:3954} INFO - Setting next_dagrun for example_short_circuit_decorator to 2025-09-03 00:00:00+00:00, run_after=2025-09-04 00:00:00+00:00
[2025-09-04T11:50:05.512+0000] {processor.py:183} INFO - Processing /home/airflow/.local/lib/python3.12/site-packages/airflow/example_dags/example_short_circuit_decorator.py took 0.212 seconds
[2025-09-04T11:50:35.872+0000] {processor.py:161} INFO - Started process (PID=145) to work on /home/airflow/.local/lib/python3.12/site-packages/airflow/example_dags/example_short_circuit_decorator.py
[2025-09-04T11:50:35.874+0000] {processor.py:830} INFO - Processing file /home/airflow/.local/lib/python3.12/site-packages/airflow/example_dags/example_short_circuit_decorator.py for tasks to queue
[2025-09-04T11:50:35.876+0000] {logging_mixin.py:188} INFO - [2025-09-04T11:50:35.875+0000] {dagbag.py:545} INFO - Filling up the DagBag from /home/airflow/.local/lib/python3.12/site-packages/airflow/example_dags/example_short_circuit_decorator.py
[2025-09-04T11:50:35.883+0000] {processor.py:840} INFO - DAG(s) 'example_short_circuit_decorator' retrieved from /home/airflow/.local/lib/python3.12/site-packages/airflow/example_dags/example_short_circuit_decorator.py
[2025-09-04T11:50:35.905+0000] {logging_mixin.py:188} INFO - [2025-09-04T11:50:35.905+0000] {dag.py:3096} INFO - Sync 1 DAGs
[2025-09-04T11:50:35.924+0000] {logging_mixin.py:188} INFO - [2025-09-04T11:50:35.923+0000] {dag.py:3954} INFO - Setting next_dagrun for example_short_circuit_decorator to 2025-09-03 00:00:00+00:00, run_after=2025-09-04 00:00:00+00:00
[2025-09-04T11:50:35.940+0000] {processor.py:183} INFO - Processing /home/airflow/.local/lib/python3.12/site-packages/airflow/example_dags/example_short_circuit_decorator.py took 0.073 seconds
[2025-09-04T11:51:06.705+0000] {processor.py:161} INFO - Started process (PID=202) to work on /home/airflow/.local/lib/python3.12/site-packages/airflow/example_dags/example_short_circuit_decorator.py
[2025-09-04T11:51:06.707+0000] {processor.py:830} INFO - Processing file /home/airflow/.local/lib/python3.12/site-packages/airflow/example_dags/example_short_circuit_decorator.py for tasks to queue
[2025-09-04T11:51:06.712+0000] {logging_mixin.py:188} INFO - [2025-09-04T11:51:06.711+0000] {dagbag.py:545} INFO - Filling up the DagBag from /home/airflow/.local/lib/python3.12/site-packages/airflow/example_dags/example_short_circuit_decorator.py
[2025-09-04T11:51:06.733+0000] {processor.py:840} INFO - DAG(s) 'example_short_circuit_decorator' retrieved from /home/airflow/.local/lib/python3.12/site-packages/airflow/example_dags/example_short_circuit_decorator.py
[2025-09-04T11:51:06.781+0000] {logging_mixin.py:188} INFO - [2025-09-04T11:51:06.781+0000] {dag.py:3096} INFO - Sync 1 DAGs
[2025-09-04T11:51:06.816+0000] {logging_mixin.py:188} INFO - [2025-09-04T11:51:06.815+0000] {dag.py:3954} INFO - Setting next_dagrun for example_short_circuit_decorator to 2025-09-03 00:00:00+00:00, run_after=2025-09-04 00:00:00+00:00
[2025-09-04T11:51:06.853+0000] {processor.py:183} INFO - Processing /home/airflow/.local/lib/python3.12/site-packages/airflow/example_dags/example_short_circuit_decorator.py took 0.158 seconds
[2025-09-04T11:51:36.937+0000] {processor.py:161} INFO - Started process (PID=260) to work on /home/airflow/.local/lib/python3.12/site-packages/airflow/example_dags/example_short_circuit_decorator.py
[2025-09-04T11:51:36.938+0000] {processor.py:830} INFO - Processing file /home/airflow/.local/lib/python3.12/site-packages/airflow/example_dags/example_short_circuit_decorator.py for tasks to queue
[2025-09-04T11:51:36.940+0000] {logging_mixin.py:188} INFO - [2025-09-04T11:51:36.940+0000] {dagbag.py:545} INFO - Filling up the DagBag from /home/airflow/.local/lib/python3.12/site-packages/airflow/example_dags/example_short_circuit_decorator.py
[2025-09-04T11:51:36.948+0000] {processor.py:840} INFO - DAG(s) 'example_short_circuit_decorator' retrieved from /home/airflow/.local/lib/python3.12/site-packages/airflow/example_dags/example_short_circuit_decorator.py
[2025-09-04T11:51:36.973+0000] {logging_mixin.py:188} INFO - [2025-09-04T11:51:36.972+0000] {dag.py:3096} INFO - Sync 1 DAGs
[2025-09-04T11:51:36.994+0000] {logging_mixin.py:188} INFO - [2025-09-04T11:51:36.994+0000] {dag.py:3954} INFO - Setting next_dagrun for example_short_circuit_decorator to 2025-09-03 00:00:00+00:00, run_after=2025-09-04 00:00:00+00:00
[2025-09-04T11:51:37.023+0000] {processor.py:183} INFO - Processing /home/airflow/.local/lib/python3.12/site-packages/airflow/example_dags/example_short_circuit_decorator.py took 0.092 seconds
[2025-09-04T11:52:07.675+0000] {processor.py:161} INFO - Started process (PID=318) to work on /home/airflow/.local/lib/python3.12/site-packages/airflow/example_dags/example_short_circuit_decorator.py
[2025-09-04T11:52:07.677+0000] {processor.py:830} INFO - Processing file /home/airflow/.local/lib/python3.12/site-packages/airflow/example_dags/example_short_circuit_decorator.py for tasks to queue
[2025-09-04T11:52:07.681+0000] {logging_mixin.py:188} INFO - [2025-09-04T11:52:07.681+0000] {dagbag.py:545} INFO - Filling up the DagBag from /home/airflow/.local/lib/python3.12/site-packages/airflow/example_dags/example_short_circuit_decorator.py
[2025-09-04T11:52:07.690+0000] {processor.py:840} INFO - DAG(s) 'example_short_circuit_decorator' retrieved from /home/airflow/.local/lib/python3.12/site-packages/airflow/example_dags/example_short_circuit_decorator.py
[2025-09-04T11:52:07.710+0000] {logging_mixin.py:188} INFO - [2025-09-04T11:52:07.709+0000] {dag.py:3096} INFO - Sync 1 DAGs
[2025-09-04T11:52:07.729+0000] {logging_mixin.py:188} INFO - [2025-09-04T11:52:07.728+0000] {dag.py:3954} INFO - Setting next_dagrun for example_short_circuit_decorator to 2025-09-03 00:00:00+00:00, run_after=2025-09-04 00:00:00+00:00
[2025-09-04T11:52:07.747+0000] {processor.py:183} INFO - Processing /home/airflow/.local/lib/python3.12/site-packages/airflow/example_dags/example_short_circuit_decorator.py took 0.085 seconds
[2025-09-04T11:52:38.095+0000] {processor.py:161} INFO - Started process (PID=376) to work on /home/airflow/.local/lib/python3.12/site-packages/airflow/example_dags/example_short_circuit_decorator.py
[2025-09-04T11:52:38.096+0000] {processor.py:830} INFO - Processing file /home/airflow/.local/lib/python3.12/site-packages/airflow/example_dags/example_short_circuit_decorator.py for tasks to queue
[2025-09-04T11:52:38.098+0000] {logging_mixin.py:188} INFO - [2025-09-04T11:52:38.098+0000] {dagbag.py:545} INFO - Filling up the DagBag from /home/airflow/.local/lib/python3.12/site-packages/airflow/example_dags/example_short_circuit_decorator.py
[2025-09-04T11:52:38.105+0000] {processor.py:840} INFO - DAG(s) 'example_short_circuit_decorator' retrieved from /home/airflow/.local/lib/python3.12/site-packages/airflow/example_dags/example_short_circuit_decorator.py
[2025-09-04T11:52:38.124+0000] {logging_mixin.py:188} INFO - [2025-09-04T11:52:38.124+0000] {dag.py:3096} INFO - Sync 1 DAGs
[2025-09-04T11:52:38.142+0000] {logging_mixin.py:188} INFO - [2025-09-04T11:52:38.142+0000] {dag.py:3954} INFO - Setting next_dagrun for example_short_circuit_decorator to 2025-09-03 00:00:00+00:00, run_after=2025-09-04 00:00:00+00:00
[2025-09-04T11:52:38.160+0000] {processor.py:183} INFO - Processing /home/airflow/.local/lib/python3.12/site-packages/airflow/example_dags/example_short_circuit_decorator.py took 0.071 seconds
[2025-09-04T11:53:08.411+0000] {processor.py:161} INFO - Started process (PID=434) to work on /home/airflow/.local/lib/python3.12/site-packages/airflow/example_dags/example_short_circuit_decorator.py
[2025-09-04T11:53:08.414+0000] {processor.py:830} INFO - Processing file /home/airflow/.local/lib/python3.12/site-packages/airflow/example_dags/example_short_circuit_decorator.py for tasks to queue
[2025-09-04T11:53:08.422+0000] {logging_mixin.py:188} INFO - [2025-09-04T11:53:08.421+0000] {dagbag.py:545} INFO - Filling up the DagBag from /home/airflow/.local/lib/python3.12/site-packages/airflow/example_dags/example_short_circuit_decorator.py
[2025-09-04T11:53:08.443+0000] {processor.py:840} INFO - DAG(s) 'example_short_circuit_decorator' retrieved from /home/airflow/.local/lib/python3.12/site-packages/airflow/example_dags/example_short_circuit_decorator.py
[2025-09-04T11:53:08.470+0000] {logging_mixin.py:188} INFO - [2025-09-04T11:53:08.469+0000] {dag.py:3096} INFO - Sync 1 DAGs
[2025-09-04T11:53:08.510+0000] {logging_mixin.py:188} INFO - [2025-09-04T11:53:08.510+0000] {dag.py:3954} INFO - Setting next_dagrun for example_short_circuit_decorator to 2025-09-03 00:00:00+00:00, run_after=2025-09-04 00:00:00+00:00
[2025-09-04T11:53:08.542+0000] {processor.py:183} INFO - Processing /home/airflow/.local/lib/python3.12/site-packages/airflow/example_dags/example_short_circuit_decorator.py took 0.145 seconds
[2025-09-04T11:53:38.675+0000] {processor.py:161} INFO - Started process (PID=492) to work on /home/airflow/.local/lib/python3.12/site-packages/airflow/example_dags/example_short_circuit_decorator.py
[2025-09-04T11:53:38.677+0000] {processor.py:830} INFO - Processing file /home/airflow/.local/lib/python3.12/site-packages/airflow/example_dags/example_short_circuit_decorator.py for tasks to queue
[2025-09-04T11:53:38.682+0000] {logging_mixin.py:188} INFO - [2025-09-04T11:53:38.681+0000] {dagbag.py:545} INFO - Filling up the DagBag from /home/airflow/.local/lib/python3.12/site-packages/airflow/example_dags/example_short_circuit_decorator.py
[2025-09-04T11:53:38.695+0000] {processor.py:840} INFO - DAG(s) 'example_short_circuit_decorator' retrieved from /home/airflow/.local/lib/python3.12/site-packages/airflow/example_dags/example_short_circuit_decorator.py
[2025-09-04T11:53:38.715+0000] {logging_mixin.py:188} INFO - [2025-09-04T11:53:38.715+0000] {dag.py:3096} INFO - Sync 1 DAGs
[2025-09-04T11:53:38.732+0000] {logging_mixin.py:188} INFO - [2025-09-04T11:53:38.732+0000] {dag.py:3954} INFO - Setting next_dagrun for example_short_circuit_decorator to 2025-09-03 00:00:00+00:00, run_after=2025-09-04 00:00:00+00:00
[2025-09-04T11:53:38.747+0000] {processor.py:183} INFO - Processing /home/airflow/.local/lib/python3.12/site-packages/airflow/example_dags/example_short_circuit_decorator.py took 0.084 seconds
[2025-09-04T11:54:09.083+0000] {processor.py:161} INFO - Started process (PID=550) to work on /home/airflow/.local/lib/python3.12/site-packages/airflow/example_dags/example_short_circuit_decorator.py
[2025-09-04T11:54:09.084+0000] {processor.py:830} INFO - Processing file /home/airflow/.local/lib/python3.12/site-packages/airflow/example_dags/example_short_circuit_decorator.py for tasks to queue
[2025-09-04T11:54:09.087+0000] {logging_mixin.py:188} INFO - [2025-09-04T11:54:09.087+0000] {dagbag.py:545} INFO - Filling up the DagBag from /home/airflow/.local/lib/python3.12/site-packages/airflow/example_dags/example_short_circuit_decorator.py
[2025-09-04T11:54:09.098+0000] {processor.py:840} INFO - DAG(s) 'example_short_circuit_decorator' retrieved from /home/airflow/.local/lib/python3.12/site-packages/airflow/example_dags/example_short_circuit_decorator.py
[2025-09-04T11:54:09.125+0000] {logging_mixin.py:188} INFO - [2025-09-04T11:54:09.125+0000] {dag.py:3096} INFO - Sync 1 DAGs
[2025-09-04T11:54:09.145+0000] {logging_mixin.py:188} INFO - [2025-09-04T11:54:09.144+0000] {dag.py:3954} INFO - Setting next_dagrun for example_short_circuit_decorator to 2025-09-03 00:00:00+00:00, run_after=2025-09-04 00:00:00+00:00
[2025-09-04T11:54:09.161+0000] {processor.py:183} INFO - Processing /home/airflow/.local/lib/python3.12/site-packages/airflow/example_dags/example_short_circuit_decorator.py took 0.087 seconds
[2025-09-04T11:54:39.352+0000] {processor.py:161} INFO - Started process (PID=608) to work on /home/airflow/.local/lib/python3.12/site-packages/airflow/example_dags/example_short_circuit_decorator.py
[2025-09-04T11:54:39.353+0000] {processor.py:830} INFO - Processing file /home/airflow/.local/lib/python3.12/site-packages/airflow/example_dags/example_short_circuit_decorator.py for tasks to queue
[2025-09-04T11:54:39.356+0000] {logging_mixin.py:188} INFO - [2025-09-04T11:54:39.356+0000] {dagbag.py:545} INFO - Filling up the DagBag from /home/airflow/.local/lib/python3.12/site-packages/airflow/example_dags/example_short_circuit_decorator.py
[2025-09-04T11:54:39.363+0000] {processor.py:840} INFO - DAG(s) 'example_short_circuit_decorator' retrieved from /home/airflow/.local/lib/python3.12/site-packages/airflow/example_dags/example_short_circuit_decorator.py
[2025-09-04T11:54:39.381+0000] {logging_mixin.py:188} INFO - [2025-09-04T11:54:39.381+0000] {dag.py:3096} INFO - Sync 1 DAGs
[2025-09-04T11:54:39.403+0000] {logging_mixin.py:188} INFO - [2025-09-04T11:54:39.402+0000] {dag.py:3954} INFO - Setting next_dagrun for example_short_circuit_decorator to 2025-09-03 00:00:00+00:00, run_after=2025-09-04 00:00:00+00:00
[2025-09-04T11:54:39.418+0000] {processor.py:183} INFO - Processing /home/airflow/.local/lib/python3.12/site-packages/airflow/example_dags/example_short_circuit_decorator.py took 0.071 seconds
[2025-09-04T11:55:09.854+0000] {processor.py:161} INFO - Started process (PID=666) to work on /home/airflow/.local/lib/python3.12/site-packages/airflow/example_dags/example_short_circuit_decorator.py
[2025-09-04T11:55:09.855+0000] {processor.py:830} INFO - Processing file /home/airflow/.local/lib/python3.12/site-packages/airflow/example_dags/example_short_circuit_decorator.py for tasks to queue
[2025-09-04T11:55:09.857+0000] {logging_mixin.py:188} INFO - [2025-09-04T11:55:09.857+0000] {dagbag.py:545} INFO - Filling up the DagBag from /home/airflow/.local/lib/python3.12/site-packages/airflow/example_dags/example_short_circuit_decorator.py
[2025-09-04T11:55:09.864+0000] {processor.py:840} INFO - DAG(s) 'example_short_circuit_decorator' retrieved from /home/airflow/.local/lib/python3.12/site-packages/airflow/example_dags/example_short_circuit_decorator.py
[2025-09-04T11:55:09.892+0000] {logging_mixin.py:188} INFO - [2025-09-04T11:55:09.892+0000] {dag.py:3096} INFO - Sync 1 DAGs
[2025-09-04T11:55:09.911+0000] {logging_mixin.py:188} INFO - [2025-09-04T11:55:09.911+0000] {dag.py:3954} INFO - Setting next_dagrun for example_short_circuit_decorator to 2025-09-03 00:00:00+00:00, run_after=2025-09-04 00:00:00+00:00
[2025-09-04T11:55:09.930+0000] {processor.py:183} INFO - Processing /home/airflow/.local/lib/python3.12/site-packages/airflow/example_dags/example_short_circuit_decorator.py took 0.081 seconds
[2025-09-04T11:55:40.218+0000] {processor.py:161} INFO - Started process (PID=724) to work on /home/airflow/.local/lib/python3.12/site-packages/airflow/example_dags/example_short_circuit_decorator.py
[2025-09-04T11:55:40.219+0000] {processor.py:830} INFO - Processing file /home/airflow/.local/lib/python3.12/site-packages/airflow/example_dags/example_short_circuit_decorator.py for tasks to queue
[2025-09-04T11:55:40.221+0000] {logging_mixin.py:188} INFO - [2025-09-04T11:55:40.221+0000] {dagbag.py:545} INFO - Filling up the DagBag from /home/airflow/.local/lib/python3.12/site-packages/airflow/example_dags/example_short_circuit_decorator.py
[2025-09-04T11:55:40.229+0000] {processor.py:840} INFO - DAG(s) 'example_short_circuit_decorator' retrieved from /home/airflow/.local/lib/python3.12/site-packages/airflow/example_dags/example_short_circuit_decorator.py
[2025-09-04T11:55:40.253+0000] {logging_mixin.py:188} INFO - [2025-09-04T11:55:40.253+0000] {dag.py:3096} INFO - Sync 1 DAGs
[2025-09-04T11:55:40.272+0000] {logging_mixin.py:188} INFO - [2025-09-04T11:55:40.271+0000] {dag.py:3954} INFO - Setting next_dagrun for example_short_circuit_decorator to 2025-09-03 00:00:00+00:00, run_after=2025-09-04 00:00:00+00:00
[2025-09-04T11:55:40.286+0000] {processor.py:183} INFO - Processing /home/airflow/.local/lib/python3.12/site-packages/airflow/example_dags/example_short_circuit_decorator.py took 0.073 seconds
[2025-09-04T11:56:10.668+0000] {processor.py:161} INFO - Started process (PID=782) to work on /home/airflow/.local/lib/python3.12/site-packages/airflow/example_dags/example_short_circuit_decorator.py
[2025-09-04T11:56:10.673+0000] {processor.py:830} INFO - Processing file /home/airflow/.local/lib/python3.12/site-packages/airflow/example_dags/example_short_circuit_decorator.py for tasks to queue
[2025-09-04T11:56:10.677+0000] {logging_mixin.py:188} INFO - [2025-09-04T11:56:10.676+0000] {dagbag.py:545} INFO - Filling up the DagBag from /home/airflow/.local/lib/python3.12/site-packages/airflow/example_dags/example_short_circuit_decorator.py
[2025-09-04T11:56:10.696+0000] {processor.py:840} INFO - DAG(s) 'example_short_circuit_decorator' retrieved from /home/airflow/.local/lib/python3.12/site-packages/airflow/example_dags/example_short_circuit_decorator.py
[2025-09-04T11:56:10.750+0000] {logging_mixin.py:188} INFO - [2025-09-04T11:56:10.749+0000] {dag.py:3096} INFO - Sync 1 DAGs
[2025-09-04T11:56:10.789+0000] {logging_mixin.py:188} INFO - [2025-09-04T11:56:10.789+0000] {dag.py:3954} INFO - Setting next_dagrun for example_short_circuit_decorator to 2025-09-03 00:00:00+00:00, run_after=2025-09-04 00:00:00+00:00
[2025-09-04T11:56:10.813+0000] {processor.py:183} INFO - Processing /home/airflow/.local/lib/python3.12/site-packages/airflow/example_dags/example_short_circuit_decorator.py took 0.155 seconds
[2025-09-04T11:56:41.275+0000] {processor.py:161} INFO - Started process (PID=840) to work on /home/airflow/.local/lib/python3.12/site-packages/airflow/example_dags/example_short_circuit_decorator.py
[2025-09-04T11:56:41.286+0000] {processor.py:830} INFO - Processing file /home/airflow/.local/lib/python3.12/site-packages/airflow/example_dags/example_short_circuit_decorator.py for tasks to queue
[2025-09-04T11:56:41.291+0000] {logging_mixin.py:188} INFO - [2025-09-04T11:56:41.290+0000] {dagbag.py:545} INFO - Filling up the DagBag from /home/airflow/.local/lib/python3.12/site-packages/airflow/example_dags/example_short_circuit_decorator.py
[2025-09-04T11:56:41.307+0000] {processor.py:840} INFO - DAG(s) 'example_short_circuit_decorator' retrieved from /home/airflow/.local/lib/python3.12/site-packages/airflow/example_dags/example_short_circuit_decorator.py
[2025-09-04T11:56:41.336+0000] {logging_mixin.py:188} INFO - [2025-09-04T11:56:41.336+0000] {dag.py:3096} INFO - Sync 1 DAGs
[2025-09-04T11:56:41.365+0000] {logging_mixin.py:188} INFO - [2025-09-04T11:56:41.365+0000] {dag.py:3954} INFO - Setting next_dagrun for example_short_circuit_decorator to 2025-09-03 00:00:00+00:00, run_after=2025-09-04 00:00:00+00:00
[2025-09-04T11:56:41.401+0000] {processor.py:183} INFO - Processing /home/airflow/.local/lib/python3.12/site-packages/airflow/example_dags/example_short_circuit_decorator.py took 0.134 seconds
[2025-09-04T11:57:11.470+0000] {processor.py:161} INFO - Started process (PID=898) to work on /home/airflow/.local/lib/python3.12/site-packages/airflow/example_dags/example_short_circuit_decorator.py
[2025-09-04T11:57:11.472+0000] {processor.py:830} INFO - Processing file /home/airflow/.local/lib/python3.12/site-packages/airflow/example_dags/example_short_circuit_decorator.py for tasks to queue
[2025-09-04T11:57:11.474+0000] {logging_mixin.py:188} INFO - [2025-09-04T11:57:11.474+0000] {dagbag.py:545} INFO - Filling up the DagBag from /home/airflow/.local/lib/python3.12/site-packages/airflow/example_dags/example_short_circuit_decorator.py
[2025-09-04T11:57:11.486+0000] {processor.py:840} INFO - DAG(s) 'example_short_circuit_decorator' retrieved from /home/airflow/.local/lib/python3.12/site-packages/airflow/example_dags/example_short_circuit_decorator.py
[2025-09-04T11:57:11.510+0000] {logging_mixin.py:188} INFO - [2025-09-04T11:57:11.509+0000] {dag.py:3096} INFO - Sync 1 DAGs
[2025-09-04T11:57:11.527+0000] {logging_mixin.py:188} INFO - [2025-09-04T11:57:11.527+0000] {dag.py:3954} INFO - Setting next_dagrun for example_short_circuit_decorator to 2025-09-03 00:00:00+00:00, run_after=2025-09-04 00:00:00+00:00
[2025-09-04T11:57:11.544+0000] {processor.py:183} INFO - Processing /home/airflow/.local/lib/python3.12/site-packages/airflow/example_dags/example_short_circuit_decorator.py took 0.081 seconds
[2025-09-04T11:57:41.784+0000] {processor.py:161} INFO - Started process (PID=956) to work on /home/airflow/.local/lib/python3.12/site-packages/airflow/example_dags/example_short_circuit_decorator.py
[2025-09-04T11:57:41.786+0000] {processor.py:830} INFO - Processing file /home/airflow/.local/lib/python3.12/site-packages/airflow/example_dags/example_short_circuit_decorator.py for tasks to queue
[2025-09-04T11:57:41.789+0000] {logging_mixin.py:188} INFO - [2025-09-04T11:57:41.788+0000] {dagbag.py:545} INFO - Filling up the DagBag from /home/airflow/.local/lib/python3.12/site-packages/airflow/example_dags/example_short_circuit_decorator.py
[2025-09-04T11:57:41.798+0000] {processor.py:840} INFO - DAG(s) 'example_short_circuit_decorator' retrieved from /home/airflow/.local/lib/python3.12/site-packages/airflow/example_dags/example_short_circuit_decorator.py
[2025-09-04T11:57:41.819+0000] {logging_mixin.py:188} INFO - [2025-09-04T11:57:41.819+0000] {dag.py:3096} INFO - Sync 1 DAGs
[2025-09-04T11:57:41.837+0000] {logging_mixin.py:188} INFO - [2025-09-04T11:57:41.837+0000] {dag.py:3954} INFO - Setting next_dagrun for example_short_circuit_decorator to 2025-09-03 00:00:00+00:00, run_after=2025-09-04 00:00:00+00:00
[2025-09-04T11:57:41.859+0000] {processor.py:183} INFO - Processing /home/airflow/.local/lib/python3.12/site-packages/airflow/example_dags/example_short_circuit_decorator.py took 0.083 seconds
[2025-09-04T11:58:12.062+0000] {processor.py:161} INFO - Started process (PID=1015) to work on /home/airflow/.local/lib/python3.12/site-packages/airflow/example_dags/example_short_circuit_decorator.py
[2025-09-04T11:58:12.063+0000] {processor.py:830} INFO - Processing file /home/airflow/.local/lib/python3.12/site-packages/airflow/example_dags/example_short_circuit_decorator.py for tasks to queue
[2025-09-04T11:58:12.065+0000] {logging_mixin.py:188} INFO - [2025-09-04T11:58:12.065+0000] {dagbag.py:545} INFO - Filling up the DagBag from /home/airflow/.local/lib/python3.12/site-packages/airflow/example_dags/example_short_circuit_decorator.py
[2025-09-04T11:58:12.073+0000] {processor.py:840} INFO - DAG(s) 'example_short_circuit_decorator' retrieved from /home/airflow/.local/lib/python3.12/site-packages/airflow/example_dags/example_short_circuit_decorator.py
[2025-09-04T11:58:12.096+0000] {logging_mixin.py:188} INFO - [2025-09-04T11:58:12.096+0000] {dag.py:3096} INFO - Sync 1 DAGs
[2025-09-04T11:58:12.122+0000] {logging_mixin.py:188} INFO - [2025-09-04T11:58:12.122+0000] {dag.py:3954} INFO - Setting next_dagrun for example_short_circuit_decorator to 2025-09-03 00:00:00+00:00, run_after=2025-09-04 00:00:00+00:00
[2025-09-04T11:58:12.145+0000] {processor.py:183} INFO - Processing /home/airflow/.local/lib/python3.12/site-packages/airflow/example_dags/example_short_circuit_decorator.py took 0.089 seconds
[2025-09-04T11:58:43.014+0000] {processor.py:161} INFO - Started process (PID=1073) to work on /home/airflow/.local/lib/python3.12/site-packages/airflow/example_dags/example_short_circuit_decorator.py
[2025-09-04T11:58:43.016+0000] {processor.py:830} INFO - Processing file /home/airflow/.local/lib/python3.12/site-packages/airflow/example_dags/example_short_circuit_decorator.py for tasks to queue
[2025-09-04T11:58:43.018+0000] {logging_mixin.py:188} INFO - [2025-09-04T11:58:43.017+0000] {dagbag.py:545} INFO - Filling up the DagBag from /home/airflow/.local/lib/python3.12/site-packages/airflow/example_dags/example_short_circuit_decorator.py
[2025-09-04T11:58:43.025+0000] {processor.py:840} INFO - DAG(s) 'example_short_circuit_decorator' retrieved from /home/airflow/.local/lib/python3.12/site-packages/airflow/example_dags/example_short_circuit_decorator.py
[2025-09-04T11:58:43.049+0000] {logging_mixin.py:188} INFO - [2025-09-04T11:58:43.049+0000] {dag.py:3096} INFO - Sync 1 DAGs
[2025-09-04T11:58:43.068+0000] {logging_mixin.py:188} INFO - [2025-09-04T11:58:43.068+0000] {dag.py:3954} INFO - Setting next_dagrun for example_short_circuit_decorator to 2025-09-03 00:00:00+00:00, run_after=2025-09-04 00:00:00+00:00
[2025-09-04T11:58:43.084+0000] {processor.py:183} INFO - Processing /home/airflow/.local/lib/python3.12/site-packages/airflow/example_dags/example_short_circuit_decorator.py took 0.075 seconds
[2025-09-04T11:59:13.832+0000] {processor.py:161} INFO - Started process (PID=1131) to work on /home/airflow/.local/lib/python3.12/site-packages/airflow/example_dags/example_short_circuit_decorator.py
[2025-09-04T11:59:13.833+0000] {processor.py:830} INFO - Processing file /home/airflow/.local/lib/python3.12/site-packages/airflow/example_dags/example_short_circuit_decorator.py for tasks to queue
[2025-09-04T11:59:13.836+0000] {logging_mixin.py:188} INFO - [2025-09-04T11:59:13.836+0000] {dagbag.py:545} INFO - Filling up the DagBag from /home/airflow/.local/lib/python3.12/site-packages/airflow/example_dags/example_short_circuit_decorator.py
[2025-09-04T11:59:13.856+0000] {processor.py:840} INFO - DAG(s) 'example_short_circuit_decorator' retrieved from /home/airflow/.local/lib/python3.12/site-packages/airflow/example_dags/example_short_circuit_decorator.py
[2025-09-04T11:59:13.892+0000] {logging_mixin.py:188} INFO - [2025-09-04T11:59:13.892+0000] {dag.py:3096} INFO - Sync 1 DAGs
[2025-09-04T11:59:13.920+0000] {logging_mixin.py:188} INFO - [2025-09-04T11:59:13.919+0000] {dag.py:3954} INFO - Setting next_dagrun for example_short_circuit_decorator to 2025-09-03 00:00:00+00:00, run_after=2025-09-04 00:00:00+00:00
[2025-09-04T11:59:13.946+0000] {processor.py:183} INFO - Processing /home/airflow/.local/lib/python3.12/site-packages/airflow/example_dags/example_short_circuit_decorator.py took 0.121 seconds
[2025-09-04T11:59:44.029+0000] {processor.py:161} INFO - Started process (PID=1189) to work on /home/airflow/.local/lib/python3.12/site-packages/airflow/example_dags/example_short_circuit_decorator.py
[2025-09-04T11:59:44.030+0000] {processor.py:830} INFO - Processing file /home/airflow/.local/lib/python3.12/site-packages/airflow/example_dags/example_short_circuit_decorator.py for tasks to queue
[2025-09-04T11:59:44.032+0000] {logging_mixin.py:188} INFO - [2025-09-04T11:59:44.032+0000] {dagbag.py:545} INFO - Filling up the DagBag from /home/airflow/.local/lib/python3.12/site-packages/airflow/example_dags/example_short_circuit_decorator.py
[2025-09-04T11:59:44.039+0000] {processor.py:840} INFO - DAG(s) 'example_short_circuit_decorator' retrieved from /home/airflow/.local/lib/python3.12/site-packages/airflow/example_dags/example_short_circuit_decorator.py
[2025-09-04T11:59:44.056+0000] {logging_mixin.py:188} INFO - [2025-09-04T11:59:44.056+0000] {dag.py:3096} INFO - Sync 1 DAGs
[2025-09-04T11:59:44.072+0000] {logging_mixin.py:188} INFO - [2025-09-04T11:59:44.072+0000] {dag.py:3954} INFO - Setting next_dagrun for example_short_circuit_decorator to 2025-09-03 00:00:00+00:00, run_after=2025-09-04 00:00:00+00:00
[2025-09-04T11:59:44.087+0000] {processor.py:183} INFO - Processing /home/airflow/.local/lib/python3.12/site-packages/airflow/example_dags/example_short_circuit_decorator.py took 0.062 seconds
[2025-09-04T12:01:32.739+0000] {processor.py:161} INFO - Started process (PID=81) to work on /home/airflow/.local/lib/python3.12/site-packages/airflow/example_dags/example_short_circuit_decorator.py
[2025-09-04T12:01:32.740+0000] {processor.py:830} INFO - Processing file /home/airflow/.local/lib/python3.12/site-packages/airflow/example_dags/example_short_circuit_decorator.py for tasks to queue
[2025-09-04T12:01:32.746+0000] {logging_mixin.py:188} INFO - [2025-09-04T12:01:32.746+0000] {dagbag.py:545} INFO - Filling up the DagBag from /home/airflow/.local/lib/python3.12/site-packages/airflow/example_dags/example_short_circuit_decorator.py
[2025-09-04T12:01:32.767+0000] {processor.py:840} INFO - DAG(s) 'example_short_circuit_decorator' retrieved from /home/airflow/.local/lib/python3.12/site-packages/airflow/example_dags/example_short_circuit_decorator.py
[2025-09-04T12:01:32.904+0000] {logging_mixin.py:188} INFO - [2025-09-04T12:01:32.903+0000] {dag.py:3096} INFO - Sync 1 DAGs
[2025-09-04T12:01:32.934+0000] {logging_mixin.py:188} INFO - [2025-09-04T12:01:32.934+0000] {dag.py:3954} INFO - Setting next_dagrun for example_short_circuit_decorator to 2025-09-03 00:00:00+00:00, run_after=2025-09-04 00:00:00+00:00
[2025-09-04T12:01:32.972+0000] {processor.py:183} INFO - Processing /home/airflow/.local/lib/python3.12/site-packages/airflow/example_dags/example_short_circuit_decorator.py took 0.239 seconds
[2025-09-04T12:02:03.962+0000] {processor.py:161} INFO - Started process (PID=139) to work on /home/airflow/.local/lib/python3.12/site-packages/airflow/example_dags/example_short_circuit_decorator.py
[2025-09-04T12:02:03.966+0000] {processor.py:830} INFO - Processing file /home/airflow/.local/lib/python3.12/site-packages/airflow/example_dags/example_short_circuit_decorator.py for tasks to queue
[2025-09-04T12:02:03.970+0000] {logging_mixin.py:188} INFO - [2025-09-04T12:02:03.970+0000] {dagbag.py:545} INFO - Filling up the DagBag from /home/airflow/.local/lib/python3.12/site-packages/airflow/example_dags/example_short_circuit_decorator.py
[2025-09-04T12:02:03.982+0000] {processor.py:840} INFO - DAG(s) 'example_short_circuit_decorator' retrieved from /home/airflow/.local/lib/python3.12/site-packages/airflow/example_dags/example_short_circuit_decorator.py
[2025-09-04T12:02:04.011+0000] {logging_mixin.py:188} INFO - [2025-09-04T12:02:04.010+0000] {dag.py:3096} INFO - Sync 1 DAGs
[2025-09-04T12:02:04.061+0000] {logging_mixin.py:188} INFO - [2025-09-04T12:02:04.060+0000] {dag.py:3954} INFO - Setting next_dagrun for example_short_circuit_decorator to 2025-09-03 00:00:00+00:00, run_after=2025-09-04 00:00:00+00:00
[2025-09-04T12:02:04.083+0000] {processor.py:183} INFO - Processing /home/airflow/.local/lib/python3.12/site-packages/airflow/example_dags/example_short_circuit_decorator.py took 0.131 seconds
[2025-09-04T12:02:35.021+0000] {processor.py:161} INFO - Started process (PID=197) to work on /home/airflow/.local/lib/python3.12/site-packages/airflow/example_dags/example_short_circuit_decorator.py
[2025-09-04T12:02:35.022+0000] {processor.py:830} INFO - Processing file /home/airflow/.local/lib/python3.12/site-packages/airflow/example_dags/example_short_circuit_decorator.py for tasks to queue
[2025-09-04T12:02:35.025+0000] {logging_mixin.py:188} INFO - [2025-09-04T12:02:35.025+0000] {dagbag.py:545} INFO - Filling up the DagBag from /home/airflow/.local/lib/python3.12/site-packages/airflow/example_dags/example_short_circuit_decorator.py
[2025-09-04T12:02:35.040+0000] {processor.py:840} INFO - DAG(s) 'example_short_circuit_decorator' retrieved from /home/airflow/.local/lib/python3.12/site-packages/airflow/example_dags/example_short_circuit_decorator.py
[2025-09-04T12:02:35.062+0000] {logging_mixin.py:188} INFO - [2025-09-04T12:02:35.061+0000] {dag.py:3096} INFO - Sync 1 DAGs
[2025-09-04T12:02:35.078+0000] {logging_mixin.py:188} INFO - [2025-09-04T12:02:35.078+0000] {dag.py:3954} INFO - Setting next_dagrun for example_short_circuit_decorator to 2025-09-03 00:00:00+00:00, run_after=2025-09-04 00:00:00+00:00
[2025-09-04T12:02:35.095+0000] {processor.py:183} INFO - Processing /home/airflow/.local/lib/python3.12/site-packages/airflow/example_dags/example_short_circuit_decorator.py took 0.079 seconds
[2025-09-04T12:03:05.154+0000] {processor.py:161} INFO - Started process (PID=255) to work on /home/airflow/.local/lib/python3.12/site-packages/airflow/example_dags/example_short_circuit_decorator.py
[2025-09-04T12:03:05.157+0000] {processor.py:830} INFO - Processing file /home/airflow/.local/lib/python3.12/site-packages/airflow/example_dags/example_short_circuit_decorator.py for tasks to queue
[2025-09-04T12:03:05.160+0000] {logging_mixin.py:188} INFO - [2025-09-04T12:03:05.159+0000] {dagbag.py:545} INFO - Filling up the DagBag from /home/airflow/.local/lib/python3.12/site-packages/airflow/example_dags/example_short_circuit_decorator.py
[2025-09-04T12:03:05.171+0000] {processor.py:840} INFO - DAG(s) 'example_short_circuit_decorator' retrieved from /home/airflow/.local/lib/python3.12/site-packages/airflow/example_dags/example_short_circuit_decorator.py
[2025-09-04T12:03:05.198+0000] {logging_mixin.py:188} INFO - [2025-09-04T12:03:05.198+0000] {dag.py:3096} INFO - Sync 1 DAGs
[2025-09-04T12:03:05.227+0000] {logging_mixin.py:188} INFO - [2025-09-04T12:03:05.227+0000] {dag.py:3954} INFO - Setting next_dagrun for example_short_circuit_decorator to 2025-09-03 00:00:00+00:00, run_after=2025-09-04 00:00:00+00:00
[2025-09-04T12:03:05.248+0000] {processor.py:183} INFO - Processing /home/airflow/.local/lib/python3.12/site-packages/airflow/example_dags/example_short_circuit_decorator.py took 0.101 seconds
[2025-09-04T12:03:35.493+0000] {processor.py:161} INFO - Started process (PID=313) to work on /home/airflow/.local/lib/python3.12/site-packages/airflow/example_dags/example_short_circuit_decorator.py
[2025-09-04T12:03:35.494+0000] {processor.py:830} INFO - Processing file /home/airflow/.local/lib/python3.12/site-packages/airflow/example_dags/example_short_circuit_decorator.py for tasks to queue
[2025-09-04T12:03:35.496+0000] {logging_mixin.py:188} INFO - [2025-09-04T12:03:35.496+0000] {dagbag.py:545} INFO - Filling up the DagBag from /home/airflow/.local/lib/python3.12/site-packages/airflow/example_dags/example_short_circuit_decorator.py
[2025-09-04T12:03:35.504+0000] {processor.py:840} INFO - DAG(s) 'example_short_circuit_decorator' retrieved from /home/airflow/.local/lib/python3.12/site-packages/airflow/example_dags/example_short_circuit_decorator.py
[2025-09-04T12:03:35.523+0000] {logging_mixin.py:188} INFO - [2025-09-04T12:03:35.523+0000] {dag.py:3096} INFO - Sync 1 DAGs
[2025-09-04T12:03:35.539+0000] {logging_mixin.py:188} INFO - [2025-09-04T12:03:35.539+0000] {dag.py:3954} INFO - Setting next_dagrun for example_short_circuit_decorator to 2025-09-03 00:00:00+00:00, run_after=2025-09-04 00:00:00+00:00
[2025-09-04T12:03:35.552+0000] {processor.py:183} INFO - Processing /home/airflow/.local/lib/python3.12/site-packages/airflow/example_dags/example_short_circuit_decorator.py took 0.066 seconds
[2025-09-04T12:04:06.485+0000] {processor.py:161} INFO - Started process (PID=371) to work on /home/airflow/.local/lib/python3.12/site-packages/airflow/example_dags/example_short_circuit_decorator.py
[2025-09-04T12:04:06.487+0000] {processor.py:830} INFO - Processing file /home/airflow/.local/lib/python3.12/site-packages/airflow/example_dags/example_short_circuit_decorator.py for tasks to queue
[2025-09-04T12:04:06.492+0000] {logging_mixin.py:188} INFO - [2025-09-04T12:04:06.491+0000] {dagbag.py:545} INFO - Filling up the DagBag from /home/airflow/.local/lib/python3.12/site-packages/airflow/example_dags/example_short_circuit_decorator.py
[2025-09-04T12:04:06.516+0000] {processor.py:840} INFO - DAG(s) 'example_short_circuit_decorator' retrieved from /home/airflow/.local/lib/python3.12/site-packages/airflow/example_dags/example_short_circuit_decorator.py
[2025-09-04T12:04:06.557+0000] {logging_mixin.py:188} INFO - [2025-09-04T12:04:06.550+0000] {dag.py:3096} INFO - Sync 1 DAGs
[2025-09-04T12:04:06.594+0000] {logging_mixin.py:188} INFO - [2025-09-04T12:04:06.594+0000] {dag.py:3954} INFO - Setting next_dagrun for example_short_circuit_decorator to 2025-09-03 00:00:00+00:00, run_after=2025-09-04 00:00:00+00:00
[2025-09-04T12:04:06.618+0000] {processor.py:183} INFO - Processing /home/airflow/.local/lib/python3.12/site-packages/airflow/example_dags/example_short_circuit_decorator.py took 0.143 seconds
[2025-09-04T12:04:36.771+0000] {processor.py:161} INFO - Started process (PID=429) to work on /home/airflow/.local/lib/python3.12/site-packages/airflow/example_dags/example_short_circuit_decorator.py
[2025-09-04T12:04:36.772+0000] {processor.py:830} INFO - Processing file /home/airflow/.local/lib/python3.12/site-packages/airflow/example_dags/example_short_circuit_decorator.py for tasks to queue
[2025-09-04T12:04:36.774+0000] {logging_mixin.py:188} INFO - [2025-09-04T12:04:36.773+0000] {dagbag.py:545} INFO - Filling up the DagBag from /home/airflow/.local/lib/python3.12/site-packages/airflow/example_dags/example_short_circuit_decorator.py
[2025-09-04T12:04:36.782+0000] {processor.py:840} INFO - DAG(s) 'example_short_circuit_decorator' retrieved from /home/airflow/.local/lib/python3.12/site-packages/airflow/example_dags/example_short_circuit_decorator.py
[2025-09-04T12:04:36.805+0000] {logging_mixin.py:188} INFO - [2025-09-04T12:04:36.804+0000] {dag.py:3096} INFO - Sync 1 DAGs
[2025-09-04T12:04:36.824+0000] {logging_mixin.py:188} INFO - [2025-09-04T12:04:36.824+0000] {dag.py:3954} INFO - Setting next_dagrun for example_short_circuit_decorator to 2025-09-03 00:00:00+00:00, run_after=2025-09-04 00:00:00+00:00
[2025-09-04T12:04:36.840+0000] {processor.py:183} INFO - Processing /home/airflow/.local/lib/python3.12/site-packages/airflow/example_dags/example_short_circuit_decorator.py took 0.074 seconds
[2025-09-04T12:05:07.336+0000] {processor.py:161} INFO - Started process (PID=487) to work on /home/airflow/.local/lib/python3.12/site-packages/airflow/example_dags/example_short_circuit_decorator.py
[2025-09-04T12:05:07.338+0000] {processor.py:830} INFO - Processing file /home/airflow/.local/lib/python3.12/site-packages/airflow/example_dags/example_short_circuit_decorator.py for tasks to queue
[2025-09-04T12:05:07.341+0000] {logging_mixin.py:188} INFO - [2025-09-04T12:05:07.341+0000] {dagbag.py:545} INFO - Filling up the DagBag from /home/airflow/.local/lib/python3.12/site-packages/airflow/example_dags/example_short_circuit_decorator.py
[2025-09-04T12:05:07.351+0000] {processor.py:840} INFO - DAG(s) 'example_short_circuit_decorator' retrieved from /home/airflow/.local/lib/python3.12/site-packages/airflow/example_dags/example_short_circuit_decorator.py
[2025-09-04T12:05:07.374+0000] {logging_mixin.py:188} INFO - [2025-09-04T12:05:07.373+0000] {dag.py:3096} INFO - Sync 1 DAGs
[2025-09-04T12:05:07.398+0000] {logging_mixin.py:188} INFO - [2025-09-04T12:05:07.397+0000] {dag.py:3954} INFO - Setting next_dagrun for example_short_circuit_decorator to 2025-09-03 00:00:00+00:00, run_after=2025-09-04 00:00:00+00:00
[2025-09-04T12:05:07.419+0000] {processor.py:183} INFO - Processing /home/airflow/.local/lib/python3.12/site-packages/airflow/example_dags/example_short_circuit_decorator.py took 0.093 seconds
[2025-09-04T12:05:37.599+0000] {processor.py:161} INFO - Started process (PID=545) to work on /home/airflow/.local/lib/python3.12/site-packages/airflow/example_dags/example_short_circuit_decorator.py
[2025-09-04T12:05:37.603+0000] {processor.py:830} INFO - Processing file /home/airflow/.local/lib/python3.12/site-packages/airflow/example_dags/example_short_circuit_decorator.py for tasks to queue
[2025-09-04T12:05:37.607+0000] {logging_mixin.py:188} INFO - [2025-09-04T12:05:37.607+0000] {dagbag.py:545} INFO - Filling up the DagBag from /home/airflow/.local/lib/python3.12/site-packages/airflow/example_dags/example_short_circuit_decorator.py
[2025-09-04T12:05:37.621+0000] {processor.py:840} INFO - DAG(s) 'example_short_circuit_decorator' retrieved from /home/airflow/.local/lib/python3.12/site-packages/airflow/example_dags/example_short_circuit_decorator.py
[2025-09-04T12:05:37.654+0000] {logging_mixin.py:188} INFO - [2025-09-04T12:05:37.654+0000] {dag.py:3096} INFO - Sync 1 DAGs
[2025-09-04T12:05:37.681+0000] {logging_mixin.py:188} INFO - [2025-09-04T12:05:37.680+0000] {dag.py:3954} INFO - Setting next_dagrun for example_short_circuit_decorator to 2025-09-03 00:00:00+00:00, run_after=2025-09-04 00:00:00+00:00
[2025-09-04T12:05:37.707+0000] {processor.py:183} INFO - Processing /home/airflow/.local/lib/python3.12/site-packages/airflow/example_dags/example_short_circuit_decorator.py took 0.116 seconds
[2025-09-04T12:06:36.020+0000] {processor.py:161} INFO - Started process (PID=81) to work on /home/airflow/.local/lib/python3.12/site-packages/airflow/example_dags/example_short_circuit_decorator.py
[2025-09-04T12:06:36.022+0000] {processor.py:830} INFO - Processing file /home/airflow/.local/lib/python3.12/site-packages/airflow/example_dags/example_short_circuit_decorator.py for tasks to queue
[2025-09-04T12:06:36.023+0000] {logging_mixin.py:188} INFO - [2025-09-04T12:06:36.023+0000] {dagbag.py:545} INFO - Filling up the DagBag from /home/airflow/.local/lib/python3.12/site-packages/airflow/example_dags/example_short_circuit_decorator.py
[2025-09-04T12:06:36.033+0000] {processor.py:840} INFO - DAG(s) 'example_short_circuit_decorator' retrieved from /home/airflow/.local/lib/python3.12/site-packages/airflow/example_dags/example_short_circuit_decorator.py
[2025-09-04T12:06:36.044+0000] {logging_mixin.py:188} INFO - [2025-09-04T12:06:36.044+0000] {dag.py:3096} INFO - Sync 1 DAGs
[2025-09-04T12:06:36.061+0000] {logging_mixin.py:188} INFO - [2025-09-04T12:06:36.061+0000] {dag.py:3954} INFO - Setting next_dagrun for example_short_circuit_decorator to 2025-09-03 00:00:00+00:00, run_after=2025-09-04 00:00:00+00:00
[2025-09-04T12:06:36.076+0000] {processor.py:183} INFO - Processing /home/airflow/.local/lib/python3.12/site-packages/airflow/example_dags/example_short_circuit_decorator.py took 0.060 seconds
[2025-09-04T12:07:07.956+0000] {processor.py:161} INFO - Started process (PID=139) to work on /home/airflow/.local/lib/python3.12/site-packages/airflow/example_dags/example_short_circuit_decorator.py
[2025-09-04T12:07:07.957+0000] {processor.py:830} INFO - Processing file /home/airflow/.local/lib/python3.12/site-packages/airflow/example_dags/example_short_circuit_decorator.py for tasks to queue
[2025-09-04T12:07:07.958+0000] {logging_mixin.py:188} INFO - [2025-09-04T12:07:07.958+0000] {dagbag.py:545} INFO - Filling up the DagBag from /home/airflow/.local/lib/python3.12/site-packages/airflow/example_dags/example_short_circuit_decorator.py
[2025-09-04T12:07:07.967+0000] {processor.py:840} INFO - DAG(s) 'example_short_circuit_decorator' retrieved from /home/airflow/.local/lib/python3.12/site-packages/airflow/example_dags/example_short_circuit_decorator.py
[2025-09-04T12:07:08.064+0000] {logging_mixin.py:188} INFO - [2025-09-04T12:07:08.064+0000] {dag.py:3096} INFO - Sync 1 DAGs
[2025-09-04T12:07:08.085+0000] {logging_mixin.py:188} INFO - [2025-09-04T12:07:08.085+0000] {dag.py:3954} INFO - Setting next_dagrun for example_short_circuit_decorator to 2025-09-03 00:00:00+00:00, run_after=2025-09-04 00:00:00+00:00
[2025-09-04T12:07:08.101+0000] {processor.py:183} INFO - Processing /home/airflow/.local/lib/python3.12/site-packages/airflow/example_dags/example_short_circuit_decorator.py took 0.150 seconds
[2025-09-04T12:07:38.989+0000] {processor.py:161} INFO - Started process (PID=203) to work on /home/airflow/.local/lib/python3.12/site-packages/airflow/example_dags/example_short_circuit_decorator.py
[2025-09-04T12:07:38.991+0000] {processor.py:830} INFO - Processing file /home/airflow/.local/lib/python3.12/site-packages/airflow/example_dags/example_short_circuit_decorator.py for tasks to queue
[2025-09-04T12:07:38.996+0000] {logging_mixin.py:188} INFO - [2025-09-04T12:07:38.995+0000] {dagbag.py:545} INFO - Filling up the DagBag from /home/airflow/.local/lib/python3.12/site-packages/airflow/example_dags/example_short_circuit_decorator.py
[2025-09-04T12:07:39.014+0000] {processor.py:840} INFO - DAG(s) 'example_short_circuit_decorator' retrieved from /home/airflow/.local/lib/python3.12/site-packages/airflow/example_dags/example_short_circuit_decorator.py
[2025-09-04T12:07:39.049+0000] {logging_mixin.py:188} INFO - [2025-09-04T12:07:39.049+0000] {dag.py:3096} INFO - Sync 1 DAGs
[2025-09-04T12:07:39.075+0000] {logging_mixin.py:188} INFO - [2025-09-04T12:07:39.075+0000] {dag.py:3954} INFO - Setting next_dagrun for example_short_circuit_decorator to 2025-09-03 00:00:00+00:00, run_after=2025-09-04 00:00:00+00:00
[2025-09-04T12:07:39.104+0000] {processor.py:183} INFO - Processing /home/airflow/.local/lib/python3.12/site-packages/airflow/example_dags/example_short_circuit_decorator.py took 0.124 seconds
[2025-09-04T12:08:09.592+0000] {processor.py:161} INFO - Started process (PID=261) to work on /home/airflow/.local/lib/python3.12/site-packages/airflow/example_dags/example_short_circuit_decorator.py
[2025-09-04T12:08:09.594+0000] {processor.py:830} INFO - Processing file /home/airflow/.local/lib/python3.12/site-packages/airflow/example_dags/example_short_circuit_decorator.py for tasks to queue
[2025-09-04T12:08:09.596+0000] {logging_mixin.py:188} INFO - [2025-09-04T12:08:09.596+0000] {dagbag.py:545} INFO - Filling up the DagBag from /home/airflow/.local/lib/python3.12/site-packages/airflow/example_dags/example_short_circuit_decorator.py
[2025-09-04T12:08:09.605+0000] {processor.py:840} INFO - DAG(s) 'example_short_circuit_decorator' retrieved from /home/airflow/.local/lib/python3.12/site-packages/airflow/example_dags/example_short_circuit_decorator.py
[2025-09-04T12:08:09.622+0000] {logging_mixin.py:188} INFO - [2025-09-04T12:08:09.622+0000] {dag.py:3096} INFO - Sync 1 DAGs
[2025-09-04T12:08:09.638+0000] {logging_mixin.py:188} INFO - [2025-09-04T12:08:09.638+0000] {dag.py:3954} INFO - Setting next_dagrun for example_short_circuit_decorator to 2025-09-03 00:00:00+00:00, run_after=2025-09-04 00:00:00+00:00
[2025-09-04T12:08:09.657+0000] {processor.py:183} INFO - Processing /home/airflow/.local/lib/python3.12/site-packages/airflow/example_dags/example_short_circuit_decorator.py took 0.069 seconds
[2025-09-04T12:08:40.792+0000] {processor.py:161} INFO - Started process (PID=319) to work on /home/airflow/.local/lib/python3.12/site-packages/airflow/example_dags/example_short_circuit_decorator.py
[2025-09-04T12:08:40.796+0000] {processor.py:830} INFO - Processing file /home/airflow/.local/lib/python3.12/site-packages/airflow/example_dags/example_short_circuit_decorator.py for tasks to queue
[2025-09-04T12:08:40.799+0000] {logging_mixin.py:188} INFO - [2025-09-04T12:08:40.799+0000] {dagbag.py:545} INFO - Filling up the DagBag from /home/airflow/.local/lib/python3.12/site-packages/airflow/example_dags/example_short_circuit_decorator.py
[2025-09-04T12:08:40.824+0000] {processor.py:840} INFO - DAG(s) 'example_short_circuit_decorator' retrieved from /home/airflow/.local/lib/python3.12/site-packages/airflow/example_dags/example_short_circuit_decorator.py
[2025-09-04T12:08:40.848+0000] {logging_mixin.py:188} INFO - [2025-09-04T12:08:40.848+0000] {dag.py:3096} INFO - Sync 1 DAGs
[2025-09-04T12:08:40.869+0000] {logging_mixin.py:188} INFO - [2025-09-04T12:08:40.869+0000] {dag.py:3954} INFO - Setting next_dagrun for example_short_circuit_decorator to 2025-09-03 00:00:00+00:00, run_after=2025-09-04 00:00:00+00:00
[2025-09-04T12:08:40.895+0000] {processor.py:183} INFO - Processing /home/airflow/.local/lib/python3.12/site-packages/airflow/example_dags/example_short_circuit_decorator.py took 0.113 seconds
