[2025-09-04T11:50:00.567+0000] {processor.py:161} INFO - Started process (PID=55) to work on /home/airflow/.local/lib/python3.12/site-packages/airflow/example_dags/example_short_circuit_operator.py
[2025-09-04T11:50:00.570+0000] {processor.py:830} INFO - Processing file /home/airflow/.local/lib/python3.12/site-packages/airflow/example_dags/example_short_circuit_operator.py for tasks to queue
[2025-09-04T11:50:00.577+0000] {logging_mixin.py:188} INFO - [2025-09-04T11:50:00.576+0000] {dagbag.py:545} INFO - Filling up the DagBag from /home/airflow/.local/lib/python3.12/site-packages/airflow/example_dags/example_short_circuit_operator.py
[2025-09-04T11:50:00.606+0000] {processor.py:840} INFO - DAG(s) 'example_short_circuit_operator' retrieved from /home/airflow/.local/lib/python3.12/site-packages/airflow/example_dags/example_short_circuit_operator.py
[2025-09-04T11:50:00.778+0000] {logging_mixin.py:188} INFO - [2025-09-04T11:50:00.777+0000] {override.py:1829} INFO - Created Permission View: can edit on DAG:example_short_circuit_operator
[2025-09-04T11:50:00.790+0000] {logging_mixin.py:188} INFO - [2025-09-04T11:50:00.790+0000] {override.py:1829} INFO - Created Permission View: can read on DAG:example_short_circuit_operator
[2025-09-04T11:50:00.800+0000] {logging_mixin.py:188} INFO - [2025-09-04T11:50:00.799+0000] {override.py:1829} INFO - Created Permission View: can delete on DAG:example_short_circuit_operator
[2025-09-04T11:50:00.800+0000] {logging_mixin.py:188} INFO - [2025-09-04T11:50:00.800+0000] {dag.py:3096} INFO - Sync 1 DAGs
[2025-09-04T11:50:00.816+0000] {logging_mixin.py:188} INFO - [2025-09-04T11:50:00.815+0000] {dag.py:3118} INFO - Creating ORM DAG for example_short_circuit_operator
[2025-09-04T11:50:00.832+0000] {logging_mixin.py:188} INFO - [2025-09-04T11:50:00.832+0000] {dag.py:3954} INFO - Setting next_dagrun for example_short_circuit_operator to 2025-09-03 00:00:00+00:00, run_after=2025-09-04 00:00:00+00:00
[2025-09-04T11:50:00.869+0000] {processor.py:183} INFO - Processing /home/airflow/.local/lib/python3.12/site-packages/airflow/example_dags/example_short_circuit_operator.py took 0.313 seconds
[2025-09-04T11:50:31.252+0000] {processor.py:161} INFO - Started process (PID=113) to work on /home/airflow/.local/lib/python3.12/site-packages/airflow/example_dags/example_short_circuit_operator.py
[2025-09-04T11:50:31.254+0000] {processor.py:830} INFO - Processing file /home/airflow/.local/lib/python3.12/site-packages/airflow/example_dags/example_short_circuit_operator.py for tasks to queue
[2025-09-04T11:50:31.256+0000] {logging_mixin.py:188} INFO - [2025-09-04T11:50:31.256+0000] {dagbag.py:545} INFO - Filling up the DagBag from /home/airflow/.local/lib/python3.12/site-packages/airflow/example_dags/example_short_circuit_operator.py
[2025-09-04T11:50:31.266+0000] {processor.py:840} INFO - DAG(s) 'example_short_circuit_operator' retrieved from /home/airflow/.local/lib/python3.12/site-packages/airflow/example_dags/example_short_circuit_operator.py
[2025-09-04T11:50:31.295+0000] {logging_mixin.py:188} INFO - [2025-09-04T11:50:31.295+0000] {dag.py:3096} INFO - Sync 1 DAGs
[2025-09-04T11:50:31.323+0000] {logging_mixin.py:188} INFO - [2025-09-04T11:50:31.323+0000] {dag.py:3954} INFO - Setting next_dagrun for example_short_circuit_operator to 2025-09-03 00:00:00+00:00, run_after=2025-09-04 00:00:00+00:00
[2025-09-04T11:50:31.351+0000] {processor.py:183} INFO - Processing /home/airflow/.local/lib/python3.12/site-packages/airflow/example_dags/example_short_circuit_operator.py took 0.107 seconds
[2025-09-04T11:51:01.744+0000] {processor.py:161} INFO - Started process (PID=171) to work on /home/airflow/.local/lib/python3.12/site-packages/airflow/example_dags/example_short_circuit_operator.py
[2025-09-04T11:51:01.745+0000] {processor.py:830} INFO - Processing file /home/airflow/.local/lib/python3.12/site-packages/airflow/example_dags/example_short_circuit_operator.py for tasks to queue
[2025-09-04T11:51:01.748+0000] {logging_mixin.py:188} INFO - [2025-09-04T11:51:01.748+0000] {dagbag.py:545} INFO - Filling up the DagBag from /home/airflow/.local/lib/python3.12/site-packages/airflow/example_dags/example_short_circuit_operator.py
[2025-09-04T11:51:01.757+0000] {processor.py:840} INFO - DAG(s) 'example_short_circuit_operator' retrieved from /home/airflow/.local/lib/python3.12/site-packages/airflow/example_dags/example_short_circuit_operator.py
[2025-09-04T11:51:01.785+0000] {logging_mixin.py:188} INFO - [2025-09-04T11:51:01.785+0000] {dag.py:3096} INFO - Sync 1 DAGs
[2025-09-04T11:51:01.809+0000] {logging_mixin.py:188} INFO - [2025-09-04T11:51:01.809+0000] {dag.py:3954} INFO - Setting next_dagrun for example_short_circuit_operator to 2025-09-03 00:00:00+00:00, run_after=2025-09-04 00:00:00+00:00
[2025-09-04T11:51:01.833+0000] {processor.py:183} INFO - Processing /home/airflow/.local/lib/python3.12/site-packages/airflow/example_dags/example_short_circuit_operator.py took 0.098 seconds
[2025-09-04T11:51:32.014+0000] {processor.py:161} INFO - Started process (PID=228) to work on /home/airflow/.local/lib/python3.12/site-packages/airflow/example_dags/example_short_circuit_operator.py
[2025-09-04T11:51:32.016+0000] {processor.py:830} INFO - Processing file /home/airflow/.local/lib/python3.12/site-packages/airflow/example_dags/example_short_circuit_operator.py for tasks to queue
[2025-09-04T11:51:32.019+0000] {logging_mixin.py:188} INFO - [2025-09-04T11:51:32.018+0000] {dagbag.py:545} INFO - Filling up the DagBag from /home/airflow/.local/lib/python3.12/site-packages/airflow/example_dags/example_short_circuit_operator.py
[2025-09-04T11:51:32.025+0000] {processor.py:840} INFO - DAG(s) 'example_short_circuit_operator' retrieved from /home/airflow/.local/lib/python3.12/site-packages/airflow/example_dags/example_short_circuit_operator.py
[2025-09-04T11:51:32.044+0000] {logging_mixin.py:188} INFO - [2025-09-04T11:51:32.044+0000] {dag.py:3096} INFO - Sync 1 DAGs
[2025-09-04T11:51:32.060+0000] {logging_mixin.py:188} INFO - [2025-09-04T11:51:32.060+0000] {dag.py:3954} INFO - Setting next_dagrun for example_short_circuit_operator to 2025-09-03 00:00:00+00:00, run_after=2025-09-04 00:00:00+00:00
[2025-09-04T11:51:32.079+0000] {processor.py:183} INFO - Processing /home/airflow/.local/lib/python3.12/site-packages/airflow/example_dags/example_short_circuit_operator.py took 0.075 seconds
[2025-09-04T11:52:02.713+0000] {processor.py:161} INFO - Started process (PID=286) to work on /home/airflow/.local/lib/python3.12/site-packages/airflow/example_dags/example_short_circuit_operator.py
[2025-09-04T11:52:02.714+0000] {processor.py:830} INFO - Processing file /home/airflow/.local/lib/python3.12/site-packages/airflow/example_dags/example_short_circuit_operator.py for tasks to queue
[2025-09-04T11:52:02.716+0000] {logging_mixin.py:188} INFO - [2025-09-04T11:52:02.716+0000] {dagbag.py:545} INFO - Filling up the DagBag from /home/airflow/.local/lib/python3.12/site-packages/airflow/example_dags/example_short_circuit_operator.py
[2025-09-04T11:52:02.722+0000] {processor.py:840} INFO - DAG(s) 'example_short_circuit_operator' retrieved from /home/airflow/.local/lib/python3.12/site-packages/airflow/example_dags/example_short_circuit_operator.py
[2025-09-04T11:52:02.739+0000] {logging_mixin.py:188} INFO - [2025-09-04T11:52:02.739+0000] {dag.py:3096} INFO - Sync 1 DAGs
[2025-09-04T11:52:02.755+0000] {logging_mixin.py:188} INFO - [2025-09-04T11:52:02.755+0000] {dag.py:3954} INFO - Setting next_dagrun for example_short_circuit_operator to 2025-09-03 00:00:00+00:00, run_after=2025-09-04 00:00:00+00:00
[2025-09-04T11:52:02.772+0000] {processor.py:183} INFO - Processing /home/airflow/.local/lib/python3.12/site-packages/airflow/example_dags/example_short_circuit_operator.py took 0.064 seconds
[2025-09-04T11:52:33.115+0000] {processor.py:161} INFO - Started process (PID=344) to work on /home/airflow/.local/lib/python3.12/site-packages/airflow/example_dags/example_short_circuit_operator.py
[2025-09-04T11:52:33.116+0000] {processor.py:830} INFO - Processing file /home/airflow/.local/lib/python3.12/site-packages/airflow/example_dags/example_short_circuit_operator.py for tasks to queue
[2025-09-04T11:52:33.119+0000] {logging_mixin.py:188} INFO - [2025-09-04T11:52:33.119+0000] {dagbag.py:545} INFO - Filling up the DagBag from /home/airflow/.local/lib/python3.12/site-packages/airflow/example_dags/example_short_circuit_operator.py
[2025-09-04T11:52:33.128+0000] {processor.py:840} INFO - DAG(s) 'example_short_circuit_operator' retrieved from /home/airflow/.local/lib/python3.12/site-packages/airflow/example_dags/example_short_circuit_operator.py
[2025-09-04T11:52:33.155+0000] {logging_mixin.py:188} INFO - [2025-09-04T11:52:33.154+0000] {dag.py:3096} INFO - Sync 1 DAGs
[2025-09-04T11:52:33.183+0000] {logging_mixin.py:188} INFO - [2025-09-04T11:52:33.183+0000] {dag.py:3954} INFO - Setting next_dagrun for example_short_circuit_operator to 2025-09-03 00:00:00+00:00, run_after=2025-09-04 00:00:00+00:00
[2025-09-04T11:52:33.207+0000] {processor.py:183} INFO - Processing /home/airflow/.local/lib/python3.12/site-packages/airflow/example_dags/example_short_circuit_operator.py took 0.097 seconds
[2025-09-04T11:53:03.521+0000] {processor.py:161} INFO - Started process (PID=402) to work on /home/airflow/.local/lib/python3.12/site-packages/airflow/example_dags/example_short_circuit_operator.py
[2025-09-04T11:53:03.523+0000] {processor.py:830} INFO - Processing file /home/airflow/.local/lib/python3.12/site-packages/airflow/example_dags/example_short_circuit_operator.py for tasks to queue
[2025-09-04T11:53:03.525+0000] {logging_mixin.py:188} INFO - [2025-09-04T11:53:03.525+0000] {dagbag.py:545} INFO - Filling up the DagBag from /home/airflow/.local/lib/python3.12/site-packages/airflow/example_dags/example_short_circuit_operator.py
[2025-09-04T11:53:03.534+0000] {processor.py:840} INFO - DAG(s) 'example_short_circuit_operator' retrieved from /home/airflow/.local/lib/python3.12/site-packages/airflow/example_dags/example_short_circuit_operator.py
[2025-09-04T11:53:03.554+0000] {logging_mixin.py:188} INFO - [2025-09-04T11:53:03.554+0000] {dag.py:3096} INFO - Sync 1 DAGs
[2025-09-04T11:53:03.570+0000] {logging_mixin.py:188} INFO - [2025-09-04T11:53:03.570+0000] {dag.py:3954} INFO - Setting next_dagrun for example_short_circuit_operator to 2025-09-03 00:00:00+00:00, run_after=2025-09-04 00:00:00+00:00
[2025-09-04T11:53:03.586+0000] {processor.py:183} INFO - Processing /home/airflow/.local/lib/python3.12/site-packages/airflow/example_dags/example_short_circuit_operator.py took 0.074 seconds
[2025-09-04T11:53:33.834+0000] {processor.py:161} INFO - Started process (PID=460) to work on /home/airflow/.local/lib/python3.12/site-packages/airflow/example_dags/example_short_circuit_operator.py
[2025-09-04T11:53:33.836+0000] {processor.py:830} INFO - Processing file /home/airflow/.local/lib/python3.12/site-packages/airflow/example_dags/example_short_circuit_operator.py for tasks to queue
[2025-09-04T11:53:33.838+0000] {logging_mixin.py:188} INFO - [2025-09-04T11:53:33.838+0000] {dagbag.py:545} INFO - Filling up the DagBag from /home/airflow/.local/lib/python3.12/site-packages/airflow/example_dags/example_short_circuit_operator.py
[2025-09-04T11:53:33.846+0000] {processor.py:840} INFO - DAG(s) 'example_short_circuit_operator' retrieved from /home/airflow/.local/lib/python3.12/site-packages/airflow/example_dags/example_short_circuit_operator.py
[2025-09-04T11:53:33.879+0000] {logging_mixin.py:188} INFO - [2025-09-04T11:53:33.879+0000] {dag.py:3096} INFO - Sync 1 DAGs
[2025-09-04T11:53:33.922+0000] {logging_mixin.py:188} INFO - [2025-09-04T11:53:33.922+0000] {dag.py:3954} INFO - Setting next_dagrun for example_short_circuit_operator to 2025-09-03 00:00:00+00:00, run_after=2025-09-04 00:00:00+00:00
[2025-09-04T11:53:33.940+0000] {processor.py:183} INFO - Processing /home/airflow/.local/lib/python3.12/site-packages/airflow/example_dags/example_short_circuit_operator.py took 0.113 seconds
[2025-09-04T11:54:04.587+0000] {processor.py:161} INFO - Started process (PID=524) to work on /home/airflow/.local/lib/python3.12/site-packages/airflow/example_dags/example_short_circuit_operator.py
[2025-09-04T11:54:04.590+0000] {processor.py:830} INFO - Processing file /home/airflow/.local/lib/python3.12/site-packages/airflow/example_dags/example_short_circuit_operator.py for tasks to queue
[2025-09-04T11:54:04.592+0000] {logging_mixin.py:188} INFO - [2025-09-04T11:54:04.592+0000] {dagbag.py:545} INFO - Filling up the DagBag from /home/airflow/.local/lib/python3.12/site-packages/airflow/example_dags/example_short_circuit_operator.py
[2025-09-04T11:54:04.604+0000] {processor.py:840} INFO - DAG(s) 'example_short_circuit_operator' retrieved from /home/airflow/.local/lib/python3.12/site-packages/airflow/example_dags/example_short_circuit_operator.py
[2025-09-04T11:54:04.635+0000] {logging_mixin.py:188} INFO - [2025-09-04T11:54:04.634+0000] {dag.py:3096} INFO - Sync 1 DAGs
[2025-09-04T11:54:04.665+0000] {logging_mixin.py:188} INFO - [2025-09-04T11:54:04.665+0000] {dag.py:3954} INFO - Setting next_dagrun for example_short_circuit_operator to 2025-09-03 00:00:00+00:00, run_after=2025-09-04 00:00:00+00:00
[2025-09-04T11:54:04.690+0000] {processor.py:183} INFO - Processing /home/airflow/.local/lib/python3.12/site-packages/airflow/example_dags/example_short_circuit_operator.py took 0.110 seconds
[2025-09-04T11:54:34.929+0000] {processor.py:161} INFO - Started process (PID=582) to work on /home/airflow/.local/lib/python3.12/site-packages/airflow/example_dags/example_short_circuit_operator.py
[2025-09-04T11:54:34.930+0000] {processor.py:830} INFO - Processing file /home/airflow/.local/lib/python3.12/site-packages/airflow/example_dags/example_short_circuit_operator.py for tasks to queue
[2025-09-04T11:54:34.933+0000] {logging_mixin.py:188} INFO - [2025-09-04T11:54:34.933+0000] {dagbag.py:545} INFO - Filling up the DagBag from /home/airflow/.local/lib/python3.12/site-packages/airflow/example_dags/example_short_circuit_operator.py
[2025-09-04T11:54:34.942+0000] {processor.py:840} INFO - DAG(s) 'example_short_circuit_operator' retrieved from /home/airflow/.local/lib/python3.12/site-packages/airflow/example_dags/example_short_circuit_operator.py
[2025-09-04T11:54:34.969+0000] {logging_mixin.py:188} INFO - [2025-09-04T11:54:34.969+0000] {dag.py:3096} INFO - Sync 1 DAGs
[2025-09-04T11:54:34.992+0000] {logging_mixin.py:188} INFO - [2025-09-04T11:54:34.992+0000] {dag.py:3954} INFO - Setting next_dagrun for example_short_circuit_operator to 2025-09-03 00:00:00+00:00, run_after=2025-09-04 00:00:00+00:00
[2025-09-04T11:54:35.024+0000] {processor.py:183} INFO - Processing /home/airflow/.local/lib/python3.12/site-packages/airflow/example_dags/example_short_circuit_operator.py took 0.100 seconds
[2025-09-04T11:55:05.238+0000] {processor.py:161} INFO - Started process (PID=640) to work on /home/airflow/.local/lib/python3.12/site-packages/airflow/example_dags/example_short_circuit_operator.py
[2025-09-04T11:55:05.241+0000] {processor.py:830} INFO - Processing file /home/airflow/.local/lib/python3.12/site-packages/airflow/example_dags/example_short_circuit_operator.py for tasks to queue
[2025-09-04T11:55:05.247+0000] {logging_mixin.py:188} INFO - [2025-09-04T11:55:05.246+0000] {dagbag.py:545} INFO - Filling up the DagBag from /home/airflow/.local/lib/python3.12/site-packages/airflow/example_dags/example_short_circuit_operator.py
[2025-09-04T11:55:05.265+0000] {processor.py:840} INFO - DAG(s) 'example_short_circuit_operator' retrieved from /home/airflow/.local/lib/python3.12/site-packages/airflow/example_dags/example_short_circuit_operator.py
[2025-09-04T11:55:05.287+0000] {logging_mixin.py:188} INFO - [2025-09-04T11:55:05.286+0000] {dag.py:3096} INFO - Sync 1 DAGs
[2025-09-04T11:55:05.305+0000] {logging_mixin.py:188} INFO - [2025-09-04T11:55:05.305+0000] {dag.py:3954} INFO - Setting next_dagrun for example_short_circuit_operator to 2025-09-03 00:00:00+00:00, run_after=2025-09-04 00:00:00+00:00
[2025-09-04T11:55:05.324+0000] {processor.py:183} INFO - Processing /home/airflow/.local/lib/python3.12/site-packages/airflow/example_dags/example_short_circuit_operator.py took 0.101 seconds
[2025-09-04T11:55:35.751+0000] {processor.py:161} INFO - Started process (PID=698) to work on /home/airflow/.local/lib/python3.12/site-packages/airflow/example_dags/example_short_circuit_operator.py
[2025-09-04T11:55:35.753+0000] {processor.py:830} INFO - Processing file /home/airflow/.local/lib/python3.12/site-packages/airflow/example_dags/example_short_circuit_operator.py for tasks to queue
[2025-09-04T11:55:35.754+0000] {logging_mixin.py:188} INFO - [2025-09-04T11:55:35.754+0000] {dagbag.py:545} INFO - Filling up the DagBag from /home/airflow/.local/lib/python3.12/site-packages/airflow/example_dags/example_short_circuit_operator.py
[2025-09-04T11:55:35.761+0000] {processor.py:840} INFO - DAG(s) 'example_short_circuit_operator' retrieved from /home/airflow/.local/lib/python3.12/site-packages/airflow/example_dags/example_short_circuit_operator.py
[2025-09-04T11:55:35.779+0000] {logging_mixin.py:188} INFO - [2025-09-04T11:55:35.779+0000] {dag.py:3096} INFO - Sync 1 DAGs
[2025-09-04T11:55:35.795+0000] {logging_mixin.py:188} INFO - [2025-09-04T11:55:35.795+0000] {dag.py:3954} INFO - Setting next_dagrun for example_short_circuit_operator to 2025-09-03 00:00:00+00:00, run_after=2025-09-04 00:00:00+00:00
[2025-09-04T11:55:35.810+0000] {processor.py:183} INFO - Processing /home/airflow/.local/lib/python3.12/site-packages/airflow/example_dags/example_short_circuit_operator.py took 0.064 seconds
[2025-09-04T11:56:06.282+0000] {processor.py:161} INFO - Started process (PID=756) to work on /home/airflow/.local/lib/python3.12/site-packages/airflow/example_dags/example_short_circuit_operator.py
[2025-09-04T11:56:06.284+0000] {processor.py:830} INFO - Processing file /home/airflow/.local/lib/python3.12/site-packages/airflow/example_dags/example_short_circuit_operator.py for tasks to queue
[2025-09-04T11:56:06.285+0000] {logging_mixin.py:188} INFO - [2025-09-04T11:56:06.285+0000] {dagbag.py:545} INFO - Filling up the DagBag from /home/airflow/.local/lib/python3.12/site-packages/airflow/example_dags/example_short_circuit_operator.py
[2025-09-04T11:56:06.297+0000] {processor.py:840} INFO - DAG(s) 'example_short_circuit_operator' retrieved from /home/airflow/.local/lib/python3.12/site-packages/airflow/example_dags/example_short_circuit_operator.py
[2025-09-04T11:56:06.325+0000] {logging_mixin.py:188} INFO - [2025-09-04T11:56:06.325+0000] {dag.py:3096} INFO - Sync 1 DAGs
[2025-09-04T11:56:06.351+0000] {logging_mixin.py:188} INFO - [2025-09-04T11:56:06.351+0000] {dag.py:3954} INFO - Setting next_dagrun for example_short_circuit_operator to 2025-09-03 00:00:00+00:00, run_after=2025-09-04 00:00:00+00:00
[2025-09-04T11:56:06.371+0000] {processor.py:183} INFO - Processing /home/airflow/.local/lib/python3.12/site-packages/airflow/example_dags/example_short_circuit_operator.py took 0.096 seconds
[2025-09-04T11:56:36.529+0000] {processor.py:161} INFO - Started process (PID=814) to work on /home/airflow/.local/lib/python3.12/site-packages/airflow/example_dags/example_short_circuit_operator.py
[2025-09-04T11:56:36.532+0000] {processor.py:830} INFO - Processing file /home/airflow/.local/lib/python3.12/site-packages/airflow/example_dags/example_short_circuit_operator.py for tasks to queue
[2025-09-04T11:56:36.536+0000] {logging_mixin.py:188} INFO - [2025-09-04T11:56:36.535+0000] {dagbag.py:545} INFO - Filling up the DagBag from /home/airflow/.local/lib/python3.12/site-packages/airflow/example_dags/example_short_circuit_operator.py
[2025-09-04T11:56:36.546+0000] {processor.py:840} INFO - DAG(s) 'example_short_circuit_operator' retrieved from /home/airflow/.local/lib/python3.12/site-packages/airflow/example_dags/example_short_circuit_operator.py
[2025-09-04T11:56:36.601+0000] {logging_mixin.py:188} INFO - [2025-09-04T11:56:36.600+0000] {dag.py:3096} INFO - Sync 1 DAGs
[2025-09-04T11:56:36.644+0000] {logging_mixin.py:188} INFO - [2025-09-04T11:56:36.644+0000] {dag.py:3954} INFO - Setting next_dagrun for example_short_circuit_operator to 2025-09-03 00:00:00+00:00, run_after=2025-09-04 00:00:00+00:00
[2025-09-04T11:56:36.681+0000] {processor.py:183} INFO - Processing /home/airflow/.local/lib/python3.12/site-packages/airflow/example_dags/example_short_circuit_operator.py took 0.165 seconds
[2025-09-04T11:57:06.799+0000] {processor.py:161} INFO - Started process (PID=872) to work on /home/airflow/.local/lib/python3.12/site-packages/airflow/example_dags/example_short_circuit_operator.py
[2025-09-04T11:57:06.801+0000] {processor.py:830} INFO - Processing file /home/airflow/.local/lib/python3.12/site-packages/airflow/example_dags/example_short_circuit_operator.py for tasks to queue
[2025-09-04T11:57:06.805+0000] {logging_mixin.py:188} INFO - [2025-09-04T11:57:06.804+0000] {dagbag.py:545} INFO - Filling up the DagBag from /home/airflow/.local/lib/python3.12/site-packages/airflow/example_dags/example_short_circuit_operator.py
[2025-09-04T11:57:06.816+0000] {processor.py:840} INFO - DAG(s) 'example_short_circuit_operator' retrieved from /home/airflow/.local/lib/python3.12/site-packages/airflow/example_dags/example_short_circuit_operator.py
[2025-09-04T11:57:06.847+0000] {logging_mixin.py:188} INFO - [2025-09-04T11:57:06.847+0000] {dag.py:3096} INFO - Sync 1 DAGs
[2025-09-04T11:57:06.875+0000] {logging_mixin.py:188} INFO - [2025-09-04T11:57:06.875+0000] {dag.py:3954} INFO - Setting next_dagrun for example_short_circuit_operator to 2025-09-03 00:00:00+00:00, run_after=2025-09-04 00:00:00+00:00
[2025-09-04T11:57:06.899+0000] {processor.py:183} INFO - Processing /home/airflow/.local/lib/python3.12/site-packages/airflow/example_dags/example_short_circuit_operator.py took 0.111 seconds
[2025-09-04T11:57:37.116+0000] {processor.py:161} INFO - Started process (PID=930) to work on /home/airflow/.local/lib/python3.12/site-packages/airflow/example_dags/example_short_circuit_operator.py
[2025-09-04T11:57:37.117+0000] {processor.py:830} INFO - Processing file /home/airflow/.local/lib/python3.12/site-packages/airflow/example_dags/example_short_circuit_operator.py for tasks to queue
[2025-09-04T11:57:37.120+0000] {logging_mixin.py:188} INFO - [2025-09-04T11:57:37.119+0000] {dagbag.py:545} INFO - Filling up the DagBag from /home/airflow/.local/lib/python3.12/site-packages/airflow/example_dags/example_short_circuit_operator.py
[2025-09-04T11:57:37.127+0000] {processor.py:840} INFO - DAG(s) 'example_short_circuit_operator' retrieved from /home/airflow/.local/lib/python3.12/site-packages/airflow/example_dags/example_short_circuit_operator.py
[2025-09-04T11:57:37.153+0000] {logging_mixin.py:188} INFO - [2025-09-04T11:57:37.153+0000] {dag.py:3096} INFO - Sync 1 DAGs
[2025-09-04T11:57:37.181+0000] {logging_mixin.py:188} INFO - [2025-09-04T11:57:37.181+0000] {dag.py:3954} INFO - Setting next_dagrun for example_short_circuit_operator to 2025-09-03 00:00:00+00:00, run_after=2025-09-04 00:00:00+00:00
[2025-09-04T11:57:37.206+0000] {processor.py:183} INFO - Processing /home/airflow/.local/lib/python3.12/site-packages/airflow/example_dags/example_short_circuit_operator.py took 0.096 seconds
[2025-09-04T11:58:07.785+0000] {processor.py:161} INFO - Started process (PID=989) to work on /home/airflow/.local/lib/python3.12/site-packages/airflow/example_dags/example_short_circuit_operator.py
[2025-09-04T11:58:07.786+0000] {processor.py:830} INFO - Processing file /home/airflow/.local/lib/python3.12/site-packages/airflow/example_dags/example_short_circuit_operator.py for tasks to queue
[2025-09-04T11:58:07.788+0000] {logging_mixin.py:188} INFO - [2025-09-04T11:58:07.788+0000] {dagbag.py:545} INFO - Filling up the DagBag from /home/airflow/.local/lib/python3.12/site-packages/airflow/example_dags/example_short_circuit_operator.py
[2025-09-04T11:58:07.795+0000] {processor.py:840} INFO - DAG(s) 'example_short_circuit_operator' retrieved from /home/airflow/.local/lib/python3.12/site-packages/airflow/example_dags/example_short_circuit_operator.py
[2025-09-04T11:58:07.815+0000] {logging_mixin.py:188} INFO - [2025-09-04T11:58:07.815+0000] {dag.py:3096} INFO - Sync 1 DAGs
[2025-09-04T11:58:07.835+0000] {logging_mixin.py:188} INFO - [2025-09-04T11:58:07.835+0000] {dag.py:3954} INFO - Setting next_dagrun for example_short_circuit_operator to 2025-09-03 00:00:00+00:00, run_after=2025-09-04 00:00:00+00:00
[2025-09-04T11:58:07.853+0000] {processor.py:183} INFO - Processing /home/airflow/.local/lib/python3.12/site-packages/airflow/example_dags/example_short_circuit_operator.py took 0.073 seconds
[2025-09-04T11:58:38.064+0000] {processor.py:161} INFO - Started process (PID=1047) to work on /home/airflow/.local/lib/python3.12/site-packages/airflow/example_dags/example_short_circuit_operator.py
[2025-09-04T11:58:38.066+0000] {processor.py:830} INFO - Processing file /home/airflow/.local/lib/python3.12/site-packages/airflow/example_dags/example_short_circuit_operator.py for tasks to queue
[2025-09-04T11:58:38.068+0000] {logging_mixin.py:188} INFO - [2025-09-04T11:58:38.067+0000] {dagbag.py:545} INFO - Filling up the DagBag from /home/airflow/.local/lib/python3.12/site-packages/airflow/example_dags/example_short_circuit_operator.py
[2025-09-04T11:58:38.075+0000] {processor.py:840} INFO - DAG(s) 'example_short_circuit_operator' retrieved from /home/airflow/.local/lib/python3.12/site-packages/airflow/example_dags/example_short_circuit_operator.py
[2025-09-04T11:58:38.093+0000] {logging_mixin.py:188} INFO - [2025-09-04T11:58:38.093+0000] {dag.py:3096} INFO - Sync 1 DAGs
[2025-09-04T11:58:38.111+0000] {logging_mixin.py:188} INFO - [2025-09-04T11:58:38.111+0000] {dag.py:3954} INFO - Setting next_dagrun for example_short_circuit_operator to 2025-09-03 00:00:00+00:00, run_after=2025-09-04 00:00:00+00:00
[2025-09-04T11:58:38.125+0000] {processor.py:183} INFO - Processing /home/airflow/.local/lib/python3.12/site-packages/airflow/example_dags/example_short_circuit_operator.py took 0.069 seconds
[2025-09-04T11:59:08.597+0000] {processor.py:161} INFO - Started process (PID=1105) to work on /home/airflow/.local/lib/python3.12/site-packages/airflow/example_dags/example_short_circuit_operator.py
[2025-09-04T11:59:08.599+0000] {processor.py:830} INFO - Processing file /home/airflow/.local/lib/python3.12/site-packages/airflow/example_dags/example_short_circuit_operator.py for tasks to queue
[2025-09-04T11:59:08.601+0000] {logging_mixin.py:188} INFO - [2025-09-04T11:59:08.601+0000] {dagbag.py:545} INFO - Filling up the DagBag from /home/airflow/.local/lib/python3.12/site-packages/airflow/example_dags/example_short_circuit_operator.py
[2025-09-04T11:59:08.614+0000] {processor.py:840} INFO - DAG(s) 'example_short_circuit_operator' retrieved from /home/airflow/.local/lib/python3.12/site-packages/airflow/example_dags/example_short_circuit_operator.py
[2025-09-04T11:59:08.654+0000] {logging_mixin.py:188} INFO - [2025-09-04T11:59:08.654+0000] {dag.py:3096} INFO - Sync 1 DAGs
[2025-09-04T11:59:08.686+0000] {logging_mixin.py:188} INFO - [2025-09-04T11:59:08.685+0000] {dag.py:3954} INFO - Setting next_dagrun for example_short_circuit_operator to 2025-09-03 00:00:00+00:00, run_after=2025-09-04 00:00:00+00:00
[2025-09-04T11:59:08.715+0000] {processor.py:183} INFO - Processing /home/airflow/.local/lib/python3.12/site-packages/airflow/example_dags/example_short_circuit_operator.py took 0.129 seconds
[2025-09-04T11:59:39.133+0000] {processor.py:161} INFO - Started process (PID=1163) to work on /home/airflow/.local/lib/python3.12/site-packages/airflow/example_dags/example_short_circuit_operator.py
[2025-09-04T11:59:39.134+0000] {processor.py:830} INFO - Processing file /home/airflow/.local/lib/python3.12/site-packages/airflow/example_dags/example_short_circuit_operator.py for tasks to queue
[2025-09-04T11:59:39.136+0000] {logging_mixin.py:188} INFO - [2025-09-04T11:59:39.136+0000] {dagbag.py:545} INFO - Filling up the DagBag from /home/airflow/.local/lib/python3.12/site-packages/airflow/example_dags/example_short_circuit_operator.py
[2025-09-04T11:59:39.144+0000] {processor.py:840} INFO - DAG(s) 'example_short_circuit_operator' retrieved from /home/airflow/.local/lib/python3.12/site-packages/airflow/example_dags/example_short_circuit_operator.py
[2025-09-04T11:59:39.165+0000] {logging_mixin.py:188} INFO - [2025-09-04T11:59:39.165+0000] {dag.py:3096} INFO - Sync 1 DAGs
[2025-09-04T11:59:39.182+0000] {logging_mixin.py:188} INFO - [2025-09-04T11:59:39.182+0000] {dag.py:3954} INFO - Setting next_dagrun for example_short_circuit_operator to 2025-09-03 00:00:00+00:00, run_after=2025-09-04 00:00:00+00:00
[2025-09-04T11:59:39.196+0000] {processor.py:183} INFO - Processing /home/airflow/.local/lib/python3.12/site-packages/airflow/example_dags/example_short_circuit_operator.py took 0.069 seconds
[2025-09-04T12:01:15.180+0000] {processor.py:161} INFO - Started process (PID=55) to work on /home/airflow/.local/lib/python3.12/site-packages/airflow/example_dags/example_short_circuit_operator.py
[2025-09-04T12:01:15.182+0000] {processor.py:830} INFO - Processing file /home/airflow/.local/lib/python3.12/site-packages/airflow/example_dags/example_short_circuit_operator.py for tasks to queue
[2025-09-04T12:01:15.188+0000] {logging_mixin.py:188} INFO - [2025-09-04T12:01:15.187+0000] {dagbag.py:545} INFO - Filling up the DagBag from /home/airflow/.local/lib/python3.12/site-packages/airflow/example_dags/example_short_circuit_operator.py
[2025-09-04T12:01:15.212+0000] {processor.py:840} INFO - DAG(s) 'example_short_circuit_operator' retrieved from /home/airflow/.local/lib/python3.12/site-packages/airflow/example_dags/example_short_circuit_operator.py
[2025-09-04T12:01:15.242+0000] {logging_mixin.py:188} INFO - [2025-09-04T12:01:15.242+0000] {dag.py:3096} INFO - Sync 1 DAGs
[2025-09-04T12:01:15.285+0000] {logging_mixin.py:188} INFO - [2025-09-04T12:01:15.285+0000] {dag.py:3954} INFO - Setting next_dagrun for example_short_circuit_operator to 2025-09-03 00:00:00+00:00, run_after=2025-09-04 00:00:00+00:00
[2025-09-04T12:01:15.313+0000] {processor.py:183} INFO - Processing /home/airflow/.local/lib/python3.12/site-packages/airflow/example_dags/example_short_circuit_operator.py took 0.146 seconds
[2025-09-04T12:01:29.195+0000] {processor.py:161} INFO - Started process (PID=49) to work on /home/airflow/.local/lib/python3.12/site-packages/airflow/example_dags/example_short_circuit_operator.py
[2025-09-04T12:01:29.196+0000] {processor.py:830} INFO - Processing file /home/airflow/.local/lib/python3.12/site-packages/airflow/example_dags/example_short_circuit_operator.py for tasks to queue
[2025-09-04T12:01:29.199+0000] {logging_mixin.py:188} INFO - [2025-09-04T12:01:29.198+0000] {dagbag.py:545} INFO - Filling up the DagBag from /home/airflow/.local/lib/python3.12/site-packages/airflow/example_dags/example_short_circuit_operator.py
[2025-09-04T12:01:29.209+0000] {processor.py:840} INFO - DAG(s) 'example_short_circuit_operator' retrieved from /home/airflow/.local/lib/python3.12/site-packages/airflow/example_dags/example_short_circuit_operator.py
[2025-09-04T12:01:29.304+0000] {logging_mixin.py:188} INFO - [2025-09-04T12:01:29.303+0000] {dag.py:3096} INFO - Sync 1 DAGs
[2025-09-04T12:01:29.322+0000] {logging_mixin.py:188} INFO - [2025-09-04T12:01:29.322+0000] {dag.py:3954} INFO - Setting next_dagrun for example_short_circuit_operator to 2025-09-03 00:00:00+00:00, run_after=2025-09-04 00:00:00+00:00
[2025-09-04T12:01:29.350+0000] {processor.py:183} INFO - Processing /home/airflow/.local/lib/python3.12/site-packages/airflow/example_dags/example_short_circuit_operator.py took 0.159 seconds
[2025-09-04T12:01:59.958+0000] {processor.py:161} INFO - Started process (PID=107) to work on /home/airflow/.local/lib/python3.12/site-packages/airflow/example_dags/example_short_circuit_operator.py
[2025-09-04T12:01:59.960+0000] {processor.py:830} INFO - Processing file /home/airflow/.local/lib/python3.12/site-packages/airflow/example_dags/example_short_circuit_operator.py for tasks to queue
[2025-09-04T12:01:59.962+0000] {logging_mixin.py:188} INFO - [2025-09-04T12:01:59.961+0000] {dagbag.py:545} INFO - Filling up the DagBag from /home/airflow/.local/lib/python3.12/site-packages/airflow/example_dags/example_short_circuit_operator.py
[2025-09-04T12:01:59.974+0000] {processor.py:840} INFO - DAG(s) 'example_short_circuit_operator' retrieved from /home/airflow/.local/lib/python3.12/site-packages/airflow/example_dags/example_short_circuit_operator.py
[2025-09-04T12:02:00.016+0000] {logging_mixin.py:188} INFO - [2025-09-04T12:02:00.016+0000] {dag.py:3096} INFO - Sync 1 DAGs
[2025-09-04T12:02:00.056+0000] {logging_mixin.py:188} INFO - [2025-09-04T12:02:00.056+0000] {dag.py:3954} INFO - Setting next_dagrun for example_short_circuit_operator to 2025-09-03 00:00:00+00:00, run_after=2025-09-04 00:00:00+00:00
[2025-09-04T12:02:00.088+0000] {processor.py:183} INFO - Processing /home/airflow/.local/lib/python3.12/site-packages/airflow/example_dags/example_short_circuit_operator.py took 0.137 seconds
[2025-09-04T12:02:30.924+0000] {processor.py:161} INFO - Started process (PID=165) to work on /home/airflow/.local/lib/python3.12/site-packages/airflow/example_dags/example_short_circuit_operator.py
[2025-09-04T12:02:30.925+0000] {processor.py:830} INFO - Processing file /home/airflow/.local/lib/python3.12/site-packages/airflow/example_dags/example_short_circuit_operator.py for tasks to queue
[2025-09-04T12:02:30.927+0000] {logging_mixin.py:188} INFO - [2025-09-04T12:02:30.927+0000] {dagbag.py:545} INFO - Filling up the DagBag from /home/airflow/.local/lib/python3.12/site-packages/airflow/example_dags/example_short_circuit_operator.py
[2025-09-04T12:02:30.933+0000] {processor.py:840} INFO - DAG(s) 'example_short_circuit_operator' retrieved from /home/airflow/.local/lib/python3.12/site-packages/airflow/example_dags/example_short_circuit_operator.py
[2025-09-04T12:02:30.951+0000] {logging_mixin.py:188} INFO - [2025-09-04T12:02:30.951+0000] {dag.py:3096} INFO - Sync 1 DAGs
[2025-09-04T12:02:30.967+0000] {logging_mixin.py:188} INFO - [2025-09-04T12:02:30.967+0000] {dag.py:3954} INFO - Setting next_dagrun for example_short_circuit_operator to 2025-09-03 00:00:00+00:00, run_after=2025-09-04 00:00:00+00:00
[2025-09-04T12:02:30.981+0000] {processor.py:183} INFO - Processing /home/airflow/.local/lib/python3.12/site-packages/airflow/example_dags/example_short_circuit_operator.py took 0.062 seconds
[2025-09-04T12:03:01.288+0000] {processor.py:161} INFO - Started process (PID=223) to work on /home/airflow/.local/lib/python3.12/site-packages/airflow/example_dags/example_short_circuit_operator.py
[2025-09-04T12:03:01.289+0000] {processor.py:830} INFO - Processing file /home/airflow/.local/lib/python3.12/site-packages/airflow/example_dags/example_short_circuit_operator.py for tasks to queue
[2025-09-04T12:03:01.291+0000] {logging_mixin.py:188} INFO - [2025-09-04T12:03:01.291+0000] {dagbag.py:545} INFO - Filling up the DagBag from /home/airflow/.local/lib/python3.12/site-packages/airflow/example_dags/example_short_circuit_operator.py
[2025-09-04T12:03:01.296+0000] {processor.py:840} INFO - DAG(s) 'example_short_circuit_operator' retrieved from /home/airflow/.local/lib/python3.12/site-packages/airflow/example_dags/example_short_circuit_operator.py
[2025-09-04T12:03:01.314+0000] {logging_mixin.py:188} INFO - [2025-09-04T12:03:01.314+0000] {dag.py:3096} INFO - Sync 1 DAGs
[2025-09-04T12:03:01.330+0000] {logging_mixin.py:188} INFO - [2025-09-04T12:03:01.330+0000] {dag.py:3954} INFO - Setting next_dagrun for example_short_circuit_operator to 2025-09-03 00:00:00+00:00, run_after=2025-09-04 00:00:00+00:00
[2025-09-04T12:03:01.345+0000] {processor.py:183} INFO - Processing /home/airflow/.local/lib/python3.12/site-packages/airflow/example_dags/example_short_circuit_operator.py took 0.064 seconds
[2025-09-04T12:03:31.489+0000] {processor.py:161} INFO - Started process (PID=281) to work on /home/airflow/.local/lib/python3.12/site-packages/airflow/example_dags/example_short_circuit_operator.py
[2025-09-04T12:03:31.492+0000] {processor.py:830} INFO - Processing file /home/airflow/.local/lib/python3.12/site-packages/airflow/example_dags/example_short_circuit_operator.py for tasks to queue
[2025-09-04T12:03:31.497+0000] {logging_mixin.py:188} INFO - [2025-09-04T12:03:31.496+0000] {dagbag.py:545} INFO - Filling up the DagBag from /home/airflow/.local/lib/python3.12/site-packages/airflow/example_dags/example_short_circuit_operator.py
[2025-09-04T12:03:31.510+0000] {processor.py:840} INFO - DAG(s) 'example_short_circuit_operator' retrieved from /home/airflow/.local/lib/python3.12/site-packages/airflow/example_dags/example_short_circuit_operator.py
[2025-09-04T12:03:31.531+0000] {logging_mixin.py:188} INFO - [2025-09-04T12:03:31.531+0000] {dag.py:3096} INFO - Sync 1 DAGs
[2025-09-04T12:03:31.546+0000] {logging_mixin.py:188} INFO - [2025-09-04T12:03:31.546+0000] {dag.py:3954} INFO - Setting next_dagrun for example_short_circuit_operator to 2025-09-03 00:00:00+00:00, run_after=2025-09-04 00:00:00+00:00
[2025-09-04T12:03:31.562+0000] {processor.py:183} INFO - Processing /home/airflow/.local/lib/python3.12/site-packages/airflow/example_dags/example_short_circuit_operator.py took 0.085 seconds
[2025-09-04T12:04:01.852+0000] {processor.py:161} INFO - Started process (PID=339) to work on /home/airflow/.local/lib/python3.12/site-packages/airflow/example_dags/example_short_circuit_operator.py
[2025-09-04T12:04:01.855+0000] {processor.py:830} INFO - Processing file /home/airflow/.local/lib/python3.12/site-packages/airflow/example_dags/example_short_circuit_operator.py for tasks to queue
[2025-09-04T12:04:01.860+0000] {logging_mixin.py:188} INFO - [2025-09-04T12:04:01.859+0000] {dagbag.py:545} INFO - Filling up the DagBag from /home/airflow/.local/lib/python3.12/site-packages/airflow/example_dags/example_short_circuit_operator.py
[2025-09-04T12:04:01.874+0000] {processor.py:840} INFO - DAG(s) 'example_short_circuit_operator' retrieved from /home/airflow/.local/lib/python3.12/site-packages/airflow/example_dags/example_short_circuit_operator.py
[2025-09-04T12:04:01.918+0000] {logging_mixin.py:188} INFO - [2025-09-04T12:04:01.918+0000] {dag.py:3096} INFO - Sync 1 DAGs
[2025-09-04T12:04:01.957+0000] {logging_mixin.py:188} INFO - [2025-09-04T12:04:01.957+0000] {dag.py:3954} INFO - Setting next_dagrun for example_short_circuit_operator to 2025-09-03 00:00:00+00:00, run_after=2025-09-04 00:00:00+00:00
[2025-09-04T12:04:01.999+0000] {processor.py:183} INFO - Processing /home/airflow/.local/lib/python3.12/site-packages/airflow/example_dags/example_short_circuit_operator.py took 0.162 seconds
[2025-09-04T12:04:32.307+0000] {processor.py:161} INFO - Started process (PID=397) to work on /home/airflow/.local/lib/python3.12/site-packages/airflow/example_dags/example_short_circuit_operator.py
[2025-09-04T12:04:32.310+0000] {processor.py:830} INFO - Processing file /home/airflow/.local/lib/python3.12/site-packages/airflow/example_dags/example_short_circuit_operator.py for tasks to queue
[2025-09-04T12:04:32.314+0000] {logging_mixin.py:188} INFO - [2025-09-04T12:04:32.313+0000] {dagbag.py:545} INFO - Filling up the DagBag from /home/airflow/.local/lib/python3.12/site-packages/airflow/example_dags/example_short_circuit_operator.py
[2025-09-04T12:04:32.324+0000] {processor.py:840} INFO - DAG(s) 'example_short_circuit_operator' retrieved from /home/airflow/.local/lib/python3.12/site-packages/airflow/example_dags/example_short_circuit_operator.py
[2025-09-04T12:04:32.351+0000] {logging_mixin.py:188} INFO - [2025-09-04T12:04:32.350+0000] {dag.py:3096} INFO - Sync 1 DAGs
[2025-09-04T12:04:32.372+0000] {logging_mixin.py:188} INFO - [2025-09-04T12:04:32.372+0000] {dag.py:3954} INFO - Setting next_dagrun for example_short_circuit_operator to 2025-09-03 00:00:00+00:00, run_after=2025-09-04 00:00:00+00:00
[2025-09-04T12:04:32.390+0000] {processor.py:183} INFO - Processing /home/airflow/.local/lib/python3.12/site-packages/airflow/example_dags/example_short_circuit_operator.py took 0.092 seconds
[2025-09-04T12:05:02.872+0000] {processor.py:161} INFO - Started process (PID=455) to work on /home/airflow/.local/lib/python3.12/site-packages/airflow/example_dags/example_short_circuit_operator.py
[2025-09-04T12:05:02.874+0000] {processor.py:830} INFO - Processing file /home/airflow/.local/lib/python3.12/site-packages/airflow/example_dags/example_short_circuit_operator.py for tasks to queue
[2025-09-04T12:05:02.879+0000] {logging_mixin.py:188} INFO - [2025-09-04T12:05:02.878+0000] {dagbag.py:545} INFO - Filling up the DagBag from /home/airflow/.local/lib/python3.12/site-packages/airflow/example_dags/example_short_circuit_operator.py
[2025-09-04T12:05:02.896+0000] {processor.py:840} INFO - DAG(s) 'example_short_circuit_operator' retrieved from /home/airflow/.local/lib/python3.12/site-packages/airflow/example_dags/example_short_circuit_operator.py
[2025-09-04T12:05:02.929+0000] {logging_mixin.py:188} INFO - [2025-09-04T12:05:02.928+0000] {dag.py:3096} INFO - Sync 1 DAGs
[2025-09-04T12:05:02.985+0000] {logging_mixin.py:188} INFO - [2025-09-04T12:05:02.985+0000] {dag.py:3954} INFO - Setting next_dagrun for example_short_circuit_operator to 2025-09-03 00:00:00+00:00, run_after=2025-09-04 00:00:00+00:00
[2025-09-04T12:05:03.021+0000] {processor.py:183} INFO - Processing /home/airflow/.local/lib/python3.12/site-packages/airflow/example_dags/example_short_circuit_operator.py took 0.163 seconds
[2025-09-04T12:05:33.338+0000] {processor.py:161} INFO - Started process (PID=513) to work on /home/airflow/.local/lib/python3.12/site-packages/airflow/example_dags/example_short_circuit_operator.py
[2025-09-04T12:05:33.340+0000] {processor.py:830} INFO - Processing file /home/airflow/.local/lib/python3.12/site-packages/airflow/example_dags/example_short_circuit_operator.py for tasks to queue
[2025-09-04T12:05:33.342+0000] {logging_mixin.py:188} INFO - [2025-09-04T12:05:33.341+0000] {dagbag.py:545} INFO - Filling up the DagBag from /home/airflow/.local/lib/python3.12/site-packages/airflow/example_dags/example_short_circuit_operator.py
[2025-09-04T12:05:33.350+0000] {processor.py:840} INFO - DAG(s) 'example_short_circuit_operator' retrieved from /home/airflow/.local/lib/python3.12/site-packages/airflow/example_dags/example_short_circuit_operator.py
[2025-09-04T12:05:33.380+0000] {logging_mixin.py:188} INFO - [2025-09-04T12:05:33.379+0000] {dag.py:3096} INFO - Sync 1 DAGs
[2025-09-04T12:05:33.401+0000] {logging_mixin.py:188} INFO - [2025-09-04T12:05:33.401+0000] {dag.py:3954} INFO - Setting next_dagrun for example_short_circuit_operator to 2025-09-03 00:00:00+00:00, run_after=2025-09-04 00:00:00+00:00
[2025-09-04T12:05:33.418+0000] {processor.py:183} INFO - Processing /home/airflow/.local/lib/python3.12/site-packages/airflow/example_dags/example_short_circuit_operator.py took 0.085 seconds
[2025-09-04T12:06:33.934+0000] {processor.py:161} INFO - Started process (PID=55) to work on /home/airflow/.local/lib/python3.12/site-packages/airflow/example_dags/example_short_circuit_operator.py
[2025-09-04T12:06:33.936+0000] {processor.py:830} INFO - Processing file /home/airflow/.local/lib/python3.12/site-packages/airflow/example_dags/example_short_circuit_operator.py for tasks to queue
[2025-09-04T12:06:33.939+0000] {logging_mixin.py:188} INFO - [2025-09-04T12:06:33.938+0000] {dagbag.py:545} INFO - Filling up the DagBag from /home/airflow/.local/lib/python3.12/site-packages/airflow/example_dags/example_short_circuit_operator.py
[2025-09-04T12:06:33.951+0000] {processor.py:840} INFO - DAG(s) 'example_short_circuit_operator' retrieved from /home/airflow/.local/lib/python3.12/site-packages/airflow/example_dags/example_short_circuit_operator.py
[2025-09-04T12:06:33.967+0000] {logging_mixin.py:188} INFO - [2025-09-04T12:06:33.967+0000] {dag.py:3096} INFO - Sync 1 DAGs
[2025-09-04T12:06:33.990+0000] {logging_mixin.py:188} INFO - [2025-09-04T12:06:33.990+0000] {dag.py:3954} INFO - Setting next_dagrun for example_short_circuit_operator to 2025-09-03 00:00:00+00:00, run_after=2025-09-04 00:00:00+00:00
[2025-09-04T12:06:34.017+0000] {processor.py:183} INFO - Processing /home/airflow/.local/lib/python3.12/site-packages/airflow/example_dags/example_short_circuit_operator.py took 0.093 seconds
[2025-09-04T12:07:04.380+0000] {processor.py:161} INFO - Started process (PID=113) to work on /home/airflow/.local/lib/python3.12/site-packages/airflow/example_dags/example_short_circuit_operator.py
[2025-09-04T12:07:04.381+0000] {processor.py:830} INFO - Processing file /home/airflow/.local/lib/python3.12/site-packages/airflow/example_dags/example_short_circuit_operator.py for tasks to queue
[2025-09-04T12:07:04.383+0000] {logging_mixin.py:188} INFO - [2025-09-04T12:07:04.383+0000] {dagbag.py:545} INFO - Filling up the DagBag from /home/airflow/.local/lib/python3.12/site-packages/airflow/example_dags/example_short_circuit_operator.py
[2025-09-04T12:07:04.389+0000] {processor.py:840} INFO - DAG(s) 'example_short_circuit_operator' retrieved from /home/airflow/.local/lib/python3.12/site-packages/airflow/example_dags/example_short_circuit_operator.py
[2025-09-04T12:07:04.478+0000] {logging_mixin.py:188} INFO - [2025-09-04T12:07:04.478+0000] {dag.py:3096} INFO - Sync 1 DAGs
[2025-09-04T12:07:04.497+0000] {logging_mixin.py:188} INFO - [2025-09-04T12:07:04.497+0000] {dag.py:3954} INFO - Setting next_dagrun for example_short_circuit_operator to 2025-09-03 00:00:00+00:00, run_after=2025-09-04 00:00:00+00:00
[2025-09-04T12:07:04.519+0000] {processor.py:183} INFO - Processing /home/airflow/.local/lib/python3.12/site-packages/airflow/example_dags/example_short_circuit_operator.py took 0.144 seconds
[2025-09-04T12:07:34.811+0000] {processor.py:161} INFO - Started process (PID=171) to work on /home/airflow/.local/lib/python3.12/site-packages/airflow/example_dags/example_short_circuit_operator.py
[2025-09-04T12:07:34.813+0000] {processor.py:830} INFO - Processing file /home/airflow/.local/lib/python3.12/site-packages/airflow/example_dags/example_short_circuit_operator.py for tasks to queue
[2025-09-04T12:07:34.817+0000] {logging_mixin.py:188} INFO - [2025-09-04T12:07:34.816+0000] {dagbag.py:545} INFO - Filling up the DagBag from /home/airflow/.local/lib/python3.12/site-packages/airflow/example_dags/example_short_circuit_operator.py
[2025-09-04T12:07:34.825+0000] {processor.py:840} INFO - DAG(s) 'example_short_circuit_operator' retrieved from /home/airflow/.local/lib/python3.12/site-packages/airflow/example_dags/example_short_circuit_operator.py
[2025-09-04T12:07:34.853+0000] {logging_mixin.py:188} INFO - [2025-09-04T12:07:34.853+0000] {dag.py:3096} INFO - Sync 1 DAGs
[2025-09-04T12:07:34.878+0000] {logging_mixin.py:188} INFO - [2025-09-04T12:07:34.878+0000] {dag.py:3954} INFO - Setting next_dagrun for example_short_circuit_operator to 2025-09-03 00:00:00+00:00, run_after=2025-09-04 00:00:00+00:00
[2025-09-04T12:07:34.896+0000] {processor.py:183} INFO - Processing /home/airflow/.local/lib/python3.12/site-packages/airflow/example_dags/example_short_circuit_operator.py took 0.094 seconds
[2025-09-04T12:08:04.999+0000] {processor.py:161} INFO - Started process (PID=229) to work on /home/airflow/.local/lib/python3.12/site-packages/airflow/example_dags/example_short_circuit_operator.py
[2025-09-04T12:08:05.001+0000] {processor.py:830} INFO - Processing file /home/airflow/.local/lib/python3.12/site-packages/airflow/example_dags/example_short_circuit_operator.py for tasks to queue
[2025-09-04T12:08:05.003+0000] {logging_mixin.py:188} INFO - [2025-09-04T12:08:05.003+0000] {dagbag.py:545} INFO - Filling up the DagBag from /home/airflow/.local/lib/python3.12/site-packages/airflow/example_dags/example_short_circuit_operator.py
[2025-09-04T12:08:05.009+0000] {processor.py:840} INFO - DAG(s) 'example_short_circuit_operator' retrieved from /home/airflow/.local/lib/python3.12/site-packages/airflow/example_dags/example_short_circuit_operator.py
[2025-09-04T12:08:05.027+0000] {logging_mixin.py:188} INFO - [2025-09-04T12:08:05.026+0000] {dag.py:3096} INFO - Sync 1 DAGs
[2025-09-04T12:08:05.043+0000] {logging_mixin.py:188} INFO - [2025-09-04T12:08:05.043+0000] {dag.py:3954} INFO - Setting next_dagrun for example_short_circuit_operator to 2025-09-03 00:00:00+00:00, run_after=2025-09-04 00:00:00+00:00
[2025-09-04T12:08:05.060+0000] {processor.py:183} INFO - Processing /home/airflow/.local/lib/python3.12/site-packages/airflow/example_dags/example_short_circuit_operator.py took 0.069 seconds
[2025-09-04T12:08:35.225+0000] {processor.py:161} INFO - Started process (PID=287) to work on /home/airflow/.local/lib/python3.12/site-packages/airflow/example_dags/example_short_circuit_operator.py
[2025-09-04T12:08:35.227+0000] {processor.py:830} INFO - Processing file /home/airflow/.local/lib/python3.12/site-packages/airflow/example_dags/example_short_circuit_operator.py for tasks to queue
[2025-09-04T12:08:35.230+0000] {logging_mixin.py:188} INFO - [2025-09-04T12:08:35.229+0000] {dagbag.py:545} INFO - Filling up the DagBag from /home/airflow/.local/lib/python3.12/site-packages/airflow/example_dags/example_short_circuit_operator.py
[2025-09-04T12:08:35.238+0000] {processor.py:840} INFO - DAG(s) 'example_short_circuit_operator' retrieved from /home/airflow/.local/lib/python3.12/site-packages/airflow/example_dags/example_short_circuit_operator.py
[2025-09-04T12:08:35.260+0000] {logging_mixin.py:188} INFO - [2025-09-04T12:08:35.260+0000] {dag.py:3096} INFO - Sync 1 DAGs
[2025-09-04T12:08:35.277+0000] {logging_mixin.py:188} INFO - [2025-09-04T12:08:35.277+0000] {dag.py:3954} INFO - Setting next_dagrun for example_short_circuit_operator to 2025-09-03 00:00:00+00:00, run_after=2025-09-04 00:00:00+00:00
[2025-09-04T12:08:35.296+0000] {processor.py:183} INFO - Processing /home/airflow/.local/lib/python3.12/site-packages/airflow/example_dags/example_short_circuit_operator.py took 0.080 seconds
