[2025-09-04T11:50:04.734+0000] {processor.py:161} INFO - Started process (PID=83) to work on /home/airflow/.local/lib/python3.12/site-packages/airflow/example_dags/example_sensors.py
[2025-09-04T11:50:04.738+0000] {processor.py:830} INFO - Processing file /home/airflow/.local/lib/python3.12/site-packages/airflow/example_dags/example_sensors.py for tasks to queue
[2025-09-04T11:50:04.742+0000] {logging_mixin.py:188} INFO - [2025-09-04T11:50:04.741+0000] {dagbag.py:545} INFO - Filling up the DagBag from /home/airflow/.local/lib/python3.12/site-packages/airflow/example_dags/example_sensors.py
[2025-09-04T11:50:04.759+0000] {processor.py:840} INFO - DAG(s) 'example_sensors' retrieved from /home/airflow/.local/lib/python3.12/site-packages/airflow/example_dags/example_sensors.py
[2025-09-04T11:50:04.916+0000] {logging_mixin.py:188} INFO - [2025-09-04T11:50:04.915+0000] {override.py:1829} INFO - Created Permission View: can edit on DAG:example_sensors
[2025-09-04T11:50:04.929+0000] {logging_mixin.py:188} INFO - [2025-09-04T11:50:04.928+0000] {override.py:1829} INFO - Created Permission View: can read on DAG:example_sensors
[2025-09-04T11:50:04.937+0000] {logging_mixin.py:188} INFO - [2025-09-04T11:50:04.937+0000] {override.py:1829} INFO - Created Permission View: can delete on DAG:example_sensors
[2025-09-04T11:50:04.939+0000] {logging_mixin.py:188} INFO - [2025-09-04T11:50:04.938+0000] {dag.py:3096} INFO - Sync 1 DAGs
[2025-09-04T11:50:04.953+0000] {logging_mixin.py:188} INFO - [2025-09-04T11:50:04.953+0000] {dag.py:3118} INFO - Creating ORM DAG for example_sensors
[2025-09-04T11:50:04.955+0000] {logging_mixin.py:188} INFO - [2025-09-04T11:50:04.955+0000] {dag.py:3954} INFO - Setting next_dagrun for example_sensors to None, run_after=None
[2025-09-04T11:50:04.982+0000] {processor.py:183} INFO - Processing /home/airflow/.local/lib/python3.12/site-packages/airflow/example_dags/example_sensors.py took 0.263 seconds
[2025-09-04T11:50:35.583+0000] {processor.py:161} INFO - Started process (PID=141) to work on /home/airflow/.local/lib/python3.12/site-packages/airflow/example_dags/example_sensors.py
[2025-09-04T11:50:35.584+0000] {processor.py:830} INFO - Processing file /home/airflow/.local/lib/python3.12/site-packages/airflow/example_dags/example_sensors.py for tasks to queue
[2025-09-04T11:50:35.588+0000] {logging_mixin.py:188} INFO - [2025-09-04T11:50:35.588+0000] {dagbag.py:545} INFO - Filling up the DagBag from /home/airflow/.local/lib/python3.12/site-packages/airflow/example_dags/example_sensors.py
[2025-09-04T11:50:35.601+0000] {processor.py:840} INFO - DAG(s) 'example_sensors' retrieved from /home/airflow/.local/lib/python3.12/site-packages/airflow/example_dags/example_sensors.py
[2025-09-04T11:50:35.635+0000] {logging_mixin.py:188} INFO - [2025-09-04T11:50:35.635+0000] {dag.py:3096} INFO - Sync 1 DAGs
[2025-09-04T11:50:35.658+0000] {logging_mixin.py:188} INFO - [2025-09-04T11:50:35.658+0000] {dag.py:3954} INFO - Setting next_dagrun for example_sensors to None, run_after=None
[2025-09-04T11:50:35.685+0000] {processor.py:183} INFO - Processing /home/airflow/.local/lib/python3.12/site-packages/airflow/example_dags/example_sensors.py took 0.108 seconds
[2025-09-04T11:51:06.372+0000] {processor.py:161} INFO - Started process (PID=198) to work on /home/airflow/.local/lib/python3.12/site-packages/airflow/example_dags/example_sensors.py
[2025-09-04T11:51:06.373+0000] {processor.py:830} INFO - Processing file /home/airflow/.local/lib/python3.12/site-packages/airflow/example_dags/example_sensors.py for tasks to queue
[2025-09-04T11:51:06.378+0000] {logging_mixin.py:188} INFO - [2025-09-04T11:51:06.377+0000] {dagbag.py:545} INFO - Filling up the DagBag from /home/airflow/.local/lib/python3.12/site-packages/airflow/example_dags/example_sensors.py
[2025-09-04T11:51:06.398+0000] {processor.py:840} INFO - DAG(s) 'example_sensors' retrieved from /home/airflow/.local/lib/python3.12/site-packages/airflow/example_dags/example_sensors.py
[2025-09-04T11:51:06.438+0000] {logging_mixin.py:188} INFO - [2025-09-04T11:51:06.438+0000] {dag.py:3096} INFO - Sync 1 DAGs
[2025-09-04T11:51:06.455+0000] {logging_mixin.py:188} INFO - [2025-09-04T11:51:06.455+0000] {dag.py:3954} INFO - Setting next_dagrun for example_sensors to None, run_after=None
[2025-09-04T11:51:06.482+0000] {processor.py:183} INFO - Processing /home/airflow/.local/lib/python3.12/site-packages/airflow/example_dags/example_sensors.py took 0.123 seconds
[2025-09-04T11:51:36.624+0000] {processor.py:161} INFO - Started process (PID=256) to work on /home/airflow/.local/lib/python3.12/site-packages/airflow/example_dags/example_sensors.py
[2025-09-04T11:51:36.625+0000] {processor.py:830} INFO - Processing file /home/airflow/.local/lib/python3.12/site-packages/airflow/example_dags/example_sensors.py for tasks to queue
[2025-09-04T11:51:36.628+0000] {logging_mixin.py:188} INFO - [2025-09-04T11:51:36.627+0000] {dagbag.py:545} INFO - Filling up the DagBag from /home/airflow/.local/lib/python3.12/site-packages/airflow/example_dags/example_sensors.py
[2025-09-04T11:51:36.637+0000] {processor.py:840} INFO - DAG(s) 'example_sensors' retrieved from /home/airflow/.local/lib/python3.12/site-packages/airflow/example_dags/example_sensors.py
[2025-09-04T11:51:36.669+0000] {logging_mixin.py:188} INFO - [2025-09-04T11:51:36.668+0000] {dag.py:3096} INFO - Sync 1 DAGs
[2025-09-04T11:51:36.682+0000] {logging_mixin.py:188} INFO - [2025-09-04T11:51:36.682+0000] {dag.py:3954} INFO - Setting next_dagrun for example_sensors to None, run_after=None
[2025-09-04T11:51:36.704+0000] {processor.py:183} INFO - Processing /home/airflow/.local/lib/python3.12/site-packages/airflow/example_dags/example_sensors.py took 0.086 seconds
[2025-09-04T11:52:07.407+0000] {processor.py:161} INFO - Started process (PID=314) to work on /home/airflow/.local/lib/python3.12/site-packages/airflow/example_dags/example_sensors.py
[2025-09-04T11:52:07.408+0000] {processor.py:830} INFO - Processing file /home/airflow/.local/lib/python3.12/site-packages/airflow/example_dags/example_sensors.py for tasks to queue
[2025-09-04T11:52:07.410+0000] {logging_mixin.py:188} INFO - [2025-09-04T11:52:07.410+0000] {dagbag.py:545} INFO - Filling up the DagBag from /home/airflow/.local/lib/python3.12/site-packages/airflow/example_dags/example_sensors.py
[2025-09-04T11:52:07.420+0000] {processor.py:840} INFO - DAG(s) 'example_sensors' retrieved from /home/airflow/.local/lib/python3.12/site-packages/airflow/example_dags/example_sensors.py
[2025-09-04T11:52:07.450+0000] {logging_mixin.py:188} INFO - [2025-09-04T11:52:07.450+0000] {dag.py:3096} INFO - Sync 1 DAGs
[2025-09-04T11:52:07.463+0000] {logging_mixin.py:188} INFO - [2025-09-04T11:52:07.462+0000] {dag.py:3954} INFO - Setting next_dagrun for example_sensors to None, run_after=None
[2025-09-04T11:52:07.479+0000] {processor.py:183} INFO - Processing /home/airflow/.local/lib/python3.12/site-packages/airflow/example_dags/example_sensors.py took 0.081 seconds
[2025-09-04T11:52:37.809+0000] {processor.py:161} INFO - Started process (PID=372) to work on /home/airflow/.local/lib/python3.12/site-packages/airflow/example_dags/example_sensors.py
[2025-09-04T11:52:37.811+0000] {processor.py:830} INFO - Processing file /home/airflow/.local/lib/python3.12/site-packages/airflow/example_dags/example_sensors.py for tasks to queue
[2025-09-04T11:52:37.814+0000] {logging_mixin.py:188} INFO - [2025-09-04T11:52:37.814+0000] {dagbag.py:545} INFO - Filling up the DagBag from /home/airflow/.local/lib/python3.12/site-packages/airflow/example_dags/example_sensors.py
[2025-09-04T11:52:37.830+0000] {processor.py:840} INFO - DAG(s) 'example_sensors' retrieved from /home/airflow/.local/lib/python3.12/site-packages/airflow/example_dags/example_sensors.py
[2025-09-04T11:52:37.880+0000] {logging_mixin.py:188} INFO - [2025-09-04T11:52:37.880+0000] {dag.py:3096} INFO - Sync 1 DAGs
[2025-09-04T11:52:37.901+0000] {logging_mixin.py:188} INFO - [2025-09-04T11:52:37.900+0000] {dag.py:3954} INFO - Setting next_dagrun for example_sensors to None, run_after=None
[2025-09-04T11:52:37.926+0000] {processor.py:183} INFO - Processing /home/airflow/.local/lib/python3.12/site-packages/airflow/example_dags/example_sensors.py took 0.130 seconds
[2025-09-04T11:53:08.031+0000] {processor.py:161} INFO - Started process (PID=430) to work on /home/airflow/.local/lib/python3.12/site-packages/airflow/example_dags/example_sensors.py
[2025-09-04T11:53:08.032+0000] {processor.py:830} INFO - Processing file /home/airflow/.local/lib/python3.12/site-packages/airflow/example_dags/example_sensors.py for tasks to queue
[2025-09-04T11:53:08.034+0000] {logging_mixin.py:188} INFO - [2025-09-04T11:53:08.034+0000] {dagbag.py:545} INFO - Filling up the DagBag from /home/airflow/.local/lib/python3.12/site-packages/airflow/example_dags/example_sensors.py
[2025-09-04T11:53:08.043+0000] {processor.py:840} INFO - DAG(s) 'example_sensors' retrieved from /home/airflow/.local/lib/python3.12/site-packages/airflow/example_dags/example_sensors.py
[2025-09-04T11:53:08.062+0000] {logging_mixin.py:188} INFO - [2025-09-04T11:53:08.062+0000] {dag.py:3096} INFO - Sync 1 DAGs
[2025-09-04T11:53:08.072+0000] {logging_mixin.py:188} INFO - [2025-09-04T11:53:08.072+0000] {dag.py:3954} INFO - Setting next_dagrun for example_sensors to None, run_after=None
[2025-09-04T11:53:08.086+0000] {processor.py:183} INFO - Processing /home/airflow/.local/lib/python3.12/site-packages/airflow/example_dags/example_sensors.py took 0.060 seconds
[2025-09-04T11:53:38.305+0000] {processor.py:161} INFO - Started process (PID=488) to work on /home/airflow/.local/lib/python3.12/site-packages/airflow/example_dags/example_sensors.py
[2025-09-04T11:53:38.310+0000] {processor.py:830} INFO - Processing file /home/airflow/.local/lib/python3.12/site-packages/airflow/example_dags/example_sensors.py for tasks to queue
[2025-09-04T11:53:38.314+0000] {logging_mixin.py:188} INFO - [2025-09-04T11:53:38.313+0000] {dagbag.py:545} INFO - Filling up the DagBag from /home/airflow/.local/lib/python3.12/site-packages/airflow/example_dags/example_sensors.py
[2025-09-04T11:53:38.326+0000] {processor.py:840} INFO - DAG(s) 'example_sensors' retrieved from /home/airflow/.local/lib/python3.12/site-packages/airflow/example_dags/example_sensors.py
[2025-09-04T11:53:38.356+0000] {logging_mixin.py:188} INFO - [2025-09-04T11:53:38.355+0000] {dag.py:3096} INFO - Sync 1 DAGs
[2025-09-04T11:53:38.368+0000] {logging_mixin.py:188} INFO - [2025-09-04T11:53:38.368+0000] {dag.py:3954} INFO - Setting next_dagrun for example_sensors to None, run_after=None
[2025-09-04T11:53:38.392+0000] {processor.py:183} INFO - Processing /home/airflow/.local/lib/python3.12/site-packages/airflow/example_dags/example_sensors.py took 0.092 seconds
[2025-09-04T11:54:08.552+0000] {processor.py:161} INFO - Started process (PID=546) to work on /home/airflow/.local/lib/python3.12/site-packages/airflow/example_dags/example_sensors.py
[2025-09-04T11:54:08.555+0000] {processor.py:830} INFO - Processing file /home/airflow/.local/lib/python3.12/site-packages/airflow/example_dags/example_sensors.py for tasks to queue
[2025-09-04T11:54:08.559+0000] {logging_mixin.py:188} INFO - [2025-09-04T11:54:08.559+0000] {dagbag.py:545} INFO - Filling up the DagBag from /home/airflow/.local/lib/python3.12/site-packages/airflow/example_dags/example_sensors.py
[2025-09-04T11:54:08.576+0000] {processor.py:840} INFO - DAG(s) 'example_sensors' retrieved from /home/airflow/.local/lib/python3.12/site-packages/airflow/example_dags/example_sensors.py
[2025-09-04T11:54:08.609+0000] {logging_mixin.py:188} INFO - [2025-09-04T11:54:08.608+0000] {dag.py:3096} INFO - Sync 1 DAGs
[2025-09-04T11:54:08.623+0000] {logging_mixin.py:188} INFO - [2025-09-04T11:54:08.623+0000] {dag.py:3954} INFO - Setting next_dagrun for example_sensors to None, run_after=None
[2025-09-04T11:54:08.652+0000] {processor.py:183} INFO - Processing /home/airflow/.local/lib/python3.12/site-packages/airflow/example_dags/example_sensors.py took 0.109 seconds
[2025-09-04T11:54:39.070+0000] {processor.py:161} INFO - Started process (PID=604) to work on /home/airflow/.local/lib/python3.12/site-packages/airflow/example_dags/example_sensors.py
[2025-09-04T11:54:39.073+0000] {processor.py:830} INFO - Processing file /home/airflow/.local/lib/python3.12/site-packages/airflow/example_dags/example_sensors.py for tasks to queue
[2025-09-04T11:54:39.077+0000] {logging_mixin.py:188} INFO - [2025-09-04T11:54:39.076+0000] {dagbag.py:545} INFO - Filling up the DagBag from /home/airflow/.local/lib/python3.12/site-packages/airflow/example_dags/example_sensors.py
[2025-09-04T11:54:39.092+0000] {processor.py:840} INFO - DAG(s) 'example_sensors' retrieved from /home/airflow/.local/lib/python3.12/site-packages/airflow/example_dags/example_sensors.py
[2025-09-04T11:54:39.122+0000] {logging_mixin.py:188} INFO - [2025-09-04T11:54:39.121+0000] {dag.py:3096} INFO - Sync 1 DAGs
[2025-09-04T11:54:39.137+0000] {logging_mixin.py:188} INFO - [2025-09-04T11:54:39.136+0000] {dag.py:3954} INFO - Setting next_dagrun for example_sensors to None, run_after=None
[2025-09-04T11:54:39.162+0000] {processor.py:183} INFO - Processing /home/airflow/.local/lib/python3.12/site-packages/airflow/example_dags/example_sensors.py took 0.102 seconds
[2025-09-04T11:55:09.552+0000] {processor.py:161} INFO - Started process (PID=662) to work on /home/airflow/.local/lib/python3.12/site-packages/airflow/example_dags/example_sensors.py
[2025-09-04T11:55:09.554+0000] {processor.py:830} INFO - Processing file /home/airflow/.local/lib/python3.12/site-packages/airflow/example_dags/example_sensors.py for tasks to queue
[2025-09-04T11:55:09.557+0000] {logging_mixin.py:188} INFO - [2025-09-04T11:55:09.557+0000] {dagbag.py:545} INFO - Filling up the DagBag from /home/airflow/.local/lib/python3.12/site-packages/airflow/example_dags/example_sensors.py
[2025-09-04T11:55:09.568+0000] {processor.py:840} INFO - DAG(s) 'example_sensors' retrieved from /home/airflow/.local/lib/python3.12/site-packages/airflow/example_dags/example_sensors.py
[2025-09-04T11:55:09.592+0000] {logging_mixin.py:188} INFO - [2025-09-04T11:55:09.592+0000] {dag.py:3096} INFO - Sync 1 DAGs
[2025-09-04T11:55:09.610+0000] {logging_mixin.py:188} INFO - [2025-09-04T11:55:09.609+0000] {dag.py:3954} INFO - Setting next_dagrun for example_sensors to None, run_after=None
[2025-09-04T11:55:09.637+0000] {processor.py:183} INFO - Processing /home/airflow/.local/lib/python3.12/site-packages/airflow/example_dags/example_sensors.py took 0.097 seconds
[2025-09-04T11:55:39.943+0000] {processor.py:161} INFO - Started process (PID=720) to work on /home/airflow/.local/lib/python3.12/site-packages/airflow/example_dags/example_sensors.py
[2025-09-04T11:55:39.945+0000] {processor.py:830} INFO - Processing file /home/airflow/.local/lib/python3.12/site-packages/airflow/example_dags/example_sensors.py for tasks to queue
[2025-09-04T11:55:39.947+0000] {logging_mixin.py:188} INFO - [2025-09-04T11:55:39.947+0000] {dagbag.py:545} INFO - Filling up the DagBag from /home/airflow/.local/lib/python3.12/site-packages/airflow/example_dags/example_sensors.py
[2025-09-04T11:55:39.954+0000] {processor.py:840} INFO - DAG(s) 'example_sensors' retrieved from /home/airflow/.local/lib/python3.12/site-packages/airflow/example_dags/example_sensors.py
[2025-09-04T11:55:39.977+0000] {logging_mixin.py:188} INFO - [2025-09-04T11:55:39.976+0000] {dag.py:3096} INFO - Sync 1 DAGs
[2025-09-04T11:55:39.987+0000] {logging_mixin.py:188} INFO - [2025-09-04T11:55:39.987+0000] {dag.py:3954} INFO - Setting next_dagrun for example_sensors to None, run_after=None
[2025-09-04T11:55:40.015+0000] {processor.py:183} INFO - Processing /home/airflow/.local/lib/python3.12/site-packages/airflow/example_dags/example_sensors.py took 0.083 seconds
[2025-09-04T11:56:10.346+0000] {processor.py:161} INFO - Started process (PID=778) to work on /home/airflow/.local/lib/python3.12/site-packages/airflow/example_dags/example_sensors.py
[2025-09-04T11:56:10.349+0000] {processor.py:830} INFO - Processing file /home/airflow/.local/lib/python3.12/site-packages/airflow/example_dags/example_sensors.py for tasks to queue
[2025-09-04T11:56:10.354+0000] {logging_mixin.py:188} INFO - [2025-09-04T11:56:10.354+0000] {dagbag.py:545} INFO - Filling up the DagBag from /home/airflow/.local/lib/python3.12/site-packages/airflow/example_dags/example_sensors.py
[2025-09-04T11:56:10.366+0000] {processor.py:840} INFO - DAG(s) 'example_sensors' retrieved from /home/airflow/.local/lib/python3.12/site-packages/airflow/example_dags/example_sensors.py
[2025-09-04T11:56:10.405+0000] {logging_mixin.py:188} INFO - [2025-09-04T11:56:10.405+0000] {dag.py:3096} INFO - Sync 1 DAGs
[2025-09-04T11:56:10.431+0000] {logging_mixin.py:188} INFO - [2025-09-04T11:56:10.430+0000] {dag.py:3954} INFO - Setting next_dagrun for example_sensors to None, run_after=None
[2025-09-04T11:56:10.451+0000] {processor.py:183} INFO - Processing /home/airflow/.local/lib/python3.12/site-packages/airflow/example_dags/example_sensors.py took 0.113 seconds
[2025-09-04T11:56:40.856+0000] {processor.py:161} INFO - Started process (PID=836) to work on /home/airflow/.local/lib/python3.12/site-packages/airflow/example_dags/example_sensors.py
[2025-09-04T11:56:40.857+0000] {processor.py:830} INFO - Processing file /home/airflow/.local/lib/python3.12/site-packages/airflow/example_dags/example_sensors.py for tasks to queue
[2025-09-04T11:56:40.861+0000] {logging_mixin.py:188} INFO - [2025-09-04T11:56:40.860+0000] {dagbag.py:545} INFO - Filling up the DagBag from /home/airflow/.local/lib/python3.12/site-packages/airflow/example_dags/example_sensors.py
[2025-09-04T11:56:40.871+0000] {processor.py:840} INFO - DAG(s) 'example_sensors' retrieved from /home/airflow/.local/lib/python3.12/site-packages/airflow/example_dags/example_sensors.py
[2025-09-04T11:56:40.905+0000] {logging_mixin.py:188} INFO - [2025-09-04T11:56:40.904+0000] {dag.py:3096} INFO - Sync 1 DAGs
[2025-09-04T11:56:40.925+0000] {logging_mixin.py:188} INFO - [2025-09-04T11:56:40.924+0000] {dag.py:3954} INFO - Setting next_dagrun for example_sensors to None, run_after=None
[2025-09-04T11:56:40.956+0000] {processor.py:183} INFO - Processing /home/airflow/.local/lib/python3.12/site-packages/airflow/example_dags/example_sensors.py took 0.112 seconds
[2025-09-04T11:57:11.139+0000] {processor.py:161} INFO - Started process (PID=894) to work on /home/airflow/.local/lib/python3.12/site-packages/airflow/example_dags/example_sensors.py
[2025-09-04T11:57:11.140+0000] {processor.py:830} INFO - Processing file /home/airflow/.local/lib/python3.12/site-packages/airflow/example_dags/example_sensors.py for tasks to queue
[2025-09-04T11:57:11.142+0000] {logging_mixin.py:188} INFO - [2025-09-04T11:57:11.142+0000] {dagbag.py:545} INFO - Filling up the DagBag from /home/airflow/.local/lib/python3.12/site-packages/airflow/example_dags/example_sensors.py
[2025-09-04T11:57:11.149+0000] {processor.py:840} INFO - DAG(s) 'example_sensors' retrieved from /home/airflow/.local/lib/python3.12/site-packages/airflow/example_dags/example_sensors.py
[2025-09-04T11:57:11.170+0000] {logging_mixin.py:188} INFO - [2025-09-04T11:57:11.170+0000] {dag.py:3096} INFO - Sync 1 DAGs
[2025-09-04T11:57:11.180+0000] {logging_mixin.py:188} INFO - [2025-09-04T11:57:11.180+0000] {dag.py:3954} INFO - Setting next_dagrun for example_sensors to None, run_after=None
[2025-09-04T11:57:11.193+0000] {processor.py:183} INFO - Processing /home/airflow/.local/lib/python3.12/site-packages/airflow/example_dags/example_sensors.py took 0.059 seconds
[2025-09-04T11:57:41.319+0000] {processor.py:161} INFO - Started process (PID=952) to work on /home/airflow/.local/lib/python3.12/site-packages/airflow/example_dags/example_sensors.py
[2025-09-04T11:57:41.320+0000] {processor.py:830} INFO - Processing file /home/airflow/.local/lib/python3.12/site-packages/airflow/example_dags/example_sensors.py for tasks to queue
[2025-09-04T11:57:41.322+0000] {logging_mixin.py:188} INFO - [2025-09-04T11:57:41.322+0000] {dagbag.py:545} INFO - Filling up the DagBag from /home/airflow/.local/lib/python3.12/site-packages/airflow/example_dags/example_sensors.py
[2025-09-04T11:57:41.335+0000] {processor.py:840} INFO - DAG(s) 'example_sensors' retrieved from /home/airflow/.local/lib/python3.12/site-packages/airflow/example_dags/example_sensors.py
[2025-09-04T11:57:41.362+0000] {logging_mixin.py:188} INFO - [2025-09-04T11:57:41.361+0000] {dag.py:3096} INFO - Sync 1 DAGs
[2025-09-04T11:57:41.375+0000] {logging_mixin.py:188} INFO - [2025-09-04T11:57:41.375+0000] {dag.py:3954} INFO - Setting next_dagrun for example_sensors to None, run_after=None
[2025-09-04T11:57:41.397+0000] {processor.py:183} INFO - Processing /home/airflow/.local/lib/python3.12/site-packages/airflow/example_dags/example_sensors.py took 0.084 seconds
[2025-09-04T11:58:11.592+0000] {processor.py:161} INFO - Started process (PID=1011) to work on /home/airflow/.local/lib/python3.12/site-packages/airflow/example_dags/example_sensors.py
[2025-09-04T11:58:11.594+0000] {processor.py:830} INFO - Processing file /home/airflow/.local/lib/python3.12/site-packages/airflow/example_dags/example_sensors.py for tasks to queue
[2025-09-04T11:58:11.596+0000] {logging_mixin.py:188} INFO - [2025-09-04T11:58:11.595+0000] {dagbag.py:545} INFO - Filling up the DagBag from /home/airflow/.local/lib/python3.12/site-packages/airflow/example_dags/example_sensors.py
[2025-09-04T11:58:11.608+0000] {processor.py:840} INFO - DAG(s) 'example_sensors' retrieved from /home/airflow/.local/lib/python3.12/site-packages/airflow/example_dags/example_sensors.py
[2025-09-04T11:58:11.644+0000] {logging_mixin.py:188} INFO - [2025-09-04T11:58:11.643+0000] {dag.py:3096} INFO - Sync 1 DAGs
[2025-09-04T11:58:11.662+0000] {logging_mixin.py:188} INFO - [2025-09-04T11:58:11.661+0000] {dag.py:3954} INFO - Setting next_dagrun for example_sensors to None, run_after=None
[2025-09-04T11:58:11.690+0000] {processor.py:183} INFO - Processing /home/airflow/.local/lib/python3.12/site-packages/airflow/example_dags/example_sensors.py took 0.105 seconds
[2025-09-04T11:58:42.632+0000] {processor.py:161} INFO - Started process (PID=1069) to work on /home/airflow/.local/lib/python3.12/site-packages/airflow/example_dags/example_sensors.py
[2025-09-04T11:58:42.634+0000] {processor.py:830} INFO - Processing file /home/airflow/.local/lib/python3.12/site-packages/airflow/example_dags/example_sensors.py for tasks to queue
[2025-09-04T11:58:42.636+0000] {logging_mixin.py:188} INFO - [2025-09-04T11:58:42.636+0000] {dagbag.py:545} INFO - Filling up the DagBag from /home/airflow/.local/lib/python3.12/site-packages/airflow/example_dags/example_sensors.py
[2025-09-04T11:58:42.644+0000] {processor.py:840} INFO - DAG(s) 'example_sensors' retrieved from /home/airflow/.local/lib/python3.12/site-packages/airflow/example_dags/example_sensors.py
[2025-09-04T11:58:42.666+0000] {logging_mixin.py:188} INFO - [2025-09-04T11:58:42.666+0000] {dag.py:3096} INFO - Sync 1 DAGs
[2025-09-04T11:58:42.677+0000] {logging_mixin.py:188} INFO - [2025-09-04T11:58:42.677+0000] {dag.py:3954} INFO - Setting next_dagrun for example_sensors to None, run_after=None
[2025-09-04T11:58:42.695+0000] {processor.py:183} INFO - Processing /home/airflow/.local/lib/python3.12/site-packages/airflow/example_dags/example_sensors.py took 0.069 seconds
[2025-09-04T11:59:13.475+0000] {processor.py:161} INFO - Started process (PID=1127) to work on /home/airflow/.local/lib/python3.12/site-packages/airflow/example_dags/example_sensors.py
[2025-09-04T11:59:13.479+0000] {processor.py:830} INFO - Processing file /home/airflow/.local/lib/python3.12/site-packages/airflow/example_dags/example_sensors.py for tasks to queue
[2025-09-04T11:59:13.484+0000] {logging_mixin.py:188} INFO - [2025-09-04T11:59:13.483+0000] {dagbag.py:545} INFO - Filling up the DagBag from /home/airflow/.local/lib/python3.12/site-packages/airflow/example_dags/example_sensors.py
[2025-09-04T11:59:13.507+0000] {processor.py:840} INFO - DAG(s) 'example_sensors' retrieved from /home/airflow/.local/lib/python3.12/site-packages/airflow/example_dags/example_sensors.py
[2025-09-04T11:59:13.550+0000] {logging_mixin.py:188} INFO - [2025-09-04T11:59:13.550+0000] {dag.py:3096} INFO - Sync 1 DAGs
[2025-09-04T11:59:13.568+0000] {logging_mixin.py:188} INFO - [2025-09-04T11:59:13.567+0000] {dag.py:3954} INFO - Setting next_dagrun for example_sensors to None, run_after=None
[2025-09-04T11:59:13.594+0000] {processor.py:183} INFO - Processing /home/airflow/.local/lib/python3.12/site-packages/airflow/example_dags/example_sensors.py took 0.135 seconds
[2025-09-04T11:59:43.645+0000] {processor.py:161} INFO - Started process (PID=1185) to work on /home/airflow/.local/lib/python3.12/site-packages/airflow/example_dags/example_sensors.py
[2025-09-04T11:59:43.646+0000] {processor.py:830} INFO - Processing file /home/airflow/.local/lib/python3.12/site-packages/airflow/example_dags/example_sensors.py for tasks to queue
[2025-09-04T11:59:43.649+0000] {logging_mixin.py:188} INFO - [2025-09-04T11:59:43.648+0000] {dagbag.py:545} INFO - Filling up the DagBag from /home/airflow/.local/lib/python3.12/site-packages/airflow/example_dags/example_sensors.py
[2025-09-04T11:59:43.657+0000] {processor.py:840} INFO - DAG(s) 'example_sensors' retrieved from /home/airflow/.local/lib/python3.12/site-packages/airflow/example_dags/example_sensors.py
[2025-09-04T11:59:43.682+0000] {logging_mixin.py:188} INFO - [2025-09-04T11:59:43.682+0000] {dag.py:3096} INFO - Sync 1 DAGs
[2025-09-04T11:59:43.693+0000] {logging_mixin.py:188} INFO - [2025-09-04T11:59:43.692+0000] {dag.py:3954} INFO - Setting next_dagrun for example_sensors to None, run_after=None
[2025-09-04T11:59:43.708+0000] {processor.py:183} INFO - Processing /home/airflow/.local/lib/python3.12/site-packages/airflow/example_dags/example_sensors.py took 0.067 seconds
[2025-09-04T12:01:32.234+0000] {processor.py:161} INFO - Started process (PID=71) to work on /home/airflow/.local/lib/python3.12/site-packages/airflow/example_dags/example_sensors.py
[2025-09-04T12:01:32.235+0000] {processor.py:830} INFO - Processing file /home/airflow/.local/lib/python3.12/site-packages/airflow/example_dags/example_sensors.py for tasks to queue
[2025-09-04T12:01:32.238+0000] {logging_mixin.py:188} INFO - [2025-09-04T12:01:32.238+0000] {dagbag.py:545} INFO - Filling up the DagBag from /home/airflow/.local/lib/python3.12/site-packages/airflow/example_dags/example_sensors.py
[2025-09-04T12:01:32.255+0000] {processor.py:840} INFO - DAG(s) 'example_sensors' retrieved from /home/airflow/.local/lib/python3.12/site-packages/airflow/example_dags/example_sensors.py
[2025-09-04T12:01:32.389+0000] {logging_mixin.py:188} INFO - [2025-09-04T12:01:32.389+0000] {dag.py:3096} INFO - Sync 1 DAGs
[2025-09-04T12:01:32.398+0000] {logging_mixin.py:188} INFO - [2025-09-04T12:01:32.398+0000] {dag.py:3954} INFO - Setting next_dagrun for example_sensors to None, run_after=None
[2025-09-04T12:01:32.419+0000] {processor.py:183} INFO - Processing /home/airflow/.local/lib/python3.12/site-packages/airflow/example_dags/example_sensors.py took 0.192 seconds
[2025-09-04T12:02:02.646+0000] {processor.py:161} INFO - Started process (PID=129) to work on /home/airflow/.local/lib/python3.12/site-packages/airflow/example_dags/example_sensors.py
[2025-09-04T12:02:02.648+0000] {processor.py:830} INFO - Processing file /home/airflow/.local/lib/python3.12/site-packages/airflow/example_dags/example_sensors.py for tasks to queue
[2025-09-04T12:02:02.650+0000] {logging_mixin.py:188} INFO - [2025-09-04T12:02:02.649+0000] {dagbag.py:545} INFO - Filling up the DagBag from /home/airflow/.local/lib/python3.12/site-packages/airflow/example_dags/example_sensors.py
[2025-09-04T12:02:02.661+0000] {processor.py:840} INFO - DAG(s) 'example_sensors' retrieved from /home/airflow/.local/lib/python3.12/site-packages/airflow/example_dags/example_sensors.py
[2025-09-04T12:02:02.692+0000] {logging_mixin.py:188} INFO - [2025-09-04T12:02:02.692+0000] {dag.py:3096} INFO - Sync 1 DAGs
[2025-09-04T12:02:02.705+0000] {logging_mixin.py:188} INFO - [2025-09-04T12:02:02.705+0000] {dag.py:3954} INFO - Setting next_dagrun for example_sensors to None, run_after=None
[2025-09-04T12:02:02.728+0000] {processor.py:183} INFO - Processing /home/airflow/.local/lib/python3.12/site-packages/airflow/example_dags/example_sensors.py took 0.090 seconds
[2025-09-04T12:02:33.696+0000] {processor.py:161} INFO - Started process (PID=193) to work on /home/airflow/.local/lib/python3.12/site-packages/airflow/example_dags/example_sensors.py
[2025-09-04T12:02:33.697+0000] {processor.py:830} INFO - Processing file /home/airflow/.local/lib/python3.12/site-packages/airflow/example_dags/example_sensors.py for tasks to queue
[2025-09-04T12:02:33.699+0000] {logging_mixin.py:188} INFO - [2025-09-04T12:02:33.698+0000] {dagbag.py:545} INFO - Filling up the DagBag from /home/airflow/.local/lib/python3.12/site-packages/airflow/example_dags/example_sensors.py
[2025-09-04T12:02:33.707+0000] {processor.py:840} INFO - DAG(s) 'example_sensors' retrieved from /home/airflow/.local/lib/python3.12/site-packages/airflow/example_dags/example_sensors.py
[2025-09-04T12:02:33.733+0000] {logging_mixin.py:188} INFO - [2025-09-04T12:02:33.733+0000] {dag.py:3096} INFO - Sync 1 DAGs
[2025-09-04T12:02:33.746+0000] {logging_mixin.py:188} INFO - [2025-09-04T12:02:33.746+0000] {dag.py:3954} INFO - Setting next_dagrun for example_sensors to None, run_after=None
[2025-09-04T12:02:33.780+0000] {processor.py:183} INFO - Processing /home/airflow/.local/lib/python3.12/site-packages/airflow/example_dags/example_sensors.py took 0.090 seconds
[2025-09-04T12:03:03.844+0000] {processor.py:161} INFO - Started process (PID=251) to work on /home/airflow/.local/lib/python3.12/site-packages/airflow/example_dags/example_sensors.py
[2025-09-04T12:03:03.846+0000] {processor.py:830} INFO - Processing file /home/airflow/.local/lib/python3.12/site-packages/airflow/example_dags/example_sensors.py for tasks to queue
[2025-09-04T12:03:03.848+0000] {logging_mixin.py:188} INFO - [2025-09-04T12:03:03.848+0000] {dagbag.py:545} INFO - Filling up the DagBag from /home/airflow/.local/lib/python3.12/site-packages/airflow/example_dags/example_sensors.py
[2025-09-04T12:03:03.861+0000] {processor.py:840} INFO - DAG(s) 'example_sensors' retrieved from /home/airflow/.local/lib/python3.12/site-packages/airflow/example_dags/example_sensors.py
[2025-09-04T12:03:03.883+0000] {logging_mixin.py:188} INFO - [2025-09-04T12:03:03.882+0000] {dag.py:3096} INFO - Sync 1 DAGs
[2025-09-04T12:03:03.894+0000] {logging_mixin.py:188} INFO - [2025-09-04T12:03:03.894+0000] {dag.py:3954} INFO - Setting next_dagrun for example_sensors to None, run_after=None
[2025-09-04T12:03:03.910+0000] {processor.py:183} INFO - Processing /home/airflow/.local/lib/python3.12/site-packages/airflow/example_dags/example_sensors.py took 0.078 seconds
[2025-09-04T12:03:34.250+0000] {processor.py:161} INFO - Started process (PID=309) to work on /home/airflow/.local/lib/python3.12/site-packages/airflow/example_dags/example_sensors.py
[2025-09-04T12:03:34.254+0000] {processor.py:830} INFO - Processing file /home/airflow/.local/lib/python3.12/site-packages/airflow/example_dags/example_sensors.py for tasks to queue
[2025-09-04T12:03:34.258+0000] {logging_mixin.py:188} INFO - [2025-09-04T12:03:34.257+0000] {dagbag.py:545} INFO - Filling up the DagBag from /home/airflow/.local/lib/python3.12/site-packages/airflow/example_dags/example_sensors.py
[2025-09-04T12:03:34.265+0000] {processor.py:840} INFO - DAG(s) 'example_sensors' retrieved from /home/airflow/.local/lib/python3.12/site-packages/airflow/example_dags/example_sensors.py
[2025-09-04T12:03:34.288+0000] {logging_mixin.py:188} INFO - [2025-09-04T12:03:34.288+0000] {dag.py:3096} INFO - Sync 1 DAGs
[2025-09-04T12:03:34.300+0000] {logging_mixin.py:188} INFO - [2025-09-04T12:03:34.300+0000] {dag.py:3954} INFO - Setting next_dagrun for example_sensors to None, run_after=None
[2025-09-04T12:03:34.316+0000] {processor.py:183} INFO - Processing /home/airflow/.local/lib/python3.12/site-packages/airflow/example_dags/example_sensors.py took 0.072 seconds
[2025-09-04T12:04:05.150+0000] {processor.py:161} INFO - Started process (PID=367) to work on /home/airflow/.local/lib/python3.12/site-packages/airflow/example_dags/example_sensors.py
[2025-09-04T12:04:05.151+0000] {processor.py:830} INFO - Processing file /home/airflow/.local/lib/python3.12/site-packages/airflow/example_dags/example_sensors.py for tasks to queue
[2025-09-04T12:04:05.154+0000] {logging_mixin.py:188} INFO - [2025-09-04T12:04:05.153+0000] {dagbag.py:545} INFO - Filling up the DagBag from /home/airflow/.local/lib/python3.12/site-packages/airflow/example_dags/example_sensors.py
[2025-09-04T12:04:05.163+0000] {processor.py:840} INFO - DAG(s) 'example_sensors' retrieved from /home/airflow/.local/lib/python3.12/site-packages/airflow/example_dags/example_sensors.py
[2025-09-04T12:04:05.197+0000] {logging_mixin.py:188} INFO - [2025-09-04T12:04:05.197+0000] {dag.py:3096} INFO - Sync 1 DAGs
[2025-09-04T12:04:05.213+0000] {logging_mixin.py:188} INFO - [2025-09-04T12:04:05.213+0000] {dag.py:3954} INFO - Setting next_dagrun for example_sensors to None, run_after=None
[2025-09-04T12:04:05.235+0000] {processor.py:183} INFO - Processing /home/airflow/.local/lib/python3.12/site-packages/airflow/example_dags/example_sensors.py took 0.096 seconds
[2025-09-04T12:04:35.306+0000] {processor.py:161} INFO - Started process (PID=425) to work on /home/airflow/.local/lib/python3.12/site-packages/airflow/example_dags/example_sensors.py
[2025-09-04T12:04:35.307+0000] {processor.py:830} INFO - Processing file /home/airflow/.local/lib/python3.12/site-packages/airflow/example_dags/example_sensors.py for tasks to queue
[2025-09-04T12:04:35.309+0000] {logging_mixin.py:188} INFO - [2025-09-04T12:04:35.309+0000] {dagbag.py:545} INFO - Filling up the DagBag from /home/airflow/.local/lib/python3.12/site-packages/airflow/example_dags/example_sensors.py
[2025-09-04T12:04:35.321+0000] {processor.py:840} INFO - DAG(s) 'example_sensors' retrieved from /home/airflow/.local/lib/python3.12/site-packages/airflow/example_dags/example_sensors.py
[2025-09-04T12:04:35.344+0000] {logging_mixin.py:188} INFO - [2025-09-04T12:04:35.344+0000] {dag.py:3096} INFO - Sync 1 DAGs
[2025-09-04T12:04:35.354+0000] {logging_mixin.py:188} INFO - [2025-09-04T12:04:35.354+0000] {dag.py:3954} INFO - Setting next_dagrun for example_sensors to None, run_after=None
[2025-09-04T12:04:35.369+0000] {processor.py:183} INFO - Processing /home/airflow/.local/lib/python3.12/site-packages/airflow/example_dags/example_sensors.py took 0.069 seconds
[2025-09-04T12:05:05.972+0000] {processor.py:161} INFO - Started process (PID=483) to work on /home/airflow/.local/lib/python3.12/site-packages/airflow/example_dags/example_sensors.py
[2025-09-04T12:05:05.975+0000] {processor.py:830} INFO - Processing file /home/airflow/.local/lib/python3.12/site-packages/airflow/example_dags/example_sensors.py for tasks to queue
[2025-09-04T12:05:05.979+0000] {logging_mixin.py:188} INFO - [2025-09-04T12:05:05.978+0000] {dagbag.py:545} INFO - Filling up the DagBag from /home/airflow/.local/lib/python3.12/site-packages/airflow/example_dags/example_sensors.py
[2025-09-04T12:05:06.002+0000] {processor.py:840} INFO - DAG(s) 'example_sensors' retrieved from /home/airflow/.local/lib/python3.12/site-packages/airflow/example_dags/example_sensors.py
[2025-09-04T12:05:06.057+0000] {logging_mixin.py:188} INFO - [2025-09-04T12:05:06.056+0000] {dag.py:3096} INFO - Sync 1 DAGs
[2025-09-04T12:05:06.069+0000] {logging_mixin.py:188} INFO - [2025-09-04T12:05:06.069+0000] {dag.py:3954} INFO - Setting next_dagrun for example_sensors to None, run_after=None
[2025-09-04T12:05:06.089+0000] {processor.py:183} INFO - Processing /home/airflow/.local/lib/python3.12/site-packages/airflow/example_dags/example_sensors.py took 0.133 seconds
[2025-09-04T12:05:36.302+0000] {processor.py:161} INFO - Started process (PID=541) to work on /home/airflow/.local/lib/python3.12/site-packages/airflow/example_dags/example_sensors.py
[2025-09-04T12:05:36.304+0000] {processor.py:830} INFO - Processing file /home/airflow/.local/lib/python3.12/site-packages/airflow/example_dags/example_sensors.py for tasks to queue
[2025-09-04T12:05:36.306+0000] {logging_mixin.py:188} INFO - [2025-09-04T12:05:36.306+0000] {dagbag.py:545} INFO - Filling up the DagBag from /home/airflow/.local/lib/python3.12/site-packages/airflow/example_dags/example_sensors.py
[2025-09-04T12:05:36.313+0000] {processor.py:840} INFO - DAG(s) 'example_sensors' retrieved from /home/airflow/.local/lib/python3.12/site-packages/airflow/example_dags/example_sensors.py
[2025-09-04T12:05:36.334+0000] {logging_mixin.py:188} INFO - [2025-09-04T12:05:36.334+0000] {dag.py:3096} INFO - Sync 1 DAGs
[2025-09-04T12:05:36.348+0000] {logging_mixin.py:188} INFO - [2025-09-04T12:05:36.347+0000] {dag.py:3954} INFO - Setting next_dagrun for example_sensors to None, run_after=None
[2025-09-04T12:05:36.364+0000] {processor.py:183} INFO - Processing /home/airflow/.local/lib/python3.12/site-packages/airflow/example_dags/example_sensors.py took 0.069 seconds
[2025-09-04T12:06:35.704+0000] {processor.py:161} INFO - Started process (PID=77) to work on /home/airflow/.local/lib/python3.12/site-packages/airflow/example_dags/example_sensors.py
[2025-09-04T12:06:35.705+0000] {processor.py:830} INFO - Processing file /home/airflow/.local/lib/python3.12/site-packages/airflow/example_dags/example_sensors.py for tasks to queue
[2025-09-04T12:06:35.708+0000] {logging_mixin.py:188} INFO - [2025-09-04T12:06:35.708+0000] {dagbag.py:545} INFO - Filling up the DagBag from /home/airflow/.local/lib/python3.12/site-packages/airflow/example_dags/example_sensors.py
[2025-09-04T12:06:35.718+0000] {processor.py:840} INFO - DAG(s) 'example_sensors' retrieved from /home/airflow/.local/lib/python3.12/site-packages/airflow/example_dags/example_sensors.py
[2025-09-04T12:06:35.729+0000] {logging_mixin.py:188} INFO - [2025-09-04T12:06:35.729+0000] {dag.py:3096} INFO - Sync 1 DAGs
[2025-09-04T12:06:35.745+0000] {logging_mixin.py:188} INFO - [2025-09-04T12:06:35.744+0000] {dag.py:3954} INFO - Setting next_dagrun for example_sensors to None, run_after=None
[2025-09-04T12:06:35.763+0000] {processor.py:183} INFO - Processing /home/airflow/.local/lib/python3.12/site-packages/airflow/example_dags/example_sensors.py took 0.064 seconds
[2025-09-04T12:07:07.442+0000] {processor.py:161} INFO - Started process (PID=135) to work on /home/airflow/.local/lib/python3.12/site-packages/airflow/example_dags/example_sensors.py
[2025-09-04T12:07:07.445+0000] {processor.py:830} INFO - Processing file /home/airflow/.local/lib/python3.12/site-packages/airflow/example_dags/example_sensors.py for tasks to queue
[2025-09-04T12:07:07.449+0000] {logging_mixin.py:188} INFO - [2025-09-04T12:07:07.449+0000] {dagbag.py:545} INFO - Filling up the DagBag from /home/airflow/.local/lib/python3.12/site-packages/airflow/example_dags/example_sensors.py
[2025-09-04T12:07:07.473+0000] {processor.py:840} INFO - DAG(s) 'example_sensors' retrieved from /home/airflow/.local/lib/python3.12/site-packages/airflow/example_dags/example_sensors.py
[2025-09-04T12:07:07.581+0000] {logging_mixin.py:188} INFO - [2025-09-04T12:07:07.581+0000] {dag.py:3096} INFO - Sync 1 DAGs
[2025-09-04T12:07:07.597+0000] {logging_mixin.py:188} INFO - [2025-09-04T12:07:07.597+0000] {dag.py:3954} INFO - Setting next_dagrun for example_sensors to None, run_after=None
[2025-09-04T12:07:07.634+0000] {processor.py:183} INFO - Processing /home/airflow/.local/lib/python3.12/site-packages/airflow/example_dags/example_sensors.py took 0.203 seconds
[2025-09-04T12:07:38.633+0000] {processor.py:161} INFO - Started process (PID=199) to work on /home/airflow/.local/lib/python3.12/site-packages/airflow/example_dags/example_sensors.py
[2025-09-04T12:07:38.642+0000] {processor.py:830} INFO - Processing file /home/airflow/.local/lib/python3.12/site-packages/airflow/example_dags/example_sensors.py for tasks to queue
[2025-09-04T12:07:38.650+0000] {logging_mixin.py:188} INFO - [2025-09-04T12:07:38.649+0000] {dagbag.py:545} INFO - Filling up the DagBag from /home/airflow/.local/lib/python3.12/site-packages/airflow/example_dags/example_sensors.py
[2025-09-04T12:07:38.670+0000] {processor.py:840} INFO - DAG(s) 'example_sensors' retrieved from /home/airflow/.local/lib/python3.12/site-packages/airflow/example_dags/example_sensors.py
[2025-09-04T12:07:38.723+0000] {logging_mixin.py:188} INFO - [2025-09-04T12:07:38.722+0000] {dag.py:3096} INFO - Sync 1 DAGs
[2025-09-04T12:07:38.752+0000] {logging_mixin.py:188} INFO - [2025-09-04T12:07:38.752+0000] {dag.py:3954} INFO - Setting next_dagrun for example_sensors to None, run_after=None
[2025-09-04T12:07:38.790+0000] {processor.py:183} INFO - Processing /home/airflow/.local/lib/python3.12/site-packages/airflow/example_dags/example_sensors.py took 0.172 seconds
[2025-09-04T12:08:09.379+0000] {processor.py:161} INFO - Started process (PID=257) to work on /home/airflow/.local/lib/python3.12/site-packages/airflow/example_dags/example_sensors.py
[2025-09-04T12:08:09.380+0000] {processor.py:830} INFO - Processing file /home/airflow/.local/lib/python3.12/site-packages/airflow/example_dags/example_sensors.py for tasks to queue
[2025-09-04T12:08:09.382+0000] {logging_mixin.py:188} INFO - [2025-09-04T12:08:09.382+0000] {dagbag.py:545} INFO - Filling up the DagBag from /home/airflow/.local/lib/python3.12/site-packages/airflow/example_dags/example_sensors.py
[2025-09-04T12:08:09.389+0000] {processor.py:840} INFO - DAG(s) 'example_sensors' retrieved from /home/airflow/.local/lib/python3.12/site-packages/airflow/example_dags/example_sensors.py
[2025-09-04T12:08:09.407+0000] {logging_mixin.py:188} INFO - [2025-09-04T12:08:09.407+0000] {dag.py:3096} INFO - Sync 1 DAGs
[2025-09-04T12:08:09.416+0000] {logging_mixin.py:188} INFO - [2025-09-04T12:08:09.415+0000] {dag.py:3954} INFO - Setting next_dagrun for example_sensors to None, run_after=None
[2025-09-04T12:08:09.430+0000] {processor.py:183} INFO - Processing /home/airflow/.local/lib/python3.12/site-packages/airflow/example_dags/example_sensors.py took 0.055 seconds
[2025-09-04T12:08:40.358+0000] {processor.py:161} INFO - Started process (PID=315) to work on /home/airflow/.local/lib/python3.12/site-packages/airflow/example_dags/example_sensors.py
[2025-09-04T12:08:40.369+0000] {processor.py:830} INFO - Processing file /home/airflow/.local/lib/python3.12/site-packages/airflow/example_dags/example_sensors.py for tasks to queue
[2025-09-04T12:08:40.377+0000] {logging_mixin.py:188} INFO - [2025-09-04T12:08:40.377+0000] {dagbag.py:545} INFO - Filling up the DagBag from /home/airflow/.local/lib/python3.12/site-packages/airflow/example_dags/example_sensors.py
[2025-09-04T12:08:40.397+0000] {processor.py:840} INFO - DAG(s) 'example_sensors' retrieved from /home/airflow/.local/lib/python3.12/site-packages/airflow/example_dags/example_sensors.py
[2025-09-04T12:08:40.458+0000] {logging_mixin.py:188} INFO - [2025-09-04T12:08:40.458+0000] {dag.py:3096} INFO - Sync 1 DAGs
[2025-09-04T12:08:40.486+0000] {logging_mixin.py:188} INFO - [2025-09-04T12:08:40.486+0000] {dag.py:3954} INFO - Setting next_dagrun for example_sensors to None, run_after=None
[2025-09-04T12:08:40.514+0000] {processor.py:183} INFO - Processing /home/airflow/.local/lib/python3.12/site-packages/airflow/example_dags/example_sensors.py took 0.164 seconds
