[2025-09-04T11:50:04.368+0000] {processor.py:161} INFO - Started process (PID=82) to work on /home/airflow/.local/lib/python3.12/site-packages/airflow/example_dags/example_trigger_target_dag.py
[2025-09-04T11:50:04.370+0000] {processor.py:830} INFO - Processing file /home/airflow/.local/lib/python3.12/site-packages/airflow/example_dags/example_trigger_target_dag.py for tasks to queue
[2025-09-04T11:50:04.373+0000] {logging_mixin.py:188} INFO - [2025-09-04T11:50:04.372+0000] {dagbag.py:545} INFO - Filling up the DagBag from /home/airflow/.local/lib/python3.12/site-packages/airflow/example_dags/example_trigger_target_dag.py
[2025-09-04T11:50:04.388+0000] {processor.py:840} INFO - DAG(s) 'example_trigger_target_dag' retrieved from /home/airflow/.local/lib/python3.12/site-packages/airflow/example_dags/example_trigger_target_dag.py
[2025-09-04T11:50:04.510+0000] {logging_mixin.py:188} INFO - [2025-09-04T11:50:04.509+0000] {override.py:1829} INFO - Created Permission View: can edit on DAG:example_trigger_target_dag
[2025-09-04T11:50:04.525+0000] {logging_mixin.py:188} INFO - [2025-09-04T11:50:04.524+0000] {override.py:1829} INFO - Created Permission View: can read on DAG:example_trigger_target_dag
[2025-09-04T11:50:04.536+0000] {logging_mixin.py:188} INFO - [2025-09-04T11:50:04.536+0000] {override.py:1829} INFO - Created Permission View: can delete on DAG:example_trigger_target_dag
[2025-09-04T11:50:04.537+0000] {logging_mixin.py:188} INFO - [2025-09-04T11:50:04.537+0000] {dag.py:3096} INFO - Sync 1 DAGs
[2025-09-04T11:50:04.555+0000] {logging_mixin.py:188} INFO - [2025-09-04T11:50:04.555+0000] {dag.py:3118} INFO - Creating ORM DAG for example_trigger_target_dag
[2025-09-04T11:50:04.558+0000] {logging_mixin.py:188} INFO - [2025-09-04T11:50:04.558+0000] {dag.py:3954} INFO - Setting next_dagrun for example_trigger_target_dag to None, run_after=None
[2025-09-04T11:50:04.580+0000] {processor.py:183} INFO - Processing /home/airflow/.local/lib/python3.12/site-packages/airflow/example_dags/example_trigger_target_dag.py took 0.219 seconds
[2025-09-04T11:50:35.455+0000] {processor.py:161} INFO - Started process (PID=140) to work on /home/airflow/.local/lib/python3.12/site-packages/airflow/example_dags/example_trigger_target_dag.py
[2025-09-04T11:50:35.457+0000] {processor.py:830} INFO - Processing file /home/airflow/.local/lib/python3.12/site-packages/airflow/example_dags/example_trigger_target_dag.py for tasks to queue
[2025-09-04T11:50:35.461+0000] {logging_mixin.py:188} INFO - [2025-09-04T11:50:35.460+0000] {dagbag.py:545} INFO - Filling up the DagBag from /home/airflow/.local/lib/python3.12/site-packages/airflow/example_dags/example_trigger_target_dag.py
[2025-09-04T11:50:35.473+0000] {processor.py:840} INFO - DAG(s) 'example_trigger_target_dag' retrieved from /home/airflow/.local/lib/python3.12/site-packages/airflow/example_dags/example_trigger_target_dag.py
[2025-09-04T11:50:35.504+0000] {logging_mixin.py:188} INFO - [2025-09-04T11:50:35.504+0000] {dag.py:3096} INFO - Sync 1 DAGs
[2025-09-04T11:50:35.524+0000] {logging_mixin.py:188} INFO - [2025-09-04T11:50:35.523+0000] {dag.py:3954} INFO - Setting next_dagrun for example_trigger_target_dag to None, run_after=None
[2025-09-04T11:50:35.543+0000] {processor.py:183} INFO - Processing /home/airflow/.local/lib/python3.12/site-packages/airflow/example_dags/example_trigger_target_dag.py took 0.099 seconds
[2025-09-04T11:51:06.197+0000] {processor.py:161} INFO - Started process (PID=197) to work on /home/airflow/.local/lib/python3.12/site-packages/airflow/example_dags/example_trigger_target_dag.py
[2025-09-04T11:51:06.199+0000] {processor.py:830} INFO - Processing file /home/airflow/.local/lib/python3.12/site-packages/airflow/example_dags/example_trigger_target_dag.py for tasks to queue
[2025-09-04T11:51:06.204+0000] {logging_mixin.py:188} INFO - [2025-09-04T11:51:06.204+0000] {dagbag.py:545} INFO - Filling up the DagBag from /home/airflow/.local/lib/python3.12/site-packages/airflow/example_dags/example_trigger_target_dag.py
[2025-09-04T11:51:06.219+0000] {processor.py:840} INFO - DAG(s) 'example_trigger_target_dag' retrieved from /home/airflow/.local/lib/python3.12/site-packages/airflow/example_dags/example_trigger_target_dag.py
[2025-09-04T11:51:06.259+0000] {logging_mixin.py:188} INFO - [2025-09-04T11:51:06.258+0000] {dag.py:3096} INFO - Sync 1 DAGs
[2025-09-04T11:51:06.280+0000] {logging_mixin.py:188} INFO - [2025-09-04T11:51:06.280+0000] {dag.py:3954} INFO - Setting next_dagrun for example_trigger_target_dag to None, run_after=None
[2025-09-04T11:51:06.310+0000] {processor.py:183} INFO - Processing /home/airflow/.local/lib/python3.12/site-packages/airflow/example_dags/example_trigger_target_dag.py took 0.124 seconds
[2025-09-04T11:51:36.500+0000] {processor.py:161} INFO - Started process (PID=255) to work on /home/airflow/.local/lib/python3.12/site-packages/airflow/example_dags/example_trigger_target_dag.py
[2025-09-04T11:51:36.503+0000] {processor.py:830} INFO - Processing file /home/airflow/.local/lib/python3.12/site-packages/airflow/example_dags/example_trigger_target_dag.py for tasks to queue
[2025-09-04T11:51:36.508+0000] {logging_mixin.py:188} INFO - [2025-09-04T11:51:36.507+0000] {dagbag.py:545} INFO - Filling up the DagBag from /home/airflow/.local/lib/python3.12/site-packages/airflow/example_dags/example_trigger_target_dag.py
[2025-09-04T11:51:36.518+0000] {processor.py:840} INFO - DAG(s) 'example_trigger_target_dag' retrieved from /home/airflow/.local/lib/python3.12/site-packages/airflow/example_dags/example_trigger_target_dag.py
[2025-09-04T11:51:36.547+0000] {logging_mixin.py:188} INFO - [2025-09-04T11:51:36.547+0000] {dag.py:3096} INFO - Sync 1 DAGs
[2025-09-04T11:51:36.568+0000] {logging_mixin.py:188} INFO - [2025-09-04T11:51:36.568+0000] {dag.py:3954} INFO - Setting next_dagrun for example_trigger_target_dag to None, run_after=None
[2025-09-04T11:51:36.589+0000] {processor.py:183} INFO - Processing /home/airflow/.local/lib/python3.12/site-packages/airflow/example_dags/example_trigger_target_dag.py took 0.102 seconds
[2025-09-04T11:52:07.277+0000] {processor.py:161} INFO - Started process (PID=313) to work on /home/airflow/.local/lib/python3.12/site-packages/airflow/example_dags/example_trigger_target_dag.py
[2025-09-04T11:52:07.279+0000] {processor.py:830} INFO - Processing file /home/airflow/.local/lib/python3.12/site-packages/airflow/example_dags/example_trigger_target_dag.py for tasks to queue
[2025-09-04T11:52:07.282+0000] {logging_mixin.py:188} INFO - [2025-09-04T11:52:07.281+0000] {dagbag.py:545} INFO - Filling up the DagBag from /home/airflow/.local/lib/python3.12/site-packages/airflow/example_dags/example_trigger_target_dag.py
[2025-09-04T11:52:07.291+0000] {processor.py:840} INFO - DAG(s) 'example_trigger_target_dag' retrieved from /home/airflow/.local/lib/python3.12/site-packages/airflow/example_dags/example_trigger_target_dag.py
[2025-09-04T11:52:07.311+0000] {logging_mixin.py:188} INFO - [2025-09-04T11:52:07.310+0000] {dag.py:3096} INFO - Sync 1 DAGs
[2025-09-04T11:52:07.322+0000] {logging_mixin.py:188} INFO - [2025-09-04T11:52:07.321+0000] {dag.py:3954} INFO - Setting next_dagrun for example_trigger_target_dag to None, run_after=None
[2025-09-04T11:52:07.342+0000] {processor.py:183} INFO - Processing /home/airflow/.local/lib/python3.12/site-packages/airflow/example_dags/example_trigger_target_dag.py took 0.076 seconds
[2025-09-04T11:52:37.680+0000] {processor.py:161} INFO - Started process (PID=371) to work on /home/airflow/.local/lib/python3.12/site-packages/airflow/example_dags/example_trigger_target_dag.py
[2025-09-04T11:52:37.681+0000] {processor.py:830} INFO - Processing file /home/airflow/.local/lib/python3.12/site-packages/airflow/example_dags/example_trigger_target_dag.py for tasks to queue
[2025-09-04T11:52:37.684+0000] {logging_mixin.py:188} INFO - [2025-09-04T11:52:37.683+0000] {dagbag.py:545} INFO - Filling up the DagBag from /home/airflow/.local/lib/python3.12/site-packages/airflow/example_dags/example_trigger_target_dag.py
[2025-09-04T11:52:37.690+0000] {processor.py:840} INFO - DAG(s) 'example_trigger_target_dag' retrieved from /home/airflow/.local/lib/python3.12/site-packages/airflow/example_dags/example_trigger_target_dag.py
[2025-09-04T11:52:37.712+0000] {logging_mixin.py:188} INFO - [2025-09-04T11:52:37.712+0000] {dag.py:3096} INFO - Sync 1 DAGs
[2025-09-04T11:52:37.729+0000] {logging_mixin.py:188} INFO - [2025-09-04T11:52:37.728+0000] {dag.py:3954} INFO - Setting next_dagrun for example_trigger_target_dag to None, run_after=None
[2025-09-04T11:52:37.750+0000] {processor.py:183} INFO - Processing /home/airflow/.local/lib/python3.12/site-packages/airflow/example_dags/example_trigger_target_dag.py took 0.074 seconds
[2025-09-04T11:53:07.934+0000] {processor.py:161} INFO - Started process (PID=429) to work on /home/airflow/.local/lib/python3.12/site-packages/airflow/example_dags/example_trigger_target_dag.py
[2025-09-04T11:53:07.935+0000] {processor.py:830} INFO - Processing file /home/airflow/.local/lib/python3.12/site-packages/airflow/example_dags/example_trigger_target_dag.py for tasks to queue
[2025-09-04T11:53:07.937+0000] {logging_mixin.py:188} INFO - [2025-09-04T11:53:07.937+0000] {dagbag.py:545} INFO - Filling up the DagBag from /home/airflow/.local/lib/python3.12/site-packages/airflow/example_dags/example_trigger_target_dag.py
[2025-09-04T11:53:07.942+0000] {processor.py:840} INFO - DAG(s) 'example_trigger_target_dag' retrieved from /home/airflow/.local/lib/python3.12/site-packages/airflow/example_dags/example_trigger_target_dag.py
[2025-09-04T11:53:07.957+0000] {logging_mixin.py:188} INFO - [2025-09-04T11:53:07.957+0000] {dag.py:3096} INFO - Sync 1 DAGs
[2025-09-04T11:53:07.967+0000] {logging_mixin.py:188} INFO - [2025-09-04T11:53:07.967+0000] {dag.py:3954} INFO - Setting next_dagrun for example_trigger_target_dag to None, run_after=None
[2025-09-04T11:53:07.982+0000] {processor.py:183} INFO - Processing /home/airflow/.local/lib/python3.12/site-packages/airflow/example_dags/example_trigger_target_dag.py took 0.055 seconds
[2025-09-04T11:53:38.204+0000] {processor.py:161} INFO - Started process (PID=487) to work on /home/airflow/.local/lib/python3.12/site-packages/airflow/example_dags/example_trigger_target_dag.py
[2025-09-04T11:53:38.205+0000] {processor.py:830} INFO - Processing file /home/airflow/.local/lib/python3.12/site-packages/airflow/example_dags/example_trigger_target_dag.py for tasks to queue
[2025-09-04T11:53:38.207+0000] {logging_mixin.py:188} INFO - [2025-09-04T11:53:38.207+0000] {dagbag.py:545} INFO - Filling up the DagBag from /home/airflow/.local/lib/python3.12/site-packages/airflow/example_dags/example_trigger_target_dag.py
[2025-09-04T11:53:38.213+0000] {processor.py:840} INFO - DAG(s) 'example_trigger_target_dag' retrieved from /home/airflow/.local/lib/python3.12/site-packages/airflow/example_dags/example_trigger_target_dag.py
[2025-09-04T11:53:38.231+0000] {logging_mixin.py:188} INFO - [2025-09-04T11:53:38.231+0000] {dag.py:3096} INFO - Sync 1 DAGs
[2025-09-04T11:53:38.242+0000] {logging_mixin.py:188} INFO - [2025-09-04T11:53:38.242+0000] {dag.py:3954} INFO - Setting next_dagrun for example_trigger_target_dag to None, run_after=None
[2025-09-04T11:53:38.262+0000] {processor.py:183} INFO - Processing /home/airflow/.local/lib/python3.12/site-packages/airflow/example_dags/example_trigger_target_dag.py took 0.063 seconds
[2025-09-04T11:54:08.309+0000] {processor.py:161} INFO - Started process (PID=544) to work on /home/airflow/.local/lib/python3.12/site-packages/airflow/example_dags/example_trigger_target_dag.py
[2025-09-04T11:54:08.311+0000] {processor.py:830} INFO - Processing file /home/airflow/.local/lib/python3.12/site-packages/airflow/example_dags/example_trigger_target_dag.py for tasks to queue
[2025-09-04T11:54:08.314+0000] {logging_mixin.py:188} INFO - [2025-09-04T11:54:08.313+0000] {dagbag.py:545} INFO - Filling up the DagBag from /home/airflow/.local/lib/python3.12/site-packages/airflow/example_dags/example_trigger_target_dag.py
[2025-09-04T11:54:08.321+0000] {processor.py:840} INFO - DAG(s) 'example_trigger_target_dag' retrieved from /home/airflow/.local/lib/python3.12/site-packages/airflow/example_dags/example_trigger_target_dag.py
[2025-09-04T11:54:08.339+0000] {logging_mixin.py:188} INFO - [2025-09-04T11:54:08.339+0000] {dag.py:3096} INFO - Sync 1 DAGs
[2025-09-04T11:54:08.349+0000] {logging_mixin.py:188} INFO - [2025-09-04T11:54:08.349+0000] {dag.py:3954} INFO - Setting next_dagrun for example_trigger_target_dag to None, run_after=None
[2025-09-04T11:54:08.376+0000] {processor.py:183} INFO - Processing /home/airflow/.local/lib/python3.12/site-packages/airflow/example_dags/example_trigger_target_dag.py took 0.075 seconds
[2025-09-04T11:54:39.003+0000] {processor.py:161} INFO - Started process (PID=603) to work on /home/airflow/.local/lib/python3.12/site-packages/airflow/example_dags/example_trigger_target_dag.py
[2025-09-04T11:54:39.005+0000] {processor.py:830} INFO - Processing file /home/airflow/.local/lib/python3.12/site-packages/airflow/example_dags/example_trigger_target_dag.py for tasks to queue
[2025-09-04T11:54:39.009+0000] {logging_mixin.py:188} INFO - [2025-09-04T11:54:39.008+0000] {dagbag.py:545} INFO - Filling up the DagBag from /home/airflow/.local/lib/python3.12/site-packages/airflow/example_dags/example_trigger_target_dag.py
[2025-09-04T11:54:39.027+0000] {processor.py:840} INFO - DAG(s) 'example_trigger_target_dag' retrieved from /home/airflow/.local/lib/python3.12/site-packages/airflow/example_dags/example_trigger_target_dag.py
[2025-09-04T11:54:39.068+0000] {logging_mixin.py:188} INFO - [2025-09-04T11:54:39.067+0000] {dag.py:3096} INFO - Sync 1 DAGs
[2025-09-04T11:54:39.090+0000] {logging_mixin.py:188} INFO - [2025-09-04T11:54:39.089+0000] {dag.py:3954} INFO - Setting next_dagrun for example_trigger_target_dag to None, run_after=None
[2025-09-04T11:54:39.112+0000] {processor.py:183} INFO - Processing /home/airflow/.local/lib/python3.12/site-packages/airflow/example_dags/example_trigger_target_dag.py took 0.120 seconds
[2025-09-04T11:55:09.499+0000] {processor.py:161} INFO - Started process (PID=661) to work on /home/airflow/.local/lib/python3.12/site-packages/airflow/example_dags/example_trigger_target_dag.py
[2025-09-04T11:55:09.502+0000] {processor.py:830} INFO - Processing file /home/airflow/.local/lib/python3.12/site-packages/airflow/example_dags/example_trigger_target_dag.py for tasks to queue
[2025-09-04T11:55:09.506+0000] {logging_mixin.py:188} INFO - [2025-09-04T11:55:09.506+0000] {dagbag.py:545} INFO - Filling up the DagBag from /home/airflow/.local/lib/python3.12/site-packages/airflow/example_dags/example_trigger_target_dag.py
[2025-09-04T11:55:09.517+0000] {processor.py:840} INFO - DAG(s) 'example_trigger_target_dag' retrieved from /home/airflow/.local/lib/python3.12/site-packages/airflow/example_dags/example_trigger_target_dag.py
[2025-09-04T11:55:09.560+0000] {logging_mixin.py:188} INFO - [2025-09-04T11:55:09.560+0000] {dag.py:3096} INFO - Sync 1 DAGs
[2025-09-04T11:55:09.571+0000] {logging_mixin.py:188} INFO - [2025-09-04T11:55:09.571+0000] {dag.py:3954} INFO - Setting next_dagrun for example_trigger_target_dag to None, run_after=None
[2025-09-04T11:55:09.591+0000] {processor.py:183} INFO - Processing /home/airflow/.local/lib/python3.12/site-packages/airflow/example_dags/example_trigger_target_dag.py took 0.104 seconds
[2025-09-04T11:55:39.910+0000] {processor.py:161} INFO - Started process (PID=719) to work on /home/airflow/.local/lib/python3.12/site-packages/airflow/example_dags/example_trigger_target_dag.py
[2025-09-04T11:55:39.912+0000] {processor.py:830} INFO - Processing file /home/airflow/.local/lib/python3.12/site-packages/airflow/example_dags/example_trigger_target_dag.py for tasks to queue
[2025-09-04T11:55:39.916+0000] {logging_mixin.py:188} INFO - [2025-09-04T11:55:39.915+0000] {dagbag.py:545} INFO - Filling up the DagBag from /home/airflow/.local/lib/python3.12/site-packages/airflow/example_dags/example_trigger_target_dag.py
[2025-09-04T11:55:39.924+0000] {processor.py:840} INFO - DAG(s) 'example_trigger_target_dag' retrieved from /home/airflow/.local/lib/python3.12/site-packages/airflow/example_dags/example_trigger_target_dag.py
[2025-09-04T11:55:39.951+0000] {logging_mixin.py:188} INFO - [2025-09-04T11:55:39.951+0000] {dag.py:3096} INFO - Sync 1 DAGs
[2025-09-04T11:55:39.962+0000] {logging_mixin.py:188} INFO - [2025-09-04T11:55:39.962+0000] {dag.py:3954} INFO - Setting next_dagrun for example_trigger_target_dag to None, run_after=None
[2025-09-04T11:55:39.979+0000] {processor.py:183} INFO - Processing /home/airflow/.local/lib/python3.12/site-packages/airflow/example_dags/example_trigger_target_dag.py took 0.077 seconds
[2025-09-04T11:56:10.298+0000] {processor.py:161} INFO - Started process (PID=777) to work on /home/airflow/.local/lib/python3.12/site-packages/airflow/example_dags/example_trigger_target_dag.py
[2025-09-04T11:56:10.299+0000] {processor.py:830} INFO - Processing file /home/airflow/.local/lib/python3.12/site-packages/airflow/example_dags/example_trigger_target_dag.py for tasks to queue
[2025-09-04T11:56:10.304+0000] {logging_mixin.py:188} INFO - [2025-09-04T11:56:10.303+0000] {dagbag.py:545} INFO - Filling up the DagBag from /home/airflow/.local/lib/python3.12/site-packages/airflow/example_dags/example_trigger_target_dag.py
[2025-09-04T11:56:10.318+0000] {processor.py:840} INFO - DAG(s) 'example_trigger_target_dag' retrieved from /home/airflow/.local/lib/python3.12/site-packages/airflow/example_dags/example_trigger_target_dag.py
[2025-09-04T11:56:10.342+0000] {logging_mixin.py:188} INFO - [2025-09-04T11:56:10.341+0000] {dag.py:3096} INFO - Sync 1 DAGs
[2025-09-04T11:56:10.363+0000] {logging_mixin.py:188} INFO - [2025-09-04T11:56:10.363+0000] {dag.py:3954} INFO - Setting next_dagrun for example_trigger_target_dag to None, run_after=None
[2025-09-04T11:56:10.386+0000] {processor.py:183} INFO - Processing /home/airflow/.local/lib/python3.12/site-packages/airflow/example_dags/example_trigger_target_dag.py took 0.095 seconds
[2025-09-04T11:56:40.710+0000] {processor.py:161} INFO - Started process (PID=835) to work on /home/airflow/.local/lib/python3.12/site-packages/airflow/example_dags/example_trigger_target_dag.py
[2025-09-04T11:56:40.711+0000] {processor.py:830} INFO - Processing file /home/airflow/.local/lib/python3.12/site-packages/airflow/example_dags/example_trigger_target_dag.py for tasks to queue
[2025-09-04T11:56:40.715+0000] {logging_mixin.py:188} INFO - [2025-09-04T11:56:40.714+0000] {dagbag.py:545} INFO - Filling up the DagBag from /home/airflow/.local/lib/python3.12/site-packages/airflow/example_dags/example_trigger_target_dag.py
[2025-09-04T11:56:40.731+0000] {processor.py:840} INFO - DAG(s) 'example_trigger_target_dag' retrieved from /home/airflow/.local/lib/python3.12/site-packages/airflow/example_dags/example_trigger_target_dag.py
[2025-09-04T11:56:40.770+0000] {logging_mixin.py:188} INFO - [2025-09-04T11:56:40.769+0000] {dag.py:3096} INFO - Sync 1 DAGs
[2025-09-04T11:56:40.794+0000] {logging_mixin.py:188} INFO - [2025-09-04T11:56:40.794+0000] {dag.py:3954} INFO - Setting next_dagrun for example_trigger_target_dag to None, run_after=None
[2025-09-04T11:56:40.820+0000] {processor.py:183} INFO - Processing /home/airflow/.local/lib/python3.12/site-packages/airflow/example_dags/example_trigger_target_dag.py took 0.119 seconds
[2025-09-04T11:57:11.074+0000] {processor.py:161} INFO - Started process (PID=893) to work on /home/airflow/.local/lib/python3.12/site-packages/airflow/example_dags/example_trigger_target_dag.py
[2025-09-04T11:57:11.075+0000] {processor.py:830} INFO - Processing file /home/airflow/.local/lib/python3.12/site-packages/airflow/example_dags/example_trigger_target_dag.py for tasks to queue
[2025-09-04T11:57:11.078+0000] {logging_mixin.py:188} INFO - [2025-09-04T11:57:11.077+0000] {dagbag.py:545} INFO - Filling up the DagBag from /home/airflow/.local/lib/python3.12/site-packages/airflow/example_dags/example_trigger_target_dag.py
[2025-09-04T11:57:11.086+0000] {processor.py:840} INFO - DAG(s) 'example_trigger_target_dag' retrieved from /home/airflow/.local/lib/python3.12/site-packages/airflow/example_dags/example_trigger_target_dag.py
[2025-09-04T11:57:11.123+0000] {logging_mixin.py:188} INFO - [2025-09-04T11:57:11.122+0000] {dag.py:3096} INFO - Sync 1 DAGs
[2025-09-04T11:57:11.134+0000] {logging_mixin.py:188} INFO - [2025-09-04T11:57:11.134+0000] {dag.py:3954} INFO - Setting next_dagrun for example_trigger_target_dag to None, run_after=None
[2025-09-04T11:57:11.150+0000] {processor.py:183} INFO - Processing /home/airflow/.local/lib/python3.12/site-packages/airflow/example_dags/example_trigger_target_dag.py took 0.083 seconds
[2025-09-04T11:57:41.318+0000] {processor.py:161} INFO - Started process (PID=951) to work on /home/airflow/.local/lib/python3.12/site-packages/airflow/example_dags/example_trigger_target_dag.py
[2025-09-04T11:57:41.320+0000] {processor.py:830} INFO - Processing file /home/airflow/.local/lib/python3.12/site-packages/airflow/example_dags/example_trigger_target_dag.py for tasks to queue
[2025-09-04T11:57:41.322+0000] {logging_mixin.py:188} INFO - [2025-09-04T11:57:41.322+0000] {dagbag.py:545} INFO - Filling up the DagBag from /home/airflow/.local/lib/python3.12/site-packages/airflow/example_dags/example_trigger_target_dag.py
[2025-09-04T11:57:41.331+0000] {processor.py:840} INFO - DAG(s) 'example_trigger_target_dag' retrieved from /home/airflow/.local/lib/python3.12/site-packages/airflow/example_dags/example_trigger_target_dag.py
[2025-09-04T11:57:41.353+0000] {logging_mixin.py:188} INFO - [2025-09-04T11:57:41.352+0000] {dag.py:3096} INFO - Sync 1 DAGs
[2025-09-04T11:57:41.368+0000] {logging_mixin.py:188} INFO - [2025-09-04T11:57:41.367+0000] {dag.py:3954} INFO - Setting next_dagrun for example_trigger_target_dag to None, run_after=None
[2025-09-04T11:57:41.393+0000] {processor.py:183} INFO - Processing /home/airflow/.local/lib/python3.12/site-packages/airflow/example_dags/example_trigger_target_dag.py took 0.080 seconds
[2025-09-04T11:58:11.592+0000] {processor.py:161} INFO - Started process (PID=1010) to work on /home/airflow/.local/lib/python3.12/site-packages/airflow/example_dags/example_trigger_target_dag.py
[2025-09-04T11:58:11.594+0000] {processor.py:830} INFO - Processing file /home/airflow/.local/lib/python3.12/site-packages/airflow/example_dags/example_trigger_target_dag.py for tasks to queue
[2025-09-04T11:58:11.596+0000] {logging_mixin.py:188} INFO - [2025-09-04T11:58:11.596+0000] {dagbag.py:545} INFO - Filling up the DagBag from /home/airflow/.local/lib/python3.12/site-packages/airflow/example_dags/example_trigger_target_dag.py
[2025-09-04T11:58:11.602+0000] {processor.py:840} INFO - DAG(s) 'example_trigger_target_dag' retrieved from /home/airflow/.local/lib/python3.12/site-packages/airflow/example_dags/example_trigger_target_dag.py
[2025-09-04T11:58:11.631+0000] {logging_mixin.py:188} INFO - [2025-09-04T11:58:11.631+0000] {dag.py:3096} INFO - Sync 1 DAGs
[2025-09-04T11:58:11.647+0000] {logging_mixin.py:188} INFO - [2025-09-04T11:58:11.647+0000] {dag.py:3954} INFO - Setting next_dagrun for example_trigger_target_dag to None, run_after=None
[2025-09-04T11:58:11.677+0000] {processor.py:183} INFO - Processing /home/airflow/.local/lib/python3.12/site-packages/airflow/example_dags/example_trigger_target_dag.py took 0.092 seconds
[2025-09-04T11:58:42.632+0000] {processor.py:161} INFO - Started process (PID=1068) to work on /home/airflow/.local/lib/python3.12/site-packages/airflow/example_dags/example_trigger_target_dag.py
[2025-09-04T11:58:42.634+0000] {processor.py:830} INFO - Processing file /home/airflow/.local/lib/python3.12/site-packages/airflow/example_dags/example_trigger_target_dag.py for tasks to queue
[2025-09-04T11:58:42.636+0000] {logging_mixin.py:188} INFO - [2025-09-04T11:58:42.636+0000] {dagbag.py:545} INFO - Filling up the DagBag from /home/airflow/.local/lib/python3.12/site-packages/airflow/example_dags/example_trigger_target_dag.py
[2025-09-04T11:58:42.641+0000] {processor.py:840} INFO - DAG(s) 'example_trigger_target_dag' retrieved from /home/airflow/.local/lib/python3.12/site-packages/airflow/example_dags/example_trigger_target_dag.py
[2025-09-04T11:58:42.662+0000] {logging_mixin.py:188} INFO - [2025-09-04T11:58:42.662+0000] {dag.py:3096} INFO - Sync 1 DAGs
[2025-09-04T11:58:42.673+0000] {logging_mixin.py:188} INFO - [2025-09-04T11:58:42.673+0000] {dag.py:3954} INFO - Setting next_dagrun for example_trigger_target_dag to None, run_after=None
[2025-09-04T11:58:42.694+0000] {processor.py:183} INFO - Processing /home/airflow/.local/lib/python3.12/site-packages/airflow/example_dags/example_trigger_target_dag.py took 0.069 seconds
[2025-09-04T11:59:13.393+0000] {processor.py:161} INFO - Started process (PID=1126) to work on /home/airflow/.local/lib/python3.12/site-packages/airflow/example_dags/example_trigger_target_dag.py
[2025-09-04T11:59:13.396+0000] {processor.py:830} INFO - Processing file /home/airflow/.local/lib/python3.12/site-packages/airflow/example_dags/example_trigger_target_dag.py for tasks to queue
[2025-09-04T11:59:13.400+0000] {logging_mixin.py:188} INFO - [2025-09-04T11:59:13.399+0000] {dagbag.py:545} INFO - Filling up the DagBag from /home/airflow/.local/lib/python3.12/site-packages/airflow/example_dags/example_trigger_target_dag.py
[2025-09-04T11:59:13.407+0000] {processor.py:840} INFO - DAG(s) 'example_trigger_target_dag' retrieved from /home/airflow/.local/lib/python3.12/site-packages/airflow/example_dags/example_trigger_target_dag.py
[2025-09-04T11:59:13.444+0000] {logging_mixin.py:188} INFO - [2025-09-04T11:59:13.443+0000] {dag.py:3096} INFO - Sync 1 DAGs
[2025-09-04T11:59:13.473+0000] {logging_mixin.py:188} INFO - [2025-09-04T11:59:13.472+0000] {dag.py:3954} INFO - Setting next_dagrun for example_trigger_target_dag to None, run_after=None
[2025-09-04T11:59:13.515+0000] {processor.py:183} INFO - Processing /home/airflow/.local/lib/python3.12/site-packages/airflow/example_dags/example_trigger_target_dag.py took 0.137 seconds
[2025-09-04T11:59:43.573+0000] {processor.py:161} INFO - Started process (PID=1184) to work on /home/airflow/.local/lib/python3.12/site-packages/airflow/example_dags/example_trigger_target_dag.py
[2025-09-04T11:59:43.575+0000] {processor.py:830} INFO - Processing file /home/airflow/.local/lib/python3.12/site-packages/airflow/example_dags/example_trigger_target_dag.py for tasks to queue
[2025-09-04T11:59:43.580+0000] {logging_mixin.py:188} INFO - [2025-09-04T11:59:43.579+0000] {dagbag.py:545} INFO - Filling up the DagBag from /home/airflow/.local/lib/python3.12/site-packages/airflow/example_dags/example_trigger_target_dag.py
[2025-09-04T11:59:43.591+0000] {processor.py:840} INFO - DAG(s) 'example_trigger_target_dag' retrieved from /home/airflow/.local/lib/python3.12/site-packages/airflow/example_dags/example_trigger_target_dag.py
[2025-09-04T11:59:43.622+0000] {logging_mixin.py:188} INFO - [2025-09-04T11:59:43.621+0000] {dag.py:3096} INFO - Sync 1 DAGs
[2025-09-04T11:59:43.637+0000] {logging_mixin.py:188} INFO - [2025-09-04T11:59:43.637+0000] {dag.py:3954} INFO - Setting next_dagrun for example_trigger_target_dag to None, run_after=None
[2025-09-04T11:59:43.653+0000] {processor.py:183} INFO - Processing /home/airflow/.local/lib/python3.12/site-packages/airflow/example_dags/example_trigger_target_dag.py took 0.090 seconds
[2025-09-04T12:01:32.111+0000] {processor.py:161} INFO - Started process (PID=70) to work on /home/airflow/.local/lib/python3.12/site-packages/airflow/example_dags/example_trigger_target_dag.py
[2025-09-04T12:01:32.113+0000] {processor.py:830} INFO - Processing file /home/airflow/.local/lib/python3.12/site-packages/airflow/example_dags/example_trigger_target_dag.py for tasks to queue
[2025-09-04T12:01:32.115+0000] {logging_mixin.py:188} INFO - [2025-09-04T12:01:32.115+0000] {dagbag.py:545} INFO - Filling up the DagBag from /home/airflow/.local/lib/python3.12/site-packages/airflow/example_dags/example_trigger_target_dag.py
[2025-09-04T12:01:32.125+0000] {processor.py:840} INFO - DAG(s) 'example_trigger_target_dag' retrieved from /home/airflow/.local/lib/python3.12/site-packages/airflow/example_dags/example_trigger_target_dag.py
[2025-09-04T12:01:32.221+0000] {logging_mixin.py:188} INFO - [2025-09-04T12:01:32.220+0000] {dag.py:3096} INFO - Sync 1 DAGs
[2025-09-04T12:01:32.234+0000] {logging_mixin.py:188} INFO - [2025-09-04T12:01:32.234+0000] {dag.py:3954} INFO - Setting next_dagrun for example_trigger_target_dag to None, run_after=None
[2025-09-04T12:01:32.262+0000] {processor.py:183} INFO - Processing /home/airflow/.local/lib/python3.12/site-packages/airflow/example_dags/example_trigger_target_dag.py took 0.156 seconds
[2025-09-04T12:02:02.468+0000] {processor.py:161} INFO - Started process (PID=128) to work on /home/airflow/.local/lib/python3.12/site-packages/airflow/example_dags/example_trigger_target_dag.py
[2025-09-04T12:02:02.470+0000] {processor.py:830} INFO - Processing file /home/airflow/.local/lib/python3.12/site-packages/airflow/example_dags/example_trigger_target_dag.py for tasks to queue
[2025-09-04T12:02:02.475+0000] {logging_mixin.py:188} INFO - [2025-09-04T12:02:02.474+0000] {dagbag.py:545} INFO - Filling up the DagBag from /home/airflow/.local/lib/python3.12/site-packages/airflow/example_dags/example_trigger_target_dag.py
[2025-09-04T12:02:02.485+0000] {processor.py:840} INFO - DAG(s) 'example_trigger_target_dag' retrieved from /home/airflow/.local/lib/python3.12/site-packages/airflow/example_dags/example_trigger_target_dag.py
[2025-09-04T12:02:02.519+0000] {logging_mixin.py:188} INFO - [2025-09-04T12:02:02.518+0000] {dag.py:3096} INFO - Sync 1 DAGs
[2025-09-04T12:02:02.551+0000] {logging_mixin.py:188} INFO - [2025-09-04T12:02:02.550+0000] {dag.py:3954} INFO - Setting next_dagrun for example_trigger_target_dag to None, run_after=None
[2025-09-04T12:02:02.589+0000] {processor.py:183} INFO - Processing /home/airflow/.local/lib/python3.12/site-packages/airflow/example_dags/example_trigger_target_dag.py took 0.134 seconds
[2025-09-04T12:02:33.579+0000] {processor.py:161} INFO - Started process (PID=192) to work on /home/airflow/.local/lib/python3.12/site-packages/airflow/example_dags/example_trigger_target_dag.py
[2025-09-04T12:02:33.581+0000] {processor.py:830} INFO - Processing file /home/airflow/.local/lib/python3.12/site-packages/airflow/example_dags/example_trigger_target_dag.py for tasks to queue
[2025-09-04T12:02:33.584+0000] {logging_mixin.py:188} INFO - [2025-09-04T12:02:33.583+0000] {dagbag.py:545} INFO - Filling up the DagBag from /home/airflow/.local/lib/python3.12/site-packages/airflow/example_dags/example_trigger_target_dag.py
[2025-09-04T12:02:33.594+0000] {processor.py:840} INFO - DAG(s) 'example_trigger_target_dag' retrieved from /home/airflow/.local/lib/python3.12/site-packages/airflow/example_dags/example_trigger_target_dag.py
[2025-09-04T12:02:33.614+0000] {logging_mixin.py:188} INFO - [2025-09-04T12:02:33.614+0000] {dag.py:3096} INFO - Sync 1 DAGs
[2025-09-04T12:02:33.626+0000] {logging_mixin.py:188} INFO - [2025-09-04T12:02:33.626+0000] {dag.py:3954} INFO - Setting next_dagrun for example_trigger_target_dag to None, run_after=None
[2025-09-04T12:02:33.643+0000] {processor.py:183} INFO - Processing /home/airflow/.local/lib/python3.12/site-packages/airflow/example_dags/example_trigger_target_dag.py took 0.071 seconds
[2025-09-04T12:03:03.735+0000] {processor.py:161} INFO - Started process (PID=250) to work on /home/airflow/.local/lib/python3.12/site-packages/airflow/example_dags/example_trigger_target_dag.py
[2025-09-04T12:03:03.736+0000] {processor.py:830} INFO - Processing file /home/airflow/.local/lib/python3.12/site-packages/airflow/example_dags/example_trigger_target_dag.py for tasks to queue
[2025-09-04T12:03:03.739+0000] {logging_mixin.py:188} INFO - [2025-09-04T12:03:03.738+0000] {dagbag.py:545} INFO - Filling up the DagBag from /home/airflow/.local/lib/python3.12/site-packages/airflow/example_dags/example_trigger_target_dag.py
[2025-09-04T12:03:03.743+0000] {processor.py:840} INFO - DAG(s) 'example_trigger_target_dag' retrieved from /home/airflow/.local/lib/python3.12/site-packages/airflow/example_dags/example_trigger_target_dag.py
[2025-09-04T12:03:03.762+0000] {logging_mixin.py:188} INFO - [2025-09-04T12:03:03.762+0000] {dag.py:3096} INFO - Sync 1 DAGs
[2025-09-04T12:03:03.773+0000] {logging_mixin.py:188} INFO - [2025-09-04T12:03:03.773+0000] {dag.py:3954} INFO - Setting next_dagrun for example_trigger_target_dag to None, run_after=None
[2025-09-04T12:03:03.790+0000] {processor.py:183} INFO - Processing /home/airflow/.local/lib/python3.12/site-packages/airflow/example_dags/example_trigger_target_dag.py took 0.061 seconds
[2025-09-04T12:03:34.113+0000] {processor.py:161} INFO - Started process (PID=308) to work on /home/airflow/.local/lib/python3.12/site-packages/airflow/example_dags/example_trigger_target_dag.py
[2025-09-04T12:03:34.115+0000] {processor.py:830} INFO - Processing file /home/airflow/.local/lib/python3.12/site-packages/airflow/example_dags/example_trigger_target_dag.py for tasks to queue
[2025-09-04T12:03:34.116+0000] {logging_mixin.py:188} INFO - [2025-09-04T12:03:34.116+0000] {dagbag.py:545} INFO - Filling up the DagBag from /home/airflow/.local/lib/python3.12/site-packages/airflow/example_dags/example_trigger_target_dag.py
[2025-09-04T12:03:34.122+0000] {processor.py:840} INFO - DAG(s) 'example_trigger_target_dag' retrieved from /home/airflow/.local/lib/python3.12/site-packages/airflow/example_dags/example_trigger_target_dag.py
[2025-09-04T12:03:34.147+0000] {logging_mixin.py:188} INFO - [2025-09-04T12:03:34.147+0000] {dag.py:3096} INFO - Sync 1 DAGs
[2025-09-04T12:03:34.176+0000] {logging_mixin.py:188} INFO - [2025-09-04T12:03:34.175+0000] {dag.py:3954} INFO - Setting next_dagrun for example_trigger_target_dag to None, run_after=None
[2025-09-04T12:03:34.196+0000] {processor.py:183} INFO - Processing /home/airflow/.local/lib/python3.12/site-packages/airflow/example_dags/example_trigger_target_dag.py took 0.087 seconds
[2025-09-04T12:04:04.984+0000] {processor.py:161} INFO - Started process (PID=366) to work on /home/airflow/.local/lib/python3.12/site-packages/airflow/example_dags/example_trigger_target_dag.py
[2025-09-04T12:04:04.986+0000] {processor.py:830} INFO - Processing file /home/airflow/.local/lib/python3.12/site-packages/airflow/example_dags/example_trigger_target_dag.py for tasks to queue
[2025-09-04T12:04:04.989+0000] {logging_mixin.py:188} INFO - [2025-09-04T12:04:04.988+0000] {dagbag.py:545} INFO - Filling up the DagBag from /home/airflow/.local/lib/python3.12/site-packages/airflow/example_dags/example_trigger_target_dag.py
[2025-09-04T12:04:04.999+0000] {processor.py:840} INFO - DAG(s) 'example_trigger_target_dag' retrieved from /home/airflow/.local/lib/python3.12/site-packages/airflow/example_dags/example_trigger_target_dag.py
[2025-09-04T12:04:05.031+0000] {logging_mixin.py:188} INFO - [2025-09-04T12:04:05.030+0000] {dag.py:3096} INFO - Sync 1 DAGs
[2025-09-04T12:04:05.048+0000] {logging_mixin.py:188} INFO - [2025-09-04T12:04:05.047+0000] {dag.py:3954} INFO - Setting next_dagrun for example_trigger_target_dag to None, run_after=None
[2025-09-04T12:04:05.072+0000] {processor.py:183} INFO - Processing /home/airflow/.local/lib/python3.12/site-packages/airflow/example_dags/example_trigger_target_dag.py took 0.097 seconds
[2025-09-04T12:04:35.212+0000] {processor.py:161} INFO - Started process (PID=424) to work on /home/airflow/.local/lib/python3.12/site-packages/airflow/example_dags/example_trigger_target_dag.py
[2025-09-04T12:04:35.213+0000] {processor.py:830} INFO - Processing file /home/airflow/.local/lib/python3.12/site-packages/airflow/example_dags/example_trigger_target_dag.py for tasks to queue
[2025-09-04T12:04:35.215+0000] {logging_mixin.py:188} INFO - [2025-09-04T12:04:35.215+0000] {dagbag.py:545} INFO - Filling up the DagBag from /home/airflow/.local/lib/python3.12/site-packages/airflow/example_dags/example_trigger_target_dag.py
[2025-09-04T12:04:35.220+0000] {processor.py:840} INFO - DAG(s) 'example_trigger_target_dag' retrieved from /home/airflow/.local/lib/python3.12/site-packages/airflow/example_dags/example_trigger_target_dag.py
[2025-09-04T12:04:35.238+0000] {logging_mixin.py:188} INFO - [2025-09-04T12:04:35.238+0000] {dag.py:3096} INFO - Sync 1 DAGs
[2025-09-04T12:04:35.248+0000] {logging_mixin.py:188} INFO - [2025-09-04T12:04:35.248+0000] {dag.py:3954} INFO - Setting next_dagrun for example_trigger_target_dag to None, run_after=None
[2025-09-04T12:04:35.263+0000] {processor.py:183} INFO - Processing /home/airflow/.local/lib/python3.12/site-packages/airflow/example_dags/example_trigger_target_dag.py took 0.056 seconds
[2025-09-04T12:05:05.829+0000] {processor.py:161} INFO - Started process (PID=482) to work on /home/airflow/.local/lib/python3.12/site-packages/airflow/example_dags/example_trigger_target_dag.py
[2025-09-04T12:05:05.831+0000] {processor.py:830} INFO - Processing file /home/airflow/.local/lib/python3.12/site-packages/airflow/example_dags/example_trigger_target_dag.py for tasks to queue
[2025-09-04T12:05:05.834+0000] {logging_mixin.py:188} INFO - [2025-09-04T12:05:05.834+0000] {dagbag.py:545} INFO - Filling up the DagBag from /home/airflow/.local/lib/python3.12/site-packages/airflow/example_dags/example_trigger_target_dag.py
[2025-09-04T12:05:05.844+0000] {processor.py:840} INFO - DAG(s) 'example_trigger_target_dag' retrieved from /home/airflow/.local/lib/python3.12/site-packages/airflow/example_dags/example_trigger_target_dag.py
[2025-09-04T12:05:05.866+0000] {logging_mixin.py:188} INFO - [2025-09-04T12:05:05.866+0000] {dag.py:3096} INFO - Sync 1 DAGs
[2025-09-04T12:05:05.880+0000] {logging_mixin.py:188} INFO - [2025-09-04T12:05:05.879+0000] {dag.py:3954} INFO - Setting next_dagrun for example_trigger_target_dag to None, run_after=None
[2025-09-04T12:05:05.902+0000] {processor.py:183} INFO - Processing /home/airflow/.local/lib/python3.12/site-packages/airflow/example_dags/example_trigger_target_dag.py took 0.080 seconds
[2025-09-04T12:05:36.177+0000] {processor.py:161} INFO - Started process (PID=540) to work on /home/airflow/.local/lib/python3.12/site-packages/airflow/example_dags/example_trigger_target_dag.py
[2025-09-04T12:05:36.180+0000] {processor.py:830} INFO - Processing file /home/airflow/.local/lib/python3.12/site-packages/airflow/example_dags/example_trigger_target_dag.py for tasks to queue
[2025-09-04T12:05:36.184+0000] {logging_mixin.py:188} INFO - [2025-09-04T12:05:36.183+0000] {dagbag.py:545} INFO - Filling up the DagBag from /home/airflow/.local/lib/python3.12/site-packages/airflow/example_dags/example_trigger_target_dag.py
[2025-09-04T12:05:36.199+0000] {processor.py:840} INFO - DAG(s) 'example_trigger_target_dag' retrieved from /home/airflow/.local/lib/python3.12/site-packages/airflow/example_dags/example_trigger_target_dag.py
[2025-09-04T12:05:36.236+0000] {logging_mixin.py:188} INFO - [2025-09-04T12:05:36.236+0000] {dag.py:3096} INFO - Sync 1 DAGs
[2025-09-04T12:05:36.249+0000] {logging_mixin.py:188} INFO - [2025-09-04T12:05:36.249+0000] {dag.py:3954} INFO - Setting next_dagrun for example_trigger_target_dag to None, run_after=None
[2025-09-04T12:05:36.265+0000] {processor.py:183} INFO - Processing /home/airflow/.local/lib/python3.12/site-packages/airflow/example_dags/example_trigger_target_dag.py took 0.104 seconds
[2025-09-04T12:06:35.678+0000] {processor.py:161} INFO - Started process (PID=76) to work on /home/airflow/.local/lib/python3.12/site-packages/airflow/example_dags/example_trigger_target_dag.py
[2025-09-04T12:06:35.680+0000] {processor.py:830} INFO - Processing file /home/airflow/.local/lib/python3.12/site-packages/airflow/example_dags/example_trigger_target_dag.py for tasks to queue
[2025-09-04T12:06:35.682+0000] {logging_mixin.py:188} INFO - [2025-09-04T12:06:35.682+0000] {dagbag.py:545} INFO - Filling up the DagBag from /home/airflow/.local/lib/python3.12/site-packages/airflow/example_dags/example_trigger_target_dag.py
[2025-09-04T12:06:35.690+0000] {processor.py:840} INFO - DAG(s) 'example_trigger_target_dag' retrieved from /home/airflow/.local/lib/python3.12/site-packages/airflow/example_dags/example_trigger_target_dag.py
[2025-09-04T12:06:35.700+0000] {logging_mixin.py:188} INFO - [2025-09-04T12:06:35.699+0000] {dag.py:3096} INFO - Sync 1 DAGs
[2025-09-04T12:06:35.711+0000] {logging_mixin.py:188} INFO - [2025-09-04T12:06:35.710+0000] {dag.py:3954} INFO - Setting next_dagrun for example_trigger_target_dag to None, run_after=None
[2025-09-04T12:06:35.728+0000] {processor.py:183} INFO - Processing /home/airflow/.local/lib/python3.12/site-packages/airflow/example_dags/example_trigger_target_dag.py took 0.056 seconds
[2025-09-04T12:07:07.239+0000] {processor.py:161} INFO - Started process (PID=134) to work on /home/airflow/.local/lib/python3.12/site-packages/airflow/example_dags/example_trigger_target_dag.py
[2025-09-04T12:07:07.241+0000] {processor.py:830} INFO - Processing file /home/airflow/.local/lib/python3.12/site-packages/airflow/example_dags/example_trigger_target_dag.py for tasks to queue
[2025-09-04T12:07:07.245+0000] {logging_mixin.py:188} INFO - [2025-09-04T12:07:07.244+0000] {dagbag.py:545} INFO - Filling up the DagBag from /home/airflow/.local/lib/python3.12/site-packages/airflow/example_dags/example_trigger_target_dag.py
[2025-09-04T12:07:07.251+0000] {processor.py:840} INFO - DAG(s) 'example_trigger_target_dag' retrieved from /home/airflow/.local/lib/python3.12/site-packages/airflow/example_dags/example_trigger_target_dag.py
[2025-09-04T12:07:07.347+0000] {logging_mixin.py:188} INFO - [2025-09-04T12:07:07.346+0000] {dag.py:3096} INFO - Sync 1 DAGs
[2025-09-04T12:07:07.359+0000] {logging_mixin.py:188} INFO - [2025-09-04T12:07:07.358+0000] {dag.py:3954} INFO - Setting next_dagrun for example_trigger_target_dag to None, run_after=None
[2025-09-04T12:07:07.379+0000] {processor.py:183} INFO - Processing /home/airflow/.local/lib/python3.12/site-packages/airflow/example_dags/example_trigger_target_dag.py took 0.147 seconds
[2025-09-04T12:07:37.466+0000] {processor.py:161} INFO - Started process (PID=192) to work on /home/airflow/.local/lib/python3.12/site-packages/airflow/example_dags/example_trigger_target_dag.py
[2025-09-04T12:07:37.467+0000] {processor.py:830} INFO - Processing file /home/airflow/.local/lib/python3.12/site-packages/airflow/example_dags/example_trigger_target_dag.py for tasks to queue
[2025-09-04T12:07:37.469+0000] {logging_mixin.py:188} INFO - [2025-09-04T12:07:37.469+0000] {dagbag.py:545} INFO - Filling up the DagBag from /home/airflow/.local/lib/python3.12/site-packages/airflow/example_dags/example_trigger_target_dag.py
[2025-09-04T12:07:37.478+0000] {processor.py:840} INFO - DAG(s) 'example_trigger_target_dag' retrieved from /home/airflow/.local/lib/python3.12/site-packages/airflow/example_dags/example_trigger_target_dag.py
[2025-09-04T12:07:37.508+0000] {logging_mixin.py:188} INFO - [2025-09-04T12:07:37.508+0000] {dag.py:3096} INFO - Sync 1 DAGs
[2025-09-04T12:07:37.521+0000] {logging_mixin.py:188} INFO - [2025-09-04T12:07:37.521+0000] {dag.py:3954} INFO - Setting next_dagrun for example_trigger_target_dag to None, run_after=None
[2025-09-04T12:07:37.545+0000] {processor.py:183} INFO - Processing /home/airflow/.local/lib/python3.12/site-packages/airflow/example_dags/example_trigger_target_dag.py took 0.084 seconds
[2025-09-04T12:08:08.392+0000] {processor.py:161} INFO - Started process (PID=250) to work on /home/airflow/.local/lib/python3.12/site-packages/airflow/example_dags/example_trigger_target_dag.py
[2025-09-04T12:08:08.396+0000] {processor.py:830} INFO - Processing file /home/airflow/.local/lib/python3.12/site-packages/airflow/example_dags/example_trigger_target_dag.py for tasks to queue
[2025-09-04T12:08:08.399+0000] {logging_mixin.py:188} INFO - [2025-09-04T12:08:08.398+0000] {dagbag.py:545} INFO - Filling up the DagBag from /home/airflow/.local/lib/python3.12/site-packages/airflow/example_dags/example_trigger_target_dag.py
[2025-09-04T12:08:08.408+0000] {processor.py:840} INFO - DAG(s) 'example_trigger_target_dag' retrieved from /home/airflow/.local/lib/python3.12/site-packages/airflow/example_dags/example_trigger_target_dag.py
[2025-09-04T12:08:08.432+0000] {logging_mixin.py:188} INFO - [2025-09-04T12:08:08.432+0000] {dag.py:3096} INFO - Sync 1 DAGs
[2025-09-04T12:08:08.451+0000] {logging_mixin.py:188} INFO - [2025-09-04T12:08:08.450+0000] {dag.py:3954} INFO - Setting next_dagrun for example_trigger_target_dag to None, run_after=None
[2025-09-04T12:08:08.481+0000] {processor.py:183} INFO - Processing /home/airflow/.local/lib/python3.12/site-packages/airflow/example_dags/example_trigger_target_dag.py took 0.098 seconds
[2025-09-04T12:08:39.278+0000] {processor.py:161} INFO - Started process (PID=314) to work on /home/airflow/.local/lib/python3.12/site-packages/airflow/example_dags/example_trigger_target_dag.py
[2025-09-04T12:08:39.281+0000] {processor.py:830} INFO - Processing file /home/airflow/.local/lib/python3.12/site-packages/airflow/example_dags/example_trigger_target_dag.py for tasks to queue
[2025-09-04T12:08:39.287+0000] {logging_mixin.py:188} INFO - [2025-09-04T12:08:39.285+0000] {dagbag.py:545} INFO - Filling up the DagBag from /home/airflow/.local/lib/python3.12/site-packages/airflow/example_dags/example_trigger_target_dag.py
[2025-09-04T12:08:39.304+0000] {processor.py:840} INFO - DAG(s) 'example_trigger_target_dag' retrieved from /home/airflow/.local/lib/python3.12/site-packages/airflow/example_dags/example_trigger_target_dag.py
[2025-09-04T12:08:39.328+0000] {logging_mixin.py:188} INFO - [2025-09-04T12:08:39.328+0000] {dag.py:3096} INFO - Sync 1 DAGs
[2025-09-04T12:08:39.343+0000] {logging_mixin.py:188} INFO - [2025-09-04T12:08:39.342+0000] {dag.py:3954} INFO - Setting next_dagrun for example_trigger_target_dag to None, run_after=None
[2025-09-04T12:08:39.371+0000] {processor.py:183} INFO - Processing /home/airflow/.local/lib/python3.12/site-packages/airflow/example_dags/example_trigger_target_dag.py took 0.107 seconds
