[2025-09-04T11:49:59.572+0000] {processor.py:161} INFO - Started process (PID=53) to work on /home/airflow/.local/lib/python3.12/site-packages/airflow/example_dags/example_nested_branch_dag.py
[2025-09-04T11:49:59.574+0000] {processor.py:830} INFO - Processing file /home/airflow/.local/lib/python3.12/site-packages/airflow/example_dags/example_nested_branch_dag.py for tasks to queue
[2025-09-04T11:49:59.581+0000] {logging_mixin.py:188} INFO - [2025-09-04T11:49:59.580+0000] {dagbag.py:545} INFO - Filling up the DagBag from /home/airflow/.local/lib/python3.12/site-packages/airflow/example_dags/example_nested_branch_dag.py
[2025-09-04T11:49:59.612+0000] {processor.py:840} INFO - DAG(s) 'example_nested_branch_dag' retrieved from /home/airflow/.local/lib/python3.12/site-packages/airflow/example_dags/example_nested_branch_dag.py
[2025-09-04T11:49:59.999+0000] {logging_mixin.py:188} INFO - [2025-09-04T11:49:59.998+0000] {override.py:1829} INFO - Created Permission View: can edit on DAG:example_nested_branch_dag
[2025-09-04T11:50:00.014+0000] {logging_mixin.py:188} INFO - [2025-09-04T11:50:00.014+0000] {override.py:1829} INFO - Created Permission View: can read on DAG:example_nested_branch_dag
[2025-09-04T11:50:00.027+0000] {logging_mixin.py:188} INFO - [2025-09-04T11:50:00.027+0000] {override.py:1829} INFO - Created Permission View: can delete on DAG:example_nested_branch_dag
[2025-09-04T11:50:00.032+0000] {logging_mixin.py:188} INFO - [2025-09-04T11:50:00.032+0000] {dag.py:3096} INFO - Sync 1 DAGs
[2025-09-04T11:50:00.053+0000] {logging_mixin.py:188} INFO - [2025-09-04T11:50:00.052+0000] {dag.py:3118} INFO - Creating ORM DAG for example_nested_branch_dag
[2025-09-04T11:50:00.067+0000] {logging_mixin.py:188} INFO - [2025-09-04T11:50:00.067+0000] {dag.py:3954} INFO - Setting next_dagrun for example_nested_branch_dag to 2025-09-03 00:00:00+00:00, run_after=2025-09-04 00:00:00+00:00
[2025-09-04T11:50:00.094+0000] {processor.py:183} INFO - Processing /home/airflow/.local/lib/python3.12/site-packages/airflow/example_dags/example_nested_branch_dag.py took 0.529 seconds
[2025-09-04T11:50:30.189+0000] {processor.py:161} INFO - Started process (PID=111) to work on /home/airflow/.local/lib/python3.12/site-packages/airflow/example_dags/example_nested_branch_dag.py
[2025-09-04T11:50:30.191+0000] {processor.py:830} INFO - Processing file /home/airflow/.local/lib/python3.12/site-packages/airflow/example_dags/example_nested_branch_dag.py for tasks to queue
[2025-09-04T11:50:30.194+0000] {logging_mixin.py:188} INFO - [2025-09-04T11:50:30.193+0000] {dagbag.py:545} INFO - Filling up the DagBag from /home/airflow/.local/lib/python3.12/site-packages/airflow/example_dags/example_nested_branch_dag.py
[2025-09-04T11:50:30.205+0000] {processor.py:840} INFO - DAG(s) 'example_nested_branch_dag' retrieved from /home/airflow/.local/lib/python3.12/site-packages/airflow/example_dags/example_nested_branch_dag.py
[2025-09-04T11:50:30.236+0000] {logging_mixin.py:188} INFO - [2025-09-04T11:50:30.235+0000] {dag.py:3096} INFO - Sync 1 DAGs
[2025-09-04T11:50:30.269+0000] {logging_mixin.py:188} INFO - [2025-09-04T11:50:30.269+0000] {dag.py:3954} INFO - Setting next_dagrun for example_nested_branch_dag to 2025-09-03 00:00:00+00:00, run_after=2025-09-04 00:00:00+00:00
[2025-09-04T11:50:30.297+0000] {processor.py:183} INFO - Processing /home/airflow/.local/lib/python3.12/site-packages/airflow/example_dags/example_nested_branch_dag.py took 0.115 seconds
[2025-09-04T11:51:00.655+0000] {processor.py:161} INFO - Started process (PID=169) to work on /home/airflow/.local/lib/python3.12/site-packages/airflow/example_dags/example_nested_branch_dag.py
[2025-09-04T11:51:00.663+0000] {processor.py:830} INFO - Processing file /home/airflow/.local/lib/python3.12/site-packages/airflow/example_dags/example_nested_branch_dag.py for tasks to queue
[2025-09-04T11:51:00.670+0000] {logging_mixin.py:188} INFO - [2025-09-04T11:51:00.669+0000] {dagbag.py:545} INFO - Filling up the DagBag from /home/airflow/.local/lib/python3.12/site-packages/airflow/example_dags/example_nested_branch_dag.py
[2025-09-04T11:51:00.688+0000] {processor.py:840} INFO - DAG(s) 'example_nested_branch_dag' retrieved from /home/airflow/.local/lib/python3.12/site-packages/airflow/example_dags/example_nested_branch_dag.py
[2025-09-04T11:51:00.717+0000] {logging_mixin.py:188} INFO - [2025-09-04T11:51:00.717+0000] {dag.py:3096} INFO - Sync 1 DAGs
[2025-09-04T11:51:00.742+0000] {logging_mixin.py:188} INFO - [2025-09-04T11:51:00.742+0000] {dag.py:3954} INFO - Setting next_dagrun for example_nested_branch_dag to 2025-09-03 00:00:00+00:00, run_after=2025-09-04 00:00:00+00:00
[2025-09-04T11:51:00.759+0000] {processor.py:183} INFO - Processing /home/airflow/.local/lib/python3.12/site-packages/airflow/example_dags/example_nested_branch_dag.py took 0.121 seconds
[2025-09-04T11:51:30.959+0000] {processor.py:161} INFO - Started process (PID=226) to work on /home/airflow/.local/lib/python3.12/site-packages/airflow/example_dags/example_nested_branch_dag.py
[2025-09-04T11:51:30.961+0000] {processor.py:830} INFO - Processing file /home/airflow/.local/lib/python3.12/site-packages/airflow/example_dags/example_nested_branch_dag.py for tasks to queue
[2025-09-04T11:51:30.964+0000] {logging_mixin.py:188} INFO - [2025-09-04T11:51:30.963+0000] {dagbag.py:545} INFO - Filling up the DagBag from /home/airflow/.local/lib/python3.12/site-packages/airflow/example_dags/example_nested_branch_dag.py
[2025-09-04T11:51:30.982+0000] {processor.py:840} INFO - DAG(s) 'example_nested_branch_dag' retrieved from /home/airflow/.local/lib/python3.12/site-packages/airflow/example_dags/example_nested_branch_dag.py
[2025-09-04T11:51:31.011+0000] {logging_mixin.py:188} INFO - [2025-09-04T11:51:31.011+0000] {dag.py:3096} INFO - Sync 1 DAGs
[2025-09-04T11:51:31.035+0000] {logging_mixin.py:188} INFO - [2025-09-04T11:51:31.034+0000] {dag.py:3954} INFO - Setting next_dagrun for example_nested_branch_dag to 2025-09-03 00:00:00+00:00, run_after=2025-09-04 00:00:00+00:00
[2025-09-04T11:51:31.056+0000] {processor.py:183} INFO - Processing /home/airflow/.local/lib/python3.12/site-packages/airflow/example_dags/example_nested_branch_dag.py took 0.105 seconds
[2025-09-04T11:52:01.721+0000] {processor.py:161} INFO - Started process (PID=284) to work on /home/airflow/.local/lib/python3.12/site-packages/airflow/example_dags/example_nested_branch_dag.py
[2025-09-04T11:52:01.724+0000] {processor.py:830} INFO - Processing file /home/airflow/.local/lib/python3.12/site-packages/airflow/example_dags/example_nested_branch_dag.py for tasks to queue
[2025-09-04T11:52:01.728+0000] {logging_mixin.py:188} INFO - [2025-09-04T11:52:01.727+0000] {dagbag.py:545} INFO - Filling up the DagBag from /home/airflow/.local/lib/python3.12/site-packages/airflow/example_dags/example_nested_branch_dag.py
[2025-09-04T11:52:01.743+0000] {processor.py:840} INFO - DAG(s) 'example_nested_branch_dag' retrieved from /home/airflow/.local/lib/python3.12/site-packages/airflow/example_dags/example_nested_branch_dag.py
[2025-09-04T11:52:01.764+0000] {logging_mixin.py:188} INFO - [2025-09-04T11:52:01.764+0000] {dag.py:3096} INFO - Sync 1 DAGs
[2025-09-04T11:52:01.782+0000] {logging_mixin.py:188} INFO - [2025-09-04T11:52:01.782+0000] {dag.py:3954} INFO - Setting next_dagrun for example_nested_branch_dag to 2025-09-03 00:00:00+00:00, run_after=2025-09-04 00:00:00+00:00
[2025-09-04T11:52:01.800+0000] {processor.py:183} INFO - Processing /home/airflow/.local/lib/python3.12/site-packages/airflow/example_dags/example_nested_branch_dag.py took 0.089 seconds
[2025-09-04T11:52:32.102+0000] {processor.py:161} INFO - Started process (PID=342) to work on /home/airflow/.local/lib/python3.12/site-packages/airflow/example_dags/example_nested_branch_dag.py
[2025-09-04T11:52:32.104+0000] {processor.py:830} INFO - Processing file /home/airflow/.local/lib/python3.12/site-packages/airflow/example_dags/example_nested_branch_dag.py for tasks to queue
[2025-09-04T11:52:32.106+0000] {logging_mixin.py:188} INFO - [2025-09-04T11:52:32.106+0000] {dagbag.py:545} INFO - Filling up the DagBag from /home/airflow/.local/lib/python3.12/site-packages/airflow/example_dags/example_nested_branch_dag.py
[2025-09-04T11:52:32.115+0000] {processor.py:840} INFO - DAG(s) 'example_nested_branch_dag' retrieved from /home/airflow/.local/lib/python3.12/site-packages/airflow/example_dags/example_nested_branch_dag.py
[2025-09-04T11:52:32.139+0000] {logging_mixin.py:188} INFO - [2025-09-04T11:52:32.138+0000] {dag.py:3096} INFO - Sync 1 DAGs
[2025-09-04T11:52:32.169+0000] {logging_mixin.py:188} INFO - [2025-09-04T11:52:32.168+0000] {dag.py:3954} INFO - Setting next_dagrun for example_nested_branch_dag to 2025-09-03 00:00:00+00:00, run_after=2025-09-04 00:00:00+00:00
[2025-09-04T11:52:32.183+0000] {processor.py:183} INFO - Processing /home/airflow/.local/lib/python3.12/site-packages/airflow/example_dags/example_nested_branch_dag.py took 0.088 seconds
[2025-09-04T11:53:02.464+0000] {processor.py:161} INFO - Started process (PID=400) to work on /home/airflow/.local/lib/python3.12/site-packages/airflow/example_dags/example_nested_branch_dag.py
[2025-09-04T11:53:02.465+0000] {processor.py:830} INFO - Processing file /home/airflow/.local/lib/python3.12/site-packages/airflow/example_dags/example_nested_branch_dag.py for tasks to queue
[2025-09-04T11:53:02.467+0000] {logging_mixin.py:188} INFO - [2025-09-04T11:53:02.467+0000] {dagbag.py:545} INFO - Filling up the DagBag from /home/airflow/.local/lib/python3.12/site-packages/airflow/example_dags/example_nested_branch_dag.py
[2025-09-04T11:53:02.475+0000] {processor.py:840} INFO - DAG(s) 'example_nested_branch_dag' retrieved from /home/airflow/.local/lib/python3.12/site-packages/airflow/example_dags/example_nested_branch_dag.py
[2025-09-04T11:53:02.492+0000] {logging_mixin.py:188} INFO - [2025-09-04T11:53:02.491+0000] {dag.py:3096} INFO - Sync 1 DAGs
[2025-09-04T11:53:02.510+0000] {logging_mixin.py:188} INFO - [2025-09-04T11:53:02.510+0000] {dag.py:3954} INFO - Setting next_dagrun for example_nested_branch_dag to 2025-09-03 00:00:00+00:00, run_after=2025-09-04 00:00:00+00:00
[2025-09-04T11:53:02.525+0000] {processor.py:183} INFO - Processing /home/airflow/.local/lib/python3.12/site-packages/airflow/example_dags/example_nested_branch_dag.py took 0.065 seconds
[2025-09-04T11:53:32.778+0000] {processor.py:161} INFO - Started process (PID=458) to work on /home/airflow/.local/lib/python3.12/site-packages/airflow/example_dags/example_nested_branch_dag.py
[2025-09-04T11:53:32.780+0000] {processor.py:830} INFO - Processing file /home/airflow/.local/lib/python3.12/site-packages/airflow/example_dags/example_nested_branch_dag.py for tasks to queue
[2025-09-04T11:53:32.783+0000] {logging_mixin.py:188} INFO - [2025-09-04T11:53:32.783+0000] {dagbag.py:545} INFO - Filling up the DagBag from /home/airflow/.local/lib/python3.12/site-packages/airflow/example_dags/example_nested_branch_dag.py
[2025-09-04T11:53:32.798+0000] {processor.py:840} INFO - DAG(s) 'example_nested_branch_dag' retrieved from /home/airflow/.local/lib/python3.12/site-packages/airflow/example_dags/example_nested_branch_dag.py
[2025-09-04T11:53:32.839+0000] {logging_mixin.py:188} INFO - [2025-09-04T11:53:32.839+0000] {dag.py:3096} INFO - Sync 1 DAGs
[2025-09-04T11:53:32.865+0000] {logging_mixin.py:188} INFO - [2025-09-04T11:53:32.865+0000] {dag.py:3954} INFO - Setting next_dagrun for example_nested_branch_dag to 2025-09-03 00:00:00+00:00, run_after=2025-09-04 00:00:00+00:00
[2025-09-04T11:53:32.883+0000] {processor.py:183} INFO - Processing /home/airflow/.local/lib/python3.12/site-packages/airflow/example_dags/example_nested_branch_dag.py took 0.110 seconds
[2025-09-04T11:54:03.374+0000] {processor.py:161} INFO - Started process (PID=516) to work on /home/airflow/.local/lib/python3.12/site-packages/airflow/example_dags/example_nested_branch_dag.py
[2025-09-04T11:54:03.378+0000] {processor.py:830} INFO - Processing file /home/airflow/.local/lib/python3.12/site-packages/airflow/example_dags/example_nested_branch_dag.py for tasks to queue
[2025-09-04T11:54:03.382+0000] {logging_mixin.py:188} INFO - [2025-09-04T11:54:03.381+0000] {dagbag.py:545} INFO - Filling up the DagBag from /home/airflow/.local/lib/python3.12/site-packages/airflow/example_dags/example_nested_branch_dag.py
[2025-09-04T11:54:03.403+0000] {processor.py:840} INFO - DAG(s) 'example_nested_branch_dag' retrieved from /home/airflow/.local/lib/python3.12/site-packages/airflow/example_dags/example_nested_branch_dag.py
[2025-09-04T11:54:03.446+0000] {logging_mixin.py:188} INFO - [2025-09-04T11:54:03.446+0000] {dag.py:3096} INFO - Sync 1 DAGs
[2025-09-04T11:54:03.493+0000] {logging_mixin.py:188} INFO - [2025-09-04T11:54:03.493+0000] {dag.py:3954} INFO - Setting next_dagrun for example_nested_branch_dag to 2025-09-03 00:00:00+00:00, run_after=2025-09-04 00:00:00+00:00
[2025-09-04T11:54:03.533+0000] {processor.py:183} INFO - Processing /home/airflow/.local/lib/python3.12/site-packages/airflow/example_dags/example_nested_branch_dag.py took 0.167 seconds
[2025-09-04T11:54:33.750+0000] {processor.py:161} INFO - Started process (PID=574) to work on /home/airflow/.local/lib/python3.12/site-packages/airflow/example_dags/example_nested_branch_dag.py
[2025-09-04T11:54:33.754+0000] {processor.py:830} INFO - Processing file /home/airflow/.local/lib/python3.12/site-packages/airflow/example_dags/example_nested_branch_dag.py for tasks to queue
[2025-09-04T11:54:33.758+0000] {logging_mixin.py:188} INFO - [2025-09-04T11:54:33.757+0000] {dagbag.py:545} INFO - Filling up the DagBag from /home/airflow/.local/lib/python3.12/site-packages/airflow/example_dags/example_nested_branch_dag.py
[2025-09-04T11:54:33.774+0000] {processor.py:840} INFO - DAG(s) 'example_nested_branch_dag' retrieved from /home/airflow/.local/lib/python3.12/site-packages/airflow/example_dags/example_nested_branch_dag.py
[2025-09-04T11:54:33.815+0000] {logging_mixin.py:188} INFO - [2025-09-04T11:54:33.814+0000] {dag.py:3096} INFO - Sync 1 DAGs
[2025-09-04T11:54:33.842+0000] {logging_mixin.py:188} INFO - [2025-09-04T11:54:33.841+0000] {dag.py:3954} INFO - Setting next_dagrun for example_nested_branch_dag to 2025-09-03 00:00:00+00:00, run_after=2025-09-04 00:00:00+00:00
[2025-09-04T11:54:33.866+0000] {processor.py:183} INFO - Processing /home/airflow/.local/lib/python3.12/site-packages/airflow/example_dags/example_nested_branch_dag.py took 0.133 seconds
[2025-09-04T11:55:04.051+0000] {processor.py:161} INFO - Started process (PID=632) to work on /home/airflow/.local/lib/python3.12/site-packages/airflow/example_dags/example_nested_branch_dag.py
[2025-09-04T11:55:04.053+0000] {processor.py:830} INFO - Processing file /home/airflow/.local/lib/python3.12/site-packages/airflow/example_dags/example_nested_branch_dag.py for tasks to queue
[2025-09-04T11:55:04.057+0000] {logging_mixin.py:188} INFO - [2025-09-04T11:55:04.056+0000] {dagbag.py:545} INFO - Filling up the DagBag from /home/airflow/.local/lib/python3.12/site-packages/airflow/example_dags/example_nested_branch_dag.py
[2025-09-04T11:55:04.067+0000] {processor.py:840} INFO - DAG(s) 'example_nested_branch_dag' retrieved from /home/airflow/.local/lib/python3.12/site-packages/airflow/example_dags/example_nested_branch_dag.py
[2025-09-04T11:55:04.095+0000] {logging_mixin.py:188} INFO - [2025-09-04T11:55:04.095+0000] {dag.py:3096} INFO - Sync 1 DAGs
[2025-09-04T11:55:04.119+0000] {logging_mixin.py:188} INFO - [2025-09-04T11:55:04.119+0000] {dag.py:3954} INFO - Setting next_dagrun for example_nested_branch_dag to 2025-09-03 00:00:00+00:00, run_after=2025-09-04 00:00:00+00:00
[2025-09-04T11:55:04.141+0000] {processor.py:183} INFO - Processing /home/airflow/.local/lib/python3.12/site-packages/airflow/example_dags/example_nested_branch_dag.py took 0.099 seconds
[2025-09-04T11:55:34.727+0000] {processor.py:161} INFO - Started process (PID=690) to work on /home/airflow/.local/lib/python3.12/site-packages/airflow/example_dags/example_nested_branch_dag.py
[2025-09-04T11:55:34.729+0000] {processor.py:830} INFO - Processing file /home/airflow/.local/lib/python3.12/site-packages/airflow/example_dags/example_nested_branch_dag.py for tasks to queue
[2025-09-04T11:55:34.736+0000] {logging_mixin.py:188} INFO - [2025-09-04T11:55:34.735+0000] {dagbag.py:545} INFO - Filling up the DagBag from /home/airflow/.local/lib/python3.12/site-packages/airflow/example_dags/example_nested_branch_dag.py
[2025-09-04T11:55:34.754+0000] {processor.py:840} INFO - DAG(s) 'example_nested_branch_dag' retrieved from /home/airflow/.local/lib/python3.12/site-packages/airflow/example_dags/example_nested_branch_dag.py
[2025-09-04T11:55:34.779+0000] {logging_mixin.py:188} INFO - [2025-09-04T11:55:34.779+0000] {dag.py:3096} INFO - Sync 1 DAGs
[2025-09-04T11:55:34.802+0000] {logging_mixin.py:188} INFO - [2025-09-04T11:55:34.802+0000] {dag.py:3954} INFO - Setting next_dagrun for example_nested_branch_dag to 2025-09-03 00:00:00+00:00, run_after=2025-09-04 00:00:00+00:00
[2025-09-04T11:55:34.827+0000] {processor.py:183} INFO - Processing /home/airflow/.local/lib/python3.12/site-packages/airflow/example_dags/example_nested_branch_dag.py took 0.106 seconds
[2025-09-04T11:56:05.267+0000] {processor.py:161} INFO - Started process (PID=754) to work on /home/airflow/.local/lib/python3.12/site-packages/airflow/example_dags/example_nested_branch_dag.py
[2025-09-04T11:56:05.269+0000] {processor.py:830} INFO - Processing file /home/airflow/.local/lib/python3.12/site-packages/airflow/example_dags/example_nested_branch_dag.py for tasks to queue
[2025-09-04T11:56:05.271+0000] {logging_mixin.py:188} INFO - [2025-09-04T11:56:05.270+0000] {dagbag.py:545} INFO - Filling up the DagBag from /home/airflow/.local/lib/python3.12/site-packages/airflow/example_dags/example_nested_branch_dag.py
[2025-09-04T11:56:05.288+0000] {processor.py:840} INFO - DAG(s) 'example_nested_branch_dag' retrieved from /home/airflow/.local/lib/python3.12/site-packages/airflow/example_dags/example_nested_branch_dag.py
[2025-09-04T11:56:05.313+0000] {logging_mixin.py:188} INFO - [2025-09-04T11:56:05.313+0000] {dag.py:3096} INFO - Sync 1 DAGs
[2025-09-04T11:56:05.339+0000] {logging_mixin.py:188} INFO - [2025-09-04T11:56:05.339+0000] {dag.py:3954} INFO - Setting next_dagrun for example_nested_branch_dag to 2025-09-03 00:00:00+00:00, run_after=2025-09-04 00:00:00+00:00
[2025-09-04T11:56:05.367+0000] {processor.py:183} INFO - Processing /home/airflow/.local/lib/python3.12/site-packages/airflow/example_dags/example_nested_branch_dag.py took 0.110 seconds
[2025-09-04T11:56:35.449+0000] {processor.py:161} INFO - Started process (PID=812) to work on /home/airflow/.local/lib/python3.12/site-packages/airflow/example_dags/example_nested_branch_dag.py
[2025-09-04T11:56:35.451+0000] {processor.py:830} INFO - Processing file /home/airflow/.local/lib/python3.12/site-packages/airflow/example_dags/example_nested_branch_dag.py for tasks to queue
[2025-09-04T11:56:35.453+0000] {logging_mixin.py:188} INFO - [2025-09-04T11:56:35.453+0000] {dagbag.py:545} INFO - Filling up the DagBag from /home/airflow/.local/lib/python3.12/site-packages/airflow/example_dags/example_nested_branch_dag.py
[2025-09-04T11:56:35.468+0000] {processor.py:840} INFO - DAG(s) 'example_nested_branch_dag' retrieved from /home/airflow/.local/lib/python3.12/site-packages/airflow/example_dags/example_nested_branch_dag.py
[2025-09-04T11:56:35.505+0000] {logging_mixin.py:188} INFO - [2025-09-04T11:56:35.505+0000] {dag.py:3096} INFO - Sync 1 DAGs
[2025-09-04T11:56:35.527+0000] {logging_mixin.py:188} INFO - [2025-09-04T11:56:35.526+0000] {dag.py:3954} INFO - Setting next_dagrun for example_nested_branch_dag to 2025-09-03 00:00:00+00:00, run_after=2025-09-04 00:00:00+00:00
[2025-09-04T11:56:35.545+0000] {processor.py:183} INFO - Processing /home/airflow/.local/lib/python3.12/site-packages/airflow/example_dags/example_nested_branch_dag.py took 0.102 seconds
[2025-09-04T11:57:05.744+0000] {processor.py:161} INFO - Started process (PID=870) to work on /home/airflow/.local/lib/python3.12/site-packages/airflow/example_dags/example_nested_branch_dag.py
[2025-09-04T11:57:05.746+0000] {processor.py:830} INFO - Processing file /home/airflow/.local/lib/python3.12/site-packages/airflow/example_dags/example_nested_branch_dag.py for tasks to queue
[2025-09-04T11:57:05.749+0000] {logging_mixin.py:188} INFO - [2025-09-04T11:57:05.749+0000] {dagbag.py:545} INFO - Filling up the DagBag from /home/airflow/.local/lib/python3.12/site-packages/airflow/example_dags/example_nested_branch_dag.py
[2025-09-04T11:57:05.760+0000] {processor.py:840} INFO - DAG(s) 'example_nested_branch_dag' retrieved from /home/airflow/.local/lib/python3.12/site-packages/airflow/example_dags/example_nested_branch_dag.py
[2025-09-04T11:57:05.788+0000] {logging_mixin.py:188} INFO - [2025-09-04T11:57:05.787+0000] {dag.py:3096} INFO - Sync 1 DAGs
[2025-09-04T11:57:05.812+0000] {logging_mixin.py:188} INFO - [2025-09-04T11:57:05.812+0000] {dag.py:3954} INFO - Setting next_dagrun for example_nested_branch_dag to 2025-09-03 00:00:00+00:00, run_after=2025-09-04 00:00:00+00:00
[2025-09-04T11:57:05.837+0000] {processor.py:183} INFO - Processing /home/airflow/.local/lib/python3.12/site-packages/airflow/example_dags/example_nested_branch_dag.py took 0.102 seconds
[2025-09-04T11:57:36.111+0000] {processor.py:161} INFO - Started process (PID=928) to work on /home/airflow/.local/lib/python3.12/site-packages/airflow/example_dags/example_nested_branch_dag.py
[2025-09-04T11:57:36.113+0000] {processor.py:830} INFO - Processing file /home/airflow/.local/lib/python3.12/site-packages/airflow/example_dags/example_nested_branch_dag.py for tasks to queue
[2025-09-04T11:57:36.117+0000] {logging_mixin.py:188} INFO - [2025-09-04T11:57:36.116+0000] {dagbag.py:545} INFO - Filling up the DagBag from /home/airflow/.local/lib/python3.12/site-packages/airflow/example_dags/example_nested_branch_dag.py
[2025-09-04T11:57:36.133+0000] {processor.py:840} INFO - DAG(s) 'example_nested_branch_dag' retrieved from /home/airflow/.local/lib/python3.12/site-packages/airflow/example_dags/example_nested_branch_dag.py
[2025-09-04T11:57:36.169+0000] {logging_mixin.py:188} INFO - [2025-09-04T11:57:36.168+0000] {dag.py:3096} INFO - Sync 1 DAGs
[2025-09-04T11:57:36.192+0000] {logging_mixin.py:188} INFO - [2025-09-04T11:57:36.192+0000] {dag.py:3954} INFO - Setting next_dagrun for example_nested_branch_dag to 2025-09-03 00:00:00+00:00, run_after=2025-09-04 00:00:00+00:00
[2025-09-04T11:57:36.213+0000] {processor.py:183} INFO - Processing /home/airflow/.local/lib/python3.12/site-packages/airflow/example_dags/example_nested_branch_dag.py took 0.112 seconds
[2025-09-04T11:58:06.794+0000] {processor.py:161} INFO - Started process (PID=987) to work on /home/airflow/.local/lib/python3.12/site-packages/airflow/example_dags/example_nested_branch_dag.py
[2025-09-04T11:58:06.796+0000] {processor.py:830} INFO - Processing file /home/airflow/.local/lib/python3.12/site-packages/airflow/example_dags/example_nested_branch_dag.py for tasks to queue
[2025-09-04T11:58:06.798+0000] {logging_mixin.py:188} INFO - [2025-09-04T11:58:06.797+0000] {dagbag.py:545} INFO - Filling up the DagBag from /home/airflow/.local/lib/python3.12/site-packages/airflow/example_dags/example_nested_branch_dag.py
[2025-09-04T11:58:06.810+0000] {processor.py:840} INFO - DAG(s) 'example_nested_branch_dag' retrieved from /home/airflow/.local/lib/python3.12/site-packages/airflow/example_dags/example_nested_branch_dag.py
[2025-09-04T11:58:06.834+0000] {logging_mixin.py:188} INFO - [2025-09-04T11:58:06.834+0000] {dag.py:3096} INFO - Sync 1 DAGs
[2025-09-04T11:58:06.861+0000] {logging_mixin.py:188} INFO - [2025-09-04T11:58:06.861+0000] {dag.py:3954} INFO - Setting next_dagrun for example_nested_branch_dag to 2025-09-03 00:00:00+00:00, run_after=2025-09-04 00:00:00+00:00
[2025-09-04T11:58:06.882+0000] {processor.py:183} INFO - Processing /home/airflow/.local/lib/python3.12/site-packages/airflow/example_dags/example_nested_branch_dag.py took 0.096 seconds
[2025-09-04T11:58:37.015+0000] {processor.py:161} INFO - Started process (PID=1045) to work on /home/airflow/.local/lib/python3.12/site-packages/airflow/example_dags/example_nested_branch_dag.py
[2025-09-04T11:58:37.016+0000] {processor.py:830} INFO - Processing file /home/airflow/.local/lib/python3.12/site-packages/airflow/example_dags/example_nested_branch_dag.py for tasks to queue
[2025-09-04T11:58:37.018+0000] {logging_mixin.py:188} INFO - [2025-09-04T11:58:37.017+0000] {dagbag.py:545} INFO - Filling up the DagBag from /home/airflow/.local/lib/python3.12/site-packages/airflow/example_dags/example_nested_branch_dag.py
[2025-09-04T11:58:37.026+0000] {processor.py:840} INFO - DAG(s) 'example_nested_branch_dag' retrieved from /home/airflow/.local/lib/python3.12/site-packages/airflow/example_dags/example_nested_branch_dag.py
[2025-09-04T11:58:37.044+0000] {logging_mixin.py:188} INFO - [2025-09-04T11:58:37.044+0000] {dag.py:3096} INFO - Sync 1 DAGs
[2025-09-04T11:58:37.062+0000] {logging_mixin.py:188} INFO - [2025-09-04T11:58:37.061+0000] {dag.py:3954} INFO - Setting next_dagrun for example_nested_branch_dag to 2025-09-03 00:00:00+00:00, run_after=2025-09-04 00:00:00+00:00
[2025-09-04T11:58:37.076+0000] {processor.py:183} INFO - Processing /home/airflow/.local/lib/python3.12/site-packages/airflow/example_dags/example_nested_branch_dag.py took 0.068 seconds
[2025-09-04T11:59:07.564+0000] {processor.py:161} INFO - Started process (PID=1103) to work on /home/airflow/.local/lib/python3.12/site-packages/airflow/example_dags/example_nested_branch_dag.py
[2025-09-04T11:59:07.565+0000] {processor.py:830} INFO - Processing file /home/airflow/.local/lib/python3.12/site-packages/airflow/example_dags/example_nested_branch_dag.py for tasks to queue
[2025-09-04T11:59:07.567+0000] {logging_mixin.py:188} INFO - [2025-09-04T11:59:07.567+0000] {dagbag.py:545} INFO - Filling up the DagBag from /home/airflow/.local/lib/python3.12/site-packages/airflow/example_dags/example_nested_branch_dag.py
[2025-09-04T11:59:07.576+0000] {processor.py:840} INFO - DAG(s) 'example_nested_branch_dag' retrieved from /home/airflow/.local/lib/python3.12/site-packages/airflow/example_dags/example_nested_branch_dag.py
[2025-09-04T11:59:07.602+0000] {logging_mixin.py:188} INFO - [2025-09-04T11:59:07.602+0000] {dag.py:3096} INFO - Sync 1 DAGs
[2025-09-04T11:59:07.623+0000] {logging_mixin.py:188} INFO - [2025-09-04T11:59:07.623+0000] {dag.py:3954} INFO - Setting next_dagrun for example_nested_branch_dag to 2025-09-03 00:00:00+00:00, run_after=2025-09-04 00:00:00+00:00
[2025-09-04T11:59:07.643+0000] {processor.py:183} INFO - Processing /home/airflow/.local/lib/python3.12/site-packages/airflow/example_dags/example_nested_branch_dag.py took 0.085 seconds
[2025-09-04T11:59:38.125+0000] {processor.py:161} INFO - Started process (PID=1161) to work on /home/airflow/.local/lib/python3.12/site-packages/airflow/example_dags/example_nested_branch_dag.py
[2025-09-04T11:59:38.126+0000] {processor.py:830} INFO - Processing file /home/airflow/.local/lib/python3.12/site-packages/airflow/example_dags/example_nested_branch_dag.py for tasks to queue
[2025-09-04T11:59:38.129+0000] {logging_mixin.py:188} INFO - [2025-09-04T11:59:38.128+0000] {dagbag.py:545} INFO - Filling up the DagBag from /home/airflow/.local/lib/python3.12/site-packages/airflow/example_dags/example_nested_branch_dag.py
[2025-09-04T11:59:38.138+0000] {processor.py:840} INFO - DAG(s) 'example_nested_branch_dag' retrieved from /home/airflow/.local/lib/python3.12/site-packages/airflow/example_dags/example_nested_branch_dag.py
[2025-09-04T11:59:38.161+0000] {logging_mixin.py:188} INFO - [2025-09-04T11:59:38.161+0000] {dag.py:3096} INFO - Sync 1 DAGs
[2025-09-04T11:59:38.192+0000] {logging_mixin.py:188} INFO - [2025-09-04T11:59:38.192+0000] {dag.py:3954} INFO - Setting next_dagrun for example_nested_branch_dag to 2025-09-03 00:00:00+00:00, run_after=2025-09-04 00:00:00+00:00
[2025-09-04T11:59:38.236+0000] {processor.py:183} INFO - Processing /home/airflow/.local/lib/python3.12/site-packages/airflow/example_dags/example_nested_branch_dag.py took 0.119 seconds
[2025-09-04T12:01:14.821+0000] {processor.py:161} INFO - Started process (PID=53) to work on /home/airflow/.local/lib/python3.12/site-packages/airflow/example_dags/example_nested_branch_dag.py
[2025-09-04T12:01:14.822+0000] {processor.py:830} INFO - Processing file /home/airflow/.local/lib/python3.12/site-packages/airflow/example_dags/example_nested_branch_dag.py for tasks to queue
[2025-09-04T12:01:14.826+0000] {logging_mixin.py:188} INFO - [2025-09-04T12:01:14.825+0000] {dagbag.py:545} INFO - Filling up the DagBag from /home/airflow/.local/lib/python3.12/site-packages/airflow/example_dags/example_nested_branch_dag.py
[2025-09-04T12:01:14.847+0000] {processor.py:840} INFO - DAG(s) 'example_nested_branch_dag' retrieved from /home/airflow/.local/lib/python3.12/site-packages/airflow/example_dags/example_nested_branch_dag.py
[2025-09-04T12:01:14.882+0000] {logging_mixin.py:188} INFO - [2025-09-04T12:01:14.882+0000] {dag.py:3096} INFO - Sync 1 DAGs
[2025-09-04T12:01:14.909+0000] {logging_mixin.py:188} INFO - [2025-09-04T12:01:14.909+0000] {dag.py:3954} INFO - Setting next_dagrun for example_nested_branch_dag to 2025-09-03 00:00:00+00:00, run_after=2025-09-04 00:00:00+00:00
[2025-09-04T12:01:14.934+0000] {processor.py:183} INFO - Processing /home/airflow/.local/lib/python3.12/site-packages/airflow/example_dags/example_nested_branch_dag.py took 0.121 seconds
[2025-09-04T12:01:28.544+0000] {processor.py:161} INFO - Started process (PID=47) to work on /home/airflow/.local/lib/python3.12/site-packages/airflow/example_dags/example_nested_branch_dag.py
[2025-09-04T12:01:28.546+0000] {processor.py:830} INFO - Processing file /home/airflow/.local/lib/python3.12/site-packages/airflow/example_dags/example_nested_branch_dag.py for tasks to queue
[2025-09-04T12:01:28.549+0000] {logging_mixin.py:188} INFO - [2025-09-04T12:01:28.549+0000] {dagbag.py:545} INFO - Filling up the DagBag from /home/airflow/.local/lib/python3.12/site-packages/airflow/example_dags/example_nested_branch_dag.py
[2025-09-04T12:01:28.564+0000] {processor.py:840} INFO - DAG(s) 'example_nested_branch_dag' retrieved from /home/airflow/.local/lib/python3.12/site-packages/airflow/example_dags/example_nested_branch_dag.py
[2025-09-04T12:01:28.784+0000] {logging_mixin.py:188} INFO - [2025-09-04T12:01:28.783+0000] {dag.py:3096} INFO - Sync 1 DAGs
[2025-09-04T12:01:28.804+0000] {logging_mixin.py:188} INFO - [2025-09-04T12:01:28.803+0000] {dag.py:3954} INFO - Setting next_dagrun for example_nested_branch_dag to 2025-09-03 00:00:00+00:00, run_after=2025-09-04 00:00:00+00:00
[2025-09-04T12:01:28.826+0000] {processor.py:183} INFO - Processing /home/airflow/.local/lib/python3.12/site-packages/airflow/example_dags/example_nested_branch_dag.py took 0.290 seconds
[2025-09-04T12:01:58.900+0000] {processor.py:161} INFO - Started process (PID=105) to work on /home/airflow/.local/lib/python3.12/site-packages/airflow/example_dags/example_nested_branch_dag.py
[2025-09-04T12:01:58.903+0000] {processor.py:830} INFO - Processing file /home/airflow/.local/lib/python3.12/site-packages/airflow/example_dags/example_nested_branch_dag.py for tasks to queue
[2025-09-04T12:01:58.905+0000] {logging_mixin.py:188} INFO - [2025-09-04T12:01:58.905+0000] {dagbag.py:545} INFO - Filling up the DagBag from /home/airflow/.local/lib/python3.12/site-packages/airflow/example_dags/example_nested_branch_dag.py
[2025-09-04T12:01:58.913+0000] {processor.py:840} INFO - DAG(s) 'example_nested_branch_dag' retrieved from /home/airflow/.local/lib/python3.12/site-packages/airflow/example_dags/example_nested_branch_dag.py
[2025-09-04T12:01:58.933+0000] {logging_mixin.py:188} INFO - [2025-09-04T12:01:58.933+0000] {dag.py:3096} INFO - Sync 1 DAGs
[2025-09-04T12:01:58.955+0000] {logging_mixin.py:188} INFO - [2025-09-04T12:01:58.955+0000] {dag.py:3954} INFO - Setting next_dagrun for example_nested_branch_dag to 2025-09-03 00:00:00+00:00, run_after=2025-09-04 00:00:00+00:00
[2025-09-04T12:01:58.977+0000] {processor.py:183} INFO - Processing /home/airflow/.local/lib/python3.12/site-packages/airflow/example_dags/example_nested_branch_dag.py took 0.082 seconds
[2025-09-04T12:02:29.827+0000] {processor.py:161} INFO - Started process (PID=163) to work on /home/airflow/.local/lib/python3.12/site-packages/airflow/example_dags/example_nested_branch_dag.py
[2025-09-04T12:02:29.828+0000] {processor.py:830} INFO - Processing file /home/airflow/.local/lib/python3.12/site-packages/airflow/example_dags/example_nested_branch_dag.py for tasks to queue
[2025-09-04T12:02:29.831+0000] {logging_mixin.py:188} INFO - [2025-09-04T12:02:29.830+0000] {dagbag.py:545} INFO - Filling up the DagBag from /home/airflow/.local/lib/python3.12/site-packages/airflow/example_dags/example_nested_branch_dag.py
[2025-09-04T12:02:29.839+0000] {processor.py:840} INFO - DAG(s) 'example_nested_branch_dag' retrieved from /home/airflow/.local/lib/python3.12/site-packages/airflow/example_dags/example_nested_branch_dag.py
[2025-09-04T12:02:29.870+0000] {logging_mixin.py:188} INFO - [2025-09-04T12:02:29.869+0000] {dag.py:3096} INFO - Sync 1 DAGs
[2025-09-04T12:02:29.896+0000] {logging_mixin.py:188} INFO - [2025-09-04T12:02:29.896+0000] {dag.py:3954} INFO - Setting next_dagrun for example_nested_branch_dag to 2025-09-03 00:00:00+00:00, run_after=2025-09-04 00:00:00+00:00
[2025-09-04T12:02:29.920+0000] {processor.py:183} INFO - Processing /home/airflow/.local/lib/python3.12/site-packages/airflow/example_dags/example_nested_branch_dag.py took 0.101 seconds
[2025-09-04T12:03:00.270+0000] {processor.py:161} INFO - Started process (PID=221) to work on /home/airflow/.local/lib/python3.12/site-packages/airflow/example_dags/example_nested_branch_dag.py
[2025-09-04T12:03:00.272+0000] {processor.py:830} INFO - Processing file /home/airflow/.local/lib/python3.12/site-packages/airflow/example_dags/example_nested_branch_dag.py for tasks to queue
[2025-09-04T12:03:00.276+0000] {logging_mixin.py:188} INFO - [2025-09-04T12:03:00.275+0000] {dagbag.py:545} INFO - Filling up the DagBag from /home/airflow/.local/lib/python3.12/site-packages/airflow/example_dags/example_nested_branch_dag.py
[2025-09-04T12:03:00.291+0000] {processor.py:840} INFO - DAG(s) 'example_nested_branch_dag' retrieved from /home/airflow/.local/lib/python3.12/site-packages/airflow/example_dags/example_nested_branch_dag.py
[2025-09-04T12:03:00.314+0000] {logging_mixin.py:188} INFO - [2025-09-04T12:03:00.314+0000] {dag.py:3096} INFO - Sync 1 DAGs
[2025-09-04T12:03:00.341+0000] {logging_mixin.py:188} INFO - [2025-09-04T12:03:00.341+0000] {dag.py:3954} INFO - Setting next_dagrun for example_nested_branch_dag to 2025-09-03 00:00:00+00:00, run_after=2025-09-04 00:00:00+00:00
[2025-09-04T12:03:00.363+0000] {processor.py:183} INFO - Processing /home/airflow/.local/lib/python3.12/site-packages/airflow/example_dags/example_nested_branch_dag.py took 0.099 seconds
[2025-09-04T12:03:30.444+0000] {processor.py:161} INFO - Started process (PID=279) to work on /home/airflow/.local/lib/python3.12/site-packages/airflow/example_dags/example_nested_branch_dag.py
[2025-09-04T12:03:30.445+0000] {processor.py:830} INFO - Processing file /home/airflow/.local/lib/python3.12/site-packages/airflow/example_dags/example_nested_branch_dag.py for tasks to queue
[2025-09-04T12:03:30.447+0000] {logging_mixin.py:188} INFO - [2025-09-04T12:03:30.447+0000] {dagbag.py:545} INFO - Filling up the DagBag from /home/airflow/.local/lib/python3.12/site-packages/airflow/example_dags/example_nested_branch_dag.py
[2025-09-04T12:03:30.456+0000] {processor.py:840} INFO - DAG(s) 'example_nested_branch_dag' retrieved from /home/airflow/.local/lib/python3.12/site-packages/airflow/example_dags/example_nested_branch_dag.py
[2025-09-04T12:03:30.472+0000] {logging_mixin.py:188} INFO - [2025-09-04T12:03:30.472+0000] {dag.py:3096} INFO - Sync 1 DAGs
[2025-09-04T12:03:30.490+0000] {logging_mixin.py:188} INFO - [2025-09-04T12:03:30.490+0000] {dag.py:3954} INFO - Setting next_dagrun for example_nested_branch_dag to 2025-09-03 00:00:00+00:00, run_after=2025-09-04 00:00:00+00:00
[2025-09-04T12:03:30.504+0000] {processor.py:183} INFO - Processing /home/airflow/.local/lib/python3.12/site-packages/airflow/example_dags/example_nested_branch_dag.py took 0.067 seconds
[2025-09-04T12:04:00.821+0000] {processor.py:161} INFO - Started process (PID=337) to work on /home/airflow/.local/lib/python3.12/site-packages/airflow/example_dags/example_nested_branch_dag.py
[2025-09-04T12:04:00.824+0000] {processor.py:830} INFO - Processing file /home/airflow/.local/lib/python3.12/site-packages/airflow/example_dags/example_nested_branch_dag.py for tasks to queue
[2025-09-04T12:04:00.828+0000] {logging_mixin.py:188} INFO - [2025-09-04T12:04:00.828+0000] {dagbag.py:545} INFO - Filling up the DagBag from /home/airflow/.local/lib/python3.12/site-packages/airflow/example_dags/example_nested_branch_dag.py
[2025-09-04T12:04:00.855+0000] {processor.py:840} INFO - DAG(s) 'example_nested_branch_dag' retrieved from /home/airflow/.local/lib/python3.12/site-packages/airflow/example_dags/example_nested_branch_dag.py
[2025-09-04T12:04:00.887+0000] {logging_mixin.py:188} INFO - [2025-09-04T12:04:00.886+0000] {dag.py:3096} INFO - Sync 1 DAGs
[2025-09-04T12:04:00.911+0000] {logging_mixin.py:188} INFO - [2025-09-04T12:04:00.911+0000] {dag.py:3954} INFO - Setting next_dagrun for example_nested_branch_dag to 2025-09-03 00:00:00+00:00, run_after=2025-09-04 00:00:00+00:00
[2025-09-04T12:04:00.936+0000] {processor.py:183} INFO - Processing /home/airflow/.local/lib/python3.12/site-packages/airflow/example_dags/example_nested_branch_dag.py took 0.130 seconds
[2025-09-04T12:04:31.268+0000] {processor.py:161} INFO - Started process (PID=395) to work on /home/airflow/.local/lib/python3.12/site-packages/airflow/example_dags/example_nested_branch_dag.py
[2025-09-04T12:04:31.270+0000] {processor.py:830} INFO - Processing file /home/airflow/.local/lib/python3.12/site-packages/airflow/example_dags/example_nested_branch_dag.py for tasks to queue
[2025-09-04T12:04:31.273+0000] {logging_mixin.py:188} INFO - [2025-09-04T12:04:31.273+0000] {dagbag.py:545} INFO - Filling up the DagBag from /home/airflow/.local/lib/python3.12/site-packages/airflow/example_dags/example_nested_branch_dag.py
[2025-09-04T12:04:31.294+0000] {processor.py:840} INFO - DAG(s) 'example_nested_branch_dag' retrieved from /home/airflow/.local/lib/python3.12/site-packages/airflow/example_dags/example_nested_branch_dag.py
[2025-09-04T12:04:31.321+0000] {logging_mixin.py:188} INFO - [2025-09-04T12:04:31.321+0000] {dag.py:3096} INFO - Sync 1 DAGs
[2025-09-04T12:04:31.339+0000] {logging_mixin.py:188} INFO - [2025-09-04T12:04:31.339+0000] {dag.py:3954} INFO - Setting next_dagrun for example_nested_branch_dag to 2025-09-03 00:00:00+00:00, run_after=2025-09-04 00:00:00+00:00
[2025-09-04T12:04:31.358+0000] {processor.py:183} INFO - Processing /home/airflow/.local/lib/python3.12/site-packages/airflow/example_dags/example_nested_branch_dag.py took 0.100 seconds
[2025-09-04T12:05:01.814+0000] {processor.py:161} INFO - Started process (PID=453) to work on /home/airflow/.local/lib/python3.12/site-packages/airflow/example_dags/example_nested_branch_dag.py
[2025-09-04T12:05:01.815+0000] {processor.py:830} INFO - Processing file /home/airflow/.local/lib/python3.12/site-packages/airflow/example_dags/example_nested_branch_dag.py for tasks to queue
[2025-09-04T12:05:01.818+0000] {logging_mixin.py:188} INFO - [2025-09-04T12:05:01.818+0000] {dagbag.py:545} INFO - Filling up the DagBag from /home/airflow/.local/lib/python3.12/site-packages/airflow/example_dags/example_nested_branch_dag.py
[2025-09-04T12:05:01.843+0000] {processor.py:840} INFO - DAG(s) 'example_nested_branch_dag' retrieved from /home/airflow/.local/lib/python3.12/site-packages/airflow/example_dags/example_nested_branch_dag.py
[2025-09-04T12:05:01.873+0000] {logging_mixin.py:188} INFO - [2025-09-04T12:05:01.872+0000] {dag.py:3096} INFO - Sync 1 DAGs
[2025-09-04T12:05:01.893+0000] {logging_mixin.py:188} INFO - [2025-09-04T12:05:01.893+0000] {dag.py:3954} INFO - Setting next_dagrun for example_nested_branch_dag to 2025-09-03 00:00:00+00:00, run_after=2025-09-04 00:00:00+00:00
[2025-09-04T12:05:01.909+0000] {processor.py:183} INFO - Processing /home/airflow/.local/lib/python3.12/site-packages/airflow/example_dags/example_nested_branch_dag.py took 0.104 seconds
[2025-09-04T12:05:32.329+0000] {processor.py:161} INFO - Started process (PID=511) to work on /home/airflow/.local/lib/python3.12/site-packages/airflow/example_dags/example_nested_branch_dag.py
[2025-09-04T12:05:32.332+0000] {processor.py:830} INFO - Processing file /home/airflow/.local/lib/python3.12/site-packages/airflow/example_dags/example_nested_branch_dag.py for tasks to queue
[2025-09-04T12:05:32.338+0000] {logging_mixin.py:188} INFO - [2025-09-04T12:05:32.337+0000] {dagbag.py:545} INFO - Filling up the DagBag from /home/airflow/.local/lib/python3.12/site-packages/airflow/example_dags/example_nested_branch_dag.py
[2025-09-04T12:05:32.363+0000] {processor.py:840} INFO - DAG(s) 'example_nested_branch_dag' retrieved from /home/airflow/.local/lib/python3.12/site-packages/airflow/example_dags/example_nested_branch_dag.py
[2025-09-04T12:05:32.415+0000] {logging_mixin.py:188} INFO - [2025-09-04T12:05:32.415+0000] {dag.py:3096} INFO - Sync 1 DAGs
[2025-09-04T12:05:32.448+0000] {logging_mixin.py:188} INFO - [2025-09-04T12:05:32.448+0000] {dag.py:3954} INFO - Setting next_dagrun for example_nested_branch_dag to 2025-09-03 00:00:00+00:00, run_after=2025-09-04 00:00:00+00:00
[2025-09-04T12:05:32.464+0000] {processor.py:183} INFO - Processing /home/airflow/.local/lib/python3.12/site-packages/airflow/example_dags/example_nested_branch_dag.py took 0.151 seconds
[2025-09-04T12:06:33.644+0000] {processor.py:161} INFO - Started process (PID=53) to work on /home/airflow/.local/lib/python3.12/site-packages/airflow/example_dags/example_nested_branch_dag.py
[2025-09-04T12:06:33.646+0000] {processor.py:830} INFO - Processing file /home/airflow/.local/lib/python3.12/site-packages/airflow/example_dags/example_nested_branch_dag.py for tasks to queue
[2025-09-04T12:06:33.648+0000] {logging_mixin.py:188} INFO - [2025-09-04T12:06:33.647+0000] {dagbag.py:545} INFO - Filling up the DagBag from /home/airflow/.local/lib/python3.12/site-packages/airflow/example_dags/example_nested_branch_dag.py
[2025-09-04T12:06:33.666+0000] {processor.py:840} INFO - DAG(s) 'example_nested_branch_dag' retrieved from /home/airflow/.local/lib/python3.12/site-packages/airflow/example_dags/example_nested_branch_dag.py
[2025-09-04T12:06:33.695+0000] {logging_mixin.py:188} INFO - [2025-09-04T12:06:33.695+0000] {dag.py:3096} INFO - Sync 1 DAGs
[2025-09-04T12:06:33.722+0000] {logging_mixin.py:188} INFO - [2025-09-04T12:06:33.722+0000] {dag.py:3954} INFO - Setting next_dagrun for example_nested_branch_dag to 2025-09-03 00:00:00+00:00, run_after=2025-09-04 00:00:00+00:00
[2025-09-04T12:06:33.746+0000] {processor.py:183} INFO - Processing /home/airflow/.local/lib/python3.12/site-packages/airflow/example_dags/example_nested_branch_dag.py took 0.107 seconds
[2025-09-04T12:07:03.897+0000] {processor.py:161} INFO - Started process (PID=111) to work on /home/airflow/.local/lib/python3.12/site-packages/airflow/example_dags/example_nested_branch_dag.py
[2025-09-04T12:07:03.899+0000] {processor.py:830} INFO - Processing file /home/airflow/.local/lib/python3.12/site-packages/airflow/example_dags/example_nested_branch_dag.py for tasks to queue
[2025-09-04T12:07:03.901+0000] {logging_mixin.py:188} INFO - [2025-09-04T12:07:03.901+0000] {dagbag.py:545} INFO - Filling up the DagBag from /home/airflow/.local/lib/python3.12/site-packages/airflow/example_dags/example_nested_branch_dag.py
[2025-09-04T12:07:03.911+0000] {processor.py:840} INFO - DAG(s) 'example_nested_branch_dag' retrieved from /home/airflow/.local/lib/python3.12/site-packages/airflow/example_dags/example_nested_branch_dag.py
[2025-09-04T12:07:04.100+0000] {logging_mixin.py:188} INFO - [2025-09-04T12:07:04.099+0000] {dag.py:3096} INFO - Sync 1 DAGs
[2025-09-04T12:07:04.124+0000] {logging_mixin.py:188} INFO - [2025-09-04T12:07:04.124+0000] {dag.py:3954} INFO - Setting next_dagrun for example_nested_branch_dag to 2025-09-03 00:00:00+00:00, run_after=2025-09-04 00:00:00+00:00
[2025-09-04T12:07:04.148+0000] {processor.py:183} INFO - Processing /home/airflow/.local/lib/python3.12/site-packages/airflow/example_dags/example_nested_branch_dag.py took 0.256 seconds
[2025-09-04T12:07:34.294+0000] {processor.py:161} INFO - Started process (PID=169) to work on /home/airflow/.local/lib/python3.12/site-packages/airflow/example_dags/example_nested_branch_dag.py
[2025-09-04T12:07:34.298+0000] {processor.py:830} INFO - Processing file /home/airflow/.local/lib/python3.12/site-packages/airflow/example_dags/example_nested_branch_dag.py for tasks to queue
[2025-09-04T12:07:34.306+0000] {logging_mixin.py:188} INFO - [2025-09-04T12:07:34.305+0000] {dagbag.py:545} INFO - Filling up the DagBag from /home/airflow/.local/lib/python3.12/site-packages/airflow/example_dags/example_nested_branch_dag.py
[2025-09-04T12:07:34.340+0000] {processor.py:840} INFO - DAG(s) 'example_nested_branch_dag' retrieved from /home/airflow/.local/lib/python3.12/site-packages/airflow/example_dags/example_nested_branch_dag.py
[2025-09-04T12:07:34.402+0000] {logging_mixin.py:188} INFO - [2025-09-04T12:07:34.402+0000] {dag.py:3096} INFO - Sync 1 DAGs
[2025-09-04T12:07:34.457+0000] {logging_mixin.py:188} INFO - [2025-09-04T12:07:34.457+0000] {dag.py:3954} INFO - Setting next_dagrun for example_nested_branch_dag to 2025-09-03 00:00:00+00:00, run_after=2025-09-04 00:00:00+00:00
[2025-09-04T12:07:34.504+0000] {processor.py:183} INFO - Processing /home/airflow/.local/lib/python3.12/site-packages/airflow/example_dags/example_nested_branch_dag.py took 0.234 seconds
[2025-09-04T12:08:04.710+0000] {processor.py:161} INFO - Started process (PID=227) to work on /home/airflow/.local/lib/python3.12/site-packages/airflow/example_dags/example_nested_branch_dag.py
[2025-09-04T12:08:04.712+0000] {processor.py:830} INFO - Processing file /home/airflow/.local/lib/python3.12/site-packages/airflow/example_dags/example_nested_branch_dag.py for tasks to queue
[2025-09-04T12:08:04.714+0000] {logging_mixin.py:188} INFO - [2025-09-04T12:08:04.713+0000] {dagbag.py:545} INFO - Filling up the DagBag from /home/airflow/.local/lib/python3.12/site-packages/airflow/example_dags/example_nested_branch_dag.py
[2025-09-04T12:08:04.721+0000] {processor.py:840} INFO - DAG(s) 'example_nested_branch_dag' retrieved from /home/airflow/.local/lib/python3.12/site-packages/airflow/example_dags/example_nested_branch_dag.py
[2025-09-04T12:08:04.741+0000] {logging_mixin.py:188} INFO - [2025-09-04T12:08:04.741+0000] {dag.py:3096} INFO - Sync 1 DAGs
[2025-09-04T12:08:04.762+0000] {logging_mixin.py:188} INFO - [2025-09-04T12:08:04.762+0000] {dag.py:3954} INFO - Setting next_dagrun for example_nested_branch_dag to 2025-09-03 00:00:00+00:00, run_after=2025-09-04 00:00:00+00:00
[2025-09-04T12:08:04.780+0000] {processor.py:183} INFO - Processing /home/airflow/.local/lib/python3.12/site-packages/airflow/example_dags/example_nested_branch_dag.py took 0.074 seconds
[2025-09-04T12:08:34.922+0000] {processor.py:161} INFO - Started process (PID=285) to work on /home/airflow/.local/lib/python3.12/site-packages/airflow/example_dags/example_nested_branch_dag.py
[2025-09-04T12:08:34.924+0000] {processor.py:830} INFO - Processing file /home/airflow/.local/lib/python3.12/site-packages/airflow/example_dags/example_nested_branch_dag.py for tasks to queue
[2025-09-04T12:08:34.929+0000] {logging_mixin.py:188} INFO - [2025-09-04T12:08:34.928+0000] {dagbag.py:545} INFO - Filling up the DagBag from /home/airflow/.local/lib/python3.12/site-packages/airflow/example_dags/example_nested_branch_dag.py
[2025-09-04T12:08:34.942+0000] {processor.py:840} INFO - DAG(s) 'example_nested_branch_dag' retrieved from /home/airflow/.local/lib/python3.12/site-packages/airflow/example_dags/example_nested_branch_dag.py
[2025-09-04T12:08:34.978+0000] {logging_mixin.py:188} INFO - [2025-09-04T12:08:34.977+0000] {dag.py:3096} INFO - Sync 1 DAGs
[2025-09-04T12:08:35.000+0000] {logging_mixin.py:188} INFO - [2025-09-04T12:08:35.000+0000] {dag.py:3954} INFO - Setting next_dagrun for example_nested_branch_dag to 2025-09-03 00:00:00+00:00, run_after=2025-09-04 00:00:00+00:00
[2025-09-04T12:08:35.019+0000] {processor.py:183} INFO - Processing /home/airflow/.local/lib/python3.12/site-packages/airflow/example_dags/example_nested_branch_dag.py took 0.103 seconds
