[2025-09-04T11:50:06.935+0000] {processor.py:161} INFO - Started process (PID=98) to work on /home/airflow/.local/lib/python3.12/site-packages/airflow/example_dags/example_branch_day_of_week_operator.py
[2025-09-04T11:50:06.937+0000] {processor.py:830} INFO - Processing file /home/airflow/.local/lib/python3.12/site-packages/airflow/example_dags/example_branch_day_of_week_operator.py for tasks to queue
[2025-09-04T11:50:06.939+0000] {logging_mixin.py:188} INFO - [2025-09-04T11:50:06.939+0000] {dagbag.py:545} INFO - Filling up the DagBag from /home/airflow/.local/lib/python3.12/site-packages/airflow/example_dags/example_branch_day_of_week_operator.py
[2025-09-04T11:50:06.948+0000] {processor.py:840} INFO - DAG(s) 'example_weekday_branch_operator' retrieved from /home/airflow/.local/lib/python3.12/site-packages/airflow/example_dags/example_branch_day_of_week_operator.py
[2025-09-04T11:50:07.055+0000] {logging_mixin.py:188} INFO - [2025-09-04T11:50:07.054+0000] {override.py:1829} INFO - Created Permission View: can edit on DAG:example_weekday_branch_operator
[2025-09-04T11:50:07.068+0000] {logging_mixin.py:188} INFO - [2025-09-04T11:50:07.068+0000] {override.py:1829} INFO - Created Permission View: can read on DAG:example_weekday_branch_operator
[2025-09-04T11:50:07.077+0000] {logging_mixin.py:188} INFO - [2025-09-04T11:50:07.077+0000] {override.py:1829} INFO - Created Permission View: can delete on DAG:example_weekday_branch_operator
[2025-09-04T11:50:07.078+0000] {logging_mixin.py:188} INFO - [2025-09-04T11:50:07.078+0000] {dag.py:3096} INFO - Sync 1 DAGs
[2025-09-04T11:50:07.089+0000] {logging_mixin.py:188} INFO - [2025-09-04T11:50:07.088+0000] {dag.py:3118} INFO - Creating ORM DAG for example_weekday_branch_operator
[2025-09-04T11:50:07.099+0000] {logging_mixin.py:188} INFO - [2025-09-04T11:50:07.099+0000] {dag.py:3954} INFO - Setting next_dagrun for example_weekday_branch_operator to 2025-09-03 00:00:00+00:00, run_after=2025-09-04 00:00:00+00:00
[2025-09-04T11:50:07.126+0000] {processor.py:183} INFO - Processing /home/airflow/.local/lib/python3.12/site-packages/airflow/example_dags/example_branch_day_of_week_operator.py took 0.197 seconds
[2025-09-04T11:50:37.277+0000] {processor.py:161} INFO - Started process (PID=156) to work on /home/airflow/.local/lib/python3.12/site-packages/airflow/example_dags/example_branch_day_of_week_operator.py
[2025-09-04T11:50:37.279+0000] {processor.py:830} INFO - Processing file /home/airflow/.local/lib/python3.12/site-packages/airflow/example_dags/example_branch_day_of_week_operator.py for tasks to queue
[2025-09-04T11:50:37.281+0000] {logging_mixin.py:188} INFO - [2025-09-04T11:50:37.281+0000] {dagbag.py:545} INFO - Filling up the DagBag from /home/airflow/.local/lib/python3.12/site-packages/airflow/example_dags/example_branch_day_of_week_operator.py
[2025-09-04T11:50:37.288+0000] {processor.py:840} INFO - DAG(s) 'example_weekday_branch_operator' retrieved from /home/airflow/.local/lib/python3.12/site-packages/airflow/example_dags/example_branch_day_of_week_operator.py
[2025-09-04T11:50:37.309+0000] {logging_mixin.py:188} INFO - [2025-09-04T11:50:37.308+0000] {dag.py:3096} INFO - Sync 1 DAGs
[2025-09-04T11:50:37.328+0000] {logging_mixin.py:188} INFO - [2025-09-04T11:50:37.327+0000] {dag.py:3954} INFO - Setting next_dagrun for example_weekday_branch_operator to 2025-09-03 00:00:00+00:00, run_after=2025-09-04 00:00:00+00:00
[2025-09-04T11:50:37.348+0000] {processor.py:183} INFO - Processing /home/airflow/.local/lib/python3.12/site-packages/airflow/example_dags/example_branch_day_of_week_operator.py took 0.076 seconds
[2025-09-04T11:51:07.797+0000] {processor.py:161} INFO - Started process (PID=213) to work on /home/airflow/.local/lib/python3.12/site-packages/airflow/example_dags/example_branch_day_of_week_operator.py
[2025-09-04T11:51:07.798+0000] {processor.py:830} INFO - Processing file /home/airflow/.local/lib/python3.12/site-packages/airflow/example_dags/example_branch_day_of_week_operator.py for tasks to queue
[2025-09-04T11:51:07.802+0000] {logging_mixin.py:188} INFO - [2025-09-04T11:51:07.801+0000] {dagbag.py:545} INFO - Filling up the DagBag from /home/airflow/.local/lib/python3.12/site-packages/airflow/example_dags/example_branch_day_of_week_operator.py
[2025-09-04T11:51:07.821+0000] {processor.py:840} INFO - DAG(s) 'example_weekday_branch_operator' retrieved from /home/airflow/.local/lib/python3.12/site-packages/airflow/example_dags/example_branch_day_of_week_operator.py
[2025-09-04T11:51:07.842+0000] {logging_mixin.py:188} INFO - [2025-09-04T11:51:07.842+0000] {dag.py:3096} INFO - Sync 1 DAGs
[2025-09-04T11:51:07.861+0000] {logging_mixin.py:188} INFO - [2025-09-04T11:51:07.860+0000] {dag.py:3954} INFO - Setting next_dagrun for example_weekday_branch_operator to 2025-09-03 00:00:00+00:00, run_after=2025-09-04 00:00:00+00:00
[2025-09-04T11:51:07.879+0000] {processor.py:183} INFO - Processing /home/airflow/.local/lib/python3.12/site-packages/airflow/example_dags/example_branch_day_of_week_operator.py took 0.089 seconds
[2025-09-04T11:51:38.820+0000] {processor.py:161} INFO - Started process (PID=271) to work on /home/airflow/.local/lib/python3.12/site-packages/airflow/example_dags/example_branch_day_of_week_operator.py
[2025-09-04T11:51:38.821+0000] {processor.py:830} INFO - Processing file /home/airflow/.local/lib/python3.12/site-packages/airflow/example_dags/example_branch_day_of_week_operator.py for tasks to queue
[2025-09-04T11:51:38.823+0000] {logging_mixin.py:188} INFO - [2025-09-04T11:51:38.822+0000] {dagbag.py:545} INFO - Filling up the DagBag from /home/airflow/.local/lib/python3.12/site-packages/airflow/example_dags/example_branch_day_of_week_operator.py
[2025-09-04T11:51:38.829+0000] {processor.py:840} INFO - DAG(s) 'example_weekday_branch_operator' retrieved from /home/airflow/.local/lib/python3.12/site-packages/airflow/example_dags/example_branch_day_of_week_operator.py
[2025-09-04T11:51:38.848+0000] {logging_mixin.py:188} INFO - [2025-09-04T11:51:38.848+0000] {dag.py:3096} INFO - Sync 1 DAGs
[2025-09-04T11:51:38.866+0000] {logging_mixin.py:188} INFO - [2025-09-04T11:51:38.866+0000] {dag.py:3954} INFO - Setting next_dagrun for example_weekday_branch_operator to 2025-09-03 00:00:00+00:00, run_after=2025-09-04 00:00:00+00:00
[2025-09-04T11:51:38.883+0000] {processor.py:183} INFO - Processing /home/airflow/.local/lib/python3.12/site-packages/airflow/example_dags/example_branch_day_of_week_operator.py took 0.068 seconds
[2025-09-04T11:52:09.492+0000] {processor.py:161} INFO - Started process (PID=329) to work on /home/airflow/.local/lib/python3.12/site-packages/airflow/example_dags/example_branch_day_of_week_operator.py
[2025-09-04T11:52:09.494+0000] {processor.py:830} INFO - Processing file /home/airflow/.local/lib/python3.12/site-packages/airflow/example_dags/example_branch_day_of_week_operator.py for tasks to queue
[2025-09-04T11:52:09.496+0000] {logging_mixin.py:188} INFO - [2025-09-04T11:52:09.496+0000] {dagbag.py:545} INFO - Filling up the DagBag from /home/airflow/.local/lib/python3.12/site-packages/airflow/example_dags/example_branch_day_of_week_operator.py
[2025-09-04T11:52:09.502+0000] {processor.py:840} INFO - DAG(s) 'example_weekday_branch_operator' retrieved from /home/airflow/.local/lib/python3.12/site-packages/airflow/example_dags/example_branch_day_of_week_operator.py
[2025-09-04T11:52:09.518+0000] {logging_mixin.py:188} INFO - [2025-09-04T11:52:09.518+0000] {dag.py:3096} INFO - Sync 1 DAGs
[2025-09-04T11:52:09.537+0000] {logging_mixin.py:188} INFO - [2025-09-04T11:52:09.537+0000] {dag.py:3954} INFO - Setting next_dagrun for example_weekday_branch_operator to 2025-09-03 00:00:00+00:00, run_after=2025-09-04 00:00:00+00:00
[2025-09-04T11:52:09.553+0000] {processor.py:183} INFO - Processing /home/airflow/.local/lib/python3.12/site-packages/airflow/example_dags/example_branch_day_of_week_operator.py took 0.065 seconds
[2025-09-04T11:52:40.725+0000] {processor.py:161} INFO - Started process (PID=387) to work on /home/airflow/.local/lib/python3.12/site-packages/airflow/example_dags/example_branch_day_of_week_operator.py
[2025-09-04T11:52:40.726+0000] {processor.py:830} INFO - Processing file /home/airflow/.local/lib/python3.12/site-packages/airflow/example_dags/example_branch_day_of_week_operator.py for tasks to queue
[2025-09-04T11:52:40.728+0000] {logging_mixin.py:188} INFO - [2025-09-04T11:52:40.728+0000] {dagbag.py:545} INFO - Filling up the DagBag from /home/airflow/.local/lib/python3.12/site-packages/airflow/example_dags/example_branch_day_of_week_operator.py
[2025-09-04T11:52:40.736+0000] {processor.py:840} INFO - DAG(s) 'example_weekday_branch_operator' retrieved from /home/airflow/.local/lib/python3.12/site-packages/airflow/example_dags/example_branch_day_of_week_operator.py
[2025-09-04T11:52:40.760+0000] {logging_mixin.py:188} INFO - [2025-09-04T11:52:40.760+0000] {dag.py:3096} INFO - Sync 1 DAGs
[2025-09-04T11:52:40.787+0000] {logging_mixin.py:188} INFO - [2025-09-04T11:52:40.787+0000] {dag.py:3954} INFO - Setting next_dagrun for example_weekday_branch_operator to 2025-09-03 00:00:00+00:00, run_after=2025-09-04 00:00:00+00:00
[2025-09-04T11:52:40.808+0000] {processor.py:183} INFO - Processing /home/airflow/.local/lib/python3.12/site-packages/airflow/example_dags/example_branch_day_of_week_operator.py took 0.088 seconds
[2025-09-04T11:53:11.174+0000] {processor.py:161} INFO - Started process (PID=445) to work on /home/airflow/.local/lib/python3.12/site-packages/airflow/example_dags/example_branch_day_of_week_operator.py
[2025-09-04T11:53:11.177+0000] {processor.py:830} INFO - Processing file /home/airflow/.local/lib/python3.12/site-packages/airflow/example_dags/example_branch_day_of_week_operator.py for tasks to queue
[2025-09-04T11:53:11.182+0000] {logging_mixin.py:188} INFO - [2025-09-04T11:53:11.181+0000] {dagbag.py:545} INFO - Filling up the DagBag from /home/airflow/.local/lib/python3.12/site-packages/airflow/example_dags/example_branch_day_of_week_operator.py
[2025-09-04T11:53:11.199+0000] {processor.py:840} INFO - DAG(s) 'example_weekday_branch_operator' retrieved from /home/airflow/.local/lib/python3.12/site-packages/airflow/example_dags/example_branch_day_of_week_operator.py
[2025-09-04T11:53:11.234+0000] {logging_mixin.py:188} INFO - [2025-09-04T11:53:11.233+0000] {dag.py:3096} INFO - Sync 1 DAGs
[2025-09-04T11:53:11.262+0000] {logging_mixin.py:188} INFO - [2025-09-04T11:53:11.261+0000] {dag.py:3954} INFO - Setting next_dagrun for example_weekday_branch_operator to 2025-09-03 00:00:00+00:00, run_after=2025-09-04 00:00:00+00:00
[2025-09-04T11:53:11.296+0000] {processor.py:183} INFO - Processing /home/airflow/.local/lib/python3.12/site-packages/airflow/example_dags/example_branch_day_of_week_operator.py took 0.136 seconds
[2025-09-04T11:53:41.460+0000] {processor.py:161} INFO - Started process (PID=503) to work on /home/airflow/.local/lib/python3.12/site-packages/airflow/example_dags/example_branch_day_of_week_operator.py
[2025-09-04T11:53:41.462+0000] {processor.py:830} INFO - Processing file /home/airflow/.local/lib/python3.12/site-packages/airflow/example_dags/example_branch_day_of_week_operator.py for tasks to queue
[2025-09-04T11:53:41.464+0000] {logging_mixin.py:188} INFO - [2025-09-04T11:53:41.463+0000] {dagbag.py:545} INFO - Filling up the DagBag from /home/airflow/.local/lib/python3.12/site-packages/airflow/example_dags/example_branch_day_of_week_operator.py
[2025-09-04T11:53:41.471+0000] {processor.py:840} INFO - DAG(s) 'example_weekday_branch_operator' retrieved from /home/airflow/.local/lib/python3.12/site-packages/airflow/example_dags/example_branch_day_of_week_operator.py
[2025-09-04T11:53:41.492+0000] {logging_mixin.py:188} INFO - [2025-09-04T11:53:41.491+0000] {dag.py:3096} INFO - Sync 1 DAGs
[2025-09-04T11:53:41.511+0000] {logging_mixin.py:188} INFO - [2025-09-04T11:53:41.511+0000] {dag.py:3954} INFO - Setting next_dagrun for example_weekday_branch_operator to 2025-09-03 00:00:00+00:00, run_after=2025-09-04 00:00:00+00:00
[2025-09-04T11:53:41.527+0000] {processor.py:183} INFO - Processing /home/airflow/.local/lib/python3.12/site-packages/airflow/example_dags/example_branch_day_of_week_operator.py took 0.072 seconds
[2025-09-04T11:54:12.006+0000] {processor.py:161} INFO - Started process (PID=561) to work on /home/airflow/.local/lib/python3.12/site-packages/airflow/example_dags/example_branch_day_of_week_operator.py
[2025-09-04T11:54:12.008+0000] {processor.py:830} INFO - Processing file /home/airflow/.local/lib/python3.12/site-packages/airflow/example_dags/example_branch_day_of_week_operator.py for tasks to queue
[2025-09-04T11:54:12.010+0000] {logging_mixin.py:188} INFO - [2025-09-04T11:54:12.010+0000] {dagbag.py:545} INFO - Filling up the DagBag from /home/airflow/.local/lib/python3.12/site-packages/airflow/example_dags/example_branch_day_of_week_operator.py
[2025-09-04T11:54:12.017+0000] {processor.py:840} INFO - DAG(s) 'example_weekday_branch_operator' retrieved from /home/airflow/.local/lib/python3.12/site-packages/airflow/example_dags/example_branch_day_of_week_operator.py
[2025-09-04T11:54:12.037+0000] {logging_mixin.py:188} INFO - [2025-09-04T11:54:12.037+0000] {dag.py:3096} INFO - Sync 1 DAGs
[2025-09-04T11:54:12.056+0000] {logging_mixin.py:188} INFO - [2025-09-04T11:54:12.056+0000] {dag.py:3954} INFO - Setting next_dagrun for example_weekday_branch_operator to 2025-09-03 00:00:00+00:00, run_after=2025-09-04 00:00:00+00:00
[2025-09-04T11:54:12.079+0000] {processor.py:183} INFO - Processing /home/airflow/.local/lib/python3.12/site-packages/airflow/example_dags/example_branch_day_of_week_operator.py took 0.077 seconds
[2025-09-04T11:54:42.892+0000] {processor.py:161} INFO - Started process (PID=619) to work on /home/airflow/.local/lib/python3.12/site-packages/airflow/example_dags/example_branch_day_of_week_operator.py
[2025-09-04T11:54:42.893+0000] {processor.py:830} INFO - Processing file /home/airflow/.local/lib/python3.12/site-packages/airflow/example_dags/example_branch_day_of_week_operator.py for tasks to queue
[2025-09-04T11:54:42.895+0000] {logging_mixin.py:188} INFO - [2025-09-04T11:54:42.895+0000] {dagbag.py:545} INFO - Filling up the DagBag from /home/airflow/.local/lib/python3.12/site-packages/airflow/example_dags/example_branch_day_of_week_operator.py
[2025-09-04T11:54:42.901+0000] {processor.py:840} INFO - DAG(s) 'example_weekday_branch_operator' retrieved from /home/airflow/.local/lib/python3.12/site-packages/airflow/example_dags/example_branch_day_of_week_operator.py
[2025-09-04T11:54:42.923+0000] {logging_mixin.py:188} INFO - [2025-09-04T11:54:42.922+0000] {dag.py:3096} INFO - Sync 1 DAGs
[2025-09-04T11:54:42.940+0000] {logging_mixin.py:188} INFO - [2025-09-04T11:54:42.940+0000] {dag.py:3954} INFO - Setting next_dagrun for example_weekday_branch_operator to 2025-09-03 00:00:00+00:00, run_after=2025-09-04 00:00:00+00:00
[2025-09-04T11:54:42.954+0000] {processor.py:183} INFO - Processing /home/airflow/.local/lib/python3.12/site-packages/airflow/example_dags/example_branch_day_of_week_operator.py took 0.067 seconds
[2025-09-04T11:55:13.713+0000] {processor.py:161} INFO - Started process (PID=677) to work on /home/airflow/.local/lib/python3.12/site-packages/airflow/example_dags/example_branch_day_of_week_operator.py
[2025-09-04T11:55:13.716+0000] {processor.py:830} INFO - Processing file /home/airflow/.local/lib/python3.12/site-packages/airflow/example_dags/example_branch_day_of_week_operator.py for tasks to queue
[2025-09-04T11:55:13.725+0000] {logging_mixin.py:188} INFO - [2025-09-04T11:55:13.723+0000] {dagbag.py:545} INFO - Filling up the DagBag from /home/airflow/.local/lib/python3.12/site-packages/airflow/example_dags/example_branch_day_of_week_operator.py
[2025-09-04T11:55:13.749+0000] {processor.py:840} INFO - DAG(s) 'example_weekday_branch_operator' retrieved from /home/airflow/.local/lib/python3.12/site-packages/airflow/example_dags/example_branch_day_of_week_operator.py
[2025-09-04T11:55:13.789+0000] {logging_mixin.py:188} INFO - [2025-09-04T11:55:13.788+0000] {dag.py:3096} INFO - Sync 1 DAGs
[2025-09-04T11:55:13.815+0000] {logging_mixin.py:188} INFO - [2025-09-04T11:55:13.814+0000] {dag.py:3954} INFO - Setting next_dagrun for example_weekday_branch_operator to 2025-09-03 00:00:00+00:00, run_after=2025-09-04 00:00:00+00:00
[2025-09-04T11:55:13.841+0000] {processor.py:183} INFO - Processing /home/airflow/.local/lib/python3.12/site-packages/airflow/example_dags/example_branch_day_of_week_operator.py took 0.140 seconds
[2025-09-04T11:55:44.028+0000] {processor.py:161} INFO - Started process (PID=735) to work on /home/airflow/.local/lib/python3.12/site-packages/airflow/example_dags/example_branch_day_of_week_operator.py
[2025-09-04T11:55:44.030+0000] {processor.py:830} INFO - Processing file /home/airflow/.local/lib/python3.12/site-packages/airflow/example_dags/example_branch_day_of_week_operator.py for tasks to queue
[2025-09-04T11:55:44.032+0000] {logging_mixin.py:188} INFO - [2025-09-04T11:55:44.032+0000] {dagbag.py:545} INFO - Filling up the DagBag from /home/airflow/.local/lib/python3.12/site-packages/airflow/example_dags/example_branch_day_of_week_operator.py
[2025-09-04T11:55:44.039+0000] {processor.py:840} INFO - DAG(s) 'example_weekday_branch_operator' retrieved from /home/airflow/.local/lib/python3.12/site-packages/airflow/example_dags/example_branch_day_of_week_operator.py
[2025-09-04T11:55:44.068+0000] {logging_mixin.py:188} INFO - [2025-09-04T11:55:44.068+0000] {dag.py:3096} INFO - Sync 1 DAGs
[2025-09-04T11:55:44.104+0000] {logging_mixin.py:188} INFO - [2025-09-04T11:55:44.104+0000] {dag.py:3954} INFO - Setting next_dagrun for example_weekday_branch_operator to 2025-09-03 00:00:00+00:00, run_after=2025-09-04 00:00:00+00:00
[2025-09-04T11:55:44.141+0000] {processor.py:183} INFO - Processing /home/airflow/.local/lib/python3.12/site-packages/airflow/example_dags/example_branch_day_of_week_operator.py took 0.122 seconds
[2025-09-04T11:56:14.644+0000] {processor.py:161} INFO - Started process (PID=793) to work on /home/airflow/.local/lib/python3.12/site-packages/airflow/example_dags/example_branch_day_of_week_operator.py
[2025-09-04T11:56:14.648+0000] {processor.py:830} INFO - Processing file /home/airflow/.local/lib/python3.12/site-packages/airflow/example_dags/example_branch_day_of_week_operator.py for tasks to queue
[2025-09-04T11:56:14.655+0000] {logging_mixin.py:188} INFO - [2025-09-04T11:56:14.654+0000] {dagbag.py:545} INFO - Filling up the DagBag from /home/airflow/.local/lib/python3.12/site-packages/airflow/example_dags/example_branch_day_of_week_operator.py
[2025-09-04T11:56:14.668+0000] {processor.py:840} INFO - DAG(s) 'example_weekday_branch_operator' retrieved from /home/airflow/.local/lib/python3.12/site-packages/airflow/example_dags/example_branch_day_of_week_operator.py
[2025-09-04T11:56:14.693+0000] {logging_mixin.py:188} INFO - [2025-09-04T11:56:14.692+0000] {dag.py:3096} INFO - Sync 1 DAGs
[2025-09-04T11:56:14.715+0000] {logging_mixin.py:188} INFO - [2025-09-04T11:56:14.715+0000] {dag.py:3954} INFO - Setting next_dagrun for example_weekday_branch_operator to 2025-09-03 00:00:00+00:00, run_after=2025-09-04 00:00:00+00:00
[2025-09-04T11:56:14.738+0000] {processor.py:183} INFO - Processing /home/airflow/.local/lib/python3.12/site-packages/airflow/example_dags/example_branch_day_of_week_operator.py took 0.107 seconds
[2025-09-04T11:56:45.021+0000] {processor.py:161} INFO - Started process (PID=851) to work on /home/airflow/.local/lib/python3.12/site-packages/airflow/example_dags/example_branch_day_of_week_operator.py
[2025-09-04T11:56:45.022+0000] {processor.py:830} INFO - Processing file /home/airflow/.local/lib/python3.12/site-packages/airflow/example_dags/example_branch_day_of_week_operator.py for tasks to queue
[2025-09-04T11:56:45.024+0000] {logging_mixin.py:188} INFO - [2025-09-04T11:56:45.024+0000] {dagbag.py:545} INFO - Filling up the DagBag from /home/airflow/.local/lib/python3.12/site-packages/airflow/example_dags/example_branch_day_of_week_operator.py
[2025-09-04T11:56:45.031+0000] {processor.py:840} INFO - DAG(s) 'example_weekday_branch_operator' retrieved from /home/airflow/.local/lib/python3.12/site-packages/airflow/example_dags/example_branch_day_of_week_operator.py
[2025-09-04T11:56:45.049+0000] {logging_mixin.py:188} INFO - [2025-09-04T11:56:45.049+0000] {dag.py:3096} INFO - Sync 1 DAGs
[2025-09-04T11:56:45.069+0000] {logging_mixin.py:188} INFO - [2025-09-04T11:56:45.069+0000] {dag.py:3954} INFO - Setting next_dagrun for example_weekday_branch_operator to 2025-09-03 00:00:00+00:00, run_after=2025-09-04 00:00:00+00:00
[2025-09-04T11:56:45.112+0000] {processor.py:183} INFO - Processing /home/airflow/.local/lib/python3.12/site-packages/airflow/example_dags/example_branch_day_of_week_operator.py took 0.095 seconds
[2025-09-04T11:57:16.187+0000] {processor.py:161} INFO - Started process (PID=909) to work on /home/airflow/.local/lib/python3.12/site-packages/airflow/example_dags/example_branch_day_of_week_operator.py
[2025-09-04T11:57:16.188+0000] {processor.py:830} INFO - Processing file /home/airflow/.local/lib/python3.12/site-packages/airflow/example_dags/example_branch_day_of_week_operator.py for tasks to queue
[2025-09-04T11:57:16.190+0000] {logging_mixin.py:188} INFO - [2025-09-04T11:57:16.190+0000] {dagbag.py:545} INFO - Filling up the DagBag from /home/airflow/.local/lib/python3.12/site-packages/airflow/example_dags/example_branch_day_of_week_operator.py
[2025-09-04T11:57:16.197+0000] {processor.py:840} INFO - DAG(s) 'example_weekday_branch_operator' retrieved from /home/airflow/.local/lib/python3.12/site-packages/airflow/example_dags/example_branch_day_of_week_operator.py
[2025-09-04T11:57:16.217+0000] {logging_mixin.py:188} INFO - [2025-09-04T11:57:16.216+0000] {dag.py:3096} INFO - Sync 1 DAGs
[2025-09-04T11:57:16.235+0000] {logging_mixin.py:188} INFO - [2025-09-04T11:57:16.235+0000] {dag.py:3954} INFO - Setting next_dagrun for example_weekday_branch_operator to 2025-09-03 00:00:00+00:00, run_after=2025-09-04 00:00:00+00:00
[2025-09-04T11:57:16.249+0000] {processor.py:183} INFO - Processing /home/airflow/.local/lib/python3.12/site-packages/airflow/example_dags/example_branch_day_of_week_operator.py took 0.068 seconds
[2025-09-04T11:57:46.391+0000] {processor.py:161} INFO - Started process (PID=967) to work on /home/airflow/.local/lib/python3.12/site-packages/airflow/example_dags/example_branch_day_of_week_operator.py
[2025-09-04T11:57:46.392+0000] {processor.py:830} INFO - Processing file /home/airflow/.local/lib/python3.12/site-packages/airflow/example_dags/example_branch_day_of_week_operator.py for tasks to queue
[2025-09-04T11:57:46.394+0000] {logging_mixin.py:188} INFO - [2025-09-04T11:57:46.393+0000] {dagbag.py:545} INFO - Filling up the DagBag from /home/airflow/.local/lib/python3.12/site-packages/airflow/example_dags/example_branch_day_of_week_operator.py
[2025-09-04T11:57:46.400+0000] {processor.py:840} INFO - DAG(s) 'example_weekday_branch_operator' retrieved from /home/airflow/.local/lib/python3.12/site-packages/airflow/example_dags/example_branch_day_of_week_operator.py
[2025-09-04T11:57:46.415+0000] {logging_mixin.py:188} INFO - [2025-09-04T11:57:46.415+0000] {dag.py:3096} INFO - Sync 1 DAGs
[2025-09-04T11:57:46.432+0000] {logging_mixin.py:188} INFO - [2025-09-04T11:57:46.432+0000] {dag.py:3954} INFO - Setting next_dagrun for example_weekday_branch_operator to 2025-09-03 00:00:00+00:00, run_after=2025-09-04 00:00:00+00:00
[2025-09-04T11:57:46.449+0000] {processor.py:183} INFO - Processing /home/airflow/.local/lib/python3.12/site-packages/airflow/example_dags/example_branch_day_of_week_operator.py took 0.062 seconds
[2025-09-04T11:58:16.864+0000] {processor.py:161} INFO - Started process (PID=1026) to work on /home/airflow/.local/lib/python3.12/site-packages/airflow/example_dags/example_branch_day_of_week_operator.py
[2025-09-04T11:58:16.865+0000] {processor.py:830} INFO - Processing file /home/airflow/.local/lib/python3.12/site-packages/airflow/example_dags/example_branch_day_of_week_operator.py for tasks to queue
[2025-09-04T11:58:16.869+0000] {logging_mixin.py:188} INFO - [2025-09-04T11:58:16.868+0000] {dagbag.py:545} INFO - Filling up the DagBag from /home/airflow/.local/lib/python3.12/site-packages/airflow/example_dags/example_branch_day_of_week_operator.py
[2025-09-04T11:58:16.879+0000] {processor.py:840} INFO - DAG(s) 'example_weekday_branch_operator' retrieved from /home/airflow/.local/lib/python3.12/site-packages/airflow/example_dags/example_branch_day_of_week_operator.py
[2025-09-04T11:58:16.919+0000] {logging_mixin.py:188} INFO - [2025-09-04T11:58:16.919+0000] {dag.py:3096} INFO - Sync 1 DAGs
[2025-09-04T11:58:16.940+0000] {logging_mixin.py:188} INFO - [2025-09-04T11:58:16.940+0000] {dag.py:3954} INFO - Setting next_dagrun for example_weekday_branch_operator to 2025-09-03 00:00:00+00:00, run_after=2025-09-04 00:00:00+00:00
[2025-09-04T11:58:16.961+0000] {processor.py:183} INFO - Processing /home/airflow/.local/lib/python3.12/site-packages/airflow/example_dags/example_branch_day_of_week_operator.py took 0.104 seconds
[2025-09-04T11:58:47.752+0000] {processor.py:161} INFO - Started process (PID=1084) to work on /home/airflow/.local/lib/python3.12/site-packages/airflow/example_dags/example_branch_day_of_week_operator.py
[2025-09-04T11:58:47.753+0000] {processor.py:830} INFO - Processing file /home/airflow/.local/lib/python3.12/site-packages/airflow/example_dags/example_branch_day_of_week_operator.py for tasks to queue
[2025-09-04T11:58:47.755+0000] {logging_mixin.py:188} INFO - [2025-09-04T11:58:47.755+0000] {dagbag.py:545} INFO - Filling up the DagBag from /home/airflow/.local/lib/python3.12/site-packages/airflow/example_dags/example_branch_day_of_week_operator.py
[2025-09-04T11:58:47.762+0000] {processor.py:840} INFO - DAG(s) 'example_weekday_branch_operator' retrieved from /home/airflow/.local/lib/python3.12/site-packages/airflow/example_dags/example_branch_day_of_week_operator.py
[2025-09-04T11:58:47.779+0000] {logging_mixin.py:188} INFO - [2025-09-04T11:58:47.779+0000] {dag.py:3096} INFO - Sync 1 DAGs
[2025-09-04T11:58:47.802+0000] {logging_mixin.py:188} INFO - [2025-09-04T11:58:47.802+0000] {dag.py:3954} INFO - Setting next_dagrun for example_weekday_branch_operator to 2025-09-03 00:00:00+00:00, run_after=2025-09-04 00:00:00+00:00
[2025-09-04T11:58:47.818+0000] {processor.py:183} INFO - Processing /home/airflow/.local/lib/python3.12/site-packages/airflow/example_dags/example_branch_day_of_week_operator.py took 0.071 seconds
[2025-09-04T11:59:18.807+0000] {processor.py:161} INFO - Started process (PID=1142) to work on /home/airflow/.local/lib/python3.12/site-packages/airflow/example_dags/example_branch_day_of_week_operator.py
[2025-09-04T11:59:18.810+0000] {processor.py:830} INFO - Processing file /home/airflow/.local/lib/python3.12/site-packages/airflow/example_dags/example_branch_day_of_week_operator.py for tasks to queue
[2025-09-04T11:59:18.814+0000] {logging_mixin.py:188} INFO - [2025-09-04T11:59:18.813+0000] {dagbag.py:545} INFO - Filling up the DagBag from /home/airflow/.local/lib/python3.12/site-packages/airflow/example_dags/example_branch_day_of_week_operator.py
[2025-09-04T11:59:18.826+0000] {processor.py:840} INFO - DAG(s) 'example_weekday_branch_operator' retrieved from /home/airflow/.local/lib/python3.12/site-packages/airflow/example_dags/example_branch_day_of_week_operator.py
[2025-09-04T11:59:18.873+0000] {logging_mixin.py:188} INFO - [2025-09-04T11:59:18.873+0000] {dag.py:3096} INFO - Sync 1 DAGs
[2025-09-04T11:59:18.908+0000] {logging_mixin.py:188} INFO - [2025-09-04T11:59:18.908+0000] {dag.py:3954} INFO - Setting next_dagrun for example_weekday_branch_operator to 2025-09-03 00:00:00+00:00, run_after=2025-09-04 00:00:00+00:00
[2025-09-04T11:59:18.947+0000] {processor.py:183} INFO - Processing /home/airflow/.local/lib/python3.12/site-packages/airflow/example_dags/example_branch_day_of_week_operator.py took 0.151 seconds
[2025-09-04T12:01:34.705+0000] {processor.py:161} INFO - Started process (PID=92) to work on /home/airflow/.local/lib/python3.12/site-packages/airflow/example_dags/example_branch_day_of_week_operator.py
[2025-09-04T12:01:34.707+0000] {processor.py:830} INFO - Processing file /home/airflow/.local/lib/python3.12/site-packages/airflow/example_dags/example_branch_day_of_week_operator.py for tasks to queue
[2025-09-04T12:01:34.708+0000] {logging_mixin.py:188} INFO - [2025-09-04T12:01:34.708+0000] {dagbag.py:545} INFO - Filling up the DagBag from /home/airflow/.local/lib/python3.12/site-packages/airflow/example_dags/example_branch_day_of_week_operator.py
[2025-09-04T12:01:34.728+0000] {processor.py:840} INFO - DAG(s) 'example_weekday_branch_operator' retrieved from /home/airflow/.local/lib/python3.12/site-packages/airflow/example_dags/example_branch_day_of_week_operator.py
[2025-09-04T12:01:34.867+0000] {logging_mixin.py:188} INFO - [2025-09-04T12:01:34.867+0000] {dag.py:3096} INFO - Sync 1 DAGs
[2025-09-04T12:01:34.892+0000] {logging_mixin.py:188} INFO - [2025-09-04T12:01:34.892+0000] {dag.py:3954} INFO - Setting next_dagrun for example_weekday_branch_operator to 2025-09-03 00:00:00+00:00, run_after=2025-09-04 00:00:00+00:00
[2025-09-04T12:01:34.920+0000] {processor.py:183} INFO - Processing /home/airflow/.local/lib/python3.12/site-packages/airflow/example_dags/example_branch_day_of_week_operator.py took 0.221 seconds
[2025-09-04T12:02:05.883+0000] {processor.py:161} INFO - Started process (PID=150) to work on /home/airflow/.local/lib/python3.12/site-packages/airflow/example_dags/example_branch_day_of_week_operator.py
[2025-09-04T12:02:05.886+0000] {processor.py:830} INFO - Processing file /home/airflow/.local/lib/python3.12/site-packages/airflow/example_dags/example_branch_day_of_week_operator.py for tasks to queue
[2025-09-04T12:02:05.890+0000] {logging_mixin.py:188} INFO - [2025-09-04T12:02:05.889+0000] {dagbag.py:545} INFO - Filling up the DagBag from /home/airflow/.local/lib/python3.12/site-packages/airflow/example_dags/example_branch_day_of_week_operator.py
[2025-09-04T12:02:05.897+0000] {processor.py:840} INFO - DAG(s) 'example_weekday_branch_operator' retrieved from /home/airflow/.local/lib/python3.12/site-packages/airflow/example_dags/example_branch_day_of_week_operator.py
[2025-09-04T12:02:05.914+0000] {logging_mixin.py:188} INFO - [2025-09-04T12:02:05.914+0000] {dag.py:3096} INFO - Sync 1 DAGs
[2025-09-04T12:02:05.931+0000] {logging_mixin.py:188} INFO - [2025-09-04T12:02:05.931+0000] {dag.py:3954} INFO - Setting next_dagrun for example_weekday_branch_operator to 2025-09-03 00:00:00+00:00, run_after=2025-09-04 00:00:00+00:00
[2025-09-04T12:02:05.944+0000] {processor.py:183} INFO - Processing /home/airflow/.local/lib/python3.12/site-packages/airflow/example_dags/example_branch_day_of_week_operator.py took 0.067 seconds
[2025-09-04T12:02:36.580+0000] {processor.py:161} INFO - Started process (PID=208) to work on /home/airflow/.local/lib/python3.12/site-packages/airflow/example_dags/example_branch_day_of_week_operator.py
[2025-09-04T12:02:36.582+0000] {processor.py:830} INFO - Processing file /home/airflow/.local/lib/python3.12/site-packages/airflow/example_dags/example_branch_day_of_week_operator.py for tasks to queue
[2025-09-04T12:02:36.585+0000] {logging_mixin.py:188} INFO - [2025-09-04T12:02:36.585+0000] {dagbag.py:545} INFO - Filling up the DagBag from /home/airflow/.local/lib/python3.12/site-packages/airflow/example_dags/example_branch_day_of_week_operator.py
[2025-09-04T12:02:36.592+0000] {processor.py:840} INFO - DAG(s) 'example_weekday_branch_operator' retrieved from /home/airflow/.local/lib/python3.12/site-packages/airflow/example_dags/example_branch_day_of_week_operator.py
[2025-09-04T12:02:36.609+0000] {logging_mixin.py:188} INFO - [2025-09-04T12:02:36.609+0000] {dag.py:3096} INFO - Sync 1 DAGs
[2025-09-04T12:02:36.627+0000] {logging_mixin.py:188} INFO - [2025-09-04T12:02:36.626+0000] {dag.py:3954} INFO - Setting next_dagrun for example_weekday_branch_operator to 2025-09-03 00:00:00+00:00, run_after=2025-09-04 00:00:00+00:00
[2025-09-04T12:02:36.640+0000] {processor.py:183} INFO - Processing /home/airflow/.local/lib/python3.12/site-packages/airflow/example_dags/example_branch_day_of_week_operator.py took 0.065 seconds
[2025-09-04T12:03:07.380+0000] {processor.py:161} INFO - Started process (PID=266) to work on /home/airflow/.local/lib/python3.12/site-packages/airflow/example_dags/example_branch_day_of_week_operator.py
[2025-09-04T12:03:07.383+0000] {processor.py:830} INFO - Processing file /home/airflow/.local/lib/python3.12/site-packages/airflow/example_dags/example_branch_day_of_week_operator.py for tasks to queue
[2025-09-04T12:03:07.387+0000] {logging_mixin.py:188} INFO - [2025-09-04T12:03:07.386+0000] {dagbag.py:545} INFO - Filling up the DagBag from /home/airflow/.local/lib/python3.12/site-packages/airflow/example_dags/example_branch_day_of_week_operator.py
[2025-09-04T12:03:07.395+0000] {processor.py:840} INFO - DAG(s) 'example_weekday_branch_operator' retrieved from /home/airflow/.local/lib/python3.12/site-packages/airflow/example_dags/example_branch_day_of_week_operator.py
[2025-09-04T12:03:07.417+0000] {logging_mixin.py:188} INFO - [2025-09-04T12:03:07.417+0000] {dag.py:3096} INFO - Sync 1 DAGs
[2025-09-04T12:03:07.436+0000] {logging_mixin.py:188} INFO - [2025-09-04T12:03:07.436+0000] {dag.py:3954} INFO - Setting next_dagrun for example_weekday_branch_operator to 2025-09-03 00:00:00+00:00, run_after=2025-09-04 00:00:00+00:00
[2025-09-04T12:03:07.462+0000] {processor.py:183} INFO - Processing /home/airflow/.local/lib/python3.12/site-packages/airflow/example_dags/example_branch_day_of_week_operator.py took 0.093 seconds
[2025-09-04T12:03:38.222+0000] {processor.py:161} INFO - Started process (PID=324) to work on /home/airflow/.local/lib/python3.12/site-packages/airflow/example_dags/example_branch_day_of_week_operator.py
[2025-09-04T12:03:38.224+0000] {processor.py:830} INFO - Processing file /home/airflow/.local/lib/python3.12/site-packages/airflow/example_dags/example_branch_day_of_week_operator.py for tasks to queue
[2025-09-04T12:03:38.226+0000] {logging_mixin.py:188} INFO - [2025-09-04T12:03:38.225+0000] {dagbag.py:545} INFO - Filling up the DagBag from /home/airflow/.local/lib/python3.12/site-packages/airflow/example_dags/example_branch_day_of_week_operator.py
[2025-09-04T12:03:38.233+0000] {processor.py:840} INFO - DAG(s) 'example_weekday_branch_operator' retrieved from /home/airflow/.local/lib/python3.12/site-packages/airflow/example_dags/example_branch_day_of_week_operator.py
[2025-09-04T12:03:38.253+0000] {logging_mixin.py:188} INFO - [2025-09-04T12:03:38.253+0000] {dag.py:3096} INFO - Sync 1 DAGs
[2025-09-04T12:03:38.274+0000] {logging_mixin.py:188} INFO - [2025-09-04T12:03:38.274+0000] {dag.py:3954} INFO - Setting next_dagrun for example_weekday_branch_operator to 2025-09-03 00:00:00+00:00, run_after=2025-09-04 00:00:00+00:00
[2025-09-04T12:03:38.294+0000] {processor.py:183} INFO - Processing /home/airflow/.local/lib/python3.12/site-packages/airflow/example_dags/example_branch_day_of_week_operator.py took 0.077 seconds
[2025-09-04T12:04:08.554+0000] {processor.py:161} INFO - Started process (PID=382) to work on /home/airflow/.local/lib/python3.12/site-packages/airflow/example_dags/example_branch_day_of_week_operator.py
[2025-09-04T12:04:08.556+0000] {processor.py:830} INFO - Processing file /home/airflow/.local/lib/python3.12/site-packages/airflow/example_dags/example_branch_day_of_week_operator.py for tasks to queue
[2025-09-04T12:04:08.560+0000] {logging_mixin.py:188} INFO - [2025-09-04T12:04:08.560+0000] {dagbag.py:545} INFO - Filling up the DagBag from /home/airflow/.local/lib/python3.12/site-packages/airflow/example_dags/example_branch_day_of_week_operator.py
[2025-09-04T12:04:08.573+0000] {processor.py:840} INFO - DAG(s) 'example_weekday_branch_operator' retrieved from /home/airflow/.local/lib/python3.12/site-packages/airflow/example_dags/example_branch_day_of_week_operator.py
[2025-09-04T12:04:08.605+0000] {logging_mixin.py:188} INFO - [2025-09-04T12:04:08.604+0000] {dag.py:3096} INFO - Sync 1 DAGs
[2025-09-04T12:04:08.645+0000] {logging_mixin.py:188} INFO - [2025-09-04T12:04:08.645+0000] {dag.py:3954} INFO - Setting next_dagrun for example_weekday_branch_operator to 2025-09-03 00:00:00+00:00, run_after=2025-09-04 00:00:00+00:00
[2025-09-04T12:04:08.681+0000] {processor.py:183} INFO - Processing /home/airflow/.local/lib/python3.12/site-packages/airflow/example_dags/example_branch_day_of_week_operator.py took 0.139 seconds
[2025-09-04T12:04:39.539+0000] {processor.py:161} INFO - Started process (PID=440) to work on /home/airflow/.local/lib/python3.12/site-packages/airflow/example_dags/example_branch_day_of_week_operator.py
[2025-09-04T12:04:39.541+0000] {processor.py:830} INFO - Processing file /home/airflow/.local/lib/python3.12/site-packages/airflow/example_dags/example_branch_day_of_week_operator.py for tasks to queue
[2025-09-04T12:04:39.544+0000] {logging_mixin.py:188} INFO - [2025-09-04T12:04:39.543+0000] {dagbag.py:545} INFO - Filling up the DagBag from /home/airflow/.local/lib/python3.12/site-packages/airflow/example_dags/example_branch_day_of_week_operator.py
[2025-09-04T12:04:39.552+0000] {processor.py:840} INFO - DAG(s) 'example_weekday_branch_operator' retrieved from /home/airflow/.local/lib/python3.12/site-packages/airflow/example_dags/example_branch_day_of_week_operator.py
[2025-09-04T12:04:39.570+0000] {logging_mixin.py:188} INFO - [2025-09-04T12:04:39.569+0000] {dag.py:3096} INFO - Sync 1 DAGs
[2025-09-04T12:04:39.585+0000] {logging_mixin.py:188} INFO - [2025-09-04T12:04:39.585+0000] {dag.py:3954} INFO - Setting next_dagrun for example_weekday_branch_operator to 2025-09-03 00:00:00+00:00, run_after=2025-09-04 00:00:00+00:00
[2025-09-04T12:04:39.601+0000] {processor.py:183} INFO - Processing /home/airflow/.local/lib/python3.12/site-packages/airflow/example_dags/example_branch_day_of_week_operator.py took 0.070 seconds
[2025-09-04T12:05:10.285+0000] {processor.py:161} INFO - Started process (PID=498) to work on /home/airflow/.local/lib/python3.12/site-packages/airflow/example_dags/example_branch_day_of_week_operator.py
[2025-09-04T12:05:10.287+0000] {processor.py:830} INFO - Processing file /home/airflow/.local/lib/python3.12/site-packages/airflow/example_dags/example_branch_day_of_week_operator.py for tasks to queue
[2025-09-04T12:05:10.290+0000] {logging_mixin.py:188} INFO - [2025-09-04T12:05:10.290+0000] {dagbag.py:545} INFO - Filling up the DagBag from /home/airflow/.local/lib/python3.12/site-packages/airflow/example_dags/example_branch_day_of_week_operator.py
[2025-09-04T12:05:10.298+0000] {processor.py:840} INFO - DAG(s) 'example_weekday_branch_operator' retrieved from /home/airflow/.local/lib/python3.12/site-packages/airflow/example_dags/example_branch_day_of_week_operator.py
[2025-09-04T12:05:10.339+0000] {logging_mixin.py:188} INFO - [2025-09-04T12:05:10.338+0000] {dag.py:3096} INFO - Sync 1 DAGs
[2025-09-04T12:05:10.368+0000] {logging_mixin.py:188} INFO - [2025-09-04T12:05:10.368+0000] {dag.py:3954} INFO - Setting next_dagrun for example_weekday_branch_operator to 2025-09-03 00:00:00+00:00, run_after=2025-09-04 00:00:00+00:00
[2025-09-04T12:05:10.390+0000] {processor.py:183} INFO - Processing /home/airflow/.local/lib/python3.12/site-packages/airflow/example_dags/example_branch_day_of_week_operator.py took 0.110 seconds
[2025-09-04T12:05:40.562+0000] {processor.py:161} INFO - Started process (PID=556) to work on /home/airflow/.local/lib/python3.12/site-packages/airflow/example_dags/example_branch_day_of_week_operator.py
[2025-09-04T12:05:40.563+0000] {processor.py:830} INFO - Processing file /home/airflow/.local/lib/python3.12/site-packages/airflow/example_dags/example_branch_day_of_week_operator.py for tasks to queue
[2025-09-04T12:05:40.567+0000] {logging_mixin.py:188} INFO - [2025-09-04T12:05:40.567+0000] {dagbag.py:545} INFO - Filling up the DagBag from /home/airflow/.local/lib/python3.12/site-packages/airflow/example_dags/example_branch_day_of_week_operator.py
[2025-09-04T12:05:40.579+0000] {processor.py:840} INFO - DAG(s) 'example_weekday_branch_operator' retrieved from /home/airflow/.local/lib/python3.12/site-packages/airflow/example_dags/example_branch_day_of_week_operator.py
[2025-09-04T12:05:40.605+0000] {logging_mixin.py:188} INFO - [2025-09-04T12:05:40.605+0000] {dag.py:3096} INFO - Sync 1 DAGs
[2025-09-04T12:05:40.626+0000] {logging_mixin.py:188} INFO - [2025-09-04T12:05:40.626+0000] {dag.py:3954} INFO - Setting next_dagrun for example_weekday_branch_operator to 2025-09-03 00:00:00+00:00, run_after=2025-09-04 00:00:00+00:00
[2025-09-04T12:05:40.650+0000] {processor.py:183} INFO - Processing /home/airflow/.local/lib/python3.12/site-packages/airflow/example_dags/example_branch_day_of_week_operator.py took 0.098 seconds
[2025-09-04T12:06:36.910+0000] {processor.py:161} INFO - Started process (PID=92) to work on /home/airflow/.local/lib/python3.12/site-packages/airflow/example_dags/example_branch_day_of_week_operator.py
[2025-09-04T12:06:36.911+0000] {processor.py:830} INFO - Processing file /home/airflow/.local/lib/python3.12/site-packages/airflow/example_dags/example_branch_day_of_week_operator.py for tasks to queue
[2025-09-04T12:06:36.914+0000] {logging_mixin.py:188} INFO - [2025-09-04T12:06:36.914+0000] {dagbag.py:545} INFO - Filling up the DagBag from /home/airflow/.local/lib/python3.12/site-packages/airflow/example_dags/example_branch_day_of_week_operator.py
[2025-09-04T12:06:36.923+0000] {processor.py:840} INFO - DAG(s) 'example_weekday_branch_operator' retrieved from /home/airflow/.local/lib/python3.12/site-packages/airflow/example_dags/example_branch_day_of_week_operator.py
[2025-09-04T12:06:36.937+0000] {logging_mixin.py:188} INFO - [2025-09-04T12:06:36.937+0000] {dag.py:3096} INFO - Sync 1 DAGs
[2025-09-04T12:06:36.961+0000] {logging_mixin.py:188} INFO - [2025-09-04T12:06:36.960+0000] {dag.py:3954} INFO - Setting next_dagrun for example_weekday_branch_operator to 2025-09-03 00:00:00+00:00, run_after=2025-09-04 00:00:00+00:00
[2025-09-04T12:06:36.979+0000] {processor.py:183} INFO - Processing /home/airflow/.local/lib/python3.12/site-packages/airflow/example_dags/example_branch_day_of_week_operator.py took 0.074 seconds
[2025-09-04T12:07:09.473+0000] {processor.py:161} INFO - Started process (PID=156) to work on /home/airflow/.local/lib/python3.12/site-packages/airflow/example_dags/example_branch_day_of_week_operator.py
[2025-09-04T12:07:09.474+0000] {processor.py:830} INFO - Processing file /home/airflow/.local/lib/python3.12/site-packages/airflow/example_dags/example_branch_day_of_week_operator.py for tasks to queue
[2025-09-04T12:07:09.477+0000] {logging_mixin.py:188} INFO - [2025-09-04T12:07:09.476+0000] {dagbag.py:545} INFO - Filling up the DagBag from /home/airflow/.local/lib/python3.12/site-packages/airflow/example_dags/example_branch_day_of_week_operator.py
[2025-09-04T12:07:09.483+0000] {processor.py:840} INFO - DAG(s) 'example_weekday_branch_operator' retrieved from /home/airflow/.local/lib/python3.12/site-packages/airflow/example_dags/example_branch_day_of_week_operator.py
[2025-09-04T12:07:09.583+0000] {logging_mixin.py:188} INFO - [2025-09-04T12:07:09.582+0000] {dag.py:3096} INFO - Sync 1 DAGs
[2025-09-04T12:07:09.607+0000] {logging_mixin.py:188} INFO - [2025-09-04T12:07:09.607+0000] {dag.py:3954} INFO - Setting next_dagrun for example_weekday_branch_operator to 2025-09-03 00:00:00+00:00, run_after=2025-09-04 00:00:00+00:00
[2025-09-04T12:07:09.631+0000] {processor.py:183} INFO - Processing /home/airflow/.local/lib/python3.12/site-packages/airflow/example_dags/example_branch_day_of_week_operator.py took 0.162 seconds
[2025-09-04T12:07:40.395+0000] {processor.py:161} INFO - Started process (PID=214) to work on /home/airflow/.local/lib/python3.12/site-packages/airflow/example_dags/example_branch_day_of_week_operator.py
[2025-09-04T12:07:40.397+0000] {processor.py:830} INFO - Processing file /home/airflow/.local/lib/python3.12/site-packages/airflow/example_dags/example_branch_day_of_week_operator.py for tasks to queue
[2025-09-04T12:07:40.402+0000] {logging_mixin.py:188} INFO - [2025-09-04T12:07:40.401+0000] {dagbag.py:545} INFO - Filling up the DagBag from /home/airflow/.local/lib/python3.12/site-packages/airflow/example_dags/example_branch_day_of_week_operator.py
[2025-09-04T12:07:40.417+0000] {processor.py:840} INFO - DAG(s) 'example_weekday_branch_operator' retrieved from /home/airflow/.local/lib/python3.12/site-packages/airflow/example_dags/example_branch_day_of_week_operator.py
[2025-09-04T12:07:40.454+0000] {logging_mixin.py:188} INFO - [2025-09-04T12:07:40.454+0000] {dag.py:3096} INFO - Sync 1 DAGs
[2025-09-04T12:07:40.478+0000] {logging_mixin.py:188} INFO - [2025-09-04T12:07:40.478+0000] {dag.py:3954} INFO - Setting next_dagrun for example_weekday_branch_operator to 2025-09-03 00:00:00+00:00, run_after=2025-09-04 00:00:00+00:00
[2025-09-04T12:07:40.507+0000] {processor.py:183} INFO - Processing /home/airflow/.local/lib/python3.12/site-packages/airflow/example_dags/example_branch_day_of_week_operator.py took 0.121 seconds
[2025-09-04T12:08:11.261+0000] {processor.py:161} INFO - Started process (PID=272) to work on /home/airflow/.local/lib/python3.12/site-packages/airflow/example_dags/example_branch_day_of_week_operator.py
[2025-09-04T12:08:11.262+0000] {processor.py:830} INFO - Processing file /home/airflow/.local/lib/python3.12/site-packages/airflow/example_dags/example_branch_day_of_week_operator.py for tasks to queue
[2025-09-04T12:08:11.265+0000] {logging_mixin.py:188} INFO - [2025-09-04T12:08:11.264+0000] {dagbag.py:545} INFO - Filling up the DagBag from /home/airflow/.local/lib/python3.12/site-packages/airflow/example_dags/example_branch_day_of_week_operator.py
[2025-09-04T12:08:11.273+0000] {processor.py:840} INFO - DAG(s) 'example_weekday_branch_operator' retrieved from /home/airflow/.local/lib/python3.12/site-packages/airflow/example_dags/example_branch_day_of_week_operator.py
[2025-09-04T12:08:11.293+0000] {logging_mixin.py:188} INFO - [2025-09-04T12:08:11.293+0000] {dag.py:3096} INFO - Sync 1 DAGs
[2025-09-04T12:08:11.318+0000] {logging_mixin.py:188} INFO - [2025-09-04T12:08:11.317+0000] {dag.py:3954} INFO - Setting next_dagrun for example_weekday_branch_operator to 2025-09-03 00:00:00+00:00, run_after=2025-09-04 00:00:00+00:00
[2025-09-04T12:08:11.336+0000] {processor.py:183} INFO - Processing /home/airflow/.local/lib/python3.12/site-packages/airflow/example_dags/example_branch_day_of_week_operator.py took 0.080 seconds
[2025-09-04T12:08:41.902+0000] {processor.py:161} INFO - Started process (PID=330) to work on /home/airflow/.local/lib/python3.12/site-packages/airflow/example_dags/example_branch_day_of_week_operator.py
[2025-09-04T12:08:41.906+0000] {processor.py:830} INFO - Processing file /home/airflow/.local/lib/python3.12/site-packages/airflow/example_dags/example_branch_day_of_week_operator.py for tasks to queue
[2025-09-04T12:08:41.912+0000] {logging_mixin.py:188} INFO - [2025-09-04T12:08:41.911+0000] {dagbag.py:545} INFO - Filling up the DagBag from /home/airflow/.local/lib/python3.12/site-packages/airflow/example_dags/example_branch_day_of_week_operator.py
[2025-09-04T12:08:41.929+0000] {processor.py:840} INFO - DAG(s) 'example_weekday_branch_operator' retrieved from /home/airflow/.local/lib/python3.12/site-packages/airflow/example_dags/example_branch_day_of_week_operator.py
[2025-09-04T12:08:41.971+0000] {logging_mixin.py:188} INFO - [2025-09-04T12:08:41.970+0000] {dag.py:3096} INFO - Sync 1 DAGs
[2025-09-04T12:08:42.010+0000] {logging_mixin.py:188} INFO - [2025-09-04T12:08:42.009+0000] {dag.py:3954} INFO - Setting next_dagrun for example_weekday_branch_operator to 2025-09-03 00:00:00+00:00, run_after=2025-09-04 00:00:00+00:00
[2025-09-04T12:08:42.043+0000] {processor.py:183} INFO - Processing /home/airflow/.local/lib/python3.12/site-packages/airflow/example_dags/example_branch_day_of_week_operator.py took 0.153 seconds
