[2025-09-04T11:50:02.942+0000] {processor.py:161} INFO - Started process (PID=65) to work on /home/airflow/.local/lib/python3.12/site-packages/airflow/example_dags/example_task_group_decorator.py
[2025-09-04T11:50:02.943+0000] {processor.py:830} INFO - Processing file /home/airflow/.local/lib/python3.12/site-packages/airflow/example_dags/example_task_group_decorator.py for tasks to queue
[2025-09-04T11:50:02.946+0000] {logging_mixin.py:188} INFO - [2025-09-04T11:50:02.946+0000] {dagbag.py:545} INFO - Filling up the DagBag from /home/airflow/.local/lib/python3.12/site-packages/airflow/example_dags/example_task_group_decorator.py
[2025-09-04T11:50:02.963+0000] {processor.py:840} INFO - DAG(s) 'example_task_group_decorator' retrieved from /home/airflow/.local/lib/python3.12/site-packages/airflow/example_dags/example_task_group_decorator.py
[2025-09-04T11:50:03.082+0000] {logging_mixin.py:188} INFO - [2025-09-04T11:50:03.082+0000] {override.py:1829} INFO - Created Permission View: can edit on DAG:example_task_group_decorator
[2025-09-04T11:50:03.095+0000] {logging_mixin.py:188} INFO - [2025-09-04T11:50:03.095+0000] {override.py:1829} INFO - Created Permission View: can read on DAG:example_task_group_decorator
[2025-09-04T11:50:03.104+0000] {logging_mixin.py:188} INFO - [2025-09-04T11:50:03.103+0000] {override.py:1829} INFO - Created Permission View: can delete on DAG:example_task_group_decorator
[2025-09-04T11:50:03.106+0000] {logging_mixin.py:188} INFO - [2025-09-04T11:50:03.106+0000] {dag.py:3096} INFO - Sync 1 DAGs
[2025-09-04T11:50:03.122+0000] {logging_mixin.py:188} INFO - [2025-09-04T11:50:03.122+0000] {dag.py:3118} INFO - Creating ORM DAG for example_task_group_decorator
[2025-09-04T11:50:03.134+0000] {logging_mixin.py:188} INFO - [2025-09-04T11:50:03.133+0000] {dag.py:3954} INFO - Setting next_dagrun for example_task_group_decorator to 2025-09-03 00:00:00+00:00, run_after=2025-09-04 00:00:00+00:00
[2025-09-04T11:50:03.153+0000] {processor.py:183} INFO - Processing /home/airflow/.local/lib/python3.12/site-packages/airflow/example_dags/example_task_group_decorator.py took 0.218 seconds
[2025-09-04T11:50:33.414+0000] {processor.py:161} INFO - Started process (PID=123) to work on /home/airflow/.local/lib/python3.12/site-packages/airflow/example_dags/example_task_group_decorator.py
[2025-09-04T11:50:33.415+0000] {processor.py:830} INFO - Processing file /home/airflow/.local/lib/python3.12/site-packages/airflow/example_dags/example_task_group_decorator.py for tasks to queue
[2025-09-04T11:50:33.417+0000] {logging_mixin.py:188} INFO - [2025-09-04T11:50:33.417+0000] {dagbag.py:545} INFO - Filling up the DagBag from /home/airflow/.local/lib/python3.12/site-packages/airflow/example_dags/example_task_group_decorator.py
[2025-09-04T11:50:33.428+0000] {processor.py:840} INFO - DAG(s) 'example_task_group_decorator' retrieved from /home/airflow/.local/lib/python3.12/site-packages/airflow/example_dags/example_task_group_decorator.py
[2025-09-04T11:50:33.458+0000] {logging_mixin.py:188} INFO - [2025-09-04T11:50:33.457+0000] {dag.py:3096} INFO - Sync 1 DAGs
[2025-09-04T11:50:33.479+0000] {logging_mixin.py:188} INFO - [2025-09-04T11:50:33.478+0000] {dag.py:3954} INFO - Setting next_dagrun for example_task_group_decorator to 2025-09-03 00:00:00+00:00, run_after=2025-09-04 00:00:00+00:00
[2025-09-04T11:50:33.500+0000] {processor.py:183} INFO - Processing /home/airflow/.local/lib/python3.12/site-packages/airflow/example_dags/example_task_group_decorator.py took 0.093 seconds
[2025-09-04T11:51:03.645+0000] {processor.py:161} INFO - Started process (PID=181) to work on /home/airflow/.local/lib/python3.12/site-packages/airflow/example_dags/example_task_group_decorator.py
[2025-09-04T11:51:03.647+0000] {processor.py:830} INFO - Processing file /home/airflow/.local/lib/python3.12/site-packages/airflow/example_dags/example_task_group_decorator.py for tasks to queue
[2025-09-04T11:51:03.649+0000] {logging_mixin.py:188} INFO - [2025-09-04T11:51:03.649+0000] {dagbag.py:545} INFO - Filling up the DagBag from /home/airflow/.local/lib/python3.12/site-packages/airflow/example_dags/example_task_group_decorator.py
[2025-09-04T11:51:03.659+0000] {processor.py:840} INFO - DAG(s) 'example_task_group_decorator' retrieved from /home/airflow/.local/lib/python3.12/site-packages/airflow/example_dags/example_task_group_decorator.py
[2025-09-04T11:51:03.678+0000] {logging_mixin.py:188} INFO - [2025-09-04T11:51:03.678+0000] {dag.py:3096} INFO - Sync 1 DAGs
[2025-09-04T11:51:03.694+0000] {logging_mixin.py:188} INFO - [2025-09-04T11:51:03.694+0000] {dag.py:3954} INFO - Setting next_dagrun for example_task_group_decorator to 2025-09-03 00:00:00+00:00, run_after=2025-09-04 00:00:00+00:00
[2025-09-04T11:51:03.711+0000] {processor.py:183} INFO - Processing /home/airflow/.local/lib/python3.12/site-packages/airflow/example_dags/example_task_group_decorator.py took 0.072 seconds
[2025-09-04T11:51:33.982+0000] {processor.py:161} INFO - Started process (PID=238) to work on /home/airflow/.local/lib/python3.12/site-packages/airflow/example_dags/example_task_group_decorator.py
[2025-09-04T11:51:33.983+0000] {processor.py:830} INFO - Processing file /home/airflow/.local/lib/python3.12/site-packages/airflow/example_dags/example_task_group_decorator.py for tasks to queue
[2025-09-04T11:51:33.985+0000] {logging_mixin.py:188} INFO - [2025-09-04T11:51:33.985+0000] {dagbag.py:545} INFO - Filling up the DagBag from /home/airflow/.local/lib/python3.12/site-packages/airflow/example_dags/example_task_group_decorator.py
[2025-09-04T11:51:33.996+0000] {processor.py:840} INFO - DAG(s) 'example_task_group_decorator' retrieved from /home/airflow/.local/lib/python3.12/site-packages/airflow/example_dags/example_task_group_decorator.py
[2025-09-04T11:51:34.013+0000] {logging_mixin.py:188} INFO - [2025-09-04T11:51:34.013+0000] {dag.py:3096} INFO - Sync 1 DAGs
[2025-09-04T11:51:34.029+0000] {logging_mixin.py:188} INFO - [2025-09-04T11:51:34.029+0000] {dag.py:3954} INFO - Setting next_dagrun for example_task_group_decorator to 2025-09-03 00:00:00+00:00, run_after=2025-09-04 00:00:00+00:00
[2025-09-04T11:51:34.043+0000] {processor.py:183} INFO - Processing /home/airflow/.local/lib/python3.12/site-packages/airflow/example_dags/example_task_group_decorator.py took 0.067 seconds
[2025-09-04T11:52:04.607+0000] {processor.py:161} INFO - Started process (PID=302) to work on /home/airflow/.local/lib/python3.12/site-packages/airflow/example_dags/example_task_group_decorator.py
[2025-09-04T11:52:04.609+0000] {processor.py:830} INFO - Processing file /home/airflow/.local/lib/python3.12/site-packages/airflow/example_dags/example_task_group_decorator.py for tasks to queue
[2025-09-04T11:52:04.611+0000] {logging_mixin.py:188} INFO - [2025-09-04T11:52:04.611+0000] {dagbag.py:545} INFO - Filling up the DagBag from /home/airflow/.local/lib/python3.12/site-packages/airflow/example_dags/example_task_group_decorator.py
[2025-09-04T11:52:04.622+0000] {processor.py:840} INFO - DAG(s) 'example_task_group_decorator' retrieved from /home/airflow/.local/lib/python3.12/site-packages/airflow/example_dags/example_task_group_decorator.py
[2025-09-04T11:52:04.641+0000] {logging_mixin.py:188} INFO - [2025-09-04T11:52:04.641+0000] {dag.py:3096} INFO - Sync 1 DAGs
[2025-09-04T11:52:04.658+0000] {logging_mixin.py:188} INFO - [2025-09-04T11:52:04.658+0000] {dag.py:3954} INFO - Setting next_dagrun for example_task_group_decorator to 2025-09-03 00:00:00+00:00, run_after=2025-09-04 00:00:00+00:00
[2025-09-04T11:52:04.674+0000] {processor.py:183} INFO - Processing /home/airflow/.local/lib/python3.12/site-packages/airflow/example_dags/example_task_group_decorator.py took 0.073 seconds
[2025-09-04T11:52:35.044+0000] {processor.py:161} INFO - Started process (PID=360) to work on /home/airflow/.local/lib/python3.12/site-packages/airflow/example_dags/example_task_group_decorator.py
[2025-09-04T11:52:35.046+0000] {processor.py:830} INFO - Processing file /home/airflow/.local/lib/python3.12/site-packages/airflow/example_dags/example_task_group_decorator.py for tasks to queue
[2025-09-04T11:52:35.047+0000] {logging_mixin.py:188} INFO - [2025-09-04T11:52:35.047+0000] {dagbag.py:545} INFO - Filling up the DagBag from /home/airflow/.local/lib/python3.12/site-packages/airflow/example_dags/example_task_group_decorator.py
[2025-09-04T11:52:35.060+0000] {processor.py:840} INFO - DAG(s) 'example_task_group_decorator' retrieved from /home/airflow/.local/lib/python3.12/site-packages/airflow/example_dags/example_task_group_decorator.py
[2025-09-04T11:52:35.082+0000] {logging_mixin.py:188} INFO - [2025-09-04T11:52:35.082+0000] {dag.py:3096} INFO - Sync 1 DAGs
[2025-09-04T11:52:35.107+0000] {logging_mixin.py:188} INFO - [2025-09-04T11:52:35.107+0000] {dag.py:3954} INFO - Setting next_dagrun for example_task_group_decorator to 2025-09-03 00:00:00+00:00, run_after=2025-09-04 00:00:00+00:00
[2025-09-04T11:52:35.128+0000] {processor.py:183} INFO - Processing /home/airflow/.local/lib/python3.12/site-packages/airflow/example_dags/example_task_group_decorator.py took 0.090 seconds
[2025-09-04T11:53:05.229+0000] {processor.py:161} INFO - Started process (PID=418) to work on /home/airflow/.local/lib/python3.12/site-packages/airflow/example_dags/example_task_group_decorator.py
[2025-09-04T11:53:05.231+0000] {processor.py:830} INFO - Processing file /home/airflow/.local/lib/python3.12/site-packages/airflow/example_dags/example_task_group_decorator.py for tasks to queue
[2025-09-04T11:53:05.235+0000] {logging_mixin.py:188} INFO - [2025-09-04T11:53:05.235+0000] {dagbag.py:545} INFO - Filling up the DagBag from /home/airflow/.local/lib/python3.12/site-packages/airflow/example_dags/example_task_group_decorator.py
[2025-09-04T11:53:05.251+0000] {processor.py:840} INFO - DAG(s) 'example_task_group_decorator' retrieved from /home/airflow/.local/lib/python3.12/site-packages/airflow/example_dags/example_task_group_decorator.py
[2025-09-04T11:53:05.277+0000] {logging_mixin.py:188} INFO - [2025-09-04T11:53:05.277+0000] {dag.py:3096} INFO - Sync 1 DAGs
[2025-09-04T11:53:05.293+0000] {logging_mixin.py:188} INFO - [2025-09-04T11:53:05.293+0000] {dag.py:3954} INFO - Setting next_dagrun for example_task_group_decorator to 2025-09-03 00:00:00+00:00, run_after=2025-09-04 00:00:00+00:00
[2025-09-04T11:53:05.308+0000] {processor.py:183} INFO - Processing /home/airflow/.local/lib/python3.12/site-packages/airflow/example_dags/example_task_group_decorator.py took 0.088 seconds
[2025-09-04T11:53:35.597+0000] {processor.py:161} INFO - Started process (PID=476) to work on /home/airflow/.local/lib/python3.12/site-packages/airflow/example_dags/example_task_group_decorator.py
[2025-09-04T11:53:35.599+0000] {processor.py:830} INFO - Processing file /home/airflow/.local/lib/python3.12/site-packages/airflow/example_dags/example_task_group_decorator.py for tasks to queue
[2025-09-04T11:53:35.601+0000] {logging_mixin.py:188} INFO - [2025-09-04T11:53:35.601+0000] {dagbag.py:545} INFO - Filling up the DagBag from /home/airflow/.local/lib/python3.12/site-packages/airflow/example_dags/example_task_group_decorator.py
[2025-09-04T11:53:35.613+0000] {processor.py:840} INFO - DAG(s) 'example_task_group_decorator' retrieved from /home/airflow/.local/lib/python3.12/site-packages/airflow/example_dags/example_task_group_decorator.py
[2025-09-04T11:53:35.634+0000] {logging_mixin.py:188} INFO - [2025-09-04T11:53:35.634+0000] {dag.py:3096} INFO - Sync 1 DAGs
[2025-09-04T11:53:35.660+0000] {logging_mixin.py:188} INFO - [2025-09-04T11:53:35.659+0000] {dag.py:3954} INFO - Setting next_dagrun for example_task_group_decorator to 2025-09-03 00:00:00+00:00, run_after=2025-09-04 00:00:00+00:00
[2025-09-04T11:53:35.676+0000] {processor.py:183} INFO - Processing /home/airflow/.local/lib/python3.12/site-packages/airflow/example_dags/example_task_group_decorator.py took 0.084 seconds
[2025-09-04T11:54:06.485+0000] {processor.py:161} INFO - Started process (PID=534) to work on /home/airflow/.local/lib/python3.12/site-packages/airflow/example_dags/example_task_group_decorator.py
[2025-09-04T11:54:06.487+0000] {processor.py:830} INFO - Processing file /home/airflow/.local/lib/python3.12/site-packages/airflow/example_dags/example_task_group_decorator.py for tasks to queue
[2025-09-04T11:54:06.490+0000] {logging_mixin.py:188} INFO - [2025-09-04T11:54:06.489+0000] {dagbag.py:545} INFO - Filling up the DagBag from /home/airflow/.local/lib/python3.12/site-packages/airflow/example_dags/example_task_group_decorator.py
[2025-09-04T11:54:06.511+0000] {processor.py:840} INFO - DAG(s) 'example_task_group_decorator' retrieved from /home/airflow/.local/lib/python3.12/site-packages/airflow/example_dags/example_task_group_decorator.py
[2025-09-04T11:54:06.540+0000] {logging_mixin.py:188} INFO - [2025-09-04T11:54:06.539+0000] {dag.py:3096} INFO - Sync 1 DAGs
[2025-09-04T11:54:06.560+0000] {logging_mixin.py:188} INFO - [2025-09-04T11:54:06.560+0000] {dag.py:3954} INFO - Setting next_dagrun for example_task_group_decorator to 2025-09-03 00:00:00+00:00, run_after=2025-09-04 00:00:00+00:00
[2025-09-04T11:54:06.577+0000] {processor.py:183} INFO - Processing /home/airflow/.local/lib/python3.12/site-packages/airflow/example_dags/example_task_group_decorator.py took 0.098 seconds
[2025-09-04T11:54:37.116+0000] {processor.py:161} INFO - Started process (PID=592) to work on /home/airflow/.local/lib/python3.12/site-packages/airflow/example_dags/example_task_group_decorator.py
[2025-09-04T11:54:37.117+0000] {processor.py:830} INFO - Processing file /home/airflow/.local/lib/python3.12/site-packages/airflow/example_dags/example_task_group_decorator.py for tasks to queue
[2025-09-04T11:54:37.120+0000] {logging_mixin.py:188} INFO - [2025-09-04T11:54:37.119+0000] {dagbag.py:545} INFO - Filling up the DagBag from /home/airflow/.local/lib/python3.12/site-packages/airflow/example_dags/example_task_group_decorator.py
[2025-09-04T11:54:37.136+0000] {processor.py:840} INFO - DAG(s) 'example_task_group_decorator' retrieved from /home/airflow/.local/lib/python3.12/site-packages/airflow/example_dags/example_task_group_decorator.py
[2025-09-04T11:54:37.168+0000] {logging_mixin.py:188} INFO - [2025-09-04T11:54:37.168+0000] {dag.py:3096} INFO - Sync 1 DAGs
[2025-09-04T11:54:37.188+0000] {logging_mixin.py:188} INFO - [2025-09-04T11:54:37.187+0000] {dag.py:3954} INFO - Setting next_dagrun for example_task_group_decorator to 2025-09-03 00:00:00+00:00, run_after=2025-09-04 00:00:00+00:00
[2025-09-04T11:54:37.209+0000] {processor.py:183} INFO - Processing /home/airflow/.local/lib/python3.12/site-packages/airflow/example_dags/example_task_group_decorator.py took 0.105 seconds
[2025-09-04T11:55:07.281+0000] {processor.py:161} INFO - Started process (PID=650) to work on /home/airflow/.local/lib/python3.12/site-packages/airflow/example_dags/example_task_group_decorator.py
[2025-09-04T11:55:07.284+0000] {processor.py:830} INFO - Processing file /home/airflow/.local/lib/python3.12/site-packages/airflow/example_dags/example_task_group_decorator.py for tasks to queue
[2025-09-04T11:55:07.290+0000] {logging_mixin.py:188} INFO - [2025-09-04T11:55:07.289+0000] {dagbag.py:545} INFO - Filling up the DagBag from /home/airflow/.local/lib/python3.12/site-packages/airflow/example_dags/example_task_group_decorator.py
[2025-09-04T11:55:07.327+0000] {processor.py:840} INFO - DAG(s) 'example_task_group_decorator' retrieved from /home/airflow/.local/lib/python3.12/site-packages/airflow/example_dags/example_task_group_decorator.py
[2025-09-04T11:55:07.381+0000] {logging_mixin.py:188} INFO - [2025-09-04T11:55:07.381+0000] {dag.py:3096} INFO - Sync 1 DAGs
[2025-09-04T11:55:07.414+0000] {logging_mixin.py:188} INFO - [2025-09-04T11:55:07.413+0000] {dag.py:3954} INFO - Setting next_dagrun for example_task_group_decorator to 2025-09-03 00:00:00+00:00, run_after=2025-09-04 00:00:00+00:00
[2025-09-04T11:55:07.435+0000] {processor.py:183} INFO - Processing /home/airflow/.local/lib/python3.12/site-packages/airflow/example_dags/example_task_group_decorator.py took 0.164 seconds
[2025-09-04T11:55:37.579+0000] {processor.py:161} INFO - Started process (PID=708) to work on /home/airflow/.local/lib/python3.12/site-packages/airflow/example_dags/example_task_group_decorator.py
[2025-09-04T11:55:37.580+0000] {processor.py:830} INFO - Processing file /home/airflow/.local/lib/python3.12/site-packages/airflow/example_dags/example_task_group_decorator.py for tasks to queue
[2025-09-04T11:55:37.582+0000] {logging_mixin.py:188} INFO - [2025-09-04T11:55:37.582+0000] {dagbag.py:545} INFO - Filling up the DagBag from /home/airflow/.local/lib/python3.12/site-packages/airflow/example_dags/example_task_group_decorator.py
[2025-09-04T11:55:37.596+0000] {processor.py:840} INFO - DAG(s) 'example_task_group_decorator' retrieved from /home/airflow/.local/lib/python3.12/site-packages/airflow/example_dags/example_task_group_decorator.py
[2025-09-04T11:55:37.618+0000] {logging_mixin.py:188} INFO - [2025-09-04T11:55:37.618+0000] {dag.py:3096} INFO - Sync 1 DAGs
[2025-09-04T11:55:37.637+0000] {logging_mixin.py:188} INFO - [2025-09-04T11:55:37.637+0000] {dag.py:3954} INFO - Setting next_dagrun for example_task_group_decorator to 2025-09-03 00:00:00+00:00, run_after=2025-09-04 00:00:00+00:00
[2025-09-04T11:55:37.663+0000] {processor.py:183} INFO - Processing /home/airflow/.local/lib/python3.12/site-packages/airflow/example_dags/example_task_group_decorator.py took 0.091 seconds
[2025-09-04T11:56:08.333+0000] {processor.py:161} INFO - Started process (PID=766) to work on /home/airflow/.local/lib/python3.12/site-packages/airflow/example_dags/example_task_group_decorator.py
[2025-09-04T11:56:08.334+0000] {processor.py:830} INFO - Processing file /home/airflow/.local/lib/python3.12/site-packages/airflow/example_dags/example_task_group_decorator.py for tasks to queue
[2025-09-04T11:56:08.337+0000] {logging_mixin.py:188} INFO - [2025-09-04T11:56:08.336+0000] {dagbag.py:545} INFO - Filling up the DagBag from /home/airflow/.local/lib/python3.12/site-packages/airflow/example_dags/example_task_group_decorator.py
[2025-09-04T11:56:08.350+0000] {processor.py:840} INFO - DAG(s) 'example_task_group_decorator' retrieved from /home/airflow/.local/lib/python3.12/site-packages/airflow/example_dags/example_task_group_decorator.py
[2025-09-04T11:56:08.375+0000] {logging_mixin.py:188} INFO - [2025-09-04T11:56:08.375+0000] {dag.py:3096} INFO - Sync 1 DAGs
[2025-09-04T11:56:08.396+0000] {logging_mixin.py:188} INFO - [2025-09-04T11:56:08.396+0000] {dag.py:3954} INFO - Setting next_dagrun for example_task_group_decorator to 2025-09-03 00:00:00+00:00, run_after=2025-09-04 00:00:00+00:00
[2025-09-04T11:56:08.415+0000] {processor.py:183} INFO - Processing /home/airflow/.local/lib/python3.12/site-packages/airflow/example_dags/example_task_group_decorator.py took 0.090 seconds
[2025-09-04T11:56:38.645+0000] {processor.py:161} INFO - Started process (PID=824) to work on /home/airflow/.local/lib/python3.12/site-packages/airflow/example_dags/example_task_group_decorator.py
[2025-09-04T11:56:38.648+0000] {processor.py:830} INFO - Processing file /home/airflow/.local/lib/python3.12/site-packages/airflow/example_dags/example_task_group_decorator.py for tasks to queue
[2025-09-04T11:56:38.653+0000] {logging_mixin.py:188} INFO - [2025-09-04T11:56:38.653+0000] {dagbag.py:545} INFO - Filling up the DagBag from /home/airflow/.local/lib/python3.12/site-packages/airflow/example_dags/example_task_group_decorator.py
[2025-09-04T11:56:38.680+0000] {processor.py:840} INFO - DAG(s) 'example_task_group_decorator' retrieved from /home/airflow/.local/lib/python3.12/site-packages/airflow/example_dags/example_task_group_decorator.py
[2025-09-04T11:56:38.708+0000] {logging_mixin.py:188} INFO - [2025-09-04T11:56:38.707+0000] {dag.py:3096} INFO - Sync 1 DAGs
[2025-09-04T11:56:38.737+0000] {logging_mixin.py:188} INFO - [2025-09-04T11:56:38.736+0000] {dag.py:3954} INFO - Setting next_dagrun for example_task_group_decorator to 2025-09-03 00:00:00+00:00, run_after=2025-09-04 00:00:00+00:00
[2025-09-04T11:56:38.765+0000] {processor.py:183} INFO - Processing /home/airflow/.local/lib/python3.12/site-packages/airflow/example_dags/example_task_group_decorator.py took 0.129 seconds
[2025-09-04T11:57:08.921+0000] {processor.py:161} INFO - Started process (PID=882) to work on /home/airflow/.local/lib/python3.12/site-packages/airflow/example_dags/example_task_group_decorator.py
[2025-09-04T11:57:08.923+0000] {processor.py:830} INFO - Processing file /home/airflow/.local/lib/python3.12/site-packages/airflow/example_dags/example_task_group_decorator.py for tasks to queue
[2025-09-04T11:57:08.927+0000] {logging_mixin.py:188} INFO - [2025-09-04T11:57:08.926+0000] {dagbag.py:545} INFO - Filling up the DagBag from /home/airflow/.local/lib/python3.12/site-packages/airflow/example_dags/example_task_group_decorator.py
[2025-09-04T11:57:08.950+0000] {processor.py:840} INFO - DAG(s) 'example_task_group_decorator' retrieved from /home/airflow/.local/lib/python3.12/site-packages/airflow/example_dags/example_task_group_decorator.py
[2025-09-04T11:57:08.983+0000] {logging_mixin.py:188} INFO - [2025-09-04T11:57:08.983+0000] {dag.py:3096} INFO - Sync 1 DAGs
[2025-09-04T11:57:09.004+0000] {logging_mixin.py:188} INFO - [2025-09-04T11:57:09.004+0000] {dag.py:3954} INFO - Setting next_dagrun for example_task_group_decorator to 2025-09-03 00:00:00+00:00, run_after=2025-09-04 00:00:00+00:00
[2025-09-04T11:57:09.021+0000] {processor.py:183} INFO - Processing /home/airflow/.local/lib/python3.12/site-packages/airflow/example_dags/example_task_group_decorator.py took 0.108 seconds
[2025-09-04T11:57:39.091+0000] {processor.py:161} INFO - Started process (PID=939) to work on /home/airflow/.local/lib/python3.12/site-packages/airflow/example_dags/example_task_group_decorator.py
[2025-09-04T11:57:39.092+0000] {processor.py:830} INFO - Processing file /home/airflow/.local/lib/python3.12/site-packages/airflow/example_dags/example_task_group_decorator.py for tasks to queue
[2025-09-04T11:57:39.096+0000] {logging_mixin.py:188} INFO - [2025-09-04T11:57:39.095+0000] {dagbag.py:545} INFO - Filling up the DagBag from /home/airflow/.local/lib/python3.12/site-packages/airflow/example_dags/example_task_group_decorator.py
[2025-09-04T11:57:39.107+0000] {processor.py:840} INFO - DAG(s) 'example_task_group_decorator' retrieved from /home/airflow/.local/lib/python3.12/site-packages/airflow/example_dags/example_task_group_decorator.py
[2025-09-04T11:57:39.133+0000] {logging_mixin.py:188} INFO - [2025-09-04T11:57:39.133+0000] {dag.py:3096} INFO - Sync 1 DAGs
[2025-09-04T11:57:39.154+0000] {logging_mixin.py:188} INFO - [2025-09-04T11:57:39.153+0000] {dag.py:3954} INFO - Setting next_dagrun for example_task_group_decorator to 2025-09-03 00:00:00+00:00, run_after=2025-09-04 00:00:00+00:00
[2025-09-04T11:57:39.171+0000] {processor.py:183} INFO - Processing /home/airflow/.local/lib/python3.12/site-packages/airflow/example_dags/example_task_group_decorator.py took 0.088 seconds
[2025-09-04T11:58:09.470+0000] {processor.py:161} INFO - Started process (PID=998) to work on /home/airflow/.local/lib/python3.12/site-packages/airflow/example_dags/example_task_group_decorator.py
[2025-09-04T11:58:09.471+0000] {processor.py:830} INFO - Processing file /home/airflow/.local/lib/python3.12/site-packages/airflow/example_dags/example_task_group_decorator.py for tasks to queue
[2025-09-04T11:58:09.474+0000] {logging_mixin.py:188} INFO - [2025-09-04T11:58:09.473+0000] {dagbag.py:545} INFO - Filling up the DagBag from /home/airflow/.local/lib/python3.12/site-packages/airflow/example_dags/example_task_group_decorator.py
[2025-09-04T11:58:09.488+0000] {processor.py:840} INFO - DAG(s) 'example_task_group_decorator' retrieved from /home/airflow/.local/lib/python3.12/site-packages/airflow/example_dags/example_task_group_decorator.py
[2025-09-04T11:58:09.515+0000] {logging_mixin.py:188} INFO - [2025-09-04T11:58:09.515+0000] {dag.py:3096} INFO - Sync 1 DAGs
[2025-09-04T11:58:09.539+0000] {logging_mixin.py:188} INFO - [2025-09-04T11:58:09.539+0000] {dag.py:3954} INFO - Setting next_dagrun for example_task_group_decorator to 2025-09-03 00:00:00+00:00, run_after=2025-09-04 00:00:00+00:00
[2025-09-04T11:58:09.564+0000] {processor.py:183} INFO - Processing /home/airflow/.local/lib/python3.12/site-packages/airflow/example_dags/example_task_group_decorator.py took 0.100 seconds
[2025-09-04T11:58:39.722+0000] {processor.py:161} INFO - Started process (PID=1056) to work on /home/airflow/.local/lib/python3.12/site-packages/airflow/example_dags/example_task_group_decorator.py
[2025-09-04T11:58:39.724+0000] {processor.py:830} INFO - Processing file /home/airflow/.local/lib/python3.12/site-packages/airflow/example_dags/example_task_group_decorator.py for tasks to queue
[2025-09-04T11:58:39.725+0000] {logging_mixin.py:188} INFO - [2025-09-04T11:58:39.725+0000] {dagbag.py:545} INFO - Filling up the DagBag from /home/airflow/.local/lib/python3.12/site-packages/airflow/example_dags/example_task_group_decorator.py
[2025-09-04T11:58:39.737+0000] {processor.py:840} INFO - DAG(s) 'example_task_group_decorator' retrieved from /home/airflow/.local/lib/python3.12/site-packages/airflow/example_dags/example_task_group_decorator.py
[2025-09-04T11:58:39.755+0000] {logging_mixin.py:188} INFO - [2025-09-04T11:58:39.755+0000] {dag.py:3096} INFO - Sync 1 DAGs
[2025-09-04T11:58:39.773+0000] {logging_mixin.py:188} INFO - [2025-09-04T11:58:39.772+0000] {dag.py:3954} INFO - Setting next_dagrun for example_task_group_decorator to 2025-09-03 00:00:00+00:00, run_after=2025-09-04 00:00:00+00:00
[2025-09-04T11:58:39.788+0000] {processor.py:183} INFO - Processing /home/airflow/.local/lib/python3.12/site-packages/airflow/example_dags/example_task_group_decorator.py took 0.072 seconds
[2025-09-04T11:59:10.215+0000] {processor.py:161} INFO - Started process (PID=1114) to work on /home/airflow/.local/lib/python3.12/site-packages/airflow/example_dags/example_task_group_decorator.py
[2025-09-04T11:59:10.217+0000] {processor.py:830} INFO - Processing file /home/airflow/.local/lib/python3.12/site-packages/airflow/example_dags/example_task_group_decorator.py for tasks to queue
[2025-09-04T11:59:10.219+0000] {logging_mixin.py:188} INFO - [2025-09-04T11:59:10.218+0000] {dagbag.py:545} INFO - Filling up the DagBag from /home/airflow/.local/lib/python3.12/site-packages/airflow/example_dags/example_task_group_decorator.py
[2025-09-04T11:59:10.237+0000] {processor.py:840} INFO - DAG(s) 'example_task_group_decorator' retrieved from /home/airflow/.local/lib/python3.12/site-packages/airflow/example_dags/example_task_group_decorator.py
[2025-09-04T11:59:10.273+0000] {logging_mixin.py:188} INFO - [2025-09-04T11:59:10.273+0000] {dag.py:3096} INFO - Sync 1 DAGs
[2025-09-04T11:59:10.308+0000] {logging_mixin.py:188} INFO - [2025-09-04T11:59:10.307+0000] {dag.py:3954} INFO - Setting next_dagrun for example_task_group_decorator to 2025-09-03 00:00:00+00:00, run_after=2025-09-04 00:00:00+00:00
[2025-09-04T11:59:10.346+0000] {processor.py:183} INFO - Processing /home/airflow/.local/lib/python3.12/site-packages/airflow/example_dags/example_task_group_decorator.py took 0.139 seconds
[2025-09-04T11:59:40.645+0000] {processor.py:161} INFO - Started process (PID=1172) to work on /home/airflow/.local/lib/python3.12/site-packages/airflow/example_dags/example_task_group_decorator.py
[2025-09-04T11:59:40.647+0000] {processor.py:830} INFO - Processing file /home/airflow/.local/lib/python3.12/site-packages/airflow/example_dags/example_task_group_decorator.py for tasks to queue
[2025-09-04T11:59:40.649+0000] {logging_mixin.py:188} INFO - [2025-09-04T11:59:40.649+0000] {dagbag.py:545} INFO - Filling up the DagBag from /home/airflow/.local/lib/python3.12/site-packages/airflow/example_dags/example_task_group_decorator.py
[2025-09-04T11:59:40.661+0000] {processor.py:840} INFO - DAG(s) 'example_task_group_decorator' retrieved from /home/airflow/.local/lib/python3.12/site-packages/airflow/example_dags/example_task_group_decorator.py
[2025-09-04T11:59:40.684+0000] {logging_mixin.py:188} INFO - [2025-09-04T11:59:40.684+0000] {dag.py:3096} INFO - Sync 1 DAGs
[2025-09-04T11:59:40.706+0000] {logging_mixin.py:188} INFO - [2025-09-04T11:59:40.706+0000] {dag.py:3954} INFO - Setting next_dagrun for example_task_group_decorator to 2025-09-03 00:00:00+00:00, run_after=2025-09-04 00:00:00+00:00
[2025-09-04T11:59:40.725+0000] {processor.py:183} INFO - Processing /home/airflow/.local/lib/python3.12/site-packages/airflow/example_dags/example_task_group_decorator.py took 0.084 seconds
[2025-09-04T12:01:30.752+0000] {processor.py:161} INFO - Started process (PID=59) to work on /home/airflow/.local/lib/python3.12/site-packages/airflow/example_dags/example_task_group_decorator.py
[2025-09-04T12:01:30.753+0000] {processor.py:830} INFO - Processing file /home/airflow/.local/lib/python3.12/site-packages/airflow/example_dags/example_task_group_decorator.py for tasks to queue
[2025-09-04T12:01:30.756+0000] {logging_mixin.py:188} INFO - [2025-09-04T12:01:30.756+0000] {dagbag.py:545} INFO - Filling up the DagBag from /home/airflow/.local/lib/python3.12/site-packages/airflow/example_dags/example_task_group_decorator.py
[2025-09-04T12:01:30.772+0000] {processor.py:840} INFO - DAG(s) 'example_task_group_decorator' retrieved from /home/airflow/.local/lib/python3.12/site-packages/airflow/example_dags/example_task_group_decorator.py
[2025-09-04T12:01:30.882+0000] {logging_mixin.py:188} INFO - [2025-09-04T12:01:30.882+0000] {dag.py:3096} INFO - Sync 1 DAGs
[2025-09-04T12:01:30.901+0000] {logging_mixin.py:188} INFO - [2025-09-04T12:01:30.901+0000] {dag.py:3954} INFO - Setting next_dagrun for example_task_group_decorator to 2025-09-03 00:00:00+00:00, run_after=2025-09-04 00:00:00+00:00
[2025-09-04T12:01:30.921+0000] {processor.py:183} INFO - Processing /home/airflow/.local/lib/python3.12/site-packages/airflow/example_dags/example_task_group_decorator.py took 0.178 seconds
[2025-09-04T12:02:01.026+0000] {processor.py:161} INFO - Started process (PID=117) to work on /home/airflow/.local/lib/python3.12/site-packages/airflow/example_dags/example_task_group_decorator.py
[2025-09-04T12:02:01.027+0000] {processor.py:830} INFO - Processing file /home/airflow/.local/lib/python3.12/site-packages/airflow/example_dags/example_task_group_decorator.py for tasks to queue
[2025-09-04T12:02:01.029+0000] {logging_mixin.py:188} INFO - [2025-09-04T12:02:01.029+0000] {dagbag.py:545} INFO - Filling up the DagBag from /home/airflow/.local/lib/python3.12/site-packages/airflow/example_dags/example_task_group_decorator.py
[2025-09-04T12:02:01.045+0000] {processor.py:840} INFO - DAG(s) 'example_task_group_decorator' retrieved from /home/airflow/.local/lib/python3.12/site-packages/airflow/example_dags/example_task_group_decorator.py
[2025-09-04T12:02:01.080+0000] {logging_mixin.py:188} INFO - [2025-09-04T12:02:01.080+0000] {dag.py:3096} INFO - Sync 1 DAGs
[2025-09-04T12:02:01.097+0000] {logging_mixin.py:188} INFO - [2025-09-04T12:02:01.097+0000] {dag.py:3954} INFO - Setting next_dagrun for example_task_group_decorator to 2025-09-03 00:00:00+00:00, run_after=2025-09-04 00:00:00+00:00
[2025-09-04T12:02:01.115+0000] {processor.py:183} INFO - Processing /home/airflow/.local/lib/python3.12/site-packages/airflow/example_dags/example_task_group_decorator.py took 0.096 seconds
[2025-09-04T12:02:31.638+0000] {processor.py:161} INFO - Started process (PID=175) to work on /home/airflow/.local/lib/python3.12/site-packages/airflow/example_dags/example_task_group_decorator.py
[2025-09-04T12:02:31.642+0000] {processor.py:830} INFO - Processing file /home/airflow/.local/lib/python3.12/site-packages/airflow/example_dags/example_task_group_decorator.py for tasks to queue
[2025-09-04T12:02:31.648+0000] {logging_mixin.py:188} INFO - [2025-09-04T12:02:31.647+0000] {dagbag.py:545} INFO - Filling up the DagBag from /home/airflow/.local/lib/python3.12/site-packages/airflow/example_dags/example_task_group_decorator.py
[2025-09-04T12:02:31.678+0000] {processor.py:840} INFO - DAG(s) 'example_task_group_decorator' retrieved from /home/airflow/.local/lib/python3.12/site-packages/airflow/example_dags/example_task_group_decorator.py
[2025-09-04T12:02:31.732+0000] {logging_mixin.py:188} INFO - [2025-09-04T12:02:31.731+0000] {dag.py:3096} INFO - Sync 1 DAGs
[2025-09-04T12:02:31.768+0000] {logging_mixin.py:188} INFO - [2025-09-04T12:02:31.767+0000] {dag.py:3954} INFO - Setting next_dagrun for example_task_group_decorator to 2025-09-03 00:00:00+00:00, run_after=2025-09-04 00:00:00+00:00
[2025-09-04T12:02:31.801+0000] {processor.py:183} INFO - Processing /home/airflow/.local/lib/python3.12/site-packages/airflow/example_dags/example_task_group_decorator.py took 0.170 seconds
[2025-09-04T12:03:02.063+0000] {processor.py:161} INFO - Started process (PID=233) to work on /home/airflow/.local/lib/python3.12/site-packages/airflow/example_dags/example_task_group_decorator.py
[2025-09-04T12:03:02.064+0000] {processor.py:830} INFO - Processing file /home/airflow/.local/lib/python3.12/site-packages/airflow/example_dags/example_task_group_decorator.py for tasks to queue
[2025-09-04T12:03:02.066+0000] {logging_mixin.py:188} INFO - [2025-09-04T12:03:02.066+0000] {dagbag.py:545} INFO - Filling up the DagBag from /home/airflow/.local/lib/python3.12/site-packages/airflow/example_dags/example_task_group_decorator.py
[2025-09-04T12:03:02.076+0000] {processor.py:840} INFO - DAG(s) 'example_task_group_decorator' retrieved from /home/airflow/.local/lib/python3.12/site-packages/airflow/example_dags/example_task_group_decorator.py
[2025-09-04T12:03:02.095+0000] {logging_mixin.py:188} INFO - [2025-09-04T12:03:02.094+0000] {dag.py:3096} INFO - Sync 1 DAGs
[2025-09-04T12:03:02.112+0000] {logging_mixin.py:188} INFO - [2025-09-04T12:03:02.112+0000] {dag.py:3954} INFO - Setting next_dagrun for example_task_group_decorator to 2025-09-03 00:00:00+00:00, run_after=2025-09-04 00:00:00+00:00
[2025-09-04T12:03:02.128+0000] {processor.py:183} INFO - Processing /home/airflow/.local/lib/python3.12/site-packages/airflow/example_dags/example_task_group_decorator.py took 0.070 seconds
[2025-09-04T12:03:32.408+0000] {processor.py:161} INFO - Started process (PID=291) to work on /home/airflow/.local/lib/python3.12/site-packages/airflow/example_dags/example_task_group_decorator.py
[2025-09-04T12:03:32.412+0000] {processor.py:830} INFO - Processing file /home/airflow/.local/lib/python3.12/site-packages/airflow/example_dags/example_task_group_decorator.py for tasks to queue
[2025-09-04T12:03:32.419+0000] {logging_mixin.py:188} INFO - [2025-09-04T12:03:32.418+0000] {dagbag.py:545} INFO - Filling up the DagBag from /home/airflow/.local/lib/python3.12/site-packages/airflow/example_dags/example_task_group_decorator.py
[2025-09-04T12:03:32.451+0000] {processor.py:840} INFO - DAG(s) 'example_task_group_decorator' retrieved from /home/airflow/.local/lib/python3.12/site-packages/airflow/example_dags/example_task_group_decorator.py
[2025-09-04T12:03:32.497+0000] {logging_mixin.py:188} INFO - [2025-09-04T12:03:32.496+0000] {dag.py:3096} INFO - Sync 1 DAGs
[2025-09-04T12:03:32.553+0000] {logging_mixin.py:188} INFO - [2025-09-04T12:03:32.553+0000] {dag.py:3954} INFO - Setting next_dagrun for example_task_group_decorator to 2025-09-03 00:00:00+00:00, run_after=2025-09-04 00:00:00+00:00
[2025-09-04T12:03:32.593+0000] {processor.py:183} INFO - Processing /home/airflow/.local/lib/python3.12/site-packages/airflow/example_dags/example_task_group_decorator.py took 0.203 seconds
[2025-09-04T12:04:03.094+0000] {processor.py:161} INFO - Started process (PID=349) to work on /home/airflow/.local/lib/python3.12/site-packages/airflow/example_dags/example_task_group_decorator.py
[2025-09-04T12:04:03.096+0000] {processor.py:830} INFO - Processing file /home/airflow/.local/lib/python3.12/site-packages/airflow/example_dags/example_task_group_decorator.py for tasks to queue
[2025-09-04T12:04:03.098+0000] {logging_mixin.py:188} INFO - [2025-09-04T12:04:03.098+0000] {dagbag.py:545} INFO - Filling up the DagBag from /home/airflow/.local/lib/python3.12/site-packages/airflow/example_dags/example_task_group_decorator.py
[2025-09-04T12:04:03.116+0000] {processor.py:840} INFO - DAG(s) 'example_task_group_decorator' retrieved from /home/airflow/.local/lib/python3.12/site-packages/airflow/example_dags/example_task_group_decorator.py
[2025-09-04T12:04:03.141+0000] {logging_mixin.py:188} INFO - [2025-09-04T12:04:03.141+0000] {dag.py:3096} INFO - Sync 1 DAGs
[2025-09-04T12:04:03.159+0000] {logging_mixin.py:188} INFO - [2025-09-04T12:04:03.159+0000] {dag.py:3954} INFO - Setting next_dagrun for example_task_group_decorator to 2025-09-03 00:00:00+00:00, run_after=2025-09-04 00:00:00+00:00
[2025-09-04T12:04:03.187+0000] {processor.py:183} INFO - Processing /home/airflow/.local/lib/python3.12/site-packages/airflow/example_dags/example_task_group_decorator.py took 0.099 seconds
[2025-09-04T12:04:33.465+0000] {processor.py:161} INFO - Started process (PID=413) to work on /home/airflow/.local/lib/python3.12/site-packages/airflow/example_dags/example_task_group_decorator.py
[2025-09-04T12:04:33.467+0000] {processor.py:830} INFO - Processing file /home/airflow/.local/lib/python3.12/site-packages/airflow/example_dags/example_task_group_decorator.py for tasks to queue
[2025-09-04T12:04:33.469+0000] {logging_mixin.py:188} INFO - [2025-09-04T12:04:33.469+0000] {dagbag.py:545} INFO - Filling up the DagBag from /home/airflow/.local/lib/python3.12/site-packages/airflow/example_dags/example_task_group_decorator.py
[2025-09-04T12:04:33.491+0000] {processor.py:840} INFO - DAG(s) 'example_task_group_decorator' retrieved from /home/airflow/.local/lib/python3.12/site-packages/airflow/example_dags/example_task_group_decorator.py
[2025-09-04T12:04:33.533+0000] {logging_mixin.py:188} INFO - [2025-09-04T12:04:33.533+0000] {dag.py:3096} INFO - Sync 1 DAGs
[2025-09-04T12:04:33.561+0000] {logging_mixin.py:188} INFO - [2025-09-04T12:04:33.561+0000] {dag.py:3954} INFO - Setting next_dagrun for example_task_group_decorator to 2025-09-03 00:00:00+00:00, run_after=2025-09-04 00:00:00+00:00
[2025-09-04T12:04:33.578+0000] {processor.py:183} INFO - Processing /home/airflow/.local/lib/python3.12/site-packages/airflow/example_dags/example_task_group_decorator.py took 0.124 seconds
[2025-09-04T12:05:04.090+0000] {processor.py:161} INFO - Started process (PID=471) to work on /home/airflow/.local/lib/python3.12/site-packages/airflow/example_dags/example_task_group_decorator.py
[2025-09-04T12:05:04.091+0000] {processor.py:830} INFO - Processing file /home/airflow/.local/lib/python3.12/site-packages/airflow/example_dags/example_task_group_decorator.py for tasks to queue
[2025-09-04T12:05:04.093+0000] {logging_mixin.py:188} INFO - [2025-09-04T12:05:04.093+0000] {dagbag.py:545} INFO - Filling up the DagBag from /home/airflow/.local/lib/python3.12/site-packages/airflow/example_dags/example_task_group_decorator.py
[2025-09-04T12:05:04.108+0000] {processor.py:840} INFO - DAG(s) 'example_task_group_decorator' retrieved from /home/airflow/.local/lib/python3.12/site-packages/airflow/example_dags/example_task_group_decorator.py
[2025-09-04T12:05:04.132+0000] {logging_mixin.py:188} INFO - [2025-09-04T12:05:04.132+0000] {dag.py:3096} INFO - Sync 1 DAGs
[2025-09-04T12:05:04.156+0000] {logging_mixin.py:188} INFO - [2025-09-04T12:05:04.155+0000] {dag.py:3954} INFO - Setting next_dagrun for example_task_group_decorator to 2025-09-03 00:00:00+00:00, run_after=2025-09-04 00:00:00+00:00
[2025-09-04T12:05:04.177+0000] {processor.py:183} INFO - Processing /home/airflow/.local/lib/python3.12/site-packages/airflow/example_dags/example_task_group_decorator.py took 0.093 seconds
[2025-09-04T12:05:34.440+0000] {processor.py:161} INFO - Started process (PID=529) to work on /home/airflow/.local/lib/python3.12/site-packages/airflow/example_dags/example_task_group_decorator.py
[2025-09-04T12:05:34.441+0000] {processor.py:830} INFO - Processing file /home/airflow/.local/lib/python3.12/site-packages/airflow/example_dags/example_task_group_decorator.py for tasks to queue
[2025-09-04T12:05:34.443+0000] {logging_mixin.py:188} INFO - [2025-09-04T12:05:34.443+0000] {dagbag.py:545} INFO - Filling up the DagBag from /home/airflow/.local/lib/python3.12/site-packages/airflow/example_dags/example_task_group_decorator.py
[2025-09-04T12:05:34.458+0000] {processor.py:840} INFO - DAG(s) 'example_task_group_decorator' retrieved from /home/airflow/.local/lib/python3.12/site-packages/airflow/example_dags/example_task_group_decorator.py
[2025-09-04T12:05:34.485+0000] {logging_mixin.py:188} INFO - [2025-09-04T12:05:34.485+0000] {dag.py:3096} INFO - Sync 1 DAGs
[2025-09-04T12:05:34.515+0000] {logging_mixin.py:188} INFO - [2025-09-04T12:05:34.515+0000] {dag.py:3954} INFO - Setting next_dagrun for example_task_group_decorator to 2025-09-03 00:00:00+00:00, run_after=2025-09-04 00:00:00+00:00
[2025-09-04T12:05:34.537+0000] {processor.py:183} INFO - Processing /home/airflow/.local/lib/python3.12/site-packages/airflow/example_dags/example_task_group_decorator.py took 0.103 seconds
[2025-09-04T12:06:34.929+0000] {processor.py:161} INFO - Started process (PID=65) to work on /home/airflow/.local/lib/python3.12/site-packages/airflow/example_dags/example_task_group_decorator.py
[2025-09-04T12:06:34.931+0000] {processor.py:830} INFO - Processing file /home/airflow/.local/lib/python3.12/site-packages/airflow/example_dags/example_task_group_decorator.py for tasks to queue
[2025-09-04T12:06:34.934+0000] {logging_mixin.py:188} INFO - [2025-09-04T12:06:34.933+0000] {dagbag.py:545} INFO - Filling up the DagBag from /home/airflow/.local/lib/python3.12/site-packages/airflow/example_dags/example_task_group_decorator.py
[2025-09-04T12:06:34.954+0000] {processor.py:840} INFO - DAG(s) 'example_task_group_decorator' retrieved from /home/airflow/.local/lib/python3.12/site-packages/airflow/example_dags/example_task_group_decorator.py
[2025-09-04T12:06:34.968+0000] {logging_mixin.py:188} INFO - [2025-09-04T12:06:34.968+0000] {dag.py:3096} INFO - Sync 1 DAGs
[2025-09-04T12:06:35.000+0000] {logging_mixin.py:188} INFO - [2025-09-04T12:06:35.000+0000] {dag.py:3954} INFO - Setting next_dagrun for example_task_group_decorator to 2025-09-03 00:00:00+00:00, run_after=2025-09-04 00:00:00+00:00
[2025-09-04T12:06:35.019+0000] {processor.py:183} INFO - Processing /home/airflow/.local/lib/python3.12/site-packages/airflow/example_dags/example_task_group_decorator.py took 0.104 seconds
[2025-09-04T12:07:05.681+0000] {processor.py:161} INFO - Started process (PID=123) to work on /home/airflow/.local/lib/python3.12/site-packages/airflow/example_dags/example_task_group_decorator.py
[2025-09-04T12:07:05.682+0000] {processor.py:830} INFO - Processing file /home/airflow/.local/lib/python3.12/site-packages/airflow/example_dags/example_task_group_decorator.py for tasks to queue
[2025-09-04T12:07:05.685+0000] {logging_mixin.py:188} INFO - [2025-09-04T12:07:05.684+0000] {dagbag.py:545} INFO - Filling up the DagBag from /home/airflow/.local/lib/python3.12/site-packages/airflow/example_dags/example_task_group_decorator.py
[2025-09-04T12:07:05.702+0000] {processor.py:840} INFO - DAG(s) 'example_task_group_decorator' retrieved from /home/airflow/.local/lib/python3.12/site-packages/airflow/example_dags/example_task_group_decorator.py
[2025-09-04T12:07:05.810+0000] {logging_mixin.py:188} INFO - [2025-09-04T12:07:05.810+0000] {dag.py:3096} INFO - Sync 1 DAGs
[2025-09-04T12:07:05.827+0000] {logging_mixin.py:188} INFO - [2025-09-04T12:07:05.826+0000] {dag.py:3954} INFO - Setting next_dagrun for example_task_group_decorator to 2025-09-03 00:00:00+00:00, run_after=2025-09-04 00:00:00+00:00
[2025-09-04T12:07:05.845+0000] {processor.py:183} INFO - Processing /home/airflow/.local/lib/python3.12/site-packages/airflow/example_dags/example_task_group_decorator.py took 0.171 seconds
[2025-09-04T12:07:36.200+0000] {processor.py:161} INFO - Started process (PID=181) to work on /home/airflow/.local/lib/python3.12/site-packages/airflow/example_dags/example_task_group_decorator.py
[2025-09-04T12:07:36.201+0000] {processor.py:830} INFO - Processing file /home/airflow/.local/lib/python3.12/site-packages/airflow/example_dags/example_task_group_decorator.py for tasks to queue
[2025-09-04T12:07:36.205+0000] {logging_mixin.py:188} INFO - [2025-09-04T12:07:36.204+0000] {dagbag.py:545} INFO - Filling up the DagBag from /home/airflow/.local/lib/python3.12/site-packages/airflow/example_dags/example_task_group_decorator.py
[2025-09-04T12:07:36.227+0000] {processor.py:840} INFO - DAG(s) 'example_task_group_decorator' retrieved from /home/airflow/.local/lib/python3.12/site-packages/airflow/example_dags/example_task_group_decorator.py
[2025-09-04T12:07:36.267+0000] {logging_mixin.py:188} INFO - [2025-09-04T12:07:36.267+0000] {dag.py:3096} INFO - Sync 1 DAGs
[2025-09-04T12:07:36.305+0000] {logging_mixin.py:188} INFO - [2025-09-04T12:07:36.304+0000] {dag.py:3954} INFO - Setting next_dagrun for example_task_group_decorator to 2025-09-03 00:00:00+00:00, run_after=2025-09-04 00:00:00+00:00
[2025-09-04T12:07:36.347+0000] {processor.py:183} INFO - Processing /home/airflow/.local/lib/python3.12/site-packages/airflow/example_dags/example_task_group_decorator.py took 0.157 seconds
[2025-09-04T12:08:06.501+0000] {processor.py:161} INFO - Started process (PID=239) to work on /home/airflow/.local/lib/python3.12/site-packages/airflow/example_dags/example_task_group_decorator.py
[2025-09-04T12:08:06.502+0000] {processor.py:830} INFO - Processing file /home/airflow/.local/lib/python3.12/site-packages/airflow/example_dags/example_task_group_decorator.py for tasks to queue
[2025-09-04T12:08:06.504+0000] {logging_mixin.py:188} INFO - [2025-09-04T12:08:06.504+0000] {dagbag.py:545} INFO - Filling up the DagBag from /home/airflow/.local/lib/python3.12/site-packages/airflow/example_dags/example_task_group_decorator.py
[2025-09-04T12:08:06.514+0000] {processor.py:840} INFO - DAG(s) 'example_task_group_decorator' retrieved from /home/airflow/.local/lib/python3.12/site-packages/airflow/example_dags/example_task_group_decorator.py
[2025-09-04T12:08:06.532+0000] {logging_mixin.py:188} INFO - [2025-09-04T12:08:06.532+0000] {dag.py:3096} INFO - Sync 1 DAGs
[2025-09-04T12:08:06.549+0000] {logging_mixin.py:188} INFO - [2025-09-04T12:08:06.549+0000] {dag.py:3954} INFO - Setting next_dagrun for example_task_group_decorator to 2025-09-03 00:00:00+00:00, run_after=2025-09-04 00:00:00+00:00
[2025-09-04T12:08:06.563+0000] {processor.py:183} INFO - Processing /home/airflow/.local/lib/python3.12/site-packages/airflow/example_dags/example_task_group_decorator.py took 0.067 seconds
[2025-09-04T12:08:37.344+0000] {processor.py:161} INFO - Started process (PID=297) to work on /home/airflow/.local/lib/python3.12/site-packages/airflow/example_dags/example_task_group_decorator.py
[2025-09-04T12:08:37.350+0000] {processor.py:830} INFO - Processing file /home/airflow/.local/lib/python3.12/site-packages/airflow/example_dags/example_task_group_decorator.py for tasks to queue
[2025-09-04T12:08:37.356+0000] {logging_mixin.py:188} INFO - [2025-09-04T12:08:37.355+0000] {dagbag.py:545} INFO - Filling up the DagBag from /home/airflow/.local/lib/python3.12/site-packages/airflow/example_dags/example_task_group_decorator.py
[2025-09-04T12:08:37.376+0000] {processor.py:840} INFO - DAG(s) 'example_task_group_decorator' retrieved from /home/airflow/.local/lib/python3.12/site-packages/airflow/example_dags/example_task_group_decorator.py
[2025-09-04T12:08:37.400+0000] {logging_mixin.py:188} INFO - [2025-09-04T12:08:37.399+0000] {dag.py:3096} INFO - Sync 1 DAGs
[2025-09-04T12:08:37.419+0000] {logging_mixin.py:188} INFO - [2025-09-04T12:08:37.419+0000] {dag.py:3954} INFO - Setting next_dagrun for example_task_group_decorator to 2025-09-03 00:00:00+00:00, run_after=2025-09-04 00:00:00+00:00
[2025-09-04T12:08:37.436+0000] {processor.py:183} INFO - Processing /home/airflow/.local/lib/python3.12/site-packages/airflow/example_dags/example_task_group_decorator.py took 0.101 seconds
