[2025-09-04T11:50:01.630+0000] {processor.py:161} INFO - Started process (PID=59) to work on /home/airflow/.local/lib/python3.12/site-packages/airflow/example_dags/example_branch_datetime_operator.py
[2025-09-04T11:50:01.635+0000] {processor.py:830} INFO - Processing file /home/airflow/.local/lib/python3.12/site-packages/airflow/example_dags/example_branch_datetime_operator.py for tasks to queue
[2025-09-04T11:50:01.638+0000] {logging_mixin.py:188} INFO - [2025-09-04T11:50:01.637+0000] {dagbag.py:545} INFO - Filling up the DagBag from /home/airflow/.local/lib/python3.12/site-packages/airflow/example_dags/example_branch_datetime_operator.py
[2025-09-04T11:50:01.666+0000] {processor.py:840} INFO - DAG(s) 'example_branch_datetime_operator', 'example_branch_datetime_operator_3', 'example_branch_datetime_operator_2' retrieved from /home/airflow/.local/lib/python3.12/site-packages/airflow/example_dags/example_branch_datetime_operator.py
[2025-09-04T11:50:01.859+0000] {logging_mixin.py:188} INFO - [2025-09-04T11:50:01.858+0000] {override.py:1829} INFO - Created Permission View: can edit on DAG:example_branch_datetime_operator
[2025-09-04T11:50:01.875+0000] {logging_mixin.py:188} INFO - [2025-09-04T11:50:01.875+0000] {override.py:1829} INFO - Created Permission View: can read on DAG:example_branch_datetime_operator
[2025-09-04T11:50:01.886+0000] {logging_mixin.py:188} INFO - [2025-09-04T11:50:01.886+0000] {override.py:1829} INFO - Created Permission View: can delete on DAG:example_branch_datetime_operator
[2025-09-04T11:50:01.904+0000] {logging_mixin.py:188} INFO - [2025-09-04T11:50:01.903+0000] {override.py:1829} INFO - Created Permission View: can edit on DAG:example_branch_datetime_operator_3
[2025-09-04T11:50:01.912+0000] {logging_mixin.py:188} INFO - [2025-09-04T11:50:01.912+0000] {override.py:1829} INFO - Created Permission View: can read on DAG:example_branch_datetime_operator_3
[2025-09-04T11:50:01.920+0000] {logging_mixin.py:188} INFO - [2025-09-04T11:50:01.920+0000] {override.py:1829} INFO - Created Permission View: can delete on DAG:example_branch_datetime_operator_3
[2025-09-04T11:50:01.934+0000] {logging_mixin.py:188} INFO - [2025-09-04T11:50:01.934+0000] {override.py:1829} INFO - Created Permission View: can edit on DAG:example_branch_datetime_operator_2
[2025-09-04T11:50:01.942+0000] {logging_mixin.py:188} INFO - [2025-09-04T11:50:01.942+0000] {override.py:1829} INFO - Created Permission View: can read on DAG:example_branch_datetime_operator_2
[2025-09-04T11:50:01.950+0000] {logging_mixin.py:188} INFO - [2025-09-04T11:50:01.950+0000] {override.py:1829} INFO - Created Permission View: can delete on DAG:example_branch_datetime_operator_2
[2025-09-04T11:50:01.951+0000] {logging_mixin.py:188} INFO - [2025-09-04T11:50:01.951+0000] {dag.py:3096} INFO - Sync 3 DAGs
[2025-09-04T11:50:01.972+0000] {logging_mixin.py:188} INFO - [2025-09-04T11:50:01.971+0000] {dag.py:3118} INFO - Creating ORM DAG for example_branch_datetime_operator_2
[2025-09-04T11:50:01.973+0000] {logging_mixin.py:188} INFO - [2025-09-04T11:50:01.973+0000] {dag.py:3118} INFO - Creating ORM DAG for example_branch_datetime_operator_3
[2025-09-04T11:50:01.975+0000] {logging_mixin.py:188} INFO - [2025-09-04T11:50:01.974+0000] {dag.py:3118} INFO - Creating ORM DAG for example_branch_datetime_operator
[2025-09-04T11:50:01.989+0000] {logging_mixin.py:188} INFO - [2025-09-04T11:50:01.989+0000] {dag.py:3954} INFO - Setting next_dagrun for example_branch_datetime_operator to 2025-09-03 00:00:00+00:00, run_after=2025-09-04 00:00:00+00:00
[2025-09-04T11:50:01.992+0000] {logging_mixin.py:188} INFO - [2025-09-04T11:50:01.991+0000] {dag.py:3954} INFO - Setting next_dagrun for example_branch_datetime_operator_2 to 2025-09-03 00:00:00+00:00, run_after=2025-09-04 00:00:00+00:00
[2025-09-04T11:50:01.995+0000] {logging_mixin.py:188} INFO - [2025-09-04T11:50:01.995+0000] {dag.py:3954} INFO - Setting next_dagrun for example_branch_datetime_operator_3 to 2025-09-03 00:00:00+00:00, run_after=2025-09-04 00:00:00+00:00
[2025-09-04T11:50:02.019+0000] {processor.py:183} INFO - Processing /home/airflow/.local/lib/python3.12/site-packages/airflow/example_dags/example_branch_datetime_operator.py took 0.402 seconds
[2025-09-04T11:50:32.661+0000] {processor.py:161} INFO - Started process (PID=117) to work on /home/airflow/.local/lib/python3.12/site-packages/airflow/example_dags/example_branch_datetime_operator.py
[2025-09-04T11:50:32.662+0000] {processor.py:830} INFO - Processing file /home/airflow/.local/lib/python3.12/site-packages/airflow/example_dags/example_branch_datetime_operator.py for tasks to queue
[2025-09-04T11:50:32.665+0000] {logging_mixin.py:188} INFO - [2025-09-04T11:50:32.664+0000] {dagbag.py:545} INFO - Filling up the DagBag from /home/airflow/.local/lib/python3.12/site-packages/airflow/example_dags/example_branch_datetime_operator.py
[2025-09-04T11:50:32.674+0000] {processor.py:840} INFO - DAG(s) 'example_branch_datetime_operator_3', 'example_branch_datetime_operator', 'example_branch_datetime_operator_2' retrieved from /home/airflow/.local/lib/python3.12/site-packages/airflow/example_dags/example_branch_datetime_operator.py
[2025-09-04T11:50:32.704+0000] {logging_mixin.py:188} INFO - [2025-09-04T11:50:32.704+0000] {dag.py:3096} INFO - Sync 3 DAGs
[2025-09-04T11:50:32.734+0000] {logging_mixin.py:188} INFO - [2025-09-04T11:50:32.734+0000] {dag.py:3954} INFO - Setting next_dagrun for example_branch_datetime_operator to 2025-09-03 00:00:00+00:00, run_after=2025-09-04 00:00:00+00:00
[2025-09-04T11:50:32.740+0000] {logging_mixin.py:188} INFO - [2025-09-04T11:50:32.740+0000] {dag.py:3954} INFO - Setting next_dagrun for example_branch_datetime_operator_2 to 2025-09-03 00:00:00+00:00, run_after=2025-09-04 00:00:00+00:00
[2025-09-04T11:50:32.744+0000] {logging_mixin.py:188} INFO - [2025-09-04T11:50:32.744+0000] {dag.py:3954} INFO - Setting next_dagrun for example_branch_datetime_operator_3 to 2025-09-03 00:00:00+00:00, run_after=2025-09-04 00:00:00+00:00
[2025-09-04T11:50:32.764+0000] {processor.py:183} INFO - Processing /home/airflow/.local/lib/python3.12/site-packages/airflow/example_dags/example_branch_datetime_operator.py took 0.108 seconds
[2025-09-04T11:51:03.184+0000] {processor.py:161} INFO - Started process (PID=175) to work on /home/airflow/.local/lib/python3.12/site-packages/airflow/example_dags/example_branch_datetime_operator.py
[2025-09-04T11:51:03.186+0000] {processor.py:830} INFO - Processing file /home/airflow/.local/lib/python3.12/site-packages/airflow/example_dags/example_branch_datetime_operator.py for tasks to queue
[2025-09-04T11:51:03.188+0000] {logging_mixin.py:188} INFO - [2025-09-04T11:51:03.188+0000] {dagbag.py:545} INFO - Filling up the DagBag from /home/airflow/.local/lib/python3.12/site-packages/airflow/example_dags/example_branch_datetime_operator.py
[2025-09-04T11:51:03.196+0000] {processor.py:840} INFO - DAG(s) 'example_branch_datetime_operator_3', 'example_branch_datetime_operator', 'example_branch_datetime_operator_2' retrieved from /home/airflow/.local/lib/python3.12/site-packages/airflow/example_dags/example_branch_datetime_operator.py
[2025-09-04T11:51:03.235+0000] {logging_mixin.py:188} INFO - [2025-09-04T11:51:03.234+0000] {dag.py:3096} INFO - Sync 3 DAGs
[2025-09-04T11:51:03.269+0000] {logging_mixin.py:188} INFO - [2025-09-04T11:51:03.268+0000] {dag.py:3954} INFO - Setting next_dagrun for example_branch_datetime_operator to 2025-09-03 00:00:00+00:00, run_after=2025-09-04 00:00:00+00:00
[2025-09-04T11:51:03.280+0000] {logging_mixin.py:188} INFO - [2025-09-04T11:51:03.280+0000] {dag.py:3954} INFO - Setting next_dagrun for example_branch_datetime_operator_2 to 2025-09-03 00:00:00+00:00, run_after=2025-09-04 00:00:00+00:00
[2025-09-04T11:51:03.286+0000] {logging_mixin.py:188} INFO - [2025-09-04T11:51:03.285+0000] {dag.py:3954} INFO - Setting next_dagrun for example_branch_datetime_operator_3 to 2025-09-03 00:00:00+00:00, run_after=2025-09-04 00:00:00+00:00
[2025-09-04T11:51:03.318+0000] {processor.py:183} INFO - Processing /home/airflow/.local/lib/python3.12/site-packages/airflow/example_dags/example_branch_datetime_operator.py took 0.138 seconds
[2025-09-04T11:51:33.445+0000] {processor.py:161} INFO - Started process (PID=232) to work on /home/airflow/.local/lib/python3.12/site-packages/airflow/example_dags/example_branch_datetime_operator.py
[2025-09-04T11:51:33.447+0000] {processor.py:830} INFO - Processing file /home/airflow/.local/lib/python3.12/site-packages/airflow/example_dags/example_branch_datetime_operator.py for tasks to queue
[2025-09-04T11:51:33.450+0000] {logging_mixin.py:188} INFO - [2025-09-04T11:51:33.450+0000] {dagbag.py:545} INFO - Filling up the DagBag from /home/airflow/.local/lib/python3.12/site-packages/airflow/example_dags/example_branch_datetime_operator.py
[2025-09-04T11:51:33.458+0000] {processor.py:840} INFO - DAG(s) 'example_branch_datetime_operator_3', 'example_branch_datetime_operator', 'example_branch_datetime_operator_2' retrieved from /home/airflow/.local/lib/python3.12/site-packages/airflow/example_dags/example_branch_datetime_operator.py
[2025-09-04T11:51:33.484+0000] {logging_mixin.py:188} INFO - [2025-09-04T11:51:33.483+0000] {dag.py:3096} INFO - Sync 3 DAGs
[2025-09-04T11:51:33.503+0000] {logging_mixin.py:188} INFO - [2025-09-04T11:51:33.503+0000] {dag.py:3954} INFO - Setting next_dagrun for example_branch_datetime_operator to 2025-09-03 00:00:00+00:00, run_after=2025-09-04 00:00:00+00:00
[2025-09-04T11:51:33.509+0000] {logging_mixin.py:188} INFO - [2025-09-04T11:51:33.508+0000] {dag.py:3954} INFO - Setting next_dagrun for example_branch_datetime_operator_2 to 2025-09-03 00:00:00+00:00, run_after=2025-09-04 00:00:00+00:00
[2025-09-04T11:51:33.514+0000] {logging_mixin.py:188} INFO - [2025-09-04T11:51:33.514+0000] {dag.py:3954} INFO - Setting next_dagrun for example_branch_datetime_operator_3 to 2025-09-03 00:00:00+00:00, run_after=2025-09-04 00:00:00+00:00
[2025-09-04T11:51:33.530+0000] {processor.py:183} INFO - Processing /home/airflow/.local/lib/python3.12/site-packages/airflow/example_dags/example_branch_datetime_operator.py took 0.093 seconds
[2025-09-04T11:52:04.109+0000] {processor.py:161} INFO - Started process (PID=290) to work on /home/airflow/.local/lib/python3.12/site-packages/airflow/example_dags/example_branch_datetime_operator.py
[2025-09-04T11:52:04.111+0000] {processor.py:830} INFO - Processing file /home/airflow/.local/lib/python3.12/site-packages/airflow/example_dags/example_branch_datetime_operator.py for tasks to queue
[2025-09-04T11:52:04.115+0000] {logging_mixin.py:188} INFO - [2025-09-04T11:52:04.114+0000] {dagbag.py:545} INFO - Filling up the DagBag from /home/airflow/.local/lib/python3.12/site-packages/airflow/example_dags/example_branch_datetime_operator.py
[2025-09-04T11:52:04.130+0000] {processor.py:840} INFO - DAG(s) 'example_branch_datetime_operator', 'example_branch_datetime_operator_3', 'example_branch_datetime_operator_2' retrieved from /home/airflow/.local/lib/python3.12/site-packages/airflow/example_dags/example_branch_datetime_operator.py
[2025-09-04T11:52:04.155+0000] {logging_mixin.py:188} INFO - [2025-09-04T11:52:04.155+0000] {dag.py:3096} INFO - Sync 3 DAGs
[2025-09-04T11:52:04.189+0000] {logging_mixin.py:188} INFO - [2025-09-04T11:52:04.189+0000] {dag.py:3954} INFO - Setting next_dagrun for example_branch_datetime_operator to 2025-09-03 00:00:00+00:00, run_after=2025-09-04 00:00:00+00:00
[2025-09-04T11:52:04.196+0000] {logging_mixin.py:188} INFO - [2025-09-04T11:52:04.196+0000] {dag.py:3954} INFO - Setting next_dagrun for example_branch_datetime_operator_2 to 2025-09-03 00:00:00+00:00, run_after=2025-09-04 00:00:00+00:00
[2025-09-04T11:52:04.202+0000] {logging_mixin.py:188} INFO - [2025-09-04T11:52:04.201+0000] {dag.py:3954} INFO - Setting next_dagrun for example_branch_datetime_operator_3 to 2025-09-03 00:00:00+00:00, run_after=2025-09-04 00:00:00+00:00
[2025-09-04T11:52:04.233+0000] {processor.py:183} INFO - Processing /home/airflow/.local/lib/python3.12/site-packages/airflow/example_dags/example_branch_datetime_operator.py took 0.129 seconds
[2025-09-04T11:52:34.578+0000] {processor.py:161} INFO - Started process (PID=354) to work on /home/airflow/.local/lib/python3.12/site-packages/airflow/example_dags/example_branch_datetime_operator.py
[2025-09-04T11:52:34.579+0000] {processor.py:830} INFO - Processing file /home/airflow/.local/lib/python3.12/site-packages/airflow/example_dags/example_branch_datetime_operator.py for tasks to queue
[2025-09-04T11:52:34.582+0000] {logging_mixin.py:188} INFO - [2025-09-04T11:52:34.582+0000] {dagbag.py:545} INFO - Filling up the DagBag from /home/airflow/.local/lib/python3.12/site-packages/airflow/example_dags/example_branch_datetime_operator.py
[2025-09-04T11:52:34.594+0000] {processor.py:840} INFO - DAG(s) 'example_branch_datetime_operator_3', 'example_branch_datetime_operator_2', 'example_branch_datetime_operator' retrieved from /home/airflow/.local/lib/python3.12/site-packages/airflow/example_dags/example_branch_datetime_operator.py
[2025-09-04T11:52:34.621+0000] {logging_mixin.py:188} INFO - [2025-09-04T11:52:34.621+0000] {dag.py:3096} INFO - Sync 3 DAGs
[2025-09-04T11:52:34.648+0000] {logging_mixin.py:188} INFO - [2025-09-04T11:52:34.647+0000] {dag.py:3954} INFO - Setting next_dagrun for example_branch_datetime_operator to 2025-09-03 00:00:00+00:00, run_after=2025-09-04 00:00:00+00:00
[2025-09-04T11:52:34.654+0000] {logging_mixin.py:188} INFO - [2025-09-04T11:52:34.654+0000] {dag.py:3954} INFO - Setting next_dagrun for example_branch_datetime_operator_2 to 2025-09-03 00:00:00+00:00, run_after=2025-09-04 00:00:00+00:00
[2025-09-04T11:52:34.657+0000] {logging_mixin.py:188} INFO - [2025-09-04T11:52:34.657+0000] {dag.py:3954} INFO - Setting next_dagrun for example_branch_datetime_operator_3 to 2025-09-03 00:00:00+00:00, run_after=2025-09-04 00:00:00+00:00
[2025-09-04T11:52:34.681+0000] {processor.py:183} INFO - Processing /home/airflow/.local/lib/python3.12/site-packages/airflow/example_dags/example_branch_datetime_operator.py took 0.109 seconds
[2025-09-04T11:53:04.834+0000] {processor.py:161} INFO - Started process (PID=412) to work on /home/airflow/.local/lib/python3.12/site-packages/airflow/example_dags/example_branch_datetime_operator.py
[2025-09-04T11:53:04.835+0000] {processor.py:830} INFO - Processing file /home/airflow/.local/lib/python3.12/site-packages/airflow/example_dags/example_branch_datetime_operator.py for tasks to queue
[2025-09-04T11:53:04.837+0000] {logging_mixin.py:188} INFO - [2025-09-04T11:53:04.837+0000] {dagbag.py:545} INFO - Filling up the DagBag from /home/airflow/.local/lib/python3.12/site-packages/airflow/example_dags/example_branch_datetime_operator.py
[2025-09-04T11:53:04.844+0000] {processor.py:840} INFO - DAG(s) 'example_branch_datetime_operator', 'example_branch_datetime_operator_3', 'example_branch_datetime_operator_2' retrieved from /home/airflow/.local/lib/python3.12/site-packages/airflow/example_dags/example_branch_datetime_operator.py
[2025-09-04T11:53:04.868+0000] {logging_mixin.py:188} INFO - [2025-09-04T11:53:04.868+0000] {dag.py:3096} INFO - Sync 3 DAGs
[2025-09-04T11:53:04.888+0000] {logging_mixin.py:188} INFO - [2025-09-04T11:53:04.888+0000] {dag.py:3954} INFO - Setting next_dagrun for example_branch_datetime_operator to 2025-09-03 00:00:00+00:00, run_after=2025-09-04 00:00:00+00:00
[2025-09-04T11:53:04.892+0000] {logging_mixin.py:188} INFO - [2025-09-04T11:53:04.892+0000] {dag.py:3954} INFO - Setting next_dagrun for example_branch_datetime_operator_2 to 2025-09-03 00:00:00+00:00, run_after=2025-09-04 00:00:00+00:00
[2025-09-04T11:53:04.894+0000] {logging_mixin.py:188} INFO - [2025-09-04T11:53:04.894+0000] {dag.py:3954} INFO - Setting next_dagrun for example_branch_datetime_operator_3 to 2025-09-03 00:00:00+00:00, run_after=2025-09-04 00:00:00+00:00
[2025-09-04T11:53:04.907+0000] {processor.py:183} INFO - Processing /home/airflow/.local/lib/python3.12/site-packages/airflow/example_dags/example_branch_datetime_operator.py took 0.078 seconds
[2025-09-04T11:53:35.179+0000] {processor.py:161} INFO - Started process (PID=470) to work on /home/airflow/.local/lib/python3.12/site-packages/airflow/example_dags/example_branch_datetime_operator.py
[2025-09-04T11:53:35.181+0000] {processor.py:830} INFO - Processing file /home/airflow/.local/lib/python3.12/site-packages/airflow/example_dags/example_branch_datetime_operator.py for tasks to queue
[2025-09-04T11:53:35.183+0000] {logging_mixin.py:188} INFO - [2025-09-04T11:53:35.183+0000] {dagbag.py:545} INFO - Filling up the DagBag from /home/airflow/.local/lib/python3.12/site-packages/airflow/example_dags/example_branch_datetime_operator.py
[2025-09-04T11:53:35.192+0000] {processor.py:840} INFO - DAG(s) 'example_branch_datetime_operator', 'example_branch_datetime_operator_2', 'example_branch_datetime_operator_3' retrieved from /home/airflow/.local/lib/python3.12/site-packages/airflow/example_dags/example_branch_datetime_operator.py
[2025-09-04T11:53:35.221+0000] {logging_mixin.py:188} INFO - [2025-09-04T11:53:35.221+0000] {dag.py:3096} INFO - Sync 3 DAGs
[2025-09-04T11:53:35.258+0000] {logging_mixin.py:188} INFO - [2025-09-04T11:53:35.257+0000] {dag.py:3954} INFO - Setting next_dagrun for example_branch_datetime_operator to 2025-09-03 00:00:00+00:00, run_after=2025-09-04 00:00:00+00:00
[2025-09-04T11:53:35.262+0000] {logging_mixin.py:188} INFO - [2025-09-04T11:53:35.262+0000] {dag.py:3954} INFO - Setting next_dagrun for example_branch_datetime_operator_2 to 2025-09-03 00:00:00+00:00, run_after=2025-09-04 00:00:00+00:00
[2025-09-04T11:53:35.264+0000] {logging_mixin.py:188} INFO - [2025-09-04T11:53:35.264+0000] {dag.py:3954} INFO - Setting next_dagrun for example_branch_datetime_operator_3 to 2025-09-03 00:00:00+00:00, run_after=2025-09-04 00:00:00+00:00
[2025-09-04T11:53:35.280+0000] {processor.py:183} INFO - Processing /home/airflow/.local/lib/python3.12/site-packages/airflow/example_dags/example_branch_datetime_operator.py took 0.107 seconds
[2025-09-04T11:54:06.025+0000] {processor.py:161} INFO - Started process (PID=528) to work on /home/airflow/.local/lib/python3.12/site-packages/airflow/example_dags/example_branch_datetime_operator.py
[2025-09-04T11:54:06.027+0000] {processor.py:830} INFO - Processing file /home/airflow/.local/lib/python3.12/site-packages/airflow/example_dags/example_branch_datetime_operator.py for tasks to queue
[2025-09-04T11:54:06.030+0000] {logging_mixin.py:188} INFO - [2025-09-04T11:54:06.030+0000] {dagbag.py:545} INFO - Filling up the DagBag from /home/airflow/.local/lib/python3.12/site-packages/airflow/example_dags/example_branch_datetime_operator.py
[2025-09-04T11:54:06.042+0000] {processor.py:840} INFO - DAG(s) 'example_branch_datetime_operator_2', 'example_branch_datetime_operator', 'example_branch_datetime_operator_3' retrieved from /home/airflow/.local/lib/python3.12/site-packages/airflow/example_dags/example_branch_datetime_operator.py
[2025-09-04T11:54:06.074+0000] {logging_mixin.py:188} INFO - [2025-09-04T11:54:06.074+0000] {dag.py:3096} INFO - Sync 3 DAGs
[2025-09-04T11:54:06.105+0000] {logging_mixin.py:188} INFO - [2025-09-04T11:54:06.104+0000] {dag.py:3954} INFO - Setting next_dagrun for example_branch_datetime_operator to 2025-09-03 00:00:00+00:00, run_after=2025-09-04 00:00:00+00:00
[2025-09-04T11:54:06.110+0000] {logging_mixin.py:188} INFO - [2025-09-04T11:54:06.110+0000] {dag.py:3954} INFO - Setting next_dagrun for example_branch_datetime_operator_2 to 2025-09-03 00:00:00+00:00, run_after=2025-09-04 00:00:00+00:00
[2025-09-04T11:54:06.114+0000] {logging_mixin.py:188} INFO - [2025-09-04T11:54:06.114+0000] {dag.py:3954} INFO - Setting next_dagrun for example_branch_datetime_operator_3 to 2025-09-03 00:00:00+00:00, run_after=2025-09-04 00:00:00+00:00
[2025-09-04T11:54:06.138+0000] {processor.py:183} INFO - Processing /home/airflow/.local/lib/python3.12/site-packages/airflow/example_dags/example_branch_datetime_operator.py took 0.119 seconds
[2025-09-04T11:54:36.302+0000] {processor.py:161} INFO - Started process (PID=586) to work on /home/airflow/.local/lib/python3.12/site-packages/airflow/example_dags/example_branch_datetime_operator.py
[2025-09-04T11:54:36.305+0000] {processor.py:830} INFO - Processing file /home/airflow/.local/lib/python3.12/site-packages/airflow/example_dags/example_branch_datetime_operator.py for tasks to queue
[2025-09-04T11:54:36.309+0000] {logging_mixin.py:188} INFO - [2025-09-04T11:54:36.308+0000] {dagbag.py:545} INFO - Filling up the DagBag from /home/airflow/.local/lib/python3.12/site-packages/airflow/example_dags/example_branch_datetime_operator.py
[2025-09-04T11:54:36.319+0000] {processor.py:840} INFO - DAG(s) 'example_branch_datetime_operator_2', 'example_branch_datetime_operator_3', 'example_branch_datetime_operator' retrieved from /home/airflow/.local/lib/python3.12/site-packages/airflow/example_dags/example_branch_datetime_operator.py
[2025-09-04T11:54:36.348+0000] {logging_mixin.py:188} INFO - [2025-09-04T11:54:36.347+0000] {dag.py:3096} INFO - Sync 3 DAGs
[2025-09-04T11:54:36.371+0000] {logging_mixin.py:188} INFO - [2025-09-04T11:54:36.371+0000] {dag.py:3954} INFO - Setting next_dagrun for example_branch_datetime_operator to 2025-09-03 00:00:00+00:00, run_after=2025-09-04 00:00:00+00:00
[2025-09-04T11:54:36.378+0000] {logging_mixin.py:188} INFO - [2025-09-04T11:54:36.378+0000] {dag.py:3954} INFO - Setting next_dagrun for example_branch_datetime_operator_2 to 2025-09-03 00:00:00+00:00, run_after=2025-09-04 00:00:00+00:00
[2025-09-04T11:54:36.383+0000] {logging_mixin.py:188} INFO - [2025-09-04T11:54:36.383+0000] {dag.py:3954} INFO - Setting next_dagrun for example_branch_datetime_operator_3 to 2025-09-03 00:00:00+00:00, run_after=2025-09-04 00:00:00+00:00
[2025-09-04T11:54:36.410+0000] {processor.py:183} INFO - Processing /home/airflow/.local/lib/python3.12/site-packages/airflow/example_dags/example_branch_datetime_operator.py took 0.123 seconds
[2025-09-04T11:55:06.540+0000] {processor.py:161} INFO - Started process (PID=643) to work on /home/airflow/.local/lib/python3.12/site-packages/airflow/example_dags/example_branch_datetime_operator.py
[2025-09-04T11:55:06.541+0000] {processor.py:830} INFO - Processing file /home/airflow/.local/lib/python3.12/site-packages/airflow/example_dags/example_branch_datetime_operator.py for tasks to queue
[2025-09-04T11:55:06.543+0000] {logging_mixin.py:188} INFO - [2025-09-04T11:55:06.543+0000] {dagbag.py:545} INFO - Filling up the DagBag from /home/airflow/.local/lib/python3.12/site-packages/airflow/example_dags/example_branch_datetime_operator.py
[2025-09-04T11:55:06.554+0000] {processor.py:840} INFO - DAG(s) 'example_branch_datetime_operator_2', 'example_branch_datetime_operator', 'example_branch_datetime_operator_3' retrieved from /home/airflow/.local/lib/python3.12/site-packages/airflow/example_dags/example_branch_datetime_operator.py
[2025-09-04T11:55:06.581+0000] {logging_mixin.py:188} INFO - [2025-09-04T11:55:06.581+0000] {dag.py:3096} INFO - Sync 3 DAGs
[2025-09-04T11:55:06.604+0000] {logging_mixin.py:188} INFO - [2025-09-04T11:55:06.604+0000] {dag.py:3954} INFO - Setting next_dagrun for example_branch_datetime_operator to 2025-09-03 00:00:00+00:00, run_after=2025-09-04 00:00:00+00:00
[2025-09-04T11:55:06.611+0000] {logging_mixin.py:188} INFO - [2025-09-04T11:55:06.611+0000] {dag.py:3954} INFO - Setting next_dagrun for example_branch_datetime_operator_2 to 2025-09-03 00:00:00+00:00, run_after=2025-09-04 00:00:00+00:00
[2025-09-04T11:55:06.617+0000] {logging_mixin.py:188} INFO - [2025-09-04T11:55:06.617+0000] {dag.py:3954} INFO - Setting next_dagrun for example_branch_datetime_operator_3 to 2025-09-03 00:00:00+00:00, run_after=2025-09-04 00:00:00+00:00
[2025-09-04T11:55:06.638+0000] {processor.py:183} INFO - Processing /home/airflow/.local/lib/python3.12/site-packages/airflow/example_dags/example_branch_datetime_operator.py took 0.102 seconds
[2025-09-04T11:55:36.895+0000] {processor.py:161} INFO - Started process (PID=701) to work on /home/airflow/.local/lib/python3.12/site-packages/airflow/example_dags/example_branch_datetime_operator.py
[2025-09-04T11:55:36.897+0000] {processor.py:830} INFO - Processing file /home/airflow/.local/lib/python3.12/site-packages/airflow/example_dags/example_branch_datetime_operator.py for tasks to queue
[2025-09-04T11:55:36.900+0000] {logging_mixin.py:188} INFO - [2025-09-04T11:55:36.899+0000] {dagbag.py:545} INFO - Filling up the DagBag from /home/airflow/.local/lib/python3.12/site-packages/airflow/example_dags/example_branch_datetime_operator.py
[2025-09-04T11:55:36.907+0000] {processor.py:840} INFO - DAG(s) 'example_branch_datetime_operator', 'example_branch_datetime_operator_3', 'example_branch_datetime_operator_2' retrieved from /home/airflow/.local/lib/python3.12/site-packages/airflow/example_dags/example_branch_datetime_operator.py
[2025-09-04T11:55:36.932+0000] {logging_mixin.py:188} INFO - [2025-09-04T11:55:36.932+0000] {dag.py:3096} INFO - Sync 3 DAGs
[2025-09-04T11:55:36.952+0000] {logging_mixin.py:188} INFO - [2025-09-04T11:55:36.952+0000] {dag.py:3954} INFO - Setting next_dagrun for example_branch_datetime_operator to 2025-09-03 00:00:00+00:00, run_after=2025-09-04 00:00:00+00:00
[2025-09-04T11:55:36.956+0000] {logging_mixin.py:188} INFO - [2025-09-04T11:55:36.956+0000] {dag.py:3954} INFO - Setting next_dagrun for example_branch_datetime_operator_2 to 2025-09-03 00:00:00+00:00, run_after=2025-09-04 00:00:00+00:00
[2025-09-04T11:55:36.959+0000] {logging_mixin.py:188} INFO - [2025-09-04T11:55:36.958+0000] {dag.py:3954} INFO - Setting next_dagrun for example_branch_datetime_operator_3 to 2025-09-03 00:00:00+00:00, run_after=2025-09-04 00:00:00+00:00
[2025-09-04T11:55:36.980+0000] {processor.py:183} INFO - Processing /home/airflow/.local/lib/python3.12/site-packages/airflow/example_dags/example_branch_datetime_operator.py took 0.097 seconds
[2025-09-04T11:56:07.486+0000] {processor.py:161} INFO - Started process (PID=759) to work on /home/airflow/.local/lib/python3.12/site-packages/airflow/example_dags/example_branch_datetime_operator.py
[2025-09-04T11:56:07.489+0000] {processor.py:830} INFO - Processing file /home/airflow/.local/lib/python3.12/site-packages/airflow/example_dags/example_branch_datetime_operator.py for tasks to queue
[2025-09-04T11:56:07.492+0000] {logging_mixin.py:188} INFO - [2025-09-04T11:56:07.492+0000] {dagbag.py:545} INFO - Filling up the DagBag from /home/airflow/.local/lib/python3.12/site-packages/airflow/example_dags/example_branch_datetime_operator.py
[2025-09-04T11:56:07.514+0000] {processor.py:840} INFO - DAG(s) 'example_branch_datetime_operator_2', 'example_branch_datetime_operator', 'example_branch_datetime_operator_3' retrieved from /home/airflow/.local/lib/python3.12/site-packages/airflow/example_dags/example_branch_datetime_operator.py
[2025-09-04T11:56:07.561+0000] {logging_mixin.py:188} INFO - [2025-09-04T11:56:07.561+0000] {dag.py:3096} INFO - Sync 3 DAGs
[2025-09-04T11:56:07.587+0000] {logging_mixin.py:188} INFO - [2025-09-04T11:56:07.587+0000] {dag.py:3954} INFO - Setting next_dagrun for example_branch_datetime_operator to 2025-09-03 00:00:00+00:00, run_after=2025-09-04 00:00:00+00:00
[2025-09-04T11:56:07.592+0000] {logging_mixin.py:188} INFO - [2025-09-04T11:56:07.592+0000] {dag.py:3954} INFO - Setting next_dagrun for example_branch_datetime_operator_2 to 2025-09-03 00:00:00+00:00, run_after=2025-09-04 00:00:00+00:00
[2025-09-04T11:56:07.595+0000] {logging_mixin.py:188} INFO - [2025-09-04T11:56:07.595+0000] {dag.py:3954} INFO - Setting next_dagrun for example_branch_datetime_operator_3 to 2025-09-03 00:00:00+00:00, run_after=2025-09-04 00:00:00+00:00
[2025-09-04T11:56:07.617+0000] {processor.py:183} INFO - Processing /home/airflow/.local/lib/python3.12/site-packages/airflow/example_dags/example_branch_datetime_operator.py took 0.143 seconds
[2025-09-04T11:56:37.779+0000] {processor.py:161} INFO - Started process (PID=817) to work on /home/airflow/.local/lib/python3.12/site-packages/airflow/example_dags/example_branch_datetime_operator.py
[2025-09-04T11:56:37.781+0000] {processor.py:830} INFO - Processing file /home/airflow/.local/lib/python3.12/site-packages/airflow/example_dags/example_branch_datetime_operator.py for tasks to queue
[2025-09-04T11:56:37.785+0000] {logging_mixin.py:188} INFO - [2025-09-04T11:56:37.784+0000] {dagbag.py:545} INFO - Filling up the DagBag from /home/airflow/.local/lib/python3.12/site-packages/airflow/example_dags/example_branch_datetime_operator.py
[2025-09-04T11:56:37.796+0000] {processor.py:840} INFO - DAG(s) 'example_branch_datetime_operator_2', 'example_branch_datetime_operator_3', 'example_branch_datetime_operator' retrieved from /home/airflow/.local/lib/python3.12/site-packages/airflow/example_dags/example_branch_datetime_operator.py
[2025-09-04T11:56:37.852+0000] {logging_mixin.py:188} INFO - [2025-09-04T11:56:37.852+0000] {dag.py:3096} INFO - Sync 3 DAGs
[2025-09-04T11:56:37.890+0000] {logging_mixin.py:188} INFO - [2025-09-04T11:56:37.890+0000] {dag.py:3954} INFO - Setting next_dagrun for example_branch_datetime_operator to 2025-09-03 00:00:00+00:00, run_after=2025-09-04 00:00:00+00:00
[2025-09-04T11:56:37.896+0000] {logging_mixin.py:188} INFO - [2025-09-04T11:56:37.896+0000] {dag.py:3954} INFO - Setting next_dagrun for example_branch_datetime_operator_2 to 2025-09-03 00:00:00+00:00, run_after=2025-09-04 00:00:00+00:00
[2025-09-04T11:56:37.899+0000] {logging_mixin.py:188} INFO - [2025-09-04T11:56:37.899+0000] {dag.py:3954} INFO - Setting next_dagrun for example_branch_datetime_operator_3 to 2025-09-03 00:00:00+00:00, run_after=2025-09-04 00:00:00+00:00
[2025-09-04T11:56:37.921+0000] {processor.py:183} INFO - Processing /home/airflow/.local/lib/python3.12/site-packages/airflow/example_dags/example_branch_datetime_operator.py took 0.152 seconds
[2025-09-04T11:57:08.170+0000] {processor.py:161} INFO - Started process (PID=875) to work on /home/airflow/.local/lib/python3.12/site-packages/airflow/example_dags/example_branch_datetime_operator.py
[2025-09-04T11:57:08.172+0000] {processor.py:830} INFO - Processing file /home/airflow/.local/lib/python3.12/site-packages/airflow/example_dags/example_branch_datetime_operator.py for tasks to queue
[2025-09-04T11:57:08.175+0000] {logging_mixin.py:188} INFO - [2025-09-04T11:57:08.174+0000] {dagbag.py:545} INFO - Filling up the DagBag from /home/airflow/.local/lib/python3.12/site-packages/airflow/example_dags/example_branch_datetime_operator.py
[2025-09-04T11:57:08.190+0000] {processor.py:840} INFO - DAG(s) 'example_branch_datetime_operator', 'example_branch_datetime_operator_2', 'example_branch_datetime_operator_3' retrieved from /home/airflow/.local/lib/python3.12/site-packages/airflow/example_dags/example_branch_datetime_operator.py
[2025-09-04T11:57:08.225+0000] {logging_mixin.py:188} INFO - [2025-09-04T11:57:08.225+0000] {dag.py:3096} INFO - Sync 3 DAGs
[2025-09-04T11:57:08.247+0000] {logging_mixin.py:188} INFO - [2025-09-04T11:57:08.247+0000] {dag.py:3954} INFO - Setting next_dagrun for example_branch_datetime_operator to 2025-09-03 00:00:00+00:00, run_after=2025-09-04 00:00:00+00:00
[2025-09-04T11:57:08.254+0000] {logging_mixin.py:188} INFO - [2025-09-04T11:57:08.254+0000] {dag.py:3954} INFO - Setting next_dagrun for example_branch_datetime_operator_2 to 2025-09-03 00:00:00+00:00, run_after=2025-09-04 00:00:00+00:00
[2025-09-04T11:57:08.256+0000] {logging_mixin.py:188} INFO - [2025-09-04T11:57:08.256+0000] {dag.py:3954} INFO - Setting next_dagrun for example_branch_datetime_operator_3 to 2025-09-03 00:00:00+00:00, run_after=2025-09-04 00:00:00+00:00
[2025-09-04T11:57:08.300+0000] {processor.py:183} INFO - Processing /home/airflow/.local/lib/python3.12/site-packages/airflow/example_dags/example_branch_datetime_operator.py took 0.146 seconds
[2025-09-04T11:57:38.468+0000] {processor.py:161} INFO - Started process (PID=932) to work on /home/airflow/.local/lib/python3.12/site-packages/airflow/example_dags/example_branch_datetime_operator.py
[2025-09-04T11:57:38.470+0000] {processor.py:830} INFO - Processing file /home/airflow/.local/lib/python3.12/site-packages/airflow/example_dags/example_branch_datetime_operator.py for tasks to queue
[2025-09-04T11:57:38.473+0000] {logging_mixin.py:188} INFO - [2025-09-04T11:57:38.473+0000] {dagbag.py:545} INFO - Filling up the DagBag from /home/airflow/.local/lib/python3.12/site-packages/airflow/example_dags/example_branch_datetime_operator.py
[2025-09-04T11:57:38.489+0000] {processor.py:840} INFO - DAG(s) 'example_branch_datetime_operator', 'example_branch_datetime_operator_3', 'example_branch_datetime_operator_2' retrieved from /home/airflow/.local/lib/python3.12/site-packages/airflow/example_dags/example_branch_datetime_operator.py
[2025-09-04T11:57:38.522+0000] {logging_mixin.py:188} INFO - [2025-09-04T11:57:38.522+0000] {dag.py:3096} INFO - Sync 3 DAGs
[2025-09-04T11:57:38.547+0000] {logging_mixin.py:188} INFO - [2025-09-04T11:57:38.546+0000] {dag.py:3954} INFO - Setting next_dagrun for example_branch_datetime_operator to 2025-09-03 00:00:00+00:00, run_after=2025-09-04 00:00:00+00:00
[2025-09-04T11:57:38.552+0000] {logging_mixin.py:188} INFO - [2025-09-04T11:57:38.552+0000] {dag.py:3954} INFO - Setting next_dagrun for example_branch_datetime_operator_2 to 2025-09-03 00:00:00+00:00, run_after=2025-09-04 00:00:00+00:00
[2025-09-04T11:57:38.555+0000] {logging_mixin.py:188} INFO - [2025-09-04T11:57:38.554+0000] {dag.py:3954} INFO - Setting next_dagrun for example_branch_datetime_operator_3 to 2025-09-03 00:00:00+00:00, run_after=2025-09-04 00:00:00+00:00
[2025-09-04T11:57:38.574+0000] {processor.py:183} INFO - Processing /home/airflow/.local/lib/python3.12/site-packages/airflow/example_dags/example_branch_datetime_operator.py took 0.114 seconds
[2025-09-04T11:58:08.937+0000] {processor.py:161} INFO - Started process (PID=992) to work on /home/airflow/.local/lib/python3.12/site-packages/airflow/example_dags/example_branch_datetime_operator.py
[2025-09-04T11:58:08.939+0000] {processor.py:830} INFO - Processing file /home/airflow/.local/lib/python3.12/site-packages/airflow/example_dags/example_branch_datetime_operator.py for tasks to queue
[2025-09-04T11:58:08.942+0000] {logging_mixin.py:188} INFO - [2025-09-04T11:58:08.942+0000] {dagbag.py:545} INFO - Filling up the DagBag from /home/airflow/.local/lib/python3.12/site-packages/airflow/example_dags/example_branch_datetime_operator.py
[2025-09-04T11:58:08.959+0000] {processor.py:840} INFO - DAG(s) 'example_branch_datetime_operator', 'example_branch_datetime_operator_3', 'example_branch_datetime_operator_2' retrieved from /home/airflow/.local/lib/python3.12/site-packages/airflow/example_dags/example_branch_datetime_operator.py
[2025-09-04T11:58:09.009+0000] {logging_mixin.py:188} INFO - [2025-09-04T11:58:09.009+0000] {dag.py:3096} INFO - Sync 3 DAGs
[2025-09-04T11:58:09.031+0000] {logging_mixin.py:188} INFO - [2025-09-04T11:58:09.031+0000] {dag.py:3954} INFO - Setting next_dagrun for example_branch_datetime_operator to 2025-09-03 00:00:00+00:00, run_after=2025-09-04 00:00:00+00:00
[2025-09-04T11:58:09.037+0000] {logging_mixin.py:188} INFO - [2025-09-04T11:58:09.037+0000] {dag.py:3954} INFO - Setting next_dagrun for example_branch_datetime_operator_2 to 2025-09-03 00:00:00+00:00, run_after=2025-09-04 00:00:00+00:00
[2025-09-04T11:58:09.039+0000] {logging_mixin.py:188} INFO - [2025-09-04T11:58:09.039+0000] {dag.py:3954} INFO - Setting next_dagrun for example_branch_datetime_operator_3 to 2025-09-03 00:00:00+00:00, run_after=2025-09-04 00:00:00+00:00
[2025-09-04T11:58:09.060+0000] {processor.py:183} INFO - Processing /home/airflow/.local/lib/python3.12/site-packages/airflow/example_dags/example_branch_datetime_operator.py took 0.131 seconds
[2025-09-04T11:58:39.171+0000] {processor.py:161} INFO - Started process (PID=1050) to work on /home/airflow/.local/lib/python3.12/site-packages/airflow/example_dags/example_branch_datetime_operator.py
[2025-09-04T11:58:39.173+0000] {processor.py:830} INFO - Processing file /home/airflow/.local/lib/python3.12/site-packages/airflow/example_dags/example_branch_datetime_operator.py for tasks to queue
[2025-09-04T11:58:39.175+0000] {logging_mixin.py:188} INFO - [2025-09-04T11:58:39.175+0000] {dagbag.py:545} INFO - Filling up the DagBag from /home/airflow/.local/lib/python3.12/site-packages/airflow/example_dags/example_branch_datetime_operator.py
[2025-09-04T11:58:39.186+0000] {processor.py:840} INFO - DAG(s) 'example_branch_datetime_operator', 'example_branch_datetime_operator_2', 'example_branch_datetime_operator_3' retrieved from /home/airflow/.local/lib/python3.12/site-packages/airflow/example_dags/example_branch_datetime_operator.py
[2025-09-04T11:58:39.208+0000] {logging_mixin.py:188} INFO - [2025-09-04T11:58:39.208+0000] {dag.py:3096} INFO - Sync 3 DAGs
[2025-09-04T11:58:39.227+0000] {logging_mixin.py:188} INFO - [2025-09-04T11:58:39.227+0000] {dag.py:3954} INFO - Setting next_dagrun for example_branch_datetime_operator to 2025-09-03 00:00:00+00:00, run_after=2025-09-04 00:00:00+00:00
[2025-09-04T11:58:39.232+0000] {logging_mixin.py:188} INFO - [2025-09-04T11:58:39.232+0000] {dag.py:3954} INFO - Setting next_dagrun for example_branch_datetime_operator_2 to 2025-09-03 00:00:00+00:00, run_after=2025-09-04 00:00:00+00:00
[2025-09-04T11:58:39.234+0000] {logging_mixin.py:188} INFO - [2025-09-04T11:58:39.234+0000] {dag.py:3954} INFO - Setting next_dagrun for example_branch_datetime_operator_3 to 2025-09-03 00:00:00+00:00, run_after=2025-09-04 00:00:00+00:00
[2025-09-04T11:58:39.249+0000] {processor.py:183} INFO - Processing /home/airflow/.local/lib/python3.12/site-packages/airflow/example_dags/example_branch_datetime_operator.py took 0.083 seconds
[2025-09-04T11:59:09.773+0000] {processor.py:161} INFO - Started process (PID=1108) to work on /home/airflow/.local/lib/python3.12/site-packages/airflow/example_dags/example_branch_datetime_operator.py
[2025-09-04T11:59:09.775+0000] {processor.py:830} INFO - Processing file /home/airflow/.local/lib/python3.12/site-packages/airflow/example_dags/example_branch_datetime_operator.py for tasks to queue
[2025-09-04T11:59:09.777+0000] {logging_mixin.py:188} INFO - [2025-09-04T11:59:09.776+0000] {dagbag.py:545} INFO - Filling up the DagBag from /home/airflow/.local/lib/python3.12/site-packages/airflow/example_dags/example_branch_datetime_operator.py
[2025-09-04T11:59:09.787+0000] {processor.py:840} INFO - DAG(s) 'example_branch_datetime_operator_2', 'example_branch_datetime_operator_3', 'example_branch_datetime_operator' retrieved from /home/airflow/.local/lib/python3.12/site-packages/airflow/example_dags/example_branch_datetime_operator.py
[2025-09-04T11:59:09.814+0000] {logging_mixin.py:188} INFO - [2025-09-04T11:59:09.814+0000] {dag.py:3096} INFO - Sync 3 DAGs
[2025-09-04T11:59:09.840+0000] {logging_mixin.py:188} INFO - [2025-09-04T11:59:09.840+0000] {dag.py:3954} INFO - Setting next_dagrun for example_branch_datetime_operator to 2025-09-03 00:00:00+00:00, run_after=2025-09-04 00:00:00+00:00
[2025-09-04T11:59:09.845+0000] {logging_mixin.py:188} INFO - [2025-09-04T11:59:09.845+0000] {dag.py:3954} INFO - Setting next_dagrun for example_branch_datetime_operator_2 to 2025-09-03 00:00:00+00:00, run_after=2025-09-04 00:00:00+00:00
[2025-09-04T11:59:09.848+0000] {logging_mixin.py:188} INFO - [2025-09-04T11:59:09.847+0000] {dag.py:3954} INFO - Setting next_dagrun for example_branch_datetime_operator_3 to 2025-09-03 00:00:00+00:00, run_after=2025-09-04 00:00:00+00:00
[2025-09-04T11:59:09.866+0000] {processor.py:183} INFO - Processing /home/airflow/.local/lib/python3.12/site-packages/airflow/example_dags/example_branch_datetime_operator.py took 0.097 seconds
[2025-09-04T11:59:40.266+0000] {processor.py:161} INFO - Started process (PID=1166) to work on /home/airflow/.local/lib/python3.12/site-packages/airflow/example_dags/example_branch_datetime_operator.py
[2025-09-04T11:59:40.267+0000] {processor.py:830} INFO - Processing file /home/airflow/.local/lib/python3.12/site-packages/airflow/example_dags/example_branch_datetime_operator.py for tasks to queue
[2025-09-04T11:59:40.269+0000] {logging_mixin.py:188} INFO - [2025-09-04T11:59:40.269+0000] {dagbag.py:545} INFO - Filling up the DagBag from /home/airflow/.local/lib/python3.12/site-packages/airflow/example_dags/example_branch_datetime_operator.py
[2025-09-04T11:59:40.277+0000] {processor.py:840} INFO - DAG(s) 'example_branch_datetime_operator_2', 'example_branch_datetime_operator_3', 'example_branch_datetime_operator' retrieved from /home/airflow/.local/lib/python3.12/site-packages/airflow/example_dags/example_branch_datetime_operator.py
[2025-09-04T11:59:40.304+0000] {logging_mixin.py:188} INFO - [2025-09-04T11:59:40.304+0000] {dag.py:3096} INFO - Sync 3 DAGs
[2025-09-04T11:59:40.327+0000] {logging_mixin.py:188} INFO - [2025-09-04T11:59:40.327+0000] {dag.py:3954} INFO - Setting next_dagrun for example_branch_datetime_operator to 2025-09-03 00:00:00+00:00, run_after=2025-09-04 00:00:00+00:00
[2025-09-04T11:59:40.334+0000] {logging_mixin.py:188} INFO - [2025-09-04T11:59:40.334+0000] {dag.py:3954} INFO - Setting next_dagrun for example_branch_datetime_operator_2 to 2025-09-03 00:00:00+00:00, run_after=2025-09-04 00:00:00+00:00
[2025-09-04T11:59:40.337+0000] {logging_mixin.py:188} INFO - [2025-09-04T11:59:40.336+0000] {dag.py:3954} INFO - Setting next_dagrun for example_branch_datetime_operator_3 to 2025-09-03 00:00:00+00:00, run_after=2025-09-04 00:00:00+00:00
[2025-09-04T11:59:40.357+0000] {processor.py:183} INFO - Processing /home/airflow/.local/lib/python3.12/site-packages/airflow/example_dags/example_branch_datetime_operator.py took 0.096 seconds
[2025-09-04T12:01:29.833+0000] {processor.py:161} INFO - Started process (PID=53) to work on /home/airflow/.local/lib/python3.12/site-packages/airflow/example_dags/example_branch_datetime_operator.py
[2025-09-04T12:01:29.835+0000] {processor.py:830} INFO - Processing file /home/airflow/.local/lib/python3.12/site-packages/airflow/example_dags/example_branch_datetime_operator.py for tasks to queue
[2025-09-04T12:01:29.838+0000] {logging_mixin.py:188} INFO - [2025-09-04T12:01:29.837+0000] {dagbag.py:545} INFO - Filling up the DagBag from /home/airflow/.local/lib/python3.12/site-packages/airflow/example_dags/example_branch_datetime_operator.py
[2025-09-04T12:01:29.855+0000] {processor.py:840} INFO - DAG(s) 'example_branch_datetime_operator_3', 'example_branch_datetime_operator_2', 'example_branch_datetime_operator' retrieved from /home/airflow/.local/lib/python3.12/site-packages/airflow/example_dags/example_branch_datetime_operator.py
[2025-09-04T12:01:30.022+0000] {logging_mixin.py:188} INFO - [2025-09-04T12:01:30.022+0000] {dag.py:3096} INFO - Sync 3 DAGs
[2025-09-04T12:01:30.063+0000] {logging_mixin.py:188} INFO - [2025-09-04T12:01:30.062+0000] {dag.py:3954} INFO - Setting next_dagrun for example_branch_datetime_operator to 2025-09-03 00:00:00+00:00, run_after=2025-09-04 00:00:00+00:00
[2025-09-04T12:01:30.072+0000] {logging_mixin.py:188} INFO - [2025-09-04T12:01:30.071+0000] {dag.py:3954} INFO - Setting next_dagrun for example_branch_datetime_operator_2 to 2025-09-03 00:00:00+00:00, run_after=2025-09-04 00:00:00+00:00
[2025-09-04T12:01:30.077+0000] {logging_mixin.py:188} INFO - [2025-09-04T12:01:30.076+0000] {dag.py:3954} INFO - Setting next_dagrun for example_branch_datetime_operator_3 to 2025-09-03 00:00:00+00:00, run_after=2025-09-04 00:00:00+00:00
[2025-09-04T12:01:30.122+0000] {processor.py:183} INFO - Processing /home/airflow/.local/lib/python3.12/site-packages/airflow/example_dags/example_branch_datetime_operator.py took 0.297 seconds
[2025-09-04T12:02:00.277+0000] {processor.py:161} INFO - Started process (PID=110) to work on /home/airflow/.local/lib/python3.12/site-packages/airflow/example_dags/example_branch_datetime_operator.py
[2025-09-04T12:02:00.278+0000] {processor.py:830} INFO - Processing file /home/airflow/.local/lib/python3.12/site-packages/airflow/example_dags/example_branch_datetime_operator.py for tasks to queue
[2025-09-04T12:02:00.280+0000] {logging_mixin.py:188} INFO - [2025-09-04T12:02:00.280+0000] {dagbag.py:545} INFO - Filling up the DagBag from /home/airflow/.local/lib/python3.12/site-packages/airflow/example_dags/example_branch_datetime_operator.py
[2025-09-04T12:02:00.293+0000] {processor.py:840} INFO - DAG(s) 'example_branch_datetime_operator_2', 'example_branch_datetime_operator_3', 'example_branch_datetime_operator' retrieved from /home/airflow/.local/lib/python3.12/site-packages/airflow/example_dags/example_branch_datetime_operator.py
[2025-09-04T12:02:00.319+0000] {logging_mixin.py:188} INFO - [2025-09-04T12:02:00.318+0000] {dag.py:3096} INFO - Sync 3 DAGs
[2025-09-04T12:02:00.338+0000] {logging_mixin.py:188} INFO - [2025-09-04T12:02:00.337+0000] {dag.py:3954} INFO - Setting next_dagrun for example_branch_datetime_operator to 2025-09-03 00:00:00+00:00, run_after=2025-09-04 00:00:00+00:00
[2025-09-04T12:02:00.343+0000] {logging_mixin.py:188} INFO - [2025-09-04T12:02:00.343+0000] {dag.py:3954} INFO - Setting next_dagrun for example_branch_datetime_operator_2 to 2025-09-03 00:00:00+00:00, run_after=2025-09-04 00:00:00+00:00
[2025-09-04T12:02:00.347+0000] {logging_mixin.py:188} INFO - [2025-09-04T12:02:00.346+0000] {dag.py:3954} INFO - Setting next_dagrun for example_branch_datetime_operator_3 to 2025-09-03 00:00:00+00:00, run_after=2025-09-04 00:00:00+00:00
[2025-09-04T12:02:00.368+0000] {processor.py:183} INFO - Processing /home/airflow/.local/lib/python3.12/site-packages/airflow/example_dags/example_branch_datetime_operator.py took 0.096 seconds
[2025-09-04T12:02:31.293+0000] {processor.py:161} INFO - Started process (PID=169) to work on /home/airflow/.local/lib/python3.12/site-packages/airflow/example_dags/example_branch_datetime_operator.py
[2025-09-04T12:02:31.294+0000] {processor.py:830} INFO - Processing file /home/airflow/.local/lib/python3.12/site-packages/airflow/example_dags/example_branch_datetime_operator.py for tasks to queue
[2025-09-04T12:02:31.296+0000] {logging_mixin.py:188} INFO - [2025-09-04T12:02:31.296+0000] {dagbag.py:545} INFO - Filling up the DagBag from /home/airflow/.local/lib/python3.12/site-packages/airflow/example_dags/example_branch_datetime_operator.py
[2025-09-04T12:02:31.304+0000] {processor.py:840} INFO - DAG(s) 'example_branch_datetime_operator_2', 'example_branch_datetime_operator', 'example_branch_datetime_operator_3' retrieved from /home/airflow/.local/lib/python3.12/site-packages/airflow/example_dags/example_branch_datetime_operator.py
[2025-09-04T12:02:31.325+0000] {logging_mixin.py:188} INFO - [2025-09-04T12:02:31.325+0000] {dag.py:3096} INFO - Sync 3 DAGs
[2025-09-04T12:02:31.344+0000] {logging_mixin.py:188} INFO - [2025-09-04T12:02:31.343+0000] {dag.py:3954} INFO - Setting next_dagrun for example_branch_datetime_operator to 2025-09-03 00:00:00+00:00, run_after=2025-09-04 00:00:00+00:00
[2025-09-04T12:02:31.349+0000] {logging_mixin.py:188} INFO - [2025-09-04T12:02:31.349+0000] {dag.py:3954} INFO - Setting next_dagrun for example_branch_datetime_operator_2 to 2025-09-03 00:00:00+00:00, run_after=2025-09-04 00:00:00+00:00
[2025-09-04T12:02:31.351+0000] {logging_mixin.py:188} INFO - [2025-09-04T12:02:31.351+0000] {dag.py:3954} INFO - Setting next_dagrun for example_branch_datetime_operator_3 to 2025-09-03 00:00:00+00:00, run_after=2025-09-04 00:00:00+00:00
[2025-09-04T12:02:31.365+0000] {processor.py:183} INFO - Processing /home/airflow/.local/lib/python3.12/site-packages/airflow/example_dags/example_branch_datetime_operator.py took 0.076 seconds
[2025-09-04T12:03:01.645+0000] {processor.py:161} INFO - Started process (PID=227) to work on /home/airflow/.local/lib/python3.12/site-packages/airflow/example_dags/example_branch_datetime_operator.py
[2025-09-04T12:03:01.646+0000] {processor.py:830} INFO - Processing file /home/airflow/.local/lib/python3.12/site-packages/airflow/example_dags/example_branch_datetime_operator.py for tasks to queue
[2025-09-04T12:03:01.648+0000] {logging_mixin.py:188} INFO - [2025-09-04T12:03:01.648+0000] {dagbag.py:545} INFO - Filling up the DagBag from /home/airflow/.local/lib/python3.12/site-packages/airflow/example_dags/example_branch_datetime_operator.py
[2025-09-04T12:03:01.656+0000] {processor.py:840} INFO - DAG(s) 'example_branch_datetime_operator_2', 'example_branch_datetime_operator_3', 'example_branch_datetime_operator' retrieved from /home/airflow/.local/lib/python3.12/site-packages/airflow/example_dags/example_branch_datetime_operator.py
[2025-09-04T12:03:01.679+0000] {logging_mixin.py:188} INFO - [2025-09-04T12:03:01.679+0000] {dag.py:3096} INFO - Sync 3 DAGs
[2025-09-04T12:03:01.702+0000] {logging_mixin.py:188} INFO - [2025-09-04T12:03:01.701+0000] {dag.py:3954} INFO - Setting next_dagrun for example_branch_datetime_operator to 2025-09-03 00:00:00+00:00, run_after=2025-09-04 00:00:00+00:00
[2025-09-04T12:03:01.708+0000] {logging_mixin.py:188} INFO - [2025-09-04T12:03:01.708+0000] {dag.py:3954} INFO - Setting next_dagrun for example_branch_datetime_operator_2 to 2025-09-03 00:00:00+00:00, run_after=2025-09-04 00:00:00+00:00
[2025-09-04T12:03:01.712+0000] {logging_mixin.py:188} INFO - [2025-09-04T12:03:01.711+0000] {dag.py:3954} INFO - Setting next_dagrun for example_branch_datetime_operator_3 to 2025-09-03 00:00:00+00:00, run_after=2025-09-04 00:00:00+00:00
[2025-09-04T12:03:01.726+0000] {processor.py:183} INFO - Processing /home/airflow/.local/lib/python3.12/site-packages/airflow/example_dags/example_branch_datetime_operator.py took 0.086 seconds
[2025-09-04T12:03:31.957+0000] {processor.py:161} INFO - Started process (PID=285) to work on /home/airflow/.local/lib/python3.12/site-packages/airflow/example_dags/example_branch_datetime_operator.py
[2025-09-04T12:03:31.959+0000] {processor.py:830} INFO - Processing file /home/airflow/.local/lib/python3.12/site-packages/airflow/example_dags/example_branch_datetime_operator.py for tasks to queue
[2025-09-04T12:03:31.961+0000] {logging_mixin.py:188} INFO - [2025-09-04T12:03:31.960+0000] {dagbag.py:545} INFO - Filling up the DagBag from /home/airflow/.local/lib/python3.12/site-packages/airflow/example_dags/example_branch_datetime_operator.py
[2025-09-04T12:03:31.969+0000] {processor.py:840} INFO - DAG(s) 'example_branch_datetime_operator_2', 'example_branch_datetime_operator', 'example_branch_datetime_operator_3' retrieved from /home/airflow/.local/lib/python3.12/site-packages/airflow/example_dags/example_branch_datetime_operator.py
[2025-09-04T12:03:32.015+0000] {logging_mixin.py:188} INFO - [2025-09-04T12:03:32.014+0000] {dag.py:3096} INFO - Sync 3 DAGs
[2025-09-04T12:03:32.065+0000] {logging_mixin.py:188} INFO - [2025-09-04T12:03:32.065+0000] {dag.py:3954} INFO - Setting next_dagrun for example_branch_datetime_operator to 2025-09-03 00:00:00+00:00, run_after=2025-09-04 00:00:00+00:00
[2025-09-04T12:03:32.075+0000] {logging_mixin.py:188} INFO - [2025-09-04T12:03:32.075+0000] {dag.py:3954} INFO - Setting next_dagrun for example_branch_datetime_operator_2 to 2025-09-03 00:00:00+00:00, run_after=2025-09-04 00:00:00+00:00
[2025-09-04T12:03:32.081+0000] {logging_mixin.py:188} INFO - [2025-09-04T12:03:32.080+0000] {dag.py:3954} INFO - Setting next_dagrun for example_branch_datetime_operator_3 to 2025-09-03 00:00:00+00:00, run_after=2025-09-04 00:00:00+00:00
[2025-09-04T12:03:32.108+0000] {processor.py:183} INFO - Processing /home/airflow/.local/lib/python3.12/site-packages/airflow/example_dags/example_branch_datetime_operator.py took 0.156 seconds
[2025-09-04T12:04:02.548+0000] {processor.py:161} INFO - Started process (PID=343) to work on /home/airflow/.local/lib/python3.12/site-packages/airflow/example_dags/example_branch_datetime_operator.py
[2025-09-04T12:04:02.550+0000] {processor.py:830} INFO - Processing file /home/airflow/.local/lib/python3.12/site-packages/airflow/example_dags/example_branch_datetime_operator.py for tasks to queue
[2025-09-04T12:04:02.554+0000] {logging_mixin.py:188} INFO - [2025-09-04T12:04:02.554+0000] {dagbag.py:545} INFO - Filling up the DagBag from /home/airflow/.local/lib/python3.12/site-packages/airflow/example_dags/example_branch_datetime_operator.py
[2025-09-04T12:04:02.568+0000] {processor.py:840} INFO - DAG(s) 'example_branch_datetime_operator_3', 'example_branch_datetime_operator', 'example_branch_datetime_operator_2' retrieved from /home/airflow/.local/lib/python3.12/site-packages/airflow/example_dags/example_branch_datetime_operator.py
[2025-09-04T12:04:02.600+0000] {logging_mixin.py:188} INFO - [2025-09-04T12:04:02.599+0000] {dag.py:3096} INFO - Sync 3 DAGs
[2025-09-04T12:04:02.640+0000] {logging_mixin.py:188} INFO - [2025-09-04T12:04:02.640+0000] {dag.py:3954} INFO - Setting next_dagrun for example_branch_datetime_operator to 2025-09-03 00:00:00+00:00, run_after=2025-09-04 00:00:00+00:00
[2025-09-04T12:04:02.653+0000] {logging_mixin.py:188} INFO - [2025-09-04T12:04:02.653+0000] {dag.py:3954} INFO - Setting next_dagrun for example_branch_datetime_operator_2 to 2025-09-03 00:00:00+00:00, run_after=2025-09-04 00:00:00+00:00
[2025-09-04T12:04:02.659+0000] {logging_mixin.py:188} INFO - [2025-09-04T12:04:02.658+0000] {dag.py:3954} INFO - Setting next_dagrun for example_branch_datetime_operator_3 to 2025-09-03 00:00:00+00:00, run_after=2025-09-04 00:00:00+00:00
[2025-09-04T12:04:02.695+0000] {processor.py:183} INFO - Processing /home/airflow/.local/lib/python3.12/site-packages/airflow/example_dags/example_branch_datetime_operator.py took 0.159 seconds
[2025-09-04T12:04:32.965+0000] {processor.py:161} INFO - Started process (PID=401) to work on /home/airflow/.local/lib/python3.12/site-packages/airflow/example_dags/example_branch_datetime_operator.py
[2025-09-04T12:04:32.966+0000] {processor.py:830} INFO - Processing file /home/airflow/.local/lib/python3.12/site-packages/airflow/example_dags/example_branch_datetime_operator.py for tasks to queue
[2025-09-04T12:04:32.968+0000] {logging_mixin.py:188} INFO - [2025-09-04T12:04:32.968+0000] {dagbag.py:545} INFO - Filling up the DagBag from /home/airflow/.local/lib/python3.12/site-packages/airflow/example_dags/example_branch_datetime_operator.py
[2025-09-04T12:04:32.980+0000] {processor.py:840} INFO - DAG(s) 'example_branch_datetime_operator_3', 'example_branch_datetime_operator_2', 'example_branch_datetime_operator' retrieved from /home/airflow/.local/lib/python3.12/site-packages/airflow/example_dags/example_branch_datetime_operator.py
[2025-09-04T12:04:33.003+0000] {logging_mixin.py:188} INFO - [2025-09-04T12:04:33.002+0000] {dag.py:3096} INFO - Sync 3 DAGs
[2025-09-04T12:04:33.033+0000] {logging_mixin.py:188} INFO - [2025-09-04T12:04:33.032+0000] {dag.py:3954} INFO - Setting next_dagrun for example_branch_datetime_operator to 2025-09-03 00:00:00+00:00, run_after=2025-09-04 00:00:00+00:00
[2025-09-04T12:04:33.038+0000] {logging_mixin.py:188} INFO - [2025-09-04T12:04:33.037+0000] {dag.py:3954} INFO - Setting next_dagrun for example_branch_datetime_operator_2 to 2025-09-03 00:00:00+00:00, run_after=2025-09-04 00:00:00+00:00
[2025-09-04T12:04:33.041+0000] {logging_mixin.py:188} INFO - [2025-09-04T12:04:33.041+0000] {dag.py:3954} INFO - Setting next_dagrun for example_branch_datetime_operator_3 to 2025-09-03 00:00:00+00:00, run_after=2025-09-04 00:00:00+00:00
[2025-09-04T12:04:33.060+0000] {processor.py:183} INFO - Processing /home/airflow/.local/lib/python3.12/site-packages/airflow/example_dags/example_branch_datetime_operator.py took 0.102 seconds
[2025-09-04T12:05:03.506+0000] {processor.py:161} INFO - Started process (PID=465) to work on /home/airflow/.local/lib/python3.12/site-packages/airflow/example_dags/example_branch_datetime_operator.py
[2025-09-04T12:05:03.510+0000] {processor.py:830} INFO - Processing file /home/airflow/.local/lib/python3.12/site-packages/airflow/example_dags/example_branch_datetime_operator.py for tasks to queue
[2025-09-04T12:05:03.514+0000] {logging_mixin.py:188} INFO - [2025-09-04T12:05:03.513+0000] {dagbag.py:545} INFO - Filling up the DagBag from /home/airflow/.local/lib/python3.12/site-packages/airflow/example_dags/example_branch_datetime_operator.py
[2025-09-04T12:05:03.538+0000] {processor.py:840} INFO - DAG(s) 'example_branch_datetime_operator', 'example_branch_datetime_operator_2', 'example_branch_datetime_operator_3' retrieved from /home/airflow/.local/lib/python3.12/site-packages/airflow/example_dags/example_branch_datetime_operator.py
[2025-09-04T12:05:03.588+0000] {logging_mixin.py:188} INFO - [2025-09-04T12:05:03.588+0000] {dag.py:3096} INFO - Sync 3 DAGs
[2025-09-04T12:05:03.614+0000] {logging_mixin.py:188} INFO - [2025-09-04T12:05:03.614+0000] {dag.py:3954} INFO - Setting next_dagrun for example_branch_datetime_operator to 2025-09-03 00:00:00+00:00, run_after=2025-09-04 00:00:00+00:00
[2025-09-04T12:05:03.621+0000] {logging_mixin.py:188} INFO - [2025-09-04T12:05:03.620+0000] {dag.py:3954} INFO - Setting next_dagrun for example_branch_datetime_operator_2 to 2025-09-03 00:00:00+00:00, run_after=2025-09-04 00:00:00+00:00
[2025-09-04T12:05:03.623+0000] {logging_mixin.py:188} INFO - [2025-09-04T12:05:03.623+0000] {dag.py:3954} INFO - Setting next_dagrun for example_branch_datetime_operator_3 to 2025-09-03 00:00:00+00:00, run_after=2025-09-04 00:00:00+00:00
[2025-09-04T12:05:03.646+0000] {processor.py:183} INFO - Processing /home/airflow/.local/lib/python3.12/site-packages/airflow/example_dags/example_branch_datetime_operator.py took 0.157 seconds
[2025-09-04T12:05:33.880+0000] {processor.py:161} INFO - Started process (PID=522) to work on /home/airflow/.local/lib/python3.12/site-packages/airflow/example_dags/example_branch_datetime_operator.py
[2025-09-04T12:05:33.881+0000] {processor.py:830} INFO - Processing file /home/airflow/.local/lib/python3.12/site-packages/airflow/example_dags/example_branch_datetime_operator.py for tasks to queue
[2025-09-04T12:05:33.883+0000] {logging_mixin.py:188} INFO - [2025-09-04T12:05:33.882+0000] {dagbag.py:545} INFO - Filling up the DagBag from /home/airflow/.local/lib/python3.12/site-packages/airflow/example_dags/example_branch_datetime_operator.py
[2025-09-04T12:05:33.891+0000] {processor.py:840} INFO - DAG(s) 'example_branch_datetime_operator', 'example_branch_datetime_operator_3', 'example_branch_datetime_operator_2' retrieved from /home/airflow/.local/lib/python3.12/site-packages/airflow/example_dags/example_branch_datetime_operator.py
[2025-09-04T12:05:33.922+0000] {logging_mixin.py:188} INFO - [2025-09-04T12:05:33.922+0000] {dag.py:3096} INFO - Sync 3 DAGs
[2025-09-04T12:05:33.946+0000] {logging_mixin.py:188} INFO - [2025-09-04T12:05:33.946+0000] {dag.py:3954} INFO - Setting next_dagrun for example_branch_datetime_operator to 2025-09-03 00:00:00+00:00, run_after=2025-09-04 00:00:00+00:00
[2025-09-04T12:05:33.950+0000] {logging_mixin.py:188} INFO - [2025-09-04T12:05:33.950+0000] {dag.py:3954} INFO - Setting next_dagrun for example_branch_datetime_operator_2 to 2025-09-03 00:00:00+00:00, run_after=2025-09-04 00:00:00+00:00
[2025-09-04T12:05:33.953+0000] {logging_mixin.py:188} INFO - [2025-09-04T12:05:33.953+0000] {dag.py:3954} INFO - Setting next_dagrun for example_branch_datetime_operator_3 to 2025-09-03 00:00:00+00:00, run_after=2025-09-04 00:00:00+00:00
[2025-09-04T12:05:33.969+0000] {processor.py:183} INFO - Processing /home/airflow/.local/lib/python3.12/site-packages/airflow/example_dags/example_branch_datetime_operator.py took 0.094 seconds
[2025-09-04T12:06:34.454+0000] {processor.py:161} INFO - Started process (PID=59) to work on /home/airflow/.local/lib/python3.12/site-packages/airflow/example_dags/example_branch_datetime_operator.py
[2025-09-04T12:06:34.455+0000] {processor.py:830} INFO - Processing file /home/airflow/.local/lib/python3.12/site-packages/airflow/example_dags/example_branch_datetime_operator.py for tasks to queue
[2025-09-04T12:06:34.458+0000] {logging_mixin.py:188} INFO - [2025-09-04T12:06:34.458+0000] {dagbag.py:545} INFO - Filling up the DagBag from /home/airflow/.local/lib/python3.12/site-packages/airflow/example_dags/example_branch_datetime_operator.py
[2025-09-04T12:06:34.470+0000] {processor.py:840} INFO - DAG(s) 'example_branch_datetime_operator', 'example_branch_datetime_operator_3', 'example_branch_datetime_operator_2' retrieved from /home/airflow/.local/lib/python3.12/site-packages/airflow/example_dags/example_branch_datetime_operator.py
[2025-09-04T12:06:34.486+0000] {logging_mixin.py:188} INFO - [2025-09-04T12:06:34.486+0000] {dag.py:3096} INFO - Sync 3 DAGs
[2025-09-04T12:06:34.515+0000] {logging_mixin.py:188} INFO - [2025-09-04T12:06:34.515+0000] {dag.py:3954} INFO - Setting next_dagrun for example_branch_datetime_operator to 2025-09-03 00:00:00+00:00, run_after=2025-09-04 00:00:00+00:00
[2025-09-04T12:06:34.522+0000] {logging_mixin.py:188} INFO - [2025-09-04T12:06:34.522+0000] {dag.py:3954} INFO - Setting next_dagrun for example_branch_datetime_operator_2 to 2025-09-03 00:00:00+00:00, run_after=2025-09-04 00:00:00+00:00
[2025-09-04T12:06:34.526+0000] {logging_mixin.py:188} INFO - [2025-09-04T12:06:34.526+0000] {dag.py:3954} INFO - Setting next_dagrun for example_branch_datetime_operator_3 to 2025-09-03 00:00:00+00:00, run_after=2025-09-04 00:00:00+00:00
[2025-09-04T12:06:34.546+0000] {processor.py:183} INFO - Processing /home/airflow/.local/lib/python3.12/site-packages/airflow/example_dags/example_branch_datetime_operator.py took 0.097 seconds
[2025-09-04T12:07:04.811+0000] {processor.py:161} INFO - Started process (PID=117) to work on /home/airflow/.local/lib/python3.12/site-packages/airflow/example_dags/example_branch_datetime_operator.py
[2025-09-04T12:07:04.812+0000] {processor.py:830} INFO - Processing file /home/airflow/.local/lib/python3.12/site-packages/airflow/example_dags/example_branch_datetime_operator.py for tasks to queue
[2025-09-04T12:07:04.814+0000] {logging_mixin.py:188} INFO - [2025-09-04T12:07:04.814+0000] {dagbag.py:545} INFO - Filling up the DagBag from /home/airflow/.local/lib/python3.12/site-packages/airflow/example_dags/example_branch_datetime_operator.py
[2025-09-04T12:07:04.824+0000] {processor.py:840} INFO - DAG(s) 'example_branch_datetime_operator', 'example_branch_datetime_operator_3', 'example_branch_datetime_operator_2' retrieved from /home/airflow/.local/lib/python3.12/site-packages/airflow/example_dags/example_branch_datetime_operator.py
[2025-09-04T12:07:04.992+0000] {logging_mixin.py:188} INFO - [2025-09-04T12:07:04.992+0000] {dag.py:3096} INFO - Sync 3 DAGs
[2025-09-04T12:07:05.026+0000] {logging_mixin.py:188} INFO - [2025-09-04T12:07:05.026+0000] {dag.py:3954} INFO - Setting next_dagrun for example_branch_datetime_operator to 2025-09-03 00:00:00+00:00, run_after=2025-09-04 00:00:00+00:00
[2025-09-04T12:07:05.030+0000] {logging_mixin.py:188} INFO - [2025-09-04T12:07:05.030+0000] {dag.py:3954} INFO - Setting next_dagrun for example_branch_datetime_operator_2 to 2025-09-03 00:00:00+00:00, run_after=2025-09-04 00:00:00+00:00
[2025-09-04T12:07:05.033+0000] {logging_mixin.py:188} INFO - [2025-09-04T12:07:05.033+0000] {dag.py:3954} INFO - Setting next_dagrun for example_branch_datetime_operator_3 to 2025-09-03 00:00:00+00:00, run_after=2025-09-04 00:00:00+00:00
[2025-09-04T12:07:05.065+0000] {processor.py:183} INFO - Processing /home/airflow/.local/lib/python3.12/site-packages/airflow/example_dags/example_branch_datetime_operator.py took 0.259 seconds
[2025-09-04T12:07:35.381+0000] {processor.py:161} INFO - Started process (PID=175) to work on /home/airflow/.local/lib/python3.12/site-packages/airflow/example_dags/example_branch_datetime_operator.py
[2025-09-04T12:07:35.383+0000] {processor.py:830} INFO - Processing file /home/airflow/.local/lib/python3.12/site-packages/airflow/example_dags/example_branch_datetime_operator.py for tasks to queue
[2025-09-04T12:07:35.386+0000] {logging_mixin.py:188} INFO - [2025-09-04T12:07:35.385+0000] {dagbag.py:545} INFO - Filling up the DagBag from /home/airflow/.local/lib/python3.12/site-packages/airflow/example_dags/example_branch_datetime_operator.py
[2025-09-04T12:07:35.403+0000] {processor.py:840} INFO - DAG(s) 'example_branch_datetime_operator', 'example_branch_datetime_operator_2', 'example_branch_datetime_operator_3' retrieved from /home/airflow/.local/lib/python3.12/site-packages/airflow/example_dags/example_branch_datetime_operator.py
[2025-09-04T12:07:35.453+0000] {logging_mixin.py:188} INFO - [2025-09-04T12:07:35.453+0000] {dag.py:3096} INFO - Sync 3 DAGs
[2025-09-04T12:07:35.490+0000] {logging_mixin.py:188} INFO - [2025-09-04T12:07:35.490+0000] {dag.py:3954} INFO - Setting next_dagrun for example_branch_datetime_operator to 2025-09-03 00:00:00+00:00, run_after=2025-09-04 00:00:00+00:00
[2025-09-04T12:07:35.496+0000] {logging_mixin.py:188} INFO - [2025-09-04T12:07:35.496+0000] {dag.py:3954} INFO - Setting next_dagrun for example_branch_datetime_operator_2 to 2025-09-03 00:00:00+00:00, run_after=2025-09-04 00:00:00+00:00
[2025-09-04T12:07:35.500+0000] {logging_mixin.py:188} INFO - [2025-09-04T12:07:35.500+0000] {dag.py:3954} INFO - Setting next_dagrun for example_branch_datetime_operator_3 to 2025-09-03 00:00:00+00:00, run_after=2025-09-04 00:00:00+00:00
[2025-09-04T12:07:35.527+0000] {processor.py:183} INFO - Processing /home/airflow/.local/lib/python3.12/site-packages/airflow/example_dags/example_branch_datetime_operator.py took 0.157 seconds
[2025-09-04T12:08:06.159+0000] {processor.py:161} INFO - Started process (PID=233) to work on /home/airflow/.local/lib/python3.12/site-packages/airflow/example_dags/example_branch_datetime_operator.py
[2025-09-04T12:08:06.161+0000] {processor.py:830} INFO - Processing file /home/airflow/.local/lib/python3.12/site-packages/airflow/example_dags/example_branch_datetime_operator.py for tasks to queue
[2025-09-04T12:08:06.163+0000] {logging_mixin.py:188} INFO - [2025-09-04T12:08:06.162+0000] {dagbag.py:545} INFO - Filling up the DagBag from /home/airflow/.local/lib/python3.12/site-packages/airflow/example_dags/example_branch_datetime_operator.py
[2025-09-04T12:08:06.170+0000] {processor.py:840} INFO - DAG(s) 'example_branch_datetime_operator_2', 'example_branch_datetime_operator_3', 'example_branch_datetime_operator' retrieved from /home/airflow/.local/lib/python3.12/site-packages/airflow/example_dags/example_branch_datetime_operator.py
[2025-09-04T12:08:06.190+0000] {logging_mixin.py:188} INFO - [2025-09-04T12:08:06.190+0000] {dag.py:3096} INFO - Sync 3 DAGs
[2025-09-04T12:08:06.208+0000] {logging_mixin.py:188} INFO - [2025-09-04T12:08:06.208+0000] {dag.py:3954} INFO - Setting next_dagrun for example_branch_datetime_operator to 2025-09-03 00:00:00+00:00, run_after=2025-09-04 00:00:00+00:00
[2025-09-04T12:08:06.214+0000] {logging_mixin.py:188} INFO - [2025-09-04T12:08:06.213+0000] {dag.py:3954} INFO - Setting next_dagrun for example_branch_datetime_operator_2 to 2025-09-03 00:00:00+00:00, run_after=2025-09-04 00:00:00+00:00
[2025-09-04T12:08:06.217+0000] {logging_mixin.py:188} INFO - [2025-09-04T12:08:06.216+0000] {dag.py:3954} INFO - Setting next_dagrun for example_branch_datetime_operator_3 to 2025-09-03 00:00:00+00:00, run_after=2025-09-04 00:00:00+00:00
[2025-09-04T12:08:06.228+0000] {processor.py:183} INFO - Processing /home/airflow/.local/lib/python3.12/site-packages/airflow/example_dags/example_branch_datetime_operator.py took 0.074 seconds
[2025-09-04T12:08:36.648+0000] {processor.py:161} INFO - Started process (PID=291) to work on /home/airflow/.local/lib/python3.12/site-packages/airflow/example_dags/example_branch_datetime_operator.py
[2025-09-04T12:08:36.651+0000] {processor.py:830} INFO - Processing file /home/airflow/.local/lib/python3.12/site-packages/airflow/example_dags/example_branch_datetime_operator.py for tasks to queue
[2025-09-04T12:08:36.656+0000] {logging_mixin.py:188} INFO - [2025-09-04T12:08:36.655+0000] {dagbag.py:545} INFO - Filling up the DagBag from /home/airflow/.local/lib/python3.12/site-packages/airflow/example_dags/example_branch_datetime_operator.py
[2025-09-04T12:08:36.680+0000] {processor.py:840} INFO - DAG(s) 'example_branch_datetime_operator', 'example_branch_datetime_operator_3', 'example_branch_datetime_operator_2' retrieved from /home/airflow/.local/lib/python3.12/site-packages/airflow/example_dags/example_branch_datetime_operator.py
[2025-09-04T12:08:36.725+0000] {logging_mixin.py:188} INFO - [2025-09-04T12:08:36.725+0000] {dag.py:3096} INFO - Sync 3 DAGs
[2025-09-04T12:08:36.758+0000] {logging_mixin.py:188} INFO - [2025-09-04T12:08:36.758+0000] {dag.py:3954} INFO - Setting next_dagrun for example_branch_datetime_operator to 2025-09-03 00:00:00+00:00, run_after=2025-09-04 00:00:00+00:00
[2025-09-04T12:08:36.763+0000] {logging_mixin.py:188} INFO - [2025-09-04T12:08:36.763+0000] {dag.py:3954} INFO - Setting next_dagrun for example_branch_datetime_operator_2 to 2025-09-03 00:00:00+00:00, run_after=2025-09-04 00:00:00+00:00
[2025-09-04T12:08:36.765+0000] {logging_mixin.py:188} INFO - [2025-09-04T12:08:36.765+0000] {dag.py:3954} INFO - Setting next_dagrun for example_branch_datetime_operator_3 to 2025-09-03 00:00:00+00:00, run_after=2025-09-04 00:00:00+00:00
[2025-09-04T12:08:36.785+0000] {processor.py:183} INFO - Processing /home/airflow/.local/lib/python3.12/site-packages/airflow/example_dags/example_branch_datetime_operator.py took 0.154 seconds
