[2025-09-04T11:50:03.319+0000] {processor.py:161} INFO - Started process (PID=68) to work on /home/airflow/.local/lib/python3.12/site-packages/airflow/example_dags/example_latest_only.py
[2025-09-04T11:50:03.323+0000] {processor.py:830} INFO - Processing file /home/airflow/.local/lib/python3.12/site-packages/airflow/example_dags/example_latest_only.py for tasks to queue
[2025-09-04T11:50:03.326+0000] {logging_mixin.py:188} INFO - [2025-09-04T11:50:03.326+0000] {dagbag.py:545} INFO - Filling up the DagBag from /home/airflow/.local/lib/python3.12/site-packages/airflow/example_dags/example_latest_only.py
[2025-09-04T11:50:03.344+0000] {processor.py:840} INFO - DAG(s) 'latest_only' retrieved from /home/airflow/.local/lib/python3.12/site-packages/airflow/example_dags/example_latest_only.py
[2025-09-04T11:50:03.496+0000] {logging_mixin.py:188} INFO - [2025-09-04T11:50:03.495+0000] {override.py:1829} INFO - Created Permission View: can edit on DAG:latest_only
[2025-09-04T11:50:03.512+0000] {logging_mixin.py:188} INFO - [2025-09-04T11:50:03.511+0000] {override.py:1829} INFO - Created Permission View: can read on DAG:latest_only
[2025-09-04T11:50:03.523+0000] {logging_mixin.py:188} INFO - [2025-09-04T11:50:03.522+0000] {override.py:1829} INFO - Created Permission View: can delete on DAG:latest_only
[2025-09-04T11:50:03.524+0000] {logging_mixin.py:188} INFO - [2025-09-04T11:50:03.524+0000] {dag.py:3096} INFO - Sync 1 DAGs
[2025-09-04T11:50:03.538+0000] {logging_mixin.py:188} INFO - [2025-09-04T11:50:03.538+0000] {dag.py:3118} INFO - Creating ORM DAG for latest_only
[2025-09-04T11:50:03.551+0000] {logging_mixin.py:188} INFO - [2025-09-04T11:50:03.551+0000] {dag.py:3954} INFO - Setting next_dagrun for latest_only to 2025-09-04 04:00:00+00:00, run_after=2025-09-04 08:00:00+00:00
[2025-09-04T11:50:03.571+0000] {processor.py:183} INFO - Processing /home/airflow/.local/lib/python3.12/site-packages/airflow/example_dags/example_latest_only.py took 0.260 seconds
[2025-09-04T11:50:33.733+0000] {processor.py:161} INFO - Started process (PID=126) to work on /home/airflow/.local/lib/python3.12/site-packages/airflow/example_dags/example_latest_only.py
[2025-09-04T11:50:33.736+0000] {processor.py:830} INFO - Processing file /home/airflow/.local/lib/python3.12/site-packages/airflow/example_dags/example_latest_only.py for tasks to queue
[2025-09-04T11:50:33.739+0000] {logging_mixin.py:188} INFO - [2025-09-04T11:50:33.738+0000] {dagbag.py:545} INFO - Filling up the DagBag from /home/airflow/.local/lib/python3.12/site-packages/airflow/example_dags/example_latest_only.py
[2025-09-04T11:50:33.745+0000] {processor.py:840} INFO - DAG(s) 'latest_only' retrieved from /home/airflow/.local/lib/python3.12/site-packages/airflow/example_dags/example_latest_only.py
[2025-09-04T11:50:33.767+0000] {logging_mixin.py:188} INFO - [2025-09-04T11:50:33.766+0000] {dag.py:3096} INFO - Sync 1 DAGs
[2025-09-04T11:50:33.797+0000] {logging_mixin.py:188} INFO - [2025-09-04T11:50:33.797+0000] {dag.py:3954} INFO - Setting next_dagrun for latest_only to 2025-09-04 04:00:00+00:00, run_after=2025-09-04 08:00:00+00:00
[2025-09-04T11:50:33.841+0000] {processor.py:183} INFO - Processing /home/airflow/.local/lib/python3.12/site-packages/airflow/example_dags/example_latest_only.py took 0.116 seconds
[2025-09-04T11:51:04.770+0000] {processor.py:161} INFO - Started process (PID=189) to work on /home/airflow/.local/lib/python3.12/site-packages/airflow/example_dags/example_latest_only.py
[2025-09-04T11:51:04.772+0000] {processor.py:830} INFO - Processing file /home/airflow/.local/lib/python3.12/site-packages/airflow/example_dags/example_latest_only.py for tasks to queue
[2025-09-04T11:51:04.775+0000] {logging_mixin.py:188} INFO - [2025-09-04T11:51:04.774+0000] {dagbag.py:545} INFO - Filling up the DagBag from /home/airflow/.local/lib/python3.12/site-packages/airflow/example_dags/example_latest_only.py
[2025-09-04T11:51:04.781+0000] {processor.py:840} INFO - DAG(s) 'latest_only' retrieved from /home/airflow/.local/lib/python3.12/site-packages/airflow/example_dags/example_latest_only.py
[2025-09-04T11:51:04.808+0000] {logging_mixin.py:188} INFO - [2025-09-04T11:51:04.807+0000] {dag.py:3096} INFO - Sync 1 DAGs
[2025-09-04T11:51:04.828+0000] {logging_mixin.py:188} INFO - [2025-09-04T11:51:04.828+0000] {dag.py:3954} INFO - Setting next_dagrun for latest_only to 2025-09-04 04:00:00+00:00, run_after=2025-09-04 08:00:00+00:00
[2025-09-04T11:51:04.851+0000] {processor.py:183} INFO - Processing /home/airflow/.local/lib/python3.12/site-packages/airflow/example_dags/example_latest_only.py took 0.087 seconds
[2025-09-04T11:51:35.117+0000] {processor.py:161} INFO - Started process (PID=247) to work on /home/airflow/.local/lib/python3.12/site-packages/airflow/example_dags/example_latest_only.py
[2025-09-04T11:51:35.120+0000] {processor.py:830} INFO - Processing file /home/airflow/.local/lib/python3.12/site-packages/airflow/example_dags/example_latest_only.py for tasks to queue
[2025-09-04T11:51:35.123+0000] {logging_mixin.py:188} INFO - [2025-09-04T11:51:35.123+0000] {dagbag.py:545} INFO - Filling up the DagBag from /home/airflow/.local/lib/python3.12/site-packages/airflow/example_dags/example_latest_only.py
[2025-09-04T11:51:35.127+0000] {processor.py:840} INFO - DAG(s) 'latest_only' retrieved from /home/airflow/.local/lib/python3.12/site-packages/airflow/example_dags/example_latest_only.py
[2025-09-04T11:51:35.146+0000] {logging_mixin.py:188} INFO - [2025-09-04T11:51:35.146+0000] {dag.py:3096} INFO - Sync 1 DAGs
[2025-09-04T11:51:35.165+0000] {logging_mixin.py:188} INFO - [2025-09-04T11:51:35.164+0000] {dag.py:3954} INFO - Setting next_dagrun for latest_only to 2025-09-04 04:00:00+00:00, run_after=2025-09-04 08:00:00+00:00
[2025-09-04T11:51:35.181+0000] {processor.py:183} INFO - Processing /home/airflow/.local/lib/python3.12/site-packages/airflow/example_dags/example_latest_only.py took 0.068 seconds
[2025-09-04T11:52:05.830+0000] {processor.py:161} INFO - Started process (PID=305) to work on /home/airflow/.local/lib/python3.12/site-packages/airflow/example_dags/example_latest_only.py
[2025-09-04T11:52:05.831+0000] {processor.py:830} INFO - Processing file /home/airflow/.local/lib/python3.12/site-packages/airflow/example_dags/example_latest_only.py for tasks to queue
[2025-09-04T11:52:05.834+0000] {logging_mixin.py:188} INFO - [2025-09-04T11:52:05.833+0000] {dagbag.py:545} INFO - Filling up the DagBag from /home/airflow/.local/lib/python3.12/site-packages/airflow/example_dags/example_latest_only.py
[2025-09-04T11:52:05.839+0000] {processor.py:840} INFO - DAG(s) 'latest_only' retrieved from /home/airflow/.local/lib/python3.12/site-packages/airflow/example_dags/example_latest_only.py
[2025-09-04T11:52:05.862+0000] {logging_mixin.py:188} INFO - [2025-09-04T11:52:05.862+0000] {dag.py:3096} INFO - Sync 1 DAGs
[2025-09-04T11:52:05.881+0000] {logging_mixin.py:188} INFO - [2025-09-04T11:52:05.880+0000] {dag.py:3954} INFO - Setting next_dagrun for latest_only to 2025-09-04 04:00:00+00:00, run_after=2025-09-04 08:00:00+00:00
[2025-09-04T11:52:05.903+0000] {processor.py:183} INFO - Processing /home/airflow/.local/lib/python3.12/site-packages/airflow/example_dags/example_latest_only.py took 0.079 seconds
[2025-09-04T11:52:36.237+0000] {processor.py:161} INFO - Started process (PID=363) to work on /home/airflow/.local/lib/python3.12/site-packages/airflow/example_dags/example_latest_only.py
[2025-09-04T11:52:36.241+0000] {processor.py:830} INFO - Processing file /home/airflow/.local/lib/python3.12/site-packages/airflow/example_dags/example_latest_only.py for tasks to queue
[2025-09-04T11:52:36.250+0000] {logging_mixin.py:188} INFO - [2025-09-04T11:52:36.249+0000] {dagbag.py:545} INFO - Filling up the DagBag from /home/airflow/.local/lib/python3.12/site-packages/airflow/example_dags/example_latest_only.py
[2025-09-04T11:52:36.263+0000] {processor.py:840} INFO - DAG(s) 'latest_only' retrieved from /home/airflow/.local/lib/python3.12/site-packages/airflow/example_dags/example_latest_only.py
[2025-09-04T11:52:36.290+0000] {logging_mixin.py:188} INFO - [2025-09-04T11:52:36.290+0000] {dag.py:3096} INFO - Sync 1 DAGs
[2025-09-04T11:52:36.313+0000] {logging_mixin.py:188} INFO - [2025-09-04T11:52:36.312+0000] {dag.py:3954} INFO - Setting next_dagrun for latest_only to 2025-09-04 04:00:00+00:00, run_after=2025-09-04 08:00:00+00:00
[2025-09-04T11:52:36.334+0000] {processor.py:183} INFO - Processing /home/airflow/.local/lib/python3.12/site-packages/airflow/example_dags/example_latest_only.py took 0.118 seconds
[2025-09-04T11:53:06.489+0000] {processor.py:161} INFO - Started process (PID=421) to work on /home/airflow/.local/lib/python3.12/site-packages/airflow/example_dags/example_latest_only.py
[2025-09-04T11:53:06.490+0000] {processor.py:830} INFO - Processing file /home/airflow/.local/lib/python3.12/site-packages/airflow/example_dags/example_latest_only.py for tasks to queue
[2025-09-04T11:53:06.492+0000] {logging_mixin.py:188} INFO - [2025-09-04T11:53:06.492+0000] {dagbag.py:545} INFO - Filling up the DagBag from /home/airflow/.local/lib/python3.12/site-packages/airflow/example_dags/example_latest_only.py
[2025-09-04T11:53:06.496+0000] {processor.py:840} INFO - DAG(s) 'latest_only' retrieved from /home/airflow/.local/lib/python3.12/site-packages/airflow/example_dags/example_latest_only.py
[2025-09-04T11:53:06.513+0000] {logging_mixin.py:188} INFO - [2025-09-04T11:53:06.513+0000] {dag.py:3096} INFO - Sync 1 DAGs
[2025-09-04T11:53:06.529+0000] {logging_mixin.py:188} INFO - [2025-09-04T11:53:06.529+0000] {dag.py:3954} INFO - Setting next_dagrun for latest_only to 2025-09-04 04:00:00+00:00, run_after=2025-09-04 08:00:00+00:00
[2025-09-04T11:53:06.545+0000] {processor.py:183} INFO - Processing /home/airflow/.local/lib/python3.12/site-packages/airflow/example_dags/example_latest_only.py took 0.060 seconds
[2025-09-04T11:53:36.861+0000] {processor.py:161} INFO - Started process (PID=479) to work on /home/airflow/.local/lib/python3.12/site-packages/airflow/example_dags/example_latest_only.py
[2025-09-04T11:53:36.863+0000] {processor.py:830} INFO - Processing file /home/airflow/.local/lib/python3.12/site-packages/airflow/example_dags/example_latest_only.py for tasks to queue
[2025-09-04T11:53:36.865+0000] {logging_mixin.py:188} INFO - [2025-09-04T11:53:36.864+0000] {dagbag.py:545} INFO - Filling up the DagBag from /home/airflow/.local/lib/python3.12/site-packages/airflow/example_dags/example_latest_only.py
[2025-09-04T11:53:36.869+0000] {processor.py:840} INFO - DAG(s) 'latest_only' retrieved from /home/airflow/.local/lib/python3.12/site-packages/airflow/example_dags/example_latest_only.py
[2025-09-04T11:53:36.889+0000] {logging_mixin.py:188} INFO - [2025-09-04T11:53:36.889+0000] {dag.py:3096} INFO - Sync 1 DAGs
[2025-09-04T11:53:36.906+0000] {logging_mixin.py:188} INFO - [2025-09-04T11:53:36.905+0000] {dag.py:3954} INFO - Setting next_dagrun for latest_only to 2025-09-04 04:00:00+00:00, run_after=2025-09-04 08:00:00+00:00
[2025-09-04T11:53:36.921+0000] {processor.py:183} INFO - Processing /home/airflow/.local/lib/python3.12/site-packages/airflow/example_dags/example_latest_only.py took 0.064 seconds
[2025-09-04T11:54:07.778+0000] {processor.py:161} INFO - Started process (PID=537) to work on /home/airflow/.local/lib/python3.12/site-packages/airflow/example_dags/example_latest_only.py
[2025-09-04T11:54:07.780+0000] {processor.py:830} INFO - Processing file /home/airflow/.local/lib/python3.12/site-packages/airflow/example_dags/example_latest_only.py for tasks to queue
[2025-09-04T11:54:07.782+0000] {logging_mixin.py:188} INFO - [2025-09-04T11:54:07.782+0000] {dagbag.py:545} INFO - Filling up the DagBag from /home/airflow/.local/lib/python3.12/site-packages/airflow/example_dags/example_latest_only.py
[2025-09-04T11:54:07.790+0000] {processor.py:840} INFO - DAG(s) 'latest_only' retrieved from /home/airflow/.local/lib/python3.12/site-packages/airflow/example_dags/example_latest_only.py
[2025-09-04T11:54:07.813+0000] {logging_mixin.py:188} INFO - [2025-09-04T11:54:07.813+0000] {dag.py:3096} INFO - Sync 1 DAGs
[2025-09-04T11:54:07.848+0000] {logging_mixin.py:188} INFO - [2025-09-04T11:54:07.847+0000] {dag.py:3954} INFO - Setting next_dagrun for latest_only to 2025-09-04 04:00:00+00:00, run_after=2025-09-04 08:00:00+00:00
[2025-09-04T11:54:07.882+0000] {processor.py:183} INFO - Processing /home/airflow/.local/lib/python3.12/site-packages/airflow/example_dags/example_latest_only.py took 0.111 seconds
[2025-09-04T11:54:38.285+0000] {processor.py:161} INFO - Started process (PID=595) to work on /home/airflow/.local/lib/python3.12/site-packages/airflow/example_dags/example_latest_only.py
[2025-09-04T11:54:38.287+0000] {processor.py:830} INFO - Processing file /home/airflow/.local/lib/python3.12/site-packages/airflow/example_dags/example_latest_only.py for tasks to queue
[2025-09-04T11:54:38.289+0000] {logging_mixin.py:188} INFO - [2025-09-04T11:54:38.289+0000] {dagbag.py:545} INFO - Filling up the DagBag from /home/airflow/.local/lib/python3.12/site-packages/airflow/example_dags/example_latest_only.py
[2025-09-04T11:54:38.296+0000] {processor.py:840} INFO - DAG(s) 'latest_only' retrieved from /home/airflow/.local/lib/python3.12/site-packages/airflow/example_dags/example_latest_only.py
[2025-09-04T11:54:38.318+0000] {logging_mixin.py:188} INFO - [2025-09-04T11:54:38.318+0000] {dag.py:3096} INFO - Sync 1 DAGs
[2025-09-04T11:54:38.352+0000] {logging_mixin.py:188} INFO - [2025-09-04T11:54:38.352+0000] {dag.py:3954} INFO - Setting next_dagrun for latest_only to 2025-09-04 04:00:00+00:00, run_after=2025-09-04 08:00:00+00:00
[2025-09-04T11:54:38.377+0000] {processor.py:183} INFO - Processing /home/airflow/.local/lib/python3.12/site-packages/airflow/example_dags/example_latest_only.py took 0.097 seconds
[2025-09-04T11:55:08.727+0000] {processor.py:161} INFO - Started process (PID=653) to work on /home/airflow/.local/lib/python3.12/site-packages/airflow/example_dags/example_latest_only.py
[2025-09-04T11:55:08.730+0000] {processor.py:830} INFO - Processing file /home/airflow/.local/lib/python3.12/site-packages/airflow/example_dags/example_latest_only.py for tasks to queue
[2025-09-04T11:55:08.737+0000] {logging_mixin.py:188} INFO - [2025-09-04T11:55:08.736+0000] {dagbag.py:545} INFO - Filling up the DagBag from /home/airflow/.local/lib/python3.12/site-packages/airflow/example_dags/example_latest_only.py
[2025-09-04T11:55:08.750+0000] {processor.py:840} INFO - DAG(s) 'latest_only' retrieved from /home/airflow/.local/lib/python3.12/site-packages/airflow/example_dags/example_latest_only.py
[2025-09-04T11:55:08.806+0000] {logging_mixin.py:188} INFO - [2025-09-04T11:55:08.805+0000] {dag.py:3096} INFO - Sync 1 DAGs
[2025-09-04T11:55:08.852+0000] {logging_mixin.py:188} INFO - [2025-09-04T11:55:08.852+0000] {dag.py:3954} INFO - Setting next_dagrun for latest_only to 2025-09-04 04:00:00+00:00, run_after=2025-09-04 08:00:00+00:00
[2025-09-04T11:55:08.885+0000] {processor.py:183} INFO - Processing /home/airflow/.local/lib/python3.12/site-packages/airflow/example_dags/example_latest_only.py took 0.175 seconds
[2025-09-04T11:55:39.005+0000] {processor.py:161} INFO - Started process (PID=711) to work on /home/airflow/.local/lib/python3.12/site-packages/airflow/example_dags/example_latest_only.py
[2025-09-04T11:55:39.007+0000] {processor.py:830} INFO - Processing file /home/airflow/.local/lib/python3.12/site-packages/airflow/example_dags/example_latest_only.py for tasks to queue
[2025-09-04T11:55:39.010+0000] {logging_mixin.py:188} INFO - [2025-09-04T11:55:39.009+0000] {dagbag.py:545} INFO - Filling up the DagBag from /home/airflow/.local/lib/python3.12/site-packages/airflow/example_dags/example_latest_only.py
[2025-09-04T11:55:39.015+0000] {processor.py:840} INFO - DAG(s) 'latest_only' retrieved from /home/airflow/.local/lib/python3.12/site-packages/airflow/example_dags/example_latest_only.py
[2025-09-04T11:55:39.040+0000] {logging_mixin.py:188} INFO - [2025-09-04T11:55:39.039+0000] {dag.py:3096} INFO - Sync 1 DAGs
[2025-09-04T11:55:39.059+0000] {logging_mixin.py:188} INFO - [2025-09-04T11:55:39.058+0000] {dag.py:3954} INFO - Setting next_dagrun for latest_only to 2025-09-04 04:00:00+00:00, run_after=2025-09-04 08:00:00+00:00
[2025-09-04T11:55:39.075+0000] {processor.py:183} INFO - Processing /home/airflow/.local/lib/python3.12/site-packages/airflow/example_dags/example_latest_only.py took 0.076 seconds
[2025-09-04T11:56:09.500+0000] {processor.py:161} INFO - Started process (PID=769) to work on /home/airflow/.local/lib/python3.12/site-packages/airflow/example_dags/example_latest_only.py
[2025-09-04T11:56:09.501+0000] {processor.py:830} INFO - Processing file /home/airflow/.local/lib/python3.12/site-packages/airflow/example_dags/example_latest_only.py for tasks to queue
[2025-09-04T11:56:09.505+0000] {logging_mixin.py:188} INFO - [2025-09-04T11:56:09.504+0000] {dagbag.py:545} INFO - Filling up the DagBag from /home/airflow/.local/lib/python3.12/site-packages/airflow/example_dags/example_latest_only.py
[2025-09-04T11:56:09.514+0000] {processor.py:840} INFO - DAG(s) 'latest_only' retrieved from /home/airflow/.local/lib/python3.12/site-packages/airflow/example_dags/example_latest_only.py
[2025-09-04T11:56:09.555+0000] {logging_mixin.py:188} INFO - [2025-09-04T11:56:09.555+0000] {dag.py:3096} INFO - Sync 1 DAGs
[2025-09-04T11:56:09.587+0000] {logging_mixin.py:188} INFO - [2025-09-04T11:56:09.587+0000] {dag.py:3954} INFO - Setting next_dagrun for latest_only to 2025-09-04 04:00:00+00:00, run_after=2025-09-04 08:00:00+00:00
[2025-09-04T11:56:09.626+0000] {processor.py:183} INFO - Processing /home/airflow/.local/lib/python3.12/site-packages/airflow/example_dags/example_latest_only.py took 0.134 seconds
[2025-09-04T11:56:39.858+0000] {processor.py:161} INFO - Started process (PID=827) to work on /home/airflow/.local/lib/python3.12/site-packages/airflow/example_dags/example_latest_only.py
[2025-09-04T11:56:39.861+0000] {processor.py:830} INFO - Processing file /home/airflow/.local/lib/python3.12/site-packages/airflow/example_dags/example_latest_only.py for tasks to queue
[2025-09-04T11:56:39.865+0000] {logging_mixin.py:188} INFO - [2025-09-04T11:56:39.865+0000] {dagbag.py:545} INFO - Filling up the DagBag from /home/airflow/.local/lib/python3.12/site-packages/airflow/example_dags/example_latest_only.py
[2025-09-04T11:56:39.876+0000] {processor.py:840} INFO - DAG(s) 'latest_only' retrieved from /home/airflow/.local/lib/python3.12/site-packages/airflow/example_dags/example_latest_only.py
[2025-09-04T11:56:39.922+0000] {logging_mixin.py:188} INFO - [2025-09-04T11:56:39.922+0000] {dag.py:3096} INFO - Sync 1 DAGs
[2025-09-04T11:56:39.962+0000] {logging_mixin.py:188} INFO - [2025-09-04T11:56:39.962+0000] {dag.py:3954} INFO - Setting next_dagrun for latest_only to 2025-09-04 04:00:00+00:00, run_after=2025-09-04 08:00:00+00:00
[2025-09-04T11:56:39.998+0000] {processor.py:183} INFO - Processing /home/airflow/.local/lib/python3.12/site-packages/airflow/example_dags/example_latest_only.py took 0.151 seconds
[2025-09-04T11:57:10.150+0000] {processor.py:161} INFO - Started process (PID=885) to work on /home/airflow/.local/lib/python3.12/site-packages/airflow/example_dags/example_latest_only.py
[2025-09-04T11:57:10.151+0000] {processor.py:830} INFO - Processing file /home/airflow/.local/lib/python3.12/site-packages/airflow/example_dags/example_latest_only.py for tasks to queue
[2025-09-04T11:57:10.154+0000] {logging_mixin.py:188} INFO - [2025-09-04T11:57:10.154+0000] {dagbag.py:545} INFO - Filling up the DagBag from /home/airflow/.local/lib/python3.12/site-packages/airflow/example_dags/example_latest_only.py
[2025-09-04T11:57:10.158+0000] {processor.py:840} INFO - DAG(s) 'latest_only' retrieved from /home/airflow/.local/lib/python3.12/site-packages/airflow/example_dags/example_latest_only.py
[2025-09-04T11:57:10.176+0000] {logging_mixin.py:188} INFO - [2025-09-04T11:57:10.176+0000] {dag.py:3096} INFO - Sync 1 DAGs
[2025-09-04T11:57:10.193+0000] {logging_mixin.py:188} INFO - [2025-09-04T11:57:10.193+0000] {dag.py:3954} INFO - Setting next_dagrun for latest_only to 2025-09-04 04:00:00+00:00, run_after=2025-09-04 08:00:00+00:00
[2025-09-04T11:57:10.215+0000] {processor.py:183} INFO - Processing /home/airflow/.local/lib/python3.12/site-packages/airflow/example_dags/example_latest_only.py took 0.070 seconds
[2025-09-04T11:57:40.406+0000] {processor.py:161} INFO - Started process (PID=943) to work on /home/airflow/.local/lib/python3.12/site-packages/airflow/example_dags/example_latest_only.py
[2025-09-04T11:57:40.409+0000] {processor.py:830} INFO - Processing file /home/airflow/.local/lib/python3.12/site-packages/airflow/example_dags/example_latest_only.py for tasks to queue
[2025-09-04T11:57:40.411+0000] {logging_mixin.py:188} INFO - [2025-09-04T11:57:40.411+0000] {dagbag.py:545} INFO - Filling up the DagBag from /home/airflow/.local/lib/python3.12/site-packages/airflow/example_dags/example_latest_only.py
[2025-09-04T11:57:40.419+0000] {processor.py:840} INFO - DAG(s) 'latest_only' retrieved from /home/airflow/.local/lib/python3.12/site-packages/airflow/example_dags/example_latest_only.py
[2025-09-04T11:57:40.444+0000] {logging_mixin.py:188} INFO - [2025-09-04T11:57:40.443+0000] {dag.py:3096} INFO - Sync 1 DAGs
[2025-09-04T11:57:40.461+0000] {logging_mixin.py:188} INFO - [2025-09-04T11:57:40.461+0000] {dag.py:3954} INFO - Setting next_dagrun for latest_only to 2025-09-04 04:00:00+00:00, run_after=2025-09-04 08:00:00+00:00
[2025-09-04T11:57:40.481+0000] {processor.py:183} INFO - Processing /home/airflow/.local/lib/python3.12/site-packages/airflow/example_dags/example_latest_only.py took 0.082 seconds
[2025-09-04T11:58:10.768+0000] {processor.py:161} INFO - Started process (PID=1002) to work on /home/airflow/.local/lib/python3.12/site-packages/airflow/example_dags/example_latest_only.py
[2025-09-04T11:58:10.769+0000] {processor.py:830} INFO - Processing file /home/airflow/.local/lib/python3.12/site-packages/airflow/example_dags/example_latest_only.py for tasks to queue
[2025-09-04T11:58:10.772+0000] {logging_mixin.py:188} INFO - [2025-09-04T11:58:10.771+0000] {dagbag.py:545} INFO - Filling up the DagBag from /home/airflow/.local/lib/python3.12/site-packages/airflow/example_dags/example_latest_only.py
[2025-09-04T11:58:10.779+0000] {processor.py:840} INFO - DAG(s) 'latest_only' retrieved from /home/airflow/.local/lib/python3.12/site-packages/airflow/example_dags/example_latest_only.py
[2025-09-04T11:58:10.808+0000] {logging_mixin.py:188} INFO - [2025-09-04T11:58:10.807+0000] {dag.py:3096} INFO - Sync 1 DAGs
[2025-09-04T11:58:10.832+0000] {logging_mixin.py:188} INFO - [2025-09-04T11:58:10.832+0000] {dag.py:3954} INFO - Setting next_dagrun for latest_only to 2025-09-04 04:00:00+00:00, run_after=2025-09-04 08:00:00+00:00
[2025-09-04T11:58:10.857+0000] {processor.py:183} INFO - Processing /home/airflow/.local/lib/python3.12/site-packages/airflow/example_dags/example_latest_only.py took 0.096 seconds
[2025-09-04T11:58:41.487+0000] {processor.py:161} INFO - Started process (PID=1060) to work on /home/airflow/.local/lib/python3.12/site-packages/airflow/example_dags/example_latest_only.py
[2025-09-04T11:58:41.489+0000] {processor.py:830} INFO - Processing file /home/airflow/.local/lib/python3.12/site-packages/airflow/example_dags/example_latest_only.py for tasks to queue
[2025-09-04T11:58:41.495+0000] {logging_mixin.py:188} INFO - [2025-09-04T11:58:41.494+0000] {dagbag.py:545} INFO - Filling up the DagBag from /home/airflow/.local/lib/python3.12/site-packages/airflow/example_dags/example_latest_only.py
[2025-09-04T11:58:41.507+0000] {processor.py:840} INFO - DAG(s) 'latest_only' retrieved from /home/airflow/.local/lib/python3.12/site-packages/airflow/example_dags/example_latest_only.py
[2025-09-04T11:58:41.554+0000] {logging_mixin.py:188} INFO - [2025-09-04T11:58:41.554+0000] {dag.py:3096} INFO - Sync 1 DAGs
[2025-09-04T11:58:41.585+0000] {logging_mixin.py:188} INFO - [2025-09-04T11:58:41.585+0000] {dag.py:3954} INFO - Setting next_dagrun for latest_only to 2025-09-04 04:00:00+00:00, run_after=2025-09-04 08:00:00+00:00
[2025-09-04T11:58:41.615+0000] {processor.py:183} INFO - Processing /home/airflow/.local/lib/python3.12/site-packages/airflow/example_dags/example_latest_only.py took 0.137 seconds
[2025-09-04T11:59:12.365+0000] {processor.py:161} INFO - Started process (PID=1118) to work on /home/airflow/.local/lib/python3.12/site-packages/airflow/example_dags/example_latest_only.py
[2025-09-04T11:59:12.367+0000] {processor.py:830} INFO - Processing file /home/airflow/.local/lib/python3.12/site-packages/airflow/example_dags/example_latest_only.py for tasks to queue
[2025-09-04T11:59:12.371+0000] {logging_mixin.py:188} INFO - [2025-09-04T11:59:12.370+0000] {dagbag.py:545} INFO - Filling up the DagBag from /home/airflow/.local/lib/python3.12/site-packages/airflow/example_dags/example_latest_only.py
[2025-09-04T11:59:12.378+0000] {processor.py:840} INFO - DAG(s) 'latest_only' retrieved from /home/airflow/.local/lib/python3.12/site-packages/airflow/example_dags/example_latest_only.py
[2025-09-04T11:59:12.411+0000] {logging_mixin.py:188} INFO - [2025-09-04T11:59:12.411+0000] {dag.py:3096} INFO - Sync 1 DAGs
[2025-09-04T11:59:12.461+0000] {logging_mixin.py:188} INFO - [2025-09-04T11:59:12.460+0000] {dag.py:3954} INFO - Setting next_dagrun for latest_only to 2025-09-04 04:00:00+00:00, run_after=2025-09-04 08:00:00+00:00
[2025-09-04T11:59:12.501+0000] {processor.py:183} INFO - Processing /home/airflow/.local/lib/python3.12/site-packages/airflow/example_dags/example_latest_only.py took 0.143 seconds
[2025-09-04T11:59:42.902+0000] {processor.py:161} INFO - Started process (PID=1176) to work on /home/airflow/.local/lib/python3.12/site-packages/airflow/example_dags/example_latest_only.py
[2025-09-04T11:59:42.905+0000] {processor.py:830} INFO - Processing file /home/airflow/.local/lib/python3.12/site-packages/airflow/example_dags/example_latest_only.py for tasks to queue
[2025-09-04T11:59:42.908+0000] {logging_mixin.py:188} INFO - [2025-09-04T11:59:42.907+0000] {dagbag.py:545} INFO - Filling up the DagBag from /home/airflow/.local/lib/python3.12/site-packages/airflow/example_dags/example_latest_only.py
[2025-09-04T11:59:42.924+0000] {processor.py:840} INFO - DAG(s) 'latest_only' retrieved from /home/airflow/.local/lib/python3.12/site-packages/airflow/example_dags/example_latest_only.py
[2025-09-04T11:59:42.963+0000] {logging_mixin.py:188} INFO - [2025-09-04T11:59:42.963+0000] {dag.py:3096} INFO - Sync 1 DAGs
[2025-09-04T11:59:42.991+0000] {logging_mixin.py:188} INFO - [2025-09-04T11:59:42.991+0000] {dag.py:3954} INFO - Setting next_dagrun for latest_only to 2025-09-04 04:00:00+00:00, run_after=2025-09-04 08:00:00+00:00
[2025-09-04T11:59:43.012+0000] {processor.py:183} INFO - Processing /home/airflow/.local/lib/python3.12/site-packages/airflow/example_dags/example_latest_only.py took 0.115 seconds
[2025-09-04T12:01:31.097+0000] {processor.py:161} INFO - Started process (PID=62) to work on /home/airflow/.local/lib/python3.12/site-packages/airflow/example_dags/example_latest_only.py
[2025-09-04T12:01:31.100+0000] {processor.py:830} INFO - Processing file /home/airflow/.local/lib/python3.12/site-packages/airflow/example_dags/example_latest_only.py for tasks to queue
[2025-09-04T12:01:31.105+0000] {logging_mixin.py:188} INFO - [2025-09-04T12:01:31.104+0000] {dagbag.py:545} INFO - Filling up the DagBag from /home/airflow/.local/lib/python3.12/site-packages/airflow/example_dags/example_latest_only.py
[2025-09-04T12:01:31.119+0000] {processor.py:840} INFO - DAG(s) 'latest_only' retrieved from /home/airflow/.local/lib/python3.12/site-packages/airflow/example_dags/example_latest_only.py
[2025-09-04T12:01:31.255+0000] {logging_mixin.py:188} INFO - [2025-09-04T12:01:31.254+0000] {dag.py:3096} INFO - Sync 1 DAGs
[2025-09-04T12:01:31.276+0000] {logging_mixin.py:188} INFO - [2025-09-04T12:01:31.276+0000] {dag.py:3954} INFO - Setting next_dagrun for latest_only to 2025-09-04 08:00:00+00:00, run_after=2025-09-04 12:00:00+00:00
[2025-09-04T12:01:31.298+0000] {processor.py:183} INFO - Processing /home/airflow/.local/lib/python3.12/site-packages/airflow/example_dags/example_latest_only.py took 0.213 seconds
[2025-09-04T12:02:01.515+0000] {processor.py:161} INFO - Started process (PID=120) to work on /home/airflow/.local/lib/python3.12/site-packages/airflow/example_dags/example_latest_only.py
[2025-09-04T12:02:01.517+0000] {processor.py:830} INFO - Processing file /home/airflow/.local/lib/python3.12/site-packages/airflow/example_dags/example_latest_only.py for tasks to queue
[2025-09-04T12:02:01.522+0000] {logging_mixin.py:188} INFO - [2025-09-04T12:02:01.521+0000] {dagbag.py:545} INFO - Filling up the DagBag from /home/airflow/.local/lib/python3.12/site-packages/airflow/example_dags/example_latest_only.py
[2025-09-04T12:02:01.527+0000] {processor.py:840} INFO - DAG(s) 'latest_only' retrieved from /home/airflow/.local/lib/python3.12/site-packages/airflow/example_dags/example_latest_only.py
[2025-09-04T12:02:01.547+0000] {logging_mixin.py:188} INFO - [2025-09-04T12:02:01.547+0000] {dag.py:3096} INFO - Sync 1 DAGs
[2025-09-04T12:02:01.565+0000] {logging_mixin.py:188} INFO - [2025-09-04T12:02:01.565+0000] {dag.py:3954} INFO - Setting next_dagrun for latest_only to 2025-09-04 08:00:00+00:00, run_after=2025-09-04 12:00:00+00:00
[2025-09-04T12:02:01.586+0000] {processor.py:183} INFO - Processing /home/airflow/.local/lib/python3.12/site-packages/airflow/example_dags/example_latest_only.py took 0.082 seconds
[2025-09-04T12:02:31.891+0000] {processor.py:161} INFO - Started process (PID=178) to work on /home/airflow/.local/lib/python3.12/site-packages/airflow/example_dags/example_latest_only.py
[2025-09-04T12:02:31.893+0000] {processor.py:830} INFO - Processing file /home/airflow/.local/lib/python3.12/site-packages/airflow/example_dags/example_latest_only.py for tasks to queue
[2025-09-04T12:02:31.895+0000] {logging_mixin.py:188} INFO - [2025-09-04T12:02:31.895+0000] {dagbag.py:545} INFO - Filling up the DagBag from /home/airflow/.local/lib/python3.12/site-packages/airflow/example_dags/example_latest_only.py
[2025-09-04T12:02:31.901+0000] {processor.py:840} INFO - DAG(s) 'latest_only' retrieved from /home/airflow/.local/lib/python3.12/site-packages/airflow/example_dags/example_latest_only.py
[2025-09-04T12:02:31.926+0000] {logging_mixin.py:188} INFO - [2025-09-04T12:02:31.925+0000] {dag.py:3096} INFO - Sync 1 DAGs
[2025-09-04T12:02:31.960+0000] {logging_mixin.py:188} INFO - [2025-09-04T12:02:31.960+0000] {dag.py:3954} INFO - Setting next_dagrun for latest_only to 2025-09-04 08:00:00+00:00, run_after=2025-09-04 12:00:00+00:00
[2025-09-04T12:02:31.987+0000] {processor.py:183} INFO - Processing /home/airflow/.local/lib/python3.12/site-packages/airflow/example_dags/example_latest_only.py took 0.102 seconds
[2025-09-04T12:03:02.236+0000] {processor.py:161} INFO - Started process (PID=236) to work on /home/airflow/.local/lib/python3.12/site-packages/airflow/example_dags/example_latest_only.py
[2025-09-04T12:03:02.237+0000] {processor.py:830} INFO - Processing file /home/airflow/.local/lib/python3.12/site-packages/airflow/example_dags/example_latest_only.py for tasks to queue
[2025-09-04T12:03:02.241+0000] {logging_mixin.py:188} INFO - [2025-09-04T12:03:02.240+0000] {dagbag.py:545} INFO - Filling up the DagBag from /home/airflow/.local/lib/python3.12/site-packages/airflow/example_dags/example_latest_only.py
[2025-09-04T12:03:02.245+0000] {processor.py:840} INFO - DAG(s) 'latest_only' retrieved from /home/airflow/.local/lib/python3.12/site-packages/airflow/example_dags/example_latest_only.py
[2025-09-04T12:03:02.260+0000] {logging_mixin.py:188} INFO - [2025-09-04T12:03:02.260+0000] {dag.py:3096} INFO - Sync 1 DAGs
[2025-09-04T12:03:02.276+0000] {logging_mixin.py:188} INFO - [2025-09-04T12:03:02.276+0000] {dag.py:3954} INFO - Setting next_dagrun for latest_only to 2025-09-04 08:00:00+00:00, run_after=2025-09-04 12:00:00+00:00
[2025-09-04T12:03:02.291+0000] {processor.py:183} INFO - Processing /home/airflow/.local/lib/python3.12/site-packages/airflow/example_dags/example_latest_only.py took 0.059 seconds
[2025-09-04T12:03:32.741+0000] {processor.py:161} INFO - Started process (PID=294) to work on /home/airflow/.local/lib/python3.12/site-packages/airflow/example_dags/example_latest_only.py
[2025-09-04T12:03:32.742+0000] {processor.py:830} INFO - Processing file /home/airflow/.local/lib/python3.12/site-packages/airflow/example_dags/example_latest_only.py for tasks to queue
[2025-09-04T12:03:32.744+0000] {logging_mixin.py:188} INFO - [2025-09-04T12:03:32.744+0000] {dagbag.py:545} INFO - Filling up the DagBag from /home/airflow/.local/lib/python3.12/site-packages/airflow/example_dags/example_latest_only.py
[2025-09-04T12:03:32.749+0000] {processor.py:840} INFO - DAG(s) 'latest_only' retrieved from /home/airflow/.local/lib/python3.12/site-packages/airflow/example_dags/example_latest_only.py
[2025-09-04T12:03:32.765+0000] {logging_mixin.py:188} INFO - [2025-09-04T12:03:32.764+0000] {dag.py:3096} INFO - Sync 1 DAGs
[2025-09-04T12:03:32.783+0000] {logging_mixin.py:188} INFO - [2025-09-04T12:03:32.783+0000] {dag.py:3954} INFO - Setting next_dagrun for latest_only to 2025-09-04 08:00:00+00:00, run_after=2025-09-04 12:00:00+00:00
[2025-09-04T12:03:32.798+0000] {processor.py:183} INFO - Processing /home/airflow/.local/lib/python3.12/site-packages/airflow/example_dags/example_latest_only.py took 0.062 seconds
[2025-09-04T12:04:03.360+0000] {processor.py:161} INFO - Started process (PID=358) to work on /home/airflow/.local/lib/python3.12/site-packages/airflow/example_dags/example_latest_only.py
[2025-09-04T12:04:03.363+0000] {processor.py:830} INFO - Processing file /home/airflow/.local/lib/python3.12/site-packages/airflow/example_dags/example_latest_only.py for tasks to queue
[2025-09-04T12:04:03.369+0000] {logging_mixin.py:188} INFO - [2025-09-04T12:04:03.368+0000] {dagbag.py:545} INFO - Filling up the DagBag from /home/airflow/.local/lib/python3.12/site-packages/airflow/example_dags/example_latest_only.py
[2025-09-04T12:04:03.380+0000] {processor.py:840} INFO - DAG(s) 'latest_only' retrieved from /home/airflow/.local/lib/python3.12/site-packages/airflow/example_dags/example_latest_only.py
[2025-09-04T12:04:03.428+0000] {logging_mixin.py:188} INFO - [2025-09-04T12:04:03.427+0000] {dag.py:3096} INFO - Sync 1 DAGs
[2025-09-04T12:04:03.476+0000] {logging_mixin.py:188} INFO - [2025-09-04T12:04:03.475+0000] {dag.py:3954} INFO - Setting next_dagrun for latest_only to 2025-09-04 08:00:00+00:00, run_after=2025-09-04 12:00:00+00:00
[2025-09-04T12:04:03.518+0000] {processor.py:183} INFO - Processing /home/airflow/.local/lib/python3.12/site-packages/airflow/example_dags/example_latest_only.py took 0.169 seconds
[2025-09-04T12:04:33.859+0000] {processor.py:161} INFO - Started process (PID=416) to work on /home/airflow/.local/lib/python3.12/site-packages/airflow/example_dags/example_latest_only.py
[2025-09-04T12:04:33.861+0000] {processor.py:830} INFO - Processing file /home/airflow/.local/lib/python3.12/site-packages/airflow/example_dags/example_latest_only.py for tasks to queue
[2025-09-04T12:04:33.862+0000] {logging_mixin.py:188} INFO - [2025-09-04T12:04:33.862+0000] {dagbag.py:545} INFO - Filling up the DagBag from /home/airflow/.local/lib/python3.12/site-packages/airflow/example_dags/example_latest_only.py
[2025-09-04T12:04:33.867+0000] {processor.py:840} INFO - DAG(s) 'latest_only' retrieved from /home/airflow/.local/lib/python3.12/site-packages/airflow/example_dags/example_latest_only.py
[2025-09-04T12:04:33.884+0000] {logging_mixin.py:188} INFO - [2025-09-04T12:04:33.884+0000] {dag.py:3096} INFO - Sync 1 DAGs
[2025-09-04T12:04:33.900+0000] {logging_mixin.py:188} INFO - [2025-09-04T12:04:33.900+0000] {dag.py:3954} INFO - Setting next_dagrun for latest_only to 2025-09-04 08:00:00+00:00, run_after=2025-09-04 12:00:00+00:00
[2025-09-04T12:04:33.918+0000] {processor.py:183} INFO - Processing /home/airflow/.local/lib/python3.12/site-packages/airflow/example_dags/example_latest_only.py took 0.063 seconds
[2025-09-04T12:05:04.233+0000] {processor.py:161} INFO - Started process (PID=474) to work on /home/airflow/.local/lib/python3.12/site-packages/airflow/example_dags/example_latest_only.py
[2025-09-04T12:05:04.234+0000] {processor.py:830} INFO - Processing file /home/airflow/.local/lib/python3.12/site-packages/airflow/example_dags/example_latest_only.py for tasks to queue
[2025-09-04T12:05:04.236+0000] {logging_mixin.py:188} INFO - [2025-09-04T12:05:04.236+0000] {dagbag.py:545} INFO - Filling up the DagBag from /home/airflow/.local/lib/python3.12/site-packages/airflow/example_dags/example_latest_only.py
[2025-09-04T12:05:04.242+0000] {processor.py:840} INFO - DAG(s) 'latest_only' retrieved from /home/airflow/.local/lib/python3.12/site-packages/airflow/example_dags/example_latest_only.py
[2025-09-04T12:05:04.264+0000] {logging_mixin.py:188} INFO - [2025-09-04T12:05:04.264+0000] {dag.py:3096} INFO - Sync 1 DAGs
[2025-09-04T12:05:04.286+0000] {logging_mixin.py:188} INFO - [2025-09-04T12:05:04.286+0000] {dag.py:3954} INFO - Setting next_dagrun for latest_only to 2025-09-04 08:00:00+00:00, run_after=2025-09-04 12:00:00+00:00
[2025-09-04T12:05:04.306+0000] {processor.py:183} INFO - Processing /home/airflow/.local/lib/python3.12/site-packages/airflow/example_dags/example_latest_only.py took 0.078 seconds
[2025-09-04T12:05:34.637+0000] {processor.py:161} INFO - Started process (PID=532) to work on /home/airflow/.local/lib/python3.12/site-packages/airflow/example_dags/example_latest_only.py
[2025-09-04T12:05:34.638+0000] {processor.py:830} INFO - Processing file /home/airflow/.local/lib/python3.12/site-packages/airflow/example_dags/example_latest_only.py for tasks to queue
[2025-09-04T12:05:34.640+0000] {logging_mixin.py:188} INFO - [2025-09-04T12:05:34.640+0000] {dagbag.py:545} INFO - Filling up the DagBag from /home/airflow/.local/lib/python3.12/site-packages/airflow/example_dags/example_latest_only.py
[2025-09-04T12:05:34.645+0000] {processor.py:840} INFO - DAG(s) 'latest_only' retrieved from /home/airflow/.local/lib/python3.12/site-packages/airflow/example_dags/example_latest_only.py
[2025-09-04T12:05:34.665+0000] {logging_mixin.py:188} INFO - [2025-09-04T12:05:34.665+0000] {dag.py:3096} INFO - Sync 1 DAGs
[2025-09-04T12:05:34.690+0000] {logging_mixin.py:188} INFO - [2025-09-04T12:05:34.690+0000] {dag.py:3954} INFO - Setting next_dagrun for latest_only to 2025-09-04 08:00:00+00:00, run_after=2025-09-04 12:00:00+00:00
[2025-09-04T12:05:34.716+0000] {processor.py:183} INFO - Processing /home/airflow/.local/lib/python3.12/site-packages/airflow/example_dags/example_latest_only.py took 0.084 seconds
[2025-09-04T12:06:35.126+0000] {processor.py:161} INFO - Started process (PID=68) to work on /home/airflow/.local/lib/python3.12/site-packages/airflow/example_dags/example_latest_only.py
[2025-09-04T12:06:35.128+0000] {processor.py:830} INFO - Processing file /home/airflow/.local/lib/python3.12/site-packages/airflow/example_dags/example_latest_only.py for tasks to queue
[2025-09-04T12:06:35.130+0000] {logging_mixin.py:188} INFO - [2025-09-04T12:06:35.129+0000] {dagbag.py:545} INFO - Filling up the DagBag from /home/airflow/.local/lib/python3.12/site-packages/airflow/example_dags/example_latest_only.py
[2025-09-04T12:06:35.139+0000] {processor.py:840} INFO - DAG(s) 'latest_only' retrieved from /home/airflow/.local/lib/python3.12/site-packages/airflow/example_dags/example_latest_only.py
[2025-09-04T12:06:35.150+0000] {logging_mixin.py:188} INFO - [2025-09-04T12:06:35.150+0000] {dag.py:3096} INFO - Sync 1 DAGs
[2025-09-04T12:06:35.171+0000] {logging_mixin.py:188} INFO - [2025-09-04T12:06:35.171+0000] {dag.py:3954} INFO - Setting next_dagrun for latest_only to 2025-09-04 08:00:00+00:00, run_after=2025-09-04 12:00:00+00:00
[2025-09-04T12:06:35.192+0000] {processor.py:183} INFO - Processing /home/airflow/.local/lib/python3.12/site-packages/airflow/example_dags/example_latest_only.py took 0.071 seconds
[2025-09-04T12:07:06.167+0000] {processor.py:161} INFO - Started process (PID=126) to work on /home/airflow/.local/lib/python3.12/site-packages/airflow/example_dags/example_latest_only.py
[2025-09-04T12:07:06.170+0000] {processor.py:830} INFO - Processing file /home/airflow/.local/lib/python3.12/site-packages/airflow/example_dags/example_latest_only.py for tasks to queue
[2025-09-04T12:07:06.174+0000] {logging_mixin.py:188} INFO - [2025-09-04T12:07:06.173+0000] {dagbag.py:545} INFO - Filling up the DagBag from /home/airflow/.local/lib/python3.12/site-packages/airflow/example_dags/example_latest_only.py
[2025-09-04T12:07:06.184+0000] {processor.py:840} INFO - DAG(s) 'latest_only' retrieved from /home/airflow/.local/lib/python3.12/site-packages/airflow/example_dags/example_latest_only.py
[2025-09-04T12:07:06.361+0000] {logging_mixin.py:188} INFO - [2025-09-04T12:07:06.360+0000] {dag.py:3096} INFO - Sync 1 DAGs
[2025-09-04T12:07:06.384+0000] {logging_mixin.py:188} INFO - [2025-09-04T12:07:06.384+0000] {dag.py:3954} INFO - Setting next_dagrun for latest_only to 2025-09-04 08:00:00+00:00, run_after=2025-09-04 12:00:00+00:00
[2025-09-04T12:07:06.408+0000] {processor.py:183} INFO - Processing /home/airflow/.local/lib/python3.12/site-packages/airflow/example_dags/example_latest_only.py took 0.251 seconds
[2025-09-04T12:07:36.519+0000] {processor.py:161} INFO - Started process (PID=184) to work on /home/airflow/.local/lib/python3.12/site-packages/airflow/example_dags/example_latest_only.py
[2025-09-04T12:07:36.520+0000] {processor.py:830} INFO - Processing file /home/airflow/.local/lib/python3.12/site-packages/airflow/example_dags/example_latest_only.py for tasks to queue
[2025-09-04T12:07:36.522+0000] {logging_mixin.py:188} INFO - [2025-09-04T12:07:36.522+0000] {dagbag.py:545} INFO - Filling up the DagBag from /home/airflow/.local/lib/python3.12/site-packages/airflow/example_dags/example_latest_only.py
[2025-09-04T12:07:36.530+0000] {processor.py:840} INFO - DAG(s) 'latest_only' retrieved from /home/airflow/.local/lib/python3.12/site-packages/airflow/example_dags/example_latest_only.py
[2025-09-04T12:07:36.550+0000] {logging_mixin.py:188} INFO - [2025-09-04T12:07:36.550+0000] {dag.py:3096} INFO - Sync 1 DAGs
[2025-09-04T12:07:36.572+0000] {logging_mixin.py:188} INFO - [2025-09-04T12:07:36.571+0000] {dag.py:3954} INFO - Setting next_dagrun for latest_only to 2025-09-04 08:00:00+00:00, run_after=2025-09-04 12:00:00+00:00
[2025-09-04T12:07:36.593+0000] {processor.py:183} INFO - Processing /home/airflow/.local/lib/python3.12/site-packages/airflow/example_dags/example_latest_only.py took 0.081 seconds
[2025-09-04T12:08:06.911+0000] {processor.py:161} INFO - Started process (PID=242) to work on /home/airflow/.local/lib/python3.12/site-packages/airflow/example_dags/example_latest_only.py
[2025-09-04T12:08:06.912+0000] {processor.py:830} INFO - Processing file /home/airflow/.local/lib/python3.12/site-packages/airflow/example_dags/example_latest_only.py for tasks to queue
[2025-09-04T12:08:06.916+0000] {logging_mixin.py:188} INFO - [2025-09-04T12:08:06.915+0000] {dagbag.py:545} INFO - Filling up the DagBag from /home/airflow/.local/lib/python3.12/site-packages/airflow/example_dags/example_latest_only.py
[2025-09-04T12:08:06.920+0000] {processor.py:840} INFO - DAG(s) 'latest_only' retrieved from /home/airflow/.local/lib/python3.12/site-packages/airflow/example_dags/example_latest_only.py
[2025-09-04T12:08:06.935+0000] {logging_mixin.py:188} INFO - [2025-09-04T12:08:06.935+0000] {dag.py:3096} INFO - Sync 1 DAGs
[2025-09-04T12:08:06.952+0000] {logging_mixin.py:188} INFO - [2025-09-04T12:08:06.951+0000] {dag.py:3954} INFO - Setting next_dagrun for latest_only to 2025-09-04 08:00:00+00:00, run_after=2025-09-04 12:00:00+00:00
[2025-09-04T12:08:06.966+0000] {processor.py:183} INFO - Processing /home/airflow/.local/lib/python3.12/site-packages/airflow/example_dags/example_latest_only.py took 0.063 seconds
[2025-09-04T12:08:37.504+0000] {processor.py:161} INFO - Started process (PID=300) to work on /home/airflow/.local/lib/python3.12/site-packages/airflow/example_dags/example_latest_only.py
[2025-09-04T12:08:37.506+0000] {processor.py:830} INFO - Processing file /home/airflow/.local/lib/python3.12/site-packages/airflow/example_dags/example_latest_only.py for tasks to queue
[2025-09-04T12:08:37.508+0000] {logging_mixin.py:188} INFO - [2025-09-04T12:08:37.508+0000] {dagbag.py:545} INFO - Filling up the DagBag from /home/airflow/.local/lib/python3.12/site-packages/airflow/example_dags/example_latest_only.py
[2025-09-04T12:08:37.512+0000] {processor.py:840} INFO - DAG(s) 'latest_only' retrieved from /home/airflow/.local/lib/python3.12/site-packages/airflow/example_dags/example_latest_only.py
[2025-09-04T12:08:37.529+0000] {logging_mixin.py:188} INFO - [2025-09-04T12:08:37.529+0000] {dag.py:3096} INFO - Sync 1 DAGs
[2025-09-04T12:08:37.547+0000] {logging_mixin.py:188} INFO - [2025-09-04T12:08:37.547+0000] {dag.py:3954} INFO - Setting next_dagrun for latest_only to 2025-09-04 08:00:00+00:00, run_after=2025-09-04 12:00:00+00:00
[2025-09-04T12:08:37.565+0000] {processor.py:183} INFO - Processing /home/airflow/.local/lib/python3.12/site-packages/airflow/example_dags/example_latest_only.py took 0.066 seconds
