[2025-09-04T11:50:05.046+0000] {processor.py:161} INFO - Started process (PID=84) to work on /home/airflow/.local/lib/python3.12/site-packages/airflow/example_dags/example_bash_decorator.py
[2025-09-04T11:50:05.047+0000] {processor.py:830} INFO - Processing file /home/airflow/.local/lib/python3.12/site-packages/airflow/example_dags/example_bash_decorator.py for tasks to queue
[2025-09-04T11:50:05.051+0000] {logging_mixin.py:188} INFO - [2025-09-04T11:50:05.050+0000] {dagbag.py:545} INFO - Filling up the DagBag from /home/airflow/.local/lib/python3.12/site-packages/airflow/example_dags/example_bash_decorator.py
[2025-09-04T11:50:05.071+0000] {processor.py:840} INFO - DAG(s) 'example_bash_decorator' retrieved from /home/airflow/.local/lib/python3.12/site-packages/airflow/example_dags/example_bash_decorator.py
[2025-09-04T11:50:05.181+0000] {logging_mixin.py:188} INFO - [2025-09-04T11:50:05.180+0000] {override.py:1829} INFO - Created Permission View: can edit on DAG:example_bash_decorator
[2025-09-04T11:50:05.190+0000] {logging_mixin.py:188} INFO - [2025-09-04T11:50:05.190+0000] {override.py:1829} INFO - Created Permission View: can read on DAG:example_bash_decorator
[2025-09-04T11:50:05.197+0000] {logging_mixin.py:188} INFO - [2025-09-04T11:50:05.197+0000] {override.py:1829} INFO - Created Permission View: can delete on DAG:example_bash_decorator
[2025-09-04T11:50:05.198+0000] {logging_mixin.py:188} INFO - [2025-09-04T11:50:05.198+0000] {dag.py:3096} INFO - Sync 1 DAGs
[2025-09-04T11:50:05.210+0000] {logging_mixin.py:188} INFO - [2025-09-04T11:50:05.209+0000] {dag.py:3118} INFO - Creating ORM DAG for example_bash_decorator
[2025-09-04T11:50:05.211+0000] {logging_mixin.py:188} INFO - [2025-09-04T11:50:05.210+0000] {dag.py:3954} INFO - Setting next_dagrun for example_bash_decorator to None, run_after=None
[2025-09-04T11:50:05.228+0000] {processor.py:183} INFO - Processing /home/airflow/.local/lib/python3.12/site-packages/airflow/example_dags/example_bash_decorator.py took 0.188 seconds
[2025-09-04T11:50:35.612+0000] {processor.py:161} INFO - Started process (PID=142) to work on /home/airflow/.local/lib/python3.12/site-packages/airflow/example_dags/example_bash_decorator.py
[2025-09-04T11:50:35.615+0000] {processor.py:830} INFO - Processing file /home/airflow/.local/lib/python3.12/site-packages/airflow/example_dags/example_bash_decorator.py for tasks to queue
[2025-09-04T11:50:35.618+0000] {logging_mixin.py:188} INFO - [2025-09-04T11:50:35.617+0000] {dagbag.py:545} INFO - Filling up the DagBag from /home/airflow/.local/lib/python3.12/site-packages/airflow/example_dags/example_bash_decorator.py
[2025-09-04T11:50:35.637+0000] {processor.py:840} INFO - DAG(s) 'example_bash_decorator' retrieved from /home/airflow/.local/lib/python3.12/site-packages/airflow/example_dags/example_bash_decorator.py
[2025-09-04T11:50:35.674+0000] {logging_mixin.py:188} INFO - [2025-09-04T11:50:35.674+0000] {dag.py:3096} INFO - Sync 1 DAGs
[2025-09-04T11:50:35.693+0000] {logging_mixin.py:188} INFO - [2025-09-04T11:50:35.693+0000] {dag.py:3954} INFO - Setting next_dagrun for example_bash_decorator to None, run_after=None
[2025-09-04T11:50:35.718+0000] {processor.py:183} INFO - Processing /home/airflow/.local/lib/python3.12/site-packages/airflow/example_dags/example_bash_decorator.py took 0.113 seconds
[2025-09-04T11:51:06.396+0000] {processor.py:161} INFO - Started process (PID=199) to work on /home/airflow/.local/lib/python3.12/site-packages/airflow/example_dags/example_bash_decorator.py
[2025-09-04T11:51:06.398+0000] {processor.py:830} INFO - Processing file /home/airflow/.local/lib/python3.12/site-packages/airflow/example_dags/example_bash_decorator.py for tasks to queue
[2025-09-04T11:51:06.401+0000] {logging_mixin.py:188} INFO - [2025-09-04T11:51:06.401+0000] {dagbag.py:545} INFO - Filling up the DagBag from /home/airflow/.local/lib/python3.12/site-packages/airflow/example_dags/example_bash_decorator.py
[2025-09-04T11:51:06.421+0000] {processor.py:840} INFO - DAG(s) 'example_bash_decorator' retrieved from /home/airflow/.local/lib/python3.12/site-packages/airflow/example_dags/example_bash_decorator.py
[2025-09-04T11:51:06.455+0000] {logging_mixin.py:188} INFO - [2025-09-04T11:51:06.455+0000] {dag.py:3096} INFO - Sync 1 DAGs
[2025-09-04T11:51:06.470+0000] {logging_mixin.py:188} INFO - [2025-09-04T11:51:06.469+0000] {dag.py:3954} INFO - Setting next_dagrun for example_bash_decorator to None, run_after=None
[2025-09-04T11:51:06.496+0000] {processor.py:183} INFO - Processing /home/airflow/.local/lib/python3.12/site-packages/airflow/example_dags/example_bash_decorator.py took 0.109 seconds
[2025-09-04T11:51:36.643+0000] {processor.py:161} INFO - Started process (PID=257) to work on /home/airflow/.local/lib/python3.12/site-packages/airflow/example_dags/example_bash_decorator.py
[2025-09-04T11:51:36.645+0000] {processor.py:830} INFO - Processing file /home/airflow/.local/lib/python3.12/site-packages/airflow/example_dags/example_bash_decorator.py for tasks to queue
[2025-09-04T11:51:36.649+0000] {logging_mixin.py:188} INFO - [2025-09-04T11:51:36.648+0000] {dagbag.py:545} INFO - Filling up the DagBag from /home/airflow/.local/lib/python3.12/site-packages/airflow/example_dags/example_bash_decorator.py
[2025-09-04T11:51:36.664+0000] {processor.py:840} INFO - DAG(s) 'example_bash_decorator' retrieved from /home/airflow/.local/lib/python3.12/site-packages/airflow/example_dags/example_bash_decorator.py
[2025-09-04T11:51:36.691+0000] {logging_mixin.py:188} INFO - [2025-09-04T11:51:36.690+0000] {dag.py:3096} INFO - Sync 1 DAGs
[2025-09-04T11:51:36.702+0000] {logging_mixin.py:188} INFO - [2025-09-04T11:51:36.702+0000] {dag.py:3954} INFO - Setting next_dagrun for example_bash_decorator to None, run_after=None
[2025-09-04T11:51:36.725+0000] {processor.py:183} INFO - Processing /home/airflow/.local/lib/python3.12/site-packages/airflow/example_dags/example_bash_decorator.py took 0.089 seconds
[2025-09-04T11:52:07.440+0000] {processor.py:161} INFO - Started process (PID=315) to work on /home/airflow/.local/lib/python3.12/site-packages/airflow/example_dags/example_bash_decorator.py
[2025-09-04T11:52:07.441+0000] {processor.py:830} INFO - Processing file /home/airflow/.local/lib/python3.12/site-packages/airflow/example_dags/example_bash_decorator.py for tasks to queue
[2025-09-04T11:52:07.443+0000] {logging_mixin.py:188} INFO - [2025-09-04T11:52:07.443+0000] {dagbag.py:545} INFO - Filling up the DagBag from /home/airflow/.local/lib/python3.12/site-packages/airflow/example_dags/example_bash_decorator.py
[2025-09-04T11:52:07.457+0000] {processor.py:840} INFO - DAG(s) 'example_bash_decorator' retrieved from /home/airflow/.local/lib/python3.12/site-packages/airflow/example_dags/example_bash_decorator.py
[2025-09-04T11:52:07.477+0000] {logging_mixin.py:188} INFO - [2025-09-04T11:52:07.476+0000] {dag.py:3096} INFO - Sync 1 DAGs
[2025-09-04T11:52:07.487+0000] {logging_mixin.py:188} INFO - [2025-09-04T11:52:07.487+0000] {dag.py:3954} INFO - Setting next_dagrun for example_bash_decorator to None, run_after=None
[2025-09-04T11:52:07.511+0000] {processor.py:183} INFO - Processing /home/airflow/.local/lib/python3.12/site-packages/airflow/example_dags/example_bash_decorator.py took 0.082 seconds
[2025-09-04T11:52:37.831+0000] {processor.py:161} INFO - Started process (PID=373) to work on /home/airflow/.local/lib/python3.12/site-packages/airflow/example_dags/example_bash_decorator.py
[2025-09-04T11:52:37.833+0000] {processor.py:830} INFO - Processing file /home/airflow/.local/lib/python3.12/site-packages/airflow/example_dags/example_bash_decorator.py for tasks to queue
[2025-09-04T11:52:37.837+0000] {logging_mixin.py:188} INFO - [2025-09-04T11:52:37.837+0000] {dagbag.py:545} INFO - Filling up the DagBag from /home/airflow/.local/lib/python3.12/site-packages/airflow/example_dags/example_bash_decorator.py
[2025-09-04T11:52:37.872+0000] {processor.py:840} INFO - DAG(s) 'example_bash_decorator' retrieved from /home/airflow/.local/lib/python3.12/site-packages/airflow/example_dags/example_bash_decorator.py
[2025-09-04T11:52:37.908+0000] {logging_mixin.py:188} INFO - [2025-09-04T11:52:37.908+0000] {dag.py:3096} INFO - Sync 1 DAGs
[2025-09-04T11:52:37.925+0000] {logging_mixin.py:188} INFO - [2025-09-04T11:52:37.924+0000] {dag.py:3954} INFO - Setting next_dagrun for example_bash_decorator to None, run_after=None
[2025-09-04T11:52:37.942+0000] {processor.py:183} INFO - Processing /home/airflow/.local/lib/python3.12/site-packages/airflow/example_dags/example_bash_decorator.py took 0.120 seconds
[2025-09-04T11:53:08.033+0000] {processor.py:161} INFO - Started process (PID=431) to work on /home/airflow/.local/lib/python3.12/site-packages/airflow/example_dags/example_bash_decorator.py
[2025-09-04T11:53:08.034+0000] {processor.py:830} INFO - Processing file /home/airflow/.local/lib/python3.12/site-packages/airflow/example_dags/example_bash_decorator.py for tasks to queue
[2025-09-04T11:53:08.036+0000] {logging_mixin.py:188} INFO - [2025-09-04T11:53:08.036+0000] {dagbag.py:545} INFO - Filling up the DagBag from /home/airflow/.local/lib/python3.12/site-packages/airflow/example_dags/example_bash_decorator.py
[2025-09-04T11:53:08.049+0000] {processor.py:840} INFO - DAG(s) 'example_bash_decorator' retrieved from /home/airflow/.local/lib/python3.12/site-packages/airflow/example_dags/example_bash_decorator.py
[2025-09-04T11:53:08.066+0000] {logging_mixin.py:188} INFO - [2025-09-04T11:53:08.066+0000] {dag.py:3096} INFO - Sync 1 DAGs
[2025-09-04T11:53:08.075+0000] {logging_mixin.py:188} INFO - [2025-09-04T11:53:08.075+0000] {dag.py:3954} INFO - Setting next_dagrun for example_bash_decorator to None, run_after=None
[2025-09-04T11:53:08.088+0000] {processor.py:183} INFO - Processing /home/airflow/.local/lib/python3.12/site-packages/airflow/example_dags/example_bash_decorator.py took 0.060 seconds
[2025-09-04T11:53:38.333+0000] {processor.py:161} INFO - Started process (PID=489) to work on /home/airflow/.local/lib/python3.12/site-packages/airflow/example_dags/example_bash_decorator.py
[2025-09-04T11:53:38.335+0000] {processor.py:830} INFO - Processing file /home/airflow/.local/lib/python3.12/site-packages/airflow/example_dags/example_bash_decorator.py for tasks to queue
[2025-09-04T11:53:38.338+0000] {logging_mixin.py:188} INFO - [2025-09-04T11:53:38.337+0000] {dagbag.py:545} INFO - Filling up the DagBag from /home/airflow/.local/lib/python3.12/site-packages/airflow/example_dags/example_bash_decorator.py
[2025-09-04T11:53:38.354+0000] {processor.py:840} INFO - DAG(s) 'example_bash_decorator' retrieved from /home/airflow/.local/lib/python3.12/site-packages/airflow/example_dags/example_bash_decorator.py
[2025-09-04T11:53:38.383+0000] {logging_mixin.py:188} INFO - [2025-09-04T11:53:38.383+0000] {dag.py:3096} INFO - Sync 1 DAGs
[2025-09-04T11:53:38.393+0000] {logging_mixin.py:188} INFO - [2025-09-04T11:53:38.393+0000] {dag.py:3954} INFO - Setting next_dagrun for example_bash_decorator to None, run_after=None
[2025-09-04T11:53:38.416+0000] {processor.py:183} INFO - Processing /home/airflow/.local/lib/python3.12/site-packages/airflow/example_dags/example_bash_decorator.py took 0.088 seconds
[2025-09-04T11:54:08.552+0000] {processor.py:161} INFO - Started process (PID=547) to work on /home/airflow/.local/lib/python3.12/site-packages/airflow/example_dags/example_bash_decorator.py
[2025-09-04T11:54:08.555+0000] {processor.py:830} INFO - Processing file /home/airflow/.local/lib/python3.12/site-packages/airflow/example_dags/example_bash_decorator.py for tasks to queue
[2025-09-04T11:54:08.560+0000] {logging_mixin.py:188} INFO - [2025-09-04T11:54:08.559+0000] {dagbag.py:545} INFO - Filling up the DagBag from /home/airflow/.local/lib/python3.12/site-packages/airflow/example_dags/example_bash_decorator.py
[2025-09-04T11:54:08.582+0000] {processor.py:840} INFO - DAG(s) 'example_bash_decorator' retrieved from /home/airflow/.local/lib/python3.12/site-packages/airflow/example_dags/example_bash_decorator.py
[2025-09-04T11:54:08.612+0000] {logging_mixin.py:188} INFO - [2025-09-04T11:54:08.611+0000] {dag.py:3096} INFO - Sync 1 DAGs
[2025-09-04T11:54:08.624+0000] {logging_mixin.py:188} INFO - [2025-09-04T11:54:08.624+0000] {dag.py:3954} INFO - Setting next_dagrun for example_bash_decorator to None, run_after=None
[2025-09-04T11:54:08.653+0000] {processor.py:183} INFO - Processing /home/airflow/.local/lib/python3.12/site-packages/airflow/example_dags/example_bash_decorator.py took 0.111 seconds
[2025-09-04T11:54:39.163+0000] {processor.py:161} INFO - Started process (PID=605) to work on /home/airflow/.local/lib/python3.12/site-packages/airflow/example_dags/example_bash_decorator.py
[2025-09-04T11:54:39.167+0000] {processor.py:830} INFO - Processing file /home/airflow/.local/lib/python3.12/site-packages/airflow/example_dags/example_bash_decorator.py for tasks to queue
[2025-09-04T11:54:39.171+0000] {logging_mixin.py:188} INFO - [2025-09-04T11:54:39.170+0000] {dagbag.py:545} INFO - Filling up the DagBag from /home/airflow/.local/lib/python3.12/site-packages/airflow/example_dags/example_bash_decorator.py
[2025-09-04T11:54:39.203+0000] {processor.py:840} INFO - DAG(s) 'example_bash_decorator' retrieved from /home/airflow/.local/lib/python3.12/site-packages/airflow/example_dags/example_bash_decorator.py
[2025-09-04T11:54:39.248+0000] {logging_mixin.py:188} INFO - [2025-09-04T11:54:39.248+0000] {dag.py:3096} INFO - Sync 1 DAGs
[2025-09-04T11:54:39.262+0000] {logging_mixin.py:188} INFO - [2025-09-04T11:54:39.262+0000] {dag.py:3954} INFO - Setting next_dagrun for example_bash_decorator to None, run_after=None
[2025-09-04T11:54:39.278+0000] {processor.py:183} INFO - Processing /home/airflow/.local/lib/python3.12/site-packages/airflow/example_dags/example_bash_decorator.py took 0.122 seconds
[2025-09-04T11:55:09.638+0000] {processor.py:161} INFO - Started process (PID=663) to work on /home/airflow/.local/lib/python3.12/site-packages/airflow/example_dags/example_bash_decorator.py
[2025-09-04T11:55:09.640+0000] {processor.py:830} INFO - Processing file /home/airflow/.local/lib/python3.12/site-packages/airflow/example_dags/example_bash_decorator.py for tasks to queue
[2025-09-04T11:55:09.642+0000] {logging_mixin.py:188} INFO - [2025-09-04T11:55:09.642+0000] {dagbag.py:545} INFO - Filling up the DagBag from /home/airflow/.local/lib/python3.12/site-packages/airflow/example_dags/example_bash_decorator.py
[2025-09-04T11:55:09.663+0000] {processor.py:840} INFO - DAG(s) 'example_bash_decorator' retrieved from /home/airflow/.local/lib/python3.12/site-packages/airflow/example_dags/example_bash_decorator.py
[2025-09-04T11:55:09.694+0000] {logging_mixin.py:188} INFO - [2025-09-04T11:55:09.694+0000] {dag.py:3096} INFO - Sync 1 DAGs
[2025-09-04T11:55:09.706+0000] {logging_mixin.py:188} INFO - [2025-09-04T11:55:09.706+0000] {dag.py:3954} INFO - Setting next_dagrun for example_bash_decorator to None, run_after=None
[2025-09-04T11:55:09.735+0000] {processor.py:183} INFO - Processing /home/airflow/.local/lib/python3.12/site-packages/airflow/example_dags/example_bash_decorator.py took 0.104 seconds
[2025-09-04T11:55:40.031+0000] {processor.py:161} INFO - Started process (PID=721) to work on /home/airflow/.local/lib/python3.12/site-packages/airflow/example_dags/example_bash_decorator.py
[2025-09-04T11:55:40.034+0000] {processor.py:830} INFO - Processing file /home/airflow/.local/lib/python3.12/site-packages/airflow/example_dags/example_bash_decorator.py for tasks to queue
[2025-09-04T11:55:40.039+0000] {logging_mixin.py:188} INFO - [2025-09-04T11:55:40.039+0000] {dagbag.py:545} INFO - Filling up the DagBag from /home/airflow/.local/lib/python3.12/site-packages/airflow/example_dags/example_bash_decorator.py
[2025-09-04T11:55:40.058+0000] {processor.py:840} INFO - DAG(s) 'example_bash_decorator' retrieved from /home/airflow/.local/lib/python3.12/site-packages/airflow/example_dags/example_bash_decorator.py
[2025-09-04T11:55:40.084+0000] {logging_mixin.py:188} INFO - [2025-09-04T11:55:40.083+0000] {dag.py:3096} INFO - Sync 1 DAGs
[2025-09-04T11:55:40.099+0000] {logging_mixin.py:188} INFO - [2025-09-04T11:55:40.098+0000] {dag.py:3954} INFO - Setting next_dagrun for example_bash_decorator to None, run_after=None
[2025-09-04T11:55:40.118+0000] {processor.py:183} INFO - Processing /home/airflow/.local/lib/python3.12/site-packages/airflow/example_dags/example_bash_decorator.py took 0.099 seconds
[2025-09-04T11:56:10.451+0000] {processor.py:161} INFO - Started process (PID=779) to work on /home/airflow/.local/lib/python3.12/site-packages/airflow/example_dags/example_bash_decorator.py
[2025-09-04T11:56:10.452+0000] {processor.py:830} INFO - Processing file /home/airflow/.local/lib/python3.12/site-packages/airflow/example_dags/example_bash_decorator.py for tasks to queue
[2025-09-04T11:56:10.457+0000] {logging_mixin.py:188} INFO - [2025-09-04T11:56:10.456+0000] {dagbag.py:545} INFO - Filling up the DagBag from /home/airflow/.local/lib/python3.12/site-packages/airflow/example_dags/example_bash_decorator.py
[2025-09-04T11:56:10.475+0000] {processor.py:840} INFO - DAG(s) 'example_bash_decorator' retrieved from /home/airflow/.local/lib/python3.12/site-packages/airflow/example_dags/example_bash_decorator.py
[2025-09-04T11:56:10.499+0000] {logging_mixin.py:188} INFO - [2025-09-04T11:56:10.499+0000] {dag.py:3096} INFO - Sync 1 DAGs
[2025-09-04T11:56:10.512+0000] {logging_mixin.py:188} INFO - [2025-09-04T11:56:10.511+0000] {dag.py:3954} INFO - Setting next_dagrun for example_bash_decorator to None, run_after=None
[2025-09-04T11:56:10.533+0000] {processor.py:183} INFO - Processing /home/airflow/.local/lib/python3.12/site-packages/airflow/example_dags/example_bash_decorator.py took 0.090 seconds
[2025-09-04T11:56:40.875+0000] {processor.py:161} INFO - Started process (PID=837) to work on /home/airflow/.local/lib/python3.12/site-packages/airflow/example_dags/example_bash_decorator.py
[2025-09-04T11:56:40.877+0000] {processor.py:830} INFO - Processing file /home/airflow/.local/lib/python3.12/site-packages/airflow/example_dags/example_bash_decorator.py for tasks to queue
[2025-09-04T11:56:40.879+0000] {logging_mixin.py:188} INFO - [2025-09-04T11:56:40.879+0000] {dagbag.py:545} INFO - Filling up the DagBag from /home/airflow/.local/lib/python3.12/site-packages/airflow/example_dags/example_bash_decorator.py
[2025-09-04T11:56:40.899+0000] {processor.py:840} INFO - DAG(s) 'example_bash_decorator' retrieved from /home/airflow/.local/lib/python3.12/site-packages/airflow/example_dags/example_bash_decorator.py
[2025-09-04T11:56:40.940+0000] {logging_mixin.py:188} INFO - [2025-09-04T11:56:40.939+0000] {dag.py:3096} INFO - Sync 1 DAGs
[2025-09-04T11:56:40.956+0000] {logging_mixin.py:188} INFO - [2025-09-04T11:56:40.955+0000] {dag.py:3954} INFO - Setting next_dagrun for example_bash_decorator to None, run_after=None
[2025-09-04T11:56:41.001+0000] {processor.py:183} INFO - Processing /home/airflow/.local/lib/python3.12/site-packages/airflow/example_dags/example_bash_decorator.py took 0.133 seconds
[2025-09-04T11:57:11.185+0000] {processor.py:161} INFO - Started process (PID=895) to work on /home/airflow/.local/lib/python3.12/site-packages/airflow/example_dags/example_bash_decorator.py
[2025-09-04T11:57:11.186+0000] {processor.py:830} INFO - Processing file /home/airflow/.local/lib/python3.12/site-packages/airflow/example_dags/example_bash_decorator.py for tasks to queue
[2025-09-04T11:57:11.188+0000] {logging_mixin.py:188} INFO - [2025-09-04T11:57:11.188+0000] {dagbag.py:545} INFO - Filling up the DagBag from /home/airflow/.local/lib/python3.12/site-packages/airflow/example_dags/example_bash_decorator.py
[2025-09-04T11:57:11.198+0000] {processor.py:840} INFO - DAG(s) 'example_bash_decorator' retrieved from /home/airflow/.local/lib/python3.12/site-packages/airflow/example_dags/example_bash_decorator.py
[2025-09-04T11:57:11.217+0000] {logging_mixin.py:188} INFO - [2025-09-04T11:57:11.217+0000] {dag.py:3096} INFO - Sync 1 DAGs
[2025-09-04T11:57:11.228+0000] {logging_mixin.py:188} INFO - [2025-09-04T11:57:11.228+0000] {dag.py:3954} INFO - Setting next_dagrun for example_bash_decorator to None, run_after=None
[2025-09-04T11:57:11.245+0000] {processor.py:183} INFO - Processing /home/airflow/.local/lib/python3.12/site-packages/airflow/example_dags/example_bash_decorator.py took 0.065 seconds
[2025-09-04T11:57:41.486+0000] {processor.py:161} INFO - Started process (PID=953) to work on /home/airflow/.local/lib/python3.12/site-packages/airflow/example_dags/example_bash_decorator.py
[2025-09-04T11:57:41.489+0000] {processor.py:830} INFO - Processing file /home/airflow/.local/lib/python3.12/site-packages/airflow/example_dags/example_bash_decorator.py for tasks to queue
[2025-09-04T11:57:41.491+0000] {logging_mixin.py:188} INFO - [2025-09-04T11:57:41.491+0000] {dagbag.py:545} INFO - Filling up the DagBag from /home/airflow/.local/lib/python3.12/site-packages/airflow/example_dags/example_bash_decorator.py
[2025-09-04T11:57:41.504+0000] {processor.py:840} INFO - DAG(s) 'example_bash_decorator' retrieved from /home/airflow/.local/lib/python3.12/site-packages/airflow/example_dags/example_bash_decorator.py
[2025-09-04T11:57:41.527+0000] {logging_mixin.py:188} INFO - [2025-09-04T11:57:41.527+0000] {dag.py:3096} INFO - Sync 1 DAGs
[2025-09-04T11:57:41.539+0000] {logging_mixin.py:188} INFO - [2025-09-04T11:57:41.539+0000] {dag.py:3954} INFO - Setting next_dagrun for example_bash_decorator to None, run_after=None
[2025-09-04T11:57:41.566+0000] {processor.py:183} INFO - Processing /home/airflow/.local/lib/python3.12/site-packages/airflow/example_dags/example_bash_decorator.py took 0.092 seconds
[2025-09-04T11:58:11.743+0000] {processor.py:161} INFO - Started process (PID=1012) to work on /home/airflow/.local/lib/python3.12/site-packages/airflow/example_dags/example_bash_decorator.py
[2025-09-04T11:58:11.745+0000] {processor.py:830} INFO - Processing file /home/airflow/.local/lib/python3.12/site-packages/airflow/example_dags/example_bash_decorator.py for tasks to queue
[2025-09-04T11:58:11.749+0000] {logging_mixin.py:188} INFO - [2025-09-04T11:58:11.749+0000] {dagbag.py:545} INFO - Filling up the DagBag from /home/airflow/.local/lib/python3.12/site-packages/airflow/example_dags/example_bash_decorator.py
[2025-09-04T11:58:11.780+0000] {processor.py:840} INFO - DAG(s) 'example_bash_decorator' retrieved from /home/airflow/.local/lib/python3.12/site-packages/airflow/example_dags/example_bash_decorator.py
[2025-09-04T11:58:11.833+0000] {logging_mixin.py:188} INFO - [2025-09-04T11:58:11.833+0000] {dag.py:3096} INFO - Sync 1 DAGs
[2025-09-04T11:58:11.861+0000] {logging_mixin.py:188} INFO - [2025-09-04T11:58:11.861+0000] {dag.py:3954} INFO - Setting next_dagrun for example_bash_decorator to None, run_after=None
[2025-09-04T11:58:11.889+0000] {processor.py:183} INFO - Processing /home/airflow/.local/lib/python3.12/site-packages/airflow/example_dags/example_bash_decorator.py took 0.155 seconds
[2025-09-04T11:58:42.764+0000] {processor.py:161} INFO - Started process (PID=1070) to work on /home/airflow/.local/lib/python3.12/site-packages/airflow/example_dags/example_bash_decorator.py
[2025-09-04T11:58:42.766+0000] {processor.py:830} INFO - Processing file /home/airflow/.local/lib/python3.12/site-packages/airflow/example_dags/example_bash_decorator.py for tasks to queue
[2025-09-04T11:58:42.770+0000] {logging_mixin.py:188} INFO - [2025-09-04T11:58:42.770+0000] {dagbag.py:545} INFO - Filling up the DagBag from /home/airflow/.local/lib/python3.12/site-packages/airflow/example_dags/example_bash_decorator.py
[2025-09-04T11:58:42.784+0000] {processor.py:840} INFO - DAG(s) 'example_bash_decorator' retrieved from /home/airflow/.local/lib/python3.12/site-packages/airflow/example_dags/example_bash_decorator.py
[2025-09-04T11:58:42.812+0000] {logging_mixin.py:188} INFO - [2025-09-04T11:58:42.812+0000] {dag.py:3096} INFO - Sync 1 DAGs
[2025-09-04T11:58:42.826+0000] {logging_mixin.py:188} INFO - [2025-09-04T11:58:42.825+0000] {dag.py:3954} INFO - Setting next_dagrun for example_bash_decorator to None, run_after=None
[2025-09-04T11:58:42.846+0000] {processor.py:183} INFO - Processing /home/airflow/.local/lib/python3.12/site-packages/airflow/example_dags/example_bash_decorator.py took 0.087 seconds
[2025-09-04T11:59:13.569+0000] {processor.py:161} INFO - Started process (PID=1128) to work on /home/airflow/.local/lib/python3.12/site-packages/airflow/example_dags/example_bash_decorator.py
[2025-09-04T11:59:13.570+0000] {processor.py:830} INFO - Processing file /home/airflow/.local/lib/python3.12/site-packages/airflow/example_dags/example_bash_decorator.py for tasks to queue
[2025-09-04T11:59:13.573+0000] {logging_mixin.py:188} INFO - [2025-09-04T11:59:13.573+0000] {dagbag.py:545} INFO - Filling up the DagBag from /home/airflow/.local/lib/python3.12/site-packages/airflow/example_dags/example_bash_decorator.py
[2025-09-04T11:59:13.589+0000] {processor.py:840} INFO - DAG(s) 'example_bash_decorator' retrieved from /home/airflow/.local/lib/python3.12/site-packages/airflow/example_dags/example_bash_decorator.py
[2025-09-04T11:59:13.644+0000] {logging_mixin.py:188} INFO - [2025-09-04T11:59:13.643+0000] {dag.py:3096} INFO - Sync 1 DAGs
[2025-09-04T11:59:13.670+0000] {logging_mixin.py:188} INFO - [2025-09-04T11:59:13.669+0000] {dag.py:3954} INFO - Setting next_dagrun for example_bash_decorator to None, run_after=None
[2025-09-04T11:59:13.699+0000] {processor.py:183} INFO - Processing /home/airflow/.local/lib/python3.12/site-packages/airflow/example_dags/example_bash_decorator.py took 0.139 seconds
[2025-09-04T11:59:43.768+0000] {processor.py:161} INFO - Started process (PID=1186) to work on /home/airflow/.local/lib/python3.12/site-packages/airflow/example_dags/example_bash_decorator.py
[2025-09-04T11:59:43.769+0000] {processor.py:830} INFO - Processing file /home/airflow/.local/lib/python3.12/site-packages/airflow/example_dags/example_bash_decorator.py for tasks to queue
[2025-09-04T11:59:43.771+0000] {logging_mixin.py:188} INFO - [2025-09-04T11:59:43.771+0000] {dagbag.py:545} INFO - Filling up the DagBag from /home/airflow/.local/lib/python3.12/site-packages/airflow/example_dags/example_bash_decorator.py
[2025-09-04T11:59:43.785+0000] {processor.py:840} INFO - DAG(s) 'example_bash_decorator' retrieved from /home/airflow/.local/lib/python3.12/site-packages/airflow/example_dags/example_bash_decorator.py
[2025-09-04T11:59:43.809+0000] {logging_mixin.py:188} INFO - [2025-09-04T11:59:43.808+0000] {dag.py:3096} INFO - Sync 1 DAGs
[2025-09-04T11:59:43.821+0000] {logging_mixin.py:188} INFO - [2025-09-04T11:59:43.821+0000] {dag.py:3954} INFO - Setting next_dagrun for example_bash_decorator to None, run_after=None
[2025-09-04T11:59:43.838+0000] {processor.py:183} INFO - Processing /home/airflow/.local/lib/python3.12/site-packages/airflow/example_dags/example_bash_decorator.py took 0.078 seconds
[2025-09-04T12:01:32.309+0000] {processor.py:161} INFO - Started process (PID=72) to work on /home/airflow/.local/lib/python3.12/site-packages/airflow/example_dags/example_bash_decorator.py
[2025-09-04T12:01:32.310+0000] {processor.py:830} INFO - Processing file /home/airflow/.local/lib/python3.12/site-packages/airflow/example_dags/example_bash_decorator.py for tasks to queue
[2025-09-04T12:01:32.312+0000] {logging_mixin.py:188} INFO - [2025-09-04T12:01:32.312+0000] {dagbag.py:545} INFO - Filling up the DagBag from /home/airflow/.local/lib/python3.12/site-packages/airflow/example_dags/example_bash_decorator.py
[2025-09-04T12:01:32.340+0000] {processor.py:840} INFO - DAG(s) 'example_bash_decorator' retrieved from /home/airflow/.local/lib/python3.12/site-packages/airflow/example_dags/example_bash_decorator.py
[2025-09-04T12:01:32.439+0000] {logging_mixin.py:188} INFO - [2025-09-04T12:01:32.439+0000] {dag.py:3096} INFO - Sync 1 DAGs
[2025-09-04T12:01:32.453+0000] {logging_mixin.py:188} INFO - [2025-09-04T12:01:32.452+0000] {dag.py:3954} INFO - Setting next_dagrun for example_bash_decorator to None, run_after=None
[2025-09-04T12:01:32.477+0000] {processor.py:183} INFO - Processing /home/airflow/.local/lib/python3.12/site-packages/airflow/example_dags/example_bash_decorator.py took 0.175 seconds
[2025-09-04T12:02:02.691+0000] {processor.py:161} INFO - Started process (PID=130) to work on /home/airflow/.local/lib/python3.12/site-packages/airflow/example_dags/example_bash_decorator.py
[2025-09-04T12:02:02.692+0000] {processor.py:830} INFO - Processing file /home/airflow/.local/lib/python3.12/site-packages/airflow/example_dags/example_bash_decorator.py for tasks to queue
[2025-09-04T12:02:02.695+0000] {logging_mixin.py:188} INFO - [2025-09-04T12:02:02.694+0000] {dagbag.py:545} INFO - Filling up the DagBag from /home/airflow/.local/lib/python3.12/site-packages/airflow/example_dags/example_bash_decorator.py
[2025-09-04T12:02:02.709+0000] {processor.py:840} INFO - DAG(s) 'example_bash_decorator' retrieved from /home/airflow/.local/lib/python3.12/site-packages/airflow/example_dags/example_bash_decorator.py
[2025-09-04T12:02:02.746+0000] {logging_mixin.py:188} INFO - [2025-09-04T12:02:02.746+0000] {dag.py:3096} INFO - Sync 1 DAGs
[2025-09-04T12:02:02.773+0000] {logging_mixin.py:188} INFO - [2025-09-04T12:02:02.772+0000] {dag.py:3954} INFO - Setting next_dagrun for example_bash_decorator to None, run_after=None
[2025-09-04T12:02:02.800+0000] {processor.py:183} INFO - Processing /home/airflow/.local/lib/python3.12/site-packages/airflow/example_dags/example_bash_decorator.py took 0.117 seconds
[2025-09-04T12:02:33.705+0000] {processor.py:161} INFO - Started process (PID=194) to work on /home/airflow/.local/lib/python3.12/site-packages/airflow/example_dags/example_bash_decorator.py
[2025-09-04T12:02:33.706+0000] {processor.py:830} INFO - Processing file /home/airflow/.local/lib/python3.12/site-packages/airflow/example_dags/example_bash_decorator.py for tasks to queue
[2025-09-04T12:02:33.709+0000] {logging_mixin.py:188} INFO - [2025-09-04T12:02:33.708+0000] {dagbag.py:545} INFO - Filling up the DagBag from /home/airflow/.local/lib/python3.12/site-packages/airflow/example_dags/example_bash_decorator.py
[2025-09-04T12:02:33.723+0000] {processor.py:840} INFO - DAG(s) 'example_bash_decorator' retrieved from /home/airflow/.local/lib/python3.12/site-packages/airflow/example_dags/example_bash_decorator.py
[2025-09-04T12:02:33.748+0000] {logging_mixin.py:188} INFO - [2025-09-04T12:02:33.748+0000] {dag.py:3096} INFO - Sync 1 DAGs
[2025-09-04T12:02:33.767+0000] {logging_mixin.py:188} INFO - [2025-09-04T12:02:33.766+0000] {dag.py:3954} INFO - Setting next_dagrun for example_bash_decorator to None, run_after=None
[2025-09-04T12:02:33.809+0000] {processor.py:183} INFO - Processing /home/airflow/.local/lib/python3.12/site-packages/airflow/example_dags/example_bash_decorator.py took 0.109 seconds
[2025-09-04T12:03:03.870+0000] {processor.py:161} INFO - Started process (PID=252) to work on /home/airflow/.local/lib/python3.12/site-packages/airflow/example_dags/example_bash_decorator.py
[2025-09-04T12:03:03.871+0000] {processor.py:830} INFO - Processing file /home/airflow/.local/lib/python3.12/site-packages/airflow/example_dags/example_bash_decorator.py for tasks to queue
[2025-09-04T12:03:03.874+0000] {logging_mixin.py:188} INFO - [2025-09-04T12:03:03.874+0000] {dagbag.py:545} INFO - Filling up the DagBag from /home/airflow/.local/lib/python3.12/site-packages/airflow/example_dags/example_bash_decorator.py
[2025-09-04T12:03:03.887+0000] {processor.py:840} INFO - DAG(s) 'example_bash_decorator' retrieved from /home/airflow/.local/lib/python3.12/site-packages/airflow/example_dags/example_bash_decorator.py
[2025-09-04T12:03:03.907+0000] {logging_mixin.py:188} INFO - [2025-09-04T12:03:03.907+0000] {dag.py:3096} INFO - Sync 1 DAGs
[2025-09-04T12:03:03.919+0000] {logging_mixin.py:188} INFO - [2025-09-04T12:03:03.919+0000] {dag.py:3954} INFO - Setting next_dagrun for example_bash_decorator to None, run_after=None
[2025-09-04T12:03:03.940+0000] {processor.py:183} INFO - Processing /home/airflow/.local/lib/python3.12/site-packages/airflow/example_dags/example_bash_decorator.py took 0.076 seconds
[2025-09-04T12:03:34.270+0000] {processor.py:161} INFO - Started process (PID=310) to work on /home/airflow/.local/lib/python3.12/site-packages/airflow/example_dags/example_bash_decorator.py
[2025-09-04T12:03:34.271+0000] {processor.py:830} INFO - Processing file /home/airflow/.local/lib/python3.12/site-packages/airflow/example_dags/example_bash_decorator.py for tasks to queue
[2025-09-04T12:03:34.273+0000] {logging_mixin.py:188} INFO - [2025-09-04T12:03:34.273+0000] {dagbag.py:545} INFO - Filling up the DagBag from /home/airflow/.local/lib/python3.12/site-packages/airflow/example_dags/example_bash_decorator.py
[2025-09-04T12:03:34.284+0000] {processor.py:840} INFO - DAG(s) 'example_bash_decorator' retrieved from /home/airflow/.local/lib/python3.12/site-packages/airflow/example_dags/example_bash_decorator.py
[2025-09-04T12:03:34.306+0000] {logging_mixin.py:188} INFO - [2025-09-04T12:03:34.306+0000] {dag.py:3096} INFO - Sync 1 DAGs
[2025-09-04T12:03:34.317+0000] {logging_mixin.py:188} INFO - [2025-09-04T12:03:34.317+0000] {dag.py:3954} INFO - Setting next_dagrun for example_bash_decorator to None, run_after=None
[2025-09-04T12:03:34.338+0000] {processor.py:183} INFO - Processing /home/airflow/.local/lib/python3.12/site-packages/airflow/example_dags/example_bash_decorator.py took 0.073 seconds
[2025-09-04T12:04:05.168+0000] {processor.py:161} INFO - Started process (PID=368) to work on /home/airflow/.local/lib/python3.12/site-packages/airflow/example_dags/example_bash_decorator.py
[2025-09-04T12:04:05.170+0000] {processor.py:830} INFO - Processing file /home/airflow/.local/lib/python3.12/site-packages/airflow/example_dags/example_bash_decorator.py for tasks to queue
[2025-09-04T12:04:05.173+0000] {logging_mixin.py:188} INFO - [2025-09-04T12:04:05.173+0000] {dagbag.py:545} INFO - Filling up the DagBag from /home/airflow/.local/lib/python3.12/site-packages/airflow/example_dags/example_bash_decorator.py
[2025-09-04T12:04:05.195+0000] {processor.py:840} INFO - DAG(s) 'example_bash_decorator' retrieved from /home/airflow/.local/lib/python3.12/site-packages/airflow/example_dags/example_bash_decorator.py
[2025-09-04T12:04:05.226+0000] {logging_mixin.py:188} INFO - [2025-09-04T12:04:05.225+0000] {dag.py:3096} INFO - Sync 1 DAGs
[2025-09-04T12:04:05.236+0000] {logging_mixin.py:188} INFO - [2025-09-04T12:04:05.236+0000] {dag.py:3954} INFO - Setting next_dagrun for example_bash_decorator to None, run_after=None
[2025-09-04T12:04:05.259+0000] {processor.py:183} INFO - Processing /home/airflow/.local/lib/python3.12/site-packages/airflow/example_dags/example_bash_decorator.py took 0.095 seconds
[2025-09-04T12:04:35.468+0000] {processor.py:161} INFO - Started process (PID=426) to work on /home/airflow/.local/lib/python3.12/site-packages/airflow/example_dags/example_bash_decorator.py
[2025-09-04T12:04:35.472+0000] {processor.py:830} INFO - Processing file /home/airflow/.local/lib/python3.12/site-packages/airflow/example_dags/example_bash_decorator.py for tasks to queue
[2025-09-04T12:04:35.480+0000] {logging_mixin.py:188} INFO - [2025-09-04T12:04:35.479+0000] {dagbag.py:545} INFO - Filling up the DagBag from /home/airflow/.local/lib/python3.12/site-packages/airflow/example_dags/example_bash_decorator.py
[2025-09-04T12:04:35.509+0000] {processor.py:840} INFO - DAG(s) 'example_bash_decorator' retrieved from /home/airflow/.local/lib/python3.12/site-packages/airflow/example_dags/example_bash_decorator.py
[2025-09-04T12:04:35.535+0000] {logging_mixin.py:188} INFO - [2025-09-04T12:04:35.535+0000] {dag.py:3096} INFO - Sync 1 DAGs
[2025-09-04T12:04:35.547+0000] {logging_mixin.py:188} INFO - [2025-09-04T12:04:35.547+0000] {dag.py:3954} INFO - Setting next_dagrun for example_bash_decorator to None, run_after=None
[2025-09-04T12:04:35.564+0000] {processor.py:183} INFO - Processing /home/airflow/.local/lib/python3.12/site-packages/airflow/example_dags/example_bash_decorator.py took 0.116 seconds
[2025-09-04T12:05:06.028+0000] {processor.py:161} INFO - Started process (PID=484) to work on /home/airflow/.local/lib/python3.12/site-packages/airflow/example_dags/example_bash_decorator.py
[2025-09-04T12:05:06.031+0000] {processor.py:830} INFO - Processing file /home/airflow/.local/lib/python3.12/site-packages/airflow/example_dags/example_bash_decorator.py for tasks to queue
[2025-09-04T12:05:06.036+0000] {logging_mixin.py:188} INFO - [2025-09-04T12:05:06.035+0000] {dagbag.py:545} INFO - Filling up the DagBag from /home/airflow/.local/lib/python3.12/site-packages/airflow/example_dags/example_bash_decorator.py
[2025-09-04T12:05:06.056+0000] {processor.py:840} INFO - DAG(s) 'example_bash_decorator' retrieved from /home/airflow/.local/lib/python3.12/site-packages/airflow/example_dags/example_bash_decorator.py
[2025-09-04T12:05:06.080+0000] {logging_mixin.py:188} INFO - [2025-09-04T12:05:06.080+0000] {dag.py:3096} INFO - Sync 1 DAGs
[2025-09-04T12:05:06.090+0000] {logging_mixin.py:188} INFO - [2025-09-04T12:05:06.090+0000] {dag.py:3954} INFO - Setting next_dagrun for example_bash_decorator to None, run_after=None
[2025-09-04T12:05:06.109+0000] {processor.py:183} INFO - Processing /home/airflow/.local/lib/python3.12/site-packages/airflow/example_dags/example_bash_decorator.py took 0.101 seconds
[2025-09-04T12:05:36.318+0000] {processor.py:161} INFO - Started process (PID=542) to work on /home/airflow/.local/lib/python3.12/site-packages/airflow/example_dags/example_bash_decorator.py
[2025-09-04T12:05:36.319+0000] {processor.py:830} INFO - Processing file /home/airflow/.local/lib/python3.12/site-packages/airflow/example_dags/example_bash_decorator.py for tasks to queue
[2025-09-04T12:05:36.321+0000] {logging_mixin.py:188} INFO - [2025-09-04T12:05:36.321+0000] {dagbag.py:545} INFO - Filling up the DagBag from /home/airflow/.local/lib/python3.12/site-packages/airflow/example_dags/example_bash_decorator.py
[2025-09-04T12:05:36.332+0000] {processor.py:840} INFO - DAG(s) 'example_bash_decorator' retrieved from /home/airflow/.local/lib/python3.12/site-packages/airflow/example_dags/example_bash_decorator.py
[2025-09-04T12:05:36.353+0000] {logging_mixin.py:188} INFO - [2025-09-04T12:05:36.353+0000] {dag.py:3096} INFO - Sync 1 DAGs
[2025-09-04T12:05:36.363+0000] {logging_mixin.py:188} INFO - [2025-09-04T12:05:36.363+0000] {dag.py:3954} INFO - Setting next_dagrun for example_bash_decorator to None, run_after=None
[2025-09-04T12:05:36.382+0000] {processor.py:183} INFO - Processing /home/airflow/.local/lib/python3.12/site-packages/airflow/example_dags/example_bash_decorator.py took 0.068 seconds
[2025-09-04T12:06:35.761+0000] {processor.py:161} INFO - Started process (PID=78) to work on /home/airflow/.local/lib/python3.12/site-packages/airflow/example_dags/example_bash_decorator.py
[2025-09-04T12:06:35.763+0000] {processor.py:830} INFO - Processing file /home/airflow/.local/lib/python3.12/site-packages/airflow/example_dags/example_bash_decorator.py for tasks to queue
[2025-09-04T12:06:35.765+0000] {logging_mixin.py:188} INFO - [2025-09-04T12:06:35.765+0000] {dagbag.py:545} INFO - Filling up the DagBag from /home/airflow/.local/lib/python3.12/site-packages/airflow/example_dags/example_bash_decorator.py
[2025-09-04T12:06:35.784+0000] {processor.py:840} INFO - DAG(s) 'example_bash_decorator' retrieved from /home/airflow/.local/lib/python3.12/site-packages/airflow/example_dags/example_bash_decorator.py
[2025-09-04T12:06:35.797+0000] {logging_mixin.py:188} INFO - [2025-09-04T12:06:35.797+0000] {dag.py:3096} INFO - Sync 1 DAGs
[2025-09-04T12:06:35.828+0000] {logging_mixin.py:188} INFO - [2025-09-04T12:06:35.828+0000] {dag.py:3954} INFO - Setting next_dagrun for example_bash_decorator to None, run_after=None
[2025-09-04T12:06:35.871+0000] {processor.py:183} INFO - Processing /home/airflow/.local/lib/python3.12/site-packages/airflow/example_dags/example_bash_decorator.py took 0.115 seconds
[2025-09-04T12:07:07.706+0000] {processor.py:161} INFO - Started process (PID=136) to work on /home/airflow/.local/lib/python3.12/site-packages/airflow/example_dags/example_bash_decorator.py
[2025-09-04T12:07:07.709+0000] {processor.py:830} INFO - Processing file /home/airflow/.local/lib/python3.12/site-packages/airflow/example_dags/example_bash_decorator.py for tasks to queue
[2025-09-04T12:07:07.715+0000] {logging_mixin.py:188} INFO - [2025-09-04T12:07:07.714+0000] {dagbag.py:545} INFO - Filling up the DagBag from /home/airflow/.local/lib/python3.12/site-packages/airflow/example_dags/example_bash_decorator.py
[2025-09-04T12:07:07.733+0000] {processor.py:840} INFO - DAG(s) 'example_bash_decorator' retrieved from /home/airflow/.local/lib/python3.12/site-packages/airflow/example_dags/example_bash_decorator.py
[2025-09-04T12:07:07.823+0000] {logging_mixin.py:188} INFO - [2025-09-04T12:07:07.823+0000] {dag.py:3096} INFO - Sync 1 DAGs
[2025-09-04T12:07:07.836+0000] {logging_mixin.py:188} INFO - [2025-09-04T12:07:07.836+0000] {dag.py:3954} INFO - Setting next_dagrun for example_bash_decorator to None, run_after=None
[2025-09-04T12:07:07.882+0000] {processor.py:183} INFO - Processing /home/airflow/.local/lib/python3.12/site-packages/airflow/example_dags/example_bash_decorator.py took 0.186 seconds
[2025-09-04T12:07:38.644+0000] {processor.py:161} INFO - Started process (PID=200) to work on /home/airflow/.local/lib/python3.12/site-packages/airflow/example_dags/example_bash_decorator.py
[2025-09-04T12:07:38.649+0000] {processor.py:830} INFO - Processing file /home/airflow/.local/lib/python3.12/site-packages/airflow/example_dags/example_bash_decorator.py for tasks to queue
[2025-09-04T12:07:38.653+0000] {logging_mixin.py:188} INFO - [2025-09-04T12:07:38.652+0000] {dagbag.py:545} INFO - Filling up the DagBag from /home/airflow/.local/lib/python3.12/site-packages/airflow/example_dags/example_bash_decorator.py
[2025-09-04T12:07:38.684+0000] {processor.py:840} INFO - DAG(s) 'example_bash_decorator' retrieved from /home/airflow/.local/lib/python3.12/site-packages/airflow/example_dags/example_bash_decorator.py
[2025-09-04T12:07:38.731+0000] {logging_mixin.py:188} INFO - [2025-09-04T12:07:38.731+0000] {dag.py:3096} INFO - Sync 1 DAGs
[2025-09-04T12:07:38.764+0000] {logging_mixin.py:188} INFO - [2025-09-04T12:07:38.764+0000] {dag.py:3954} INFO - Setting next_dagrun for example_bash_decorator to None, run_after=None
[2025-09-04T12:07:38.795+0000] {processor.py:183} INFO - Processing /home/airflow/.local/lib/python3.12/site-packages/airflow/example_dags/example_bash_decorator.py took 0.170 seconds
[2025-09-04T12:08:09.377+0000] {processor.py:161} INFO - Started process (PID=258) to work on /home/airflow/.local/lib/python3.12/site-packages/airflow/example_dags/example_bash_decorator.py
[2025-09-04T12:08:09.378+0000] {processor.py:830} INFO - Processing file /home/airflow/.local/lib/python3.12/site-packages/airflow/example_dags/example_bash_decorator.py for tasks to queue
[2025-09-04T12:08:09.380+0000] {logging_mixin.py:188} INFO - [2025-09-04T12:08:09.380+0000] {dagbag.py:545} INFO - Filling up the DagBag from /home/airflow/.local/lib/python3.12/site-packages/airflow/example_dags/example_bash_decorator.py
[2025-09-04T12:08:09.390+0000] {processor.py:840} INFO - DAG(s) 'example_bash_decorator' retrieved from /home/airflow/.local/lib/python3.12/site-packages/airflow/example_dags/example_bash_decorator.py
[2025-09-04T12:08:09.406+0000] {logging_mixin.py:188} INFO - [2025-09-04T12:08:09.405+0000] {dag.py:3096} INFO - Sync 1 DAGs
[2025-09-04T12:08:09.415+0000] {logging_mixin.py:188} INFO - [2025-09-04T12:08:09.415+0000] {dag.py:3954} INFO - Setting next_dagrun for example_bash_decorator to None, run_after=None
[2025-09-04T12:08:09.430+0000] {processor.py:183} INFO - Processing /home/airflow/.local/lib/python3.12/site-packages/airflow/example_dags/example_bash_decorator.py took 0.059 seconds
[2025-09-04T12:08:40.355+0000] {processor.py:161} INFO - Started process (PID=316) to work on /home/airflow/.local/lib/python3.12/site-packages/airflow/example_dags/example_bash_decorator.py
[2025-09-04T12:08:40.369+0000] {processor.py:830} INFO - Processing file /home/airflow/.local/lib/python3.12/site-packages/airflow/example_dags/example_bash_decorator.py for tasks to queue
[2025-09-04T12:08:40.377+0000] {logging_mixin.py:188} INFO - [2025-09-04T12:08:40.377+0000] {dagbag.py:545} INFO - Filling up the DagBag from /home/airflow/.local/lib/python3.12/site-packages/airflow/example_dags/example_bash_decorator.py
[2025-09-04T12:08:40.403+0000] {processor.py:840} INFO - DAG(s) 'example_bash_decorator' retrieved from /home/airflow/.local/lib/python3.12/site-packages/airflow/example_dags/example_bash_decorator.py
[2025-09-04T12:08:40.457+0000] {logging_mixin.py:188} INFO - [2025-09-04T12:08:40.456+0000] {dag.py:3096} INFO - Sync 1 DAGs
[2025-09-04T12:08:40.485+0000] {logging_mixin.py:188} INFO - [2025-09-04T12:08:40.485+0000] {dag.py:3954} INFO - Setting next_dagrun for example_bash_decorator to None, run_after=None
[2025-09-04T12:08:40.513+0000] {processor.py:183} INFO - Processing /home/airflow/.local/lib/python3.12/site-packages/airflow/example_dags/example_bash_decorator.py took 0.166 seconds
