[2025-09-04T11:50:04.067+0000] {processor.py:161} INFO - Started process (PID=79) to work on /home/airflow/.local/lib/python3.12/site-packages/airflow/example_dags/tutorial.py
[2025-09-04T11:50:04.068+0000] {processor.py:830} INFO - Processing file /home/airflow/.local/lib/python3.12/site-packages/airflow/example_dags/tutorial.py for tasks to queue
[2025-09-04T11:50:04.071+0000] {logging_mixin.py:188} INFO - [2025-09-04T11:50:04.071+0000] {dagbag.py:545} INFO - Filling up the DagBag from /home/airflow/.local/lib/python3.12/site-packages/airflow/example_dags/tutorial.py
[2025-09-04T11:50:04.082+0000] {processor.py:840} INFO - DAG(s) 'tutorial' retrieved from /home/airflow/.local/lib/python3.12/site-packages/airflow/example_dags/tutorial.py
[2025-09-04T11:50:04.203+0000] {logging_mixin.py:188} INFO - [2025-09-04T11:50:04.203+0000] {override.py:1829} INFO - Created Permission View: can edit on DAG:tutorial
[2025-09-04T11:50:04.214+0000] {logging_mixin.py:188} INFO - [2025-09-04T11:50:04.213+0000] {override.py:1829} INFO - Created Permission View: can read on DAG:tutorial
[2025-09-04T11:50:04.222+0000] {logging_mixin.py:188} INFO - [2025-09-04T11:50:04.221+0000] {override.py:1829} INFO - Created Permission View: can delete on DAG:tutorial
[2025-09-04T11:50:04.223+0000] {logging_mixin.py:188} INFO - [2025-09-04T11:50:04.222+0000] {dag.py:3096} INFO - Sync 1 DAGs
[2025-09-04T11:50:04.233+0000] {logging_mixin.py:188} INFO - [2025-09-04T11:50:04.233+0000] {dag.py:3118} INFO - Creating ORM DAG for tutorial
[2025-09-04T11:50:04.245+0000] {logging_mixin.py:188} INFO - [2025-09-04T11:50:04.245+0000] {dag.py:3954} INFO - Setting next_dagrun for tutorial to 2025-09-03 00:00:00+00:00, run_after=2025-09-04 00:00:00+00:00
[2025-09-04T11:50:04.267+0000] {processor.py:183} INFO - Processing /home/airflow/.local/lib/python3.12/site-packages/airflow/example_dags/tutorial.py took 0.206 seconds
[2025-09-04T11:50:34.408+0000] {processor.py:161} INFO - Started process (PID=137) to work on /home/airflow/.local/lib/python3.12/site-packages/airflow/example_dags/tutorial.py
[2025-09-04T11:50:34.410+0000] {processor.py:830} INFO - Processing file /home/airflow/.local/lib/python3.12/site-packages/airflow/example_dags/tutorial.py for tasks to queue
[2025-09-04T11:50:34.413+0000] {logging_mixin.py:188} INFO - [2025-09-04T11:50:34.413+0000] {dagbag.py:545} INFO - Filling up the DagBag from /home/airflow/.local/lib/python3.12/site-packages/airflow/example_dags/tutorial.py
[2025-09-04T11:50:34.419+0000] {processor.py:840} INFO - DAG(s) 'tutorial' retrieved from /home/airflow/.local/lib/python3.12/site-packages/airflow/example_dags/tutorial.py
[2025-09-04T11:50:34.444+0000] {logging_mixin.py:188} INFO - [2025-09-04T11:50:34.444+0000] {dag.py:3096} INFO - Sync 1 DAGs
[2025-09-04T11:50:34.467+0000] {logging_mixin.py:188} INFO - [2025-09-04T11:50:34.467+0000] {dag.py:3954} INFO - Setting next_dagrun for tutorial to 2025-09-03 00:00:00+00:00, run_after=2025-09-04 00:00:00+00:00
[2025-09-04T11:50:34.496+0000] {processor.py:183} INFO - Processing /home/airflow/.local/lib/python3.12/site-packages/airflow/example_dags/tutorial.py took 0.095 seconds
[2025-09-04T11:51:05.181+0000] {processor.py:161} INFO - Started process (PID=194) to work on /home/airflow/.local/lib/python3.12/site-packages/airflow/example_dags/tutorial.py
[2025-09-04T11:51:05.184+0000] {processor.py:830} INFO - Processing file /home/airflow/.local/lib/python3.12/site-packages/airflow/example_dags/tutorial.py for tasks to queue
[2025-09-04T11:51:05.193+0000] {logging_mixin.py:188} INFO - [2025-09-04T11:51:05.192+0000] {dagbag.py:545} INFO - Filling up the DagBag from /home/airflow/.local/lib/python3.12/site-packages/airflow/example_dags/tutorial.py
[2025-09-04T11:51:05.213+0000] {processor.py:840} INFO - DAG(s) 'tutorial' retrieved from /home/airflow/.local/lib/python3.12/site-packages/airflow/example_dags/tutorial.py
[2025-09-04T11:51:05.249+0000] {logging_mixin.py:188} INFO - [2025-09-04T11:51:05.248+0000] {dag.py:3096} INFO - Sync 1 DAGs
[2025-09-04T11:51:05.287+0000] {logging_mixin.py:188} INFO - [2025-09-04T11:51:05.286+0000] {dag.py:3954} INFO - Setting next_dagrun for tutorial to 2025-09-03 00:00:00+00:00, run_after=2025-09-04 00:00:00+00:00
[2025-09-04T11:51:05.322+0000] {processor.py:183} INFO - Processing /home/airflow/.local/lib/python3.12/site-packages/airflow/example_dags/tutorial.py took 0.159 seconds
[2025-09-04T11:51:35.469+0000] {processor.py:161} INFO - Started process (PID=252) to work on /home/airflow/.local/lib/python3.12/site-packages/airflow/example_dags/tutorial.py
[2025-09-04T11:51:35.471+0000] {processor.py:830} INFO - Processing file /home/airflow/.local/lib/python3.12/site-packages/airflow/example_dags/tutorial.py for tasks to queue
[2025-09-04T11:51:35.473+0000] {logging_mixin.py:188} INFO - [2025-09-04T11:51:35.473+0000] {dagbag.py:545} INFO - Filling up the DagBag from /home/airflow/.local/lib/python3.12/site-packages/airflow/example_dags/tutorial.py
[2025-09-04T11:51:35.478+0000] {processor.py:840} INFO - DAG(s) 'tutorial' retrieved from /home/airflow/.local/lib/python3.12/site-packages/airflow/example_dags/tutorial.py
[2025-09-04T11:51:35.495+0000] {logging_mixin.py:188} INFO - [2025-09-04T11:51:35.495+0000] {dag.py:3096} INFO - Sync 1 DAGs
[2025-09-04T11:51:35.512+0000] {logging_mixin.py:188} INFO - [2025-09-04T11:51:35.512+0000] {dag.py:3954} INFO - Setting next_dagrun for tutorial to 2025-09-03 00:00:00+00:00, run_after=2025-09-04 00:00:00+00:00
[2025-09-04T11:51:35.530+0000] {processor.py:183} INFO - Processing /home/airflow/.local/lib/python3.12/site-packages/airflow/example_dags/tutorial.py took 0.065 seconds
[2025-09-04T11:52:06.120+0000] {processor.py:161} INFO - Started process (PID=310) to work on /home/airflow/.local/lib/python3.12/site-packages/airflow/example_dags/tutorial.py
[2025-09-04T11:52:06.121+0000] {processor.py:830} INFO - Processing file /home/airflow/.local/lib/python3.12/site-packages/airflow/example_dags/tutorial.py for tasks to queue
[2025-09-04T11:52:06.123+0000] {logging_mixin.py:188} INFO - [2025-09-04T11:52:06.123+0000] {dagbag.py:545} INFO - Filling up the DagBag from /home/airflow/.local/lib/python3.12/site-packages/airflow/example_dags/tutorial.py
[2025-09-04T11:52:06.129+0000] {processor.py:840} INFO - DAG(s) 'tutorial' retrieved from /home/airflow/.local/lib/python3.12/site-packages/airflow/example_dags/tutorial.py
[2025-09-04T11:52:06.145+0000] {logging_mixin.py:188} INFO - [2025-09-04T11:52:06.145+0000] {dag.py:3096} INFO - Sync 1 DAGs
[2025-09-04T11:52:06.171+0000] {logging_mixin.py:188} INFO - [2025-09-04T11:52:06.171+0000] {dag.py:3954} INFO - Setting next_dagrun for tutorial to 2025-09-03 00:00:00+00:00, run_after=2025-09-04 00:00:00+00:00
[2025-09-04T11:52:06.189+0000] {processor.py:183} INFO - Processing /home/airflow/.local/lib/python3.12/site-packages/airflow/example_dags/tutorial.py took 0.073 seconds
[2025-09-04T11:52:36.528+0000] {processor.py:161} INFO - Started process (PID=368) to work on /home/airflow/.local/lib/python3.12/site-packages/airflow/example_dags/tutorial.py
[2025-09-04T11:52:36.531+0000] {processor.py:830} INFO - Processing file /home/airflow/.local/lib/python3.12/site-packages/airflow/example_dags/tutorial.py for tasks to queue
[2025-09-04T11:52:36.533+0000] {logging_mixin.py:188} INFO - [2025-09-04T11:52:36.533+0000] {dagbag.py:545} INFO - Filling up the DagBag from /home/airflow/.local/lib/python3.12/site-packages/airflow/example_dags/tutorial.py
[2025-09-04T11:52:36.540+0000] {processor.py:840} INFO - DAG(s) 'tutorial' retrieved from /home/airflow/.local/lib/python3.12/site-packages/airflow/example_dags/tutorial.py
[2025-09-04T11:52:36.565+0000] {logging_mixin.py:188} INFO - [2025-09-04T11:52:36.564+0000] {dag.py:3096} INFO - Sync 1 DAGs
[2025-09-04T11:52:36.586+0000] {logging_mixin.py:188} INFO - [2025-09-04T11:52:36.586+0000] {dag.py:3954} INFO - Setting next_dagrun for tutorial to 2025-09-03 00:00:00+00:00, run_after=2025-09-04 00:00:00+00:00
[2025-09-04T11:52:36.616+0000] {processor.py:183} INFO - Processing /home/airflow/.local/lib/python3.12/site-packages/airflow/example_dags/tutorial.py took 0.095 seconds
[2025-09-04T11:53:06.798+0000] {processor.py:161} INFO - Started process (PID=426) to work on /home/airflow/.local/lib/python3.12/site-packages/airflow/example_dags/tutorial.py
[2025-09-04T11:53:06.799+0000] {processor.py:830} INFO - Processing file /home/airflow/.local/lib/python3.12/site-packages/airflow/example_dags/tutorial.py for tasks to queue
[2025-09-04T11:53:06.801+0000] {logging_mixin.py:188} INFO - [2025-09-04T11:53:06.801+0000] {dagbag.py:545} INFO - Filling up the DagBag from /home/airflow/.local/lib/python3.12/site-packages/airflow/example_dags/tutorial.py
[2025-09-04T11:53:06.807+0000] {processor.py:840} INFO - DAG(s) 'tutorial' retrieved from /home/airflow/.local/lib/python3.12/site-packages/airflow/example_dags/tutorial.py
[2025-09-04T11:53:06.829+0000] {logging_mixin.py:188} INFO - [2025-09-04T11:53:06.829+0000] {dag.py:3096} INFO - Sync 1 DAGs
[2025-09-04T11:53:06.847+0000] {logging_mixin.py:188} INFO - [2025-09-04T11:53:06.847+0000] {dag.py:3954} INFO - Setting next_dagrun for tutorial to 2025-09-03 00:00:00+00:00, run_after=2025-09-04 00:00:00+00:00
[2025-09-04T11:53:06.863+0000] {processor.py:183} INFO - Processing /home/airflow/.local/lib/python3.12/site-packages/airflow/example_dags/tutorial.py took 0.070 seconds
[2025-09-04T11:53:37.088+0000] {processor.py:161} INFO - Started process (PID=484) to work on /home/airflow/.local/lib/python3.12/site-packages/airflow/example_dags/tutorial.py
[2025-09-04T11:53:37.089+0000] {processor.py:830} INFO - Processing file /home/airflow/.local/lib/python3.12/site-packages/airflow/example_dags/tutorial.py for tasks to queue
[2025-09-04T11:53:37.091+0000] {logging_mixin.py:188} INFO - [2025-09-04T11:53:37.091+0000] {dagbag.py:545} INFO - Filling up the DagBag from /home/airflow/.local/lib/python3.12/site-packages/airflow/example_dags/tutorial.py
[2025-09-04T11:53:37.097+0000] {processor.py:840} INFO - DAG(s) 'tutorial' retrieved from /home/airflow/.local/lib/python3.12/site-packages/airflow/example_dags/tutorial.py
[2025-09-04T11:53:37.115+0000] {logging_mixin.py:188} INFO - [2025-09-04T11:53:37.115+0000] {dag.py:3096} INFO - Sync 1 DAGs
[2025-09-04T11:53:37.133+0000] {logging_mixin.py:188} INFO - [2025-09-04T11:53:37.132+0000] {dag.py:3954} INFO - Setting next_dagrun for tutorial to 2025-09-03 00:00:00+00:00, run_after=2025-09-04 00:00:00+00:00
[2025-09-04T11:53:37.150+0000] {processor.py:183} INFO - Processing /home/airflow/.local/lib/python3.12/site-packages/airflow/example_dags/tutorial.py took 0.067 seconds
[2025-09-04T11:54:08.152+0000] {processor.py:161} INFO - Started process (PID=542) to work on /home/airflow/.local/lib/python3.12/site-packages/airflow/example_dags/tutorial.py
[2025-09-04T11:54:08.154+0000] {processor.py:830} INFO - Processing file /home/airflow/.local/lib/python3.12/site-packages/airflow/example_dags/tutorial.py for tasks to queue
[2025-09-04T11:54:08.157+0000] {logging_mixin.py:188} INFO - [2025-09-04T11:54:08.156+0000] {dagbag.py:545} INFO - Filling up the DagBag from /home/airflow/.local/lib/python3.12/site-packages/airflow/example_dags/tutorial.py
[2025-09-04T11:54:08.168+0000] {processor.py:840} INFO - DAG(s) 'tutorial' retrieved from /home/airflow/.local/lib/python3.12/site-packages/airflow/example_dags/tutorial.py
[2025-09-04T11:54:08.199+0000] {logging_mixin.py:188} INFO - [2025-09-04T11:54:08.199+0000] {dag.py:3096} INFO - Sync 1 DAGs
[2025-09-04T11:54:08.227+0000] {logging_mixin.py:188} INFO - [2025-09-04T11:54:08.226+0000] {dag.py:3954} INFO - Setting next_dagrun for tutorial to 2025-09-03 00:00:00+00:00, run_after=2025-09-04 00:00:00+00:00
[2025-09-04T11:54:08.254+0000] {processor.py:183} INFO - Processing /home/airflow/.local/lib/python3.12/site-packages/airflow/example_dags/tutorial.py took 0.114 seconds
[2025-09-04T11:54:38.703+0000] {processor.py:161} INFO - Started process (PID=600) to work on /home/airflow/.local/lib/python3.12/site-packages/airflow/example_dags/tutorial.py
[2025-09-04T11:54:38.705+0000] {processor.py:830} INFO - Processing file /home/airflow/.local/lib/python3.12/site-packages/airflow/example_dags/tutorial.py for tasks to queue
[2025-09-04T11:54:38.709+0000] {logging_mixin.py:188} INFO - [2025-09-04T11:54:38.708+0000] {dagbag.py:545} INFO - Filling up the DagBag from /home/airflow/.local/lib/python3.12/site-packages/airflow/example_dags/tutorial.py
[2025-09-04T11:54:38.722+0000] {processor.py:840} INFO - DAG(s) 'tutorial' retrieved from /home/airflow/.local/lib/python3.12/site-packages/airflow/example_dags/tutorial.py
[2025-09-04T11:54:38.761+0000] {logging_mixin.py:188} INFO - [2025-09-04T11:54:38.761+0000] {dag.py:3096} INFO - Sync 1 DAGs
[2025-09-04T11:54:38.803+0000] {logging_mixin.py:188} INFO - [2025-09-04T11:54:38.803+0000] {dag.py:3954} INFO - Setting next_dagrun for tutorial to 2025-09-03 00:00:00+00:00, run_after=2025-09-04 00:00:00+00:00
[2025-09-04T11:54:38.843+0000] {processor.py:183} INFO - Processing /home/airflow/.local/lib/python3.12/site-packages/airflow/example_dags/tutorial.py took 0.151 seconds
[2025-09-04T11:55:09.169+0000] {processor.py:161} INFO - Started process (PID=658) to work on /home/airflow/.local/lib/python3.12/site-packages/airflow/example_dags/tutorial.py
[2025-09-04T11:55:09.171+0000] {processor.py:830} INFO - Processing file /home/airflow/.local/lib/python3.12/site-packages/airflow/example_dags/tutorial.py for tasks to queue
[2025-09-04T11:55:09.174+0000] {logging_mixin.py:188} INFO - [2025-09-04T11:55:09.174+0000] {dagbag.py:545} INFO - Filling up the DagBag from /home/airflow/.local/lib/python3.12/site-packages/airflow/example_dags/tutorial.py
[2025-09-04T11:55:09.182+0000] {processor.py:840} INFO - DAG(s) 'tutorial' retrieved from /home/airflow/.local/lib/python3.12/site-packages/airflow/example_dags/tutorial.py
[2025-09-04T11:55:09.205+0000] {logging_mixin.py:188} INFO - [2025-09-04T11:55:09.205+0000] {dag.py:3096} INFO - Sync 1 DAGs
[2025-09-04T11:55:09.231+0000] {logging_mixin.py:188} INFO - [2025-09-04T11:55:09.231+0000] {dag.py:3954} INFO - Setting next_dagrun for tutorial to 2025-09-03 00:00:00+00:00, run_after=2025-09-04 00:00:00+00:00
[2025-09-04T11:55:09.278+0000] {processor.py:183} INFO - Processing /home/airflow/.local/lib/python3.12/site-packages/airflow/example_dags/tutorial.py took 0.115 seconds
[2025-09-04T11:55:39.543+0000] {processor.py:161} INFO - Started process (PID=716) to work on /home/airflow/.local/lib/python3.12/site-packages/airflow/example_dags/tutorial.py
[2025-09-04T11:55:39.545+0000] {processor.py:830} INFO - Processing file /home/airflow/.local/lib/python3.12/site-packages/airflow/example_dags/tutorial.py for tasks to queue
[2025-09-04T11:55:39.548+0000] {logging_mixin.py:188} INFO - [2025-09-04T11:55:39.547+0000] {dagbag.py:545} INFO - Filling up the DagBag from /home/airflow/.local/lib/python3.12/site-packages/airflow/example_dags/tutorial.py
[2025-09-04T11:55:39.559+0000] {processor.py:840} INFO - DAG(s) 'tutorial' retrieved from /home/airflow/.local/lib/python3.12/site-packages/airflow/example_dags/tutorial.py
[2025-09-04T11:55:39.584+0000] {logging_mixin.py:188} INFO - [2025-09-04T11:55:39.584+0000] {dag.py:3096} INFO - Sync 1 DAGs
[2025-09-04T11:55:39.614+0000] {logging_mixin.py:188} INFO - [2025-09-04T11:55:39.613+0000] {dag.py:3954} INFO - Setting next_dagrun for tutorial to 2025-09-03 00:00:00+00:00, run_after=2025-09-04 00:00:00+00:00
[2025-09-04T11:55:39.651+0000] {processor.py:183} INFO - Processing /home/airflow/.local/lib/python3.12/site-packages/airflow/example_dags/tutorial.py took 0.119 seconds
[2025-09-04T11:56:10.040+0000] {processor.py:161} INFO - Started process (PID=774) to work on /home/airflow/.local/lib/python3.12/site-packages/airflow/example_dags/tutorial.py
[2025-09-04T11:56:10.042+0000] {processor.py:830} INFO - Processing file /home/airflow/.local/lib/python3.12/site-packages/airflow/example_dags/tutorial.py for tasks to queue
[2025-09-04T11:56:10.045+0000] {logging_mixin.py:188} INFO - [2025-09-04T11:56:10.044+0000] {dagbag.py:545} INFO - Filling up the DagBag from /home/airflow/.local/lib/python3.12/site-packages/airflow/example_dags/tutorial.py
[2025-09-04T11:56:10.052+0000] {processor.py:840} INFO - DAG(s) 'tutorial' retrieved from /home/airflow/.local/lib/python3.12/site-packages/airflow/example_dags/tutorial.py
[2025-09-04T11:56:10.074+0000] {logging_mixin.py:188} INFO - [2025-09-04T11:56:10.074+0000] {dag.py:3096} INFO - Sync 1 DAGs
[2025-09-04T11:56:10.098+0000] {logging_mixin.py:188} INFO - [2025-09-04T11:56:10.097+0000] {dag.py:3954} INFO - Setting next_dagrun for tutorial to 2025-09-03 00:00:00+00:00, run_after=2025-09-04 00:00:00+00:00
[2025-09-04T11:56:10.133+0000] {processor.py:183} INFO - Processing /home/airflow/.local/lib/python3.12/site-packages/airflow/example_dags/tutorial.py took 0.099 seconds
[2025-09-04T11:56:40.444+0000] {processor.py:161} INFO - Started process (PID=832) to work on /home/airflow/.local/lib/python3.12/site-packages/airflow/example_dags/tutorial.py
[2025-09-04T11:56:40.449+0000] {processor.py:830} INFO - Processing file /home/airflow/.local/lib/python3.12/site-packages/airflow/example_dags/tutorial.py for tasks to queue
[2025-09-04T11:56:40.453+0000] {logging_mixin.py:188} INFO - [2025-09-04T11:56:40.453+0000] {dagbag.py:545} INFO - Filling up the DagBag from /home/airflow/.local/lib/python3.12/site-packages/airflow/example_dags/tutorial.py
[2025-09-04T11:56:40.468+0000] {processor.py:840} INFO - DAG(s) 'tutorial' retrieved from /home/airflow/.local/lib/python3.12/site-packages/airflow/example_dags/tutorial.py
[2025-09-04T11:56:40.511+0000] {logging_mixin.py:188} INFO - [2025-09-04T11:56:40.511+0000] {dag.py:3096} INFO - Sync 1 DAGs
[2025-09-04T11:56:40.568+0000] {logging_mixin.py:188} INFO - [2025-09-04T11:56:40.568+0000] {dag.py:3954} INFO - Setting next_dagrun for tutorial to 2025-09-03 00:00:00+00:00, run_after=2025-09-04 00:00:00+00:00
[2025-09-04T11:56:40.608+0000] {processor.py:183} INFO - Processing /home/airflow/.local/lib/python3.12/site-packages/airflow/example_dags/tutorial.py took 0.174 seconds
[2025-09-04T11:57:10.755+0000] {processor.py:161} INFO - Started process (PID=890) to work on /home/airflow/.local/lib/python3.12/site-packages/airflow/example_dags/tutorial.py
[2025-09-04T11:57:10.757+0000] {processor.py:830} INFO - Processing file /home/airflow/.local/lib/python3.12/site-packages/airflow/example_dags/tutorial.py for tasks to queue
[2025-09-04T11:57:10.762+0000] {logging_mixin.py:188} INFO - [2025-09-04T11:57:10.761+0000] {dagbag.py:545} INFO - Filling up the DagBag from /home/airflow/.local/lib/python3.12/site-packages/airflow/example_dags/tutorial.py
[2025-09-04T11:57:10.775+0000] {processor.py:840} INFO - DAG(s) 'tutorial' retrieved from /home/airflow/.local/lib/python3.12/site-packages/airflow/example_dags/tutorial.py
[2025-09-04T11:57:10.804+0000] {logging_mixin.py:188} INFO - [2025-09-04T11:57:10.803+0000] {dag.py:3096} INFO - Sync 1 DAGs
[2025-09-04T11:57:10.845+0000] {logging_mixin.py:188} INFO - [2025-09-04T11:57:10.845+0000] {dag.py:3954} INFO - Setting next_dagrun for tutorial to 2025-09-03 00:00:00+00:00, run_after=2025-09-04 00:00:00+00:00
[2025-09-04T11:57:10.887+0000] {processor.py:183} INFO - Processing /home/airflow/.local/lib/python3.12/site-packages/airflow/example_dags/tutorial.py took 0.145 seconds
[2025-09-04T11:57:41.043+0000] {processor.py:161} INFO - Started process (PID=948) to work on /home/airflow/.local/lib/python3.12/site-packages/airflow/example_dags/tutorial.py
[2025-09-04T11:57:41.045+0000] {processor.py:830} INFO - Processing file /home/airflow/.local/lib/python3.12/site-packages/airflow/example_dags/tutorial.py for tasks to queue
[2025-09-04T11:57:41.049+0000] {logging_mixin.py:188} INFO - [2025-09-04T11:57:41.049+0000] {dagbag.py:545} INFO - Filling up the DagBag from /home/airflow/.local/lib/python3.12/site-packages/airflow/example_dags/tutorial.py
[2025-09-04T11:57:41.056+0000] {processor.py:840} INFO - DAG(s) 'tutorial' retrieved from /home/airflow/.local/lib/python3.12/site-packages/airflow/example_dags/tutorial.py
[2025-09-04T11:57:41.074+0000] {logging_mixin.py:188} INFO - [2025-09-04T11:57:41.073+0000] {dag.py:3096} INFO - Sync 1 DAGs
[2025-09-04T11:57:41.090+0000] {logging_mixin.py:188} INFO - [2025-09-04T11:57:41.090+0000] {dag.py:3954} INFO - Setting next_dagrun for tutorial to 2025-09-03 00:00:00+00:00, run_after=2025-09-04 00:00:00+00:00
[2025-09-04T11:57:41.111+0000] {processor.py:183} INFO - Processing /home/airflow/.local/lib/python3.12/site-packages/airflow/example_dags/tutorial.py took 0.078 seconds
[2025-09-04T11:58:11.161+0000] {processor.py:161} INFO - Started process (PID=1007) to work on /home/airflow/.local/lib/python3.12/site-packages/airflow/example_dags/tutorial.py
[2025-09-04T11:58:11.162+0000] {processor.py:830} INFO - Processing file /home/airflow/.local/lib/python3.12/site-packages/airflow/example_dags/tutorial.py for tasks to queue
[2025-09-04T11:58:11.164+0000] {logging_mixin.py:188} INFO - [2025-09-04T11:58:11.164+0000] {dagbag.py:545} INFO - Filling up the DagBag from /home/airflow/.local/lib/python3.12/site-packages/airflow/example_dags/tutorial.py
[2025-09-04T11:58:11.172+0000] {processor.py:840} INFO - DAG(s) 'tutorial' retrieved from /home/airflow/.local/lib/python3.12/site-packages/airflow/example_dags/tutorial.py
[2025-09-04T11:58:11.192+0000] {logging_mixin.py:188} INFO - [2025-09-04T11:58:11.191+0000] {dag.py:3096} INFO - Sync 1 DAGs
[2025-09-04T11:58:11.213+0000] {logging_mixin.py:188} INFO - [2025-09-04T11:58:11.213+0000] {dag.py:3954} INFO - Setting next_dagrun for tutorial to 2025-09-03 00:00:00+00:00, run_after=2025-09-04 00:00:00+00:00
[2025-09-04T11:58:11.235+0000] {processor.py:183} INFO - Processing /home/airflow/.local/lib/python3.12/site-packages/airflow/example_dags/tutorial.py took 0.079 seconds
[2025-09-04T11:58:42.376+0000] {processor.py:161} INFO - Started process (PID=1065) to work on /home/airflow/.local/lib/python3.12/site-packages/airflow/example_dags/tutorial.py
[2025-09-04T11:58:42.377+0000] {processor.py:830} INFO - Processing file /home/airflow/.local/lib/python3.12/site-packages/airflow/example_dags/tutorial.py for tasks to queue
[2025-09-04T11:58:42.381+0000] {logging_mixin.py:188} INFO - [2025-09-04T11:58:42.381+0000] {dagbag.py:545} INFO - Filling up the DagBag from /home/airflow/.local/lib/python3.12/site-packages/airflow/example_dags/tutorial.py
[2025-09-04T11:58:42.389+0000] {processor.py:840} INFO - DAG(s) 'tutorial' retrieved from /home/airflow/.local/lib/python3.12/site-packages/airflow/example_dags/tutorial.py
[2025-09-04T11:58:42.420+0000] {logging_mixin.py:188} INFO - [2025-09-04T11:58:42.420+0000] {dag.py:3096} INFO - Sync 1 DAGs
[2025-09-04T11:58:42.442+0000] {logging_mixin.py:188} INFO - [2025-09-04T11:58:42.442+0000] {dag.py:3954} INFO - Setting next_dagrun for tutorial to 2025-09-03 00:00:00+00:00, run_after=2025-09-04 00:00:00+00:00
[2025-09-04T11:58:42.458+0000] {processor.py:183} INFO - Processing /home/airflow/.local/lib/python3.12/site-packages/airflow/example_dags/tutorial.py took 0.091 seconds
[2025-09-04T11:59:13.049+0000] {processor.py:161} INFO - Started process (PID=1123) to work on /home/airflow/.local/lib/python3.12/site-packages/airflow/example_dags/tutorial.py
[2025-09-04T11:59:13.051+0000] {processor.py:830} INFO - Processing file /home/airflow/.local/lib/python3.12/site-packages/airflow/example_dags/tutorial.py for tasks to queue
[2025-09-04T11:59:13.053+0000] {logging_mixin.py:188} INFO - [2025-09-04T11:59:13.053+0000] {dagbag.py:545} INFO - Filling up the DagBag from /home/airflow/.local/lib/python3.12/site-packages/airflow/example_dags/tutorial.py
[2025-09-04T11:59:13.063+0000] {processor.py:840} INFO - DAG(s) 'tutorial' retrieved from /home/airflow/.local/lib/python3.12/site-packages/airflow/example_dags/tutorial.py
[2025-09-04T11:59:13.101+0000] {logging_mixin.py:188} INFO - [2025-09-04T11:59:13.101+0000] {dag.py:3096} INFO - Sync 1 DAGs
[2025-09-04T11:59:13.139+0000] {logging_mixin.py:188} INFO - [2025-09-04T11:59:13.138+0000] {dag.py:3954} INFO - Setting next_dagrun for tutorial to 2025-09-03 00:00:00+00:00, run_after=2025-09-04 00:00:00+00:00
[2025-09-04T11:59:13.181+0000] {processor.py:183} INFO - Processing /home/airflow/.local/lib/python3.12/site-packages/airflow/example_dags/tutorial.py took 0.140 seconds
[2025-09-04T11:59:43.353+0000] {processor.py:161} INFO - Started process (PID=1181) to work on /home/airflow/.local/lib/python3.12/site-packages/airflow/example_dags/tutorial.py
[2025-09-04T11:59:43.354+0000] {processor.py:830} INFO - Processing file /home/airflow/.local/lib/python3.12/site-packages/airflow/example_dags/tutorial.py for tasks to queue
[2025-09-04T11:59:43.356+0000] {logging_mixin.py:188} INFO - [2025-09-04T11:59:43.356+0000] {dagbag.py:545} INFO - Filling up the DagBag from /home/airflow/.local/lib/python3.12/site-packages/airflow/example_dags/tutorial.py
[2025-09-04T11:59:43.361+0000] {processor.py:840} INFO - DAG(s) 'tutorial' retrieved from /home/airflow/.local/lib/python3.12/site-packages/airflow/example_dags/tutorial.py
[2025-09-04T11:59:43.380+0000] {logging_mixin.py:188} INFO - [2025-09-04T11:59:43.380+0000] {dag.py:3096} INFO - Sync 1 DAGs
[2025-09-04T11:59:43.406+0000] {logging_mixin.py:188} INFO - [2025-09-04T11:59:43.406+0000] {dag.py:3954} INFO - Setting next_dagrun for tutorial to 2025-09-03 00:00:00+00:00, run_after=2025-09-04 00:00:00+00:00
[2025-09-04T11:59:43.426+0000] {processor.py:183} INFO - Processing /home/airflow/.local/lib/python3.12/site-packages/airflow/example_dags/tutorial.py took 0.080 seconds
[2025-09-04T12:01:31.647+0000] {processor.py:161} INFO - Started process (PID=67) to work on /home/airflow/.local/lib/python3.12/site-packages/airflow/example_dags/tutorial.py
[2025-09-04T12:01:31.649+0000] {processor.py:830} INFO - Processing file /home/airflow/.local/lib/python3.12/site-packages/airflow/example_dags/tutorial.py for tasks to queue
[2025-09-04T12:01:31.652+0000] {logging_mixin.py:188} INFO - [2025-09-04T12:01:31.652+0000] {dagbag.py:545} INFO - Filling up the DagBag from /home/airflow/.local/lib/python3.12/site-packages/airflow/example_dags/tutorial.py
[2025-09-04T12:01:31.662+0000] {processor.py:840} INFO - DAG(s) 'tutorial' retrieved from /home/airflow/.local/lib/python3.12/site-packages/airflow/example_dags/tutorial.py
[2025-09-04T12:01:31.829+0000] {logging_mixin.py:188} INFO - [2025-09-04T12:01:31.829+0000] {dag.py:3096} INFO - Sync 1 DAGs
[2025-09-04T12:01:31.859+0000] {logging_mixin.py:188} INFO - [2025-09-04T12:01:31.858+0000] {dag.py:3954} INFO - Setting next_dagrun for tutorial to 2025-09-03 00:00:00+00:00, run_after=2025-09-04 00:00:00+00:00
[2025-09-04T12:01:31.899+0000] {processor.py:183} INFO - Processing /home/airflow/.local/lib/python3.12/site-packages/airflow/example_dags/tutorial.py took 0.258 seconds
[2025-09-04T12:02:02.096+0000] {processor.py:161} INFO - Started process (PID=125) to work on /home/airflow/.local/lib/python3.12/site-packages/airflow/example_dags/tutorial.py
[2025-09-04T12:02:02.100+0000] {processor.py:830} INFO - Processing file /home/airflow/.local/lib/python3.12/site-packages/airflow/example_dags/tutorial.py for tasks to queue
[2025-09-04T12:02:02.103+0000] {logging_mixin.py:188} INFO - [2025-09-04T12:02:02.102+0000] {dagbag.py:545} INFO - Filling up the DagBag from /home/airflow/.local/lib/python3.12/site-packages/airflow/example_dags/tutorial.py
[2025-09-04T12:02:02.109+0000] {processor.py:840} INFO - DAG(s) 'tutorial' retrieved from /home/airflow/.local/lib/python3.12/site-packages/airflow/example_dags/tutorial.py
[2025-09-04T12:02:02.130+0000] {logging_mixin.py:188} INFO - [2025-09-04T12:02:02.130+0000] {dag.py:3096} INFO - Sync 1 DAGs
[2025-09-04T12:02:02.147+0000] {logging_mixin.py:188} INFO - [2025-09-04T12:02:02.147+0000] {dag.py:3954} INFO - Setting next_dagrun for tutorial to 2025-09-03 00:00:00+00:00, run_after=2025-09-04 00:00:00+00:00
[2025-09-04T12:02:02.166+0000] {processor.py:183} INFO - Processing /home/airflow/.local/lib/python3.12/site-packages/airflow/example_dags/tutorial.py took 0.081 seconds
[2025-09-04T12:02:32.434+0000] {processor.py:161} INFO - Started process (PID=183) to work on /home/airflow/.local/lib/python3.12/site-packages/airflow/example_dags/tutorial.py
[2025-09-04T12:02:32.436+0000] {processor.py:830} INFO - Processing file /home/airflow/.local/lib/python3.12/site-packages/airflow/example_dags/tutorial.py for tasks to queue
[2025-09-04T12:02:32.441+0000] {logging_mixin.py:188} INFO - [2025-09-04T12:02:32.440+0000] {dagbag.py:545} INFO - Filling up the DagBag from /home/airflow/.local/lib/python3.12/site-packages/airflow/example_dags/tutorial.py
[2025-09-04T12:02:32.456+0000] {processor.py:840} INFO - DAG(s) 'tutorial' retrieved from /home/airflow/.local/lib/python3.12/site-packages/airflow/example_dags/tutorial.py
[2025-09-04T12:02:32.476+0000] {logging_mixin.py:188} INFO - [2025-09-04T12:02:32.475+0000] {dag.py:3096} INFO - Sync 1 DAGs
[2025-09-04T12:02:32.497+0000] {logging_mixin.py:188} INFO - [2025-09-04T12:02:32.497+0000] {dag.py:3954} INFO - Setting next_dagrun for tutorial to 2025-09-03 00:00:00+00:00, run_after=2025-09-04 00:00:00+00:00
[2025-09-04T12:02:32.516+0000] {processor.py:183} INFO - Processing /home/airflow/.local/lib/python3.12/site-packages/airflow/example_dags/tutorial.py took 0.093 seconds
[2025-09-04T12:03:02.577+0000] {processor.py:161} INFO - Started process (PID=241) to work on /home/airflow/.local/lib/python3.12/site-packages/airflow/example_dags/tutorial.py
[2025-09-04T12:03:02.579+0000] {processor.py:830} INFO - Processing file /home/airflow/.local/lib/python3.12/site-packages/airflow/example_dags/tutorial.py for tasks to queue
[2025-09-04T12:03:02.582+0000] {logging_mixin.py:188} INFO - [2025-09-04T12:03:02.581+0000] {dagbag.py:545} INFO - Filling up the DagBag from /home/airflow/.local/lib/python3.12/site-packages/airflow/example_dags/tutorial.py
[2025-09-04T12:03:02.590+0000] {processor.py:840} INFO - DAG(s) 'tutorial' retrieved from /home/airflow/.local/lib/python3.12/site-packages/airflow/example_dags/tutorial.py
[2025-09-04T12:03:02.628+0000] {logging_mixin.py:188} INFO - [2025-09-04T12:03:02.628+0000] {dag.py:3096} INFO - Sync 1 DAGs
[2025-09-04T12:03:02.648+0000] {logging_mixin.py:188} INFO - [2025-09-04T12:03:02.648+0000] {dag.py:3954} INFO - Setting next_dagrun for tutorial to 2025-09-03 00:00:00+00:00, run_after=2025-09-04 00:00:00+00:00
[2025-09-04T12:03:02.670+0000] {processor.py:183} INFO - Processing /home/airflow/.local/lib/python3.12/site-packages/airflow/example_dags/tutorial.py took 0.107 seconds
[2025-09-04T12:03:32.983+0000] {processor.py:161} INFO - Started process (PID=299) to work on /home/airflow/.local/lib/python3.12/site-packages/airflow/example_dags/tutorial.py
[2025-09-04T12:03:32.984+0000] {processor.py:830} INFO - Processing file /home/airflow/.local/lib/python3.12/site-packages/airflow/example_dags/tutorial.py for tasks to queue
[2025-09-04T12:03:32.987+0000] {logging_mixin.py:188} INFO - [2025-09-04T12:03:32.986+0000] {dagbag.py:545} INFO - Filling up the DagBag from /home/airflow/.local/lib/python3.12/site-packages/airflow/example_dags/tutorial.py
[2025-09-04T12:03:32.993+0000] {processor.py:840} INFO - DAG(s) 'tutorial' retrieved from /home/airflow/.local/lib/python3.12/site-packages/airflow/example_dags/tutorial.py
[2025-09-04T12:03:33.017+0000] {logging_mixin.py:188} INFO - [2025-09-04T12:03:33.016+0000] {dag.py:3096} INFO - Sync 1 DAGs
[2025-09-04T12:03:33.050+0000] {logging_mixin.py:188} INFO - [2025-09-04T12:03:33.050+0000] {dag.py:3954} INFO - Setting next_dagrun for tutorial to 2025-09-03 00:00:00+00:00, run_after=2025-09-04 00:00:00+00:00
[2025-09-04T12:03:33.066+0000] {processor.py:183} INFO - Processing /home/airflow/.local/lib/python3.12/site-packages/airflow/example_dags/tutorial.py took 0.088 seconds
[2025-09-04T12:04:03.793+0000] {processor.py:161} INFO - Started process (PID=363) to work on /home/airflow/.local/lib/python3.12/site-packages/airflow/example_dags/tutorial.py
[2025-09-04T12:04:03.795+0000] {processor.py:830} INFO - Processing file /home/airflow/.local/lib/python3.12/site-packages/airflow/example_dags/tutorial.py for tasks to queue
[2025-09-04T12:04:03.797+0000] {logging_mixin.py:188} INFO - [2025-09-04T12:04:03.797+0000] {dagbag.py:545} INFO - Filling up the DagBag from /home/airflow/.local/lib/python3.12/site-packages/airflow/example_dags/tutorial.py
[2025-09-04T12:04:03.806+0000] {processor.py:840} INFO - DAG(s) 'tutorial' retrieved from /home/airflow/.local/lib/python3.12/site-packages/airflow/example_dags/tutorial.py
[2025-09-04T12:04:03.831+0000] {logging_mixin.py:188} INFO - [2025-09-04T12:04:03.831+0000] {dag.py:3096} INFO - Sync 1 DAGs
[2025-09-04T12:04:03.868+0000] {logging_mixin.py:188} INFO - [2025-09-04T12:04:03.868+0000] {dag.py:3954} INFO - Setting next_dagrun for tutorial to 2025-09-03 00:00:00+00:00, run_after=2025-09-04 00:00:00+00:00
[2025-09-04T12:04:03.909+0000] {processor.py:183} INFO - Processing /home/airflow/.local/lib/python3.12/site-packages/airflow/example_dags/tutorial.py took 0.121 seconds
[2025-09-04T12:04:34.088+0000] {processor.py:161} INFO - Started process (PID=421) to work on /home/airflow/.local/lib/python3.12/site-packages/airflow/example_dags/tutorial.py
[2025-09-04T12:04:34.090+0000] {processor.py:830} INFO - Processing file /home/airflow/.local/lib/python3.12/site-packages/airflow/example_dags/tutorial.py for tasks to queue
[2025-09-04T12:04:34.092+0000] {logging_mixin.py:188} INFO - [2025-09-04T12:04:34.092+0000] {dagbag.py:545} INFO - Filling up the DagBag from /home/airflow/.local/lib/python3.12/site-packages/airflow/example_dags/tutorial.py
[2025-09-04T12:04:34.098+0000] {processor.py:840} INFO - DAG(s) 'tutorial' retrieved from /home/airflow/.local/lib/python3.12/site-packages/airflow/example_dags/tutorial.py
[2025-09-04T12:04:34.115+0000] {logging_mixin.py:188} INFO - [2025-09-04T12:04:34.115+0000] {dag.py:3096} INFO - Sync 1 DAGs
[2025-09-04T12:04:34.135+0000] {logging_mixin.py:188} INFO - [2025-09-04T12:04:34.135+0000] {dag.py:3954} INFO - Setting next_dagrun for tutorial to 2025-09-03 00:00:00+00:00, run_after=2025-09-04 00:00:00+00:00
[2025-09-04T12:04:34.158+0000] {processor.py:183} INFO - Processing /home/airflow/.local/lib/python3.12/site-packages/airflow/example_dags/tutorial.py took 0.076 seconds
[2025-09-04T12:05:04.667+0000] {processor.py:161} INFO - Started process (PID=479) to work on /home/airflow/.local/lib/python3.12/site-packages/airflow/example_dags/tutorial.py
[2025-09-04T12:05:04.669+0000] {processor.py:830} INFO - Processing file /home/airflow/.local/lib/python3.12/site-packages/airflow/example_dags/tutorial.py for tasks to queue
[2025-09-04T12:05:04.673+0000] {logging_mixin.py:188} INFO - [2025-09-04T12:05:04.672+0000] {dagbag.py:545} INFO - Filling up the DagBag from /home/airflow/.local/lib/python3.12/site-packages/airflow/example_dags/tutorial.py
[2025-09-04T12:05:04.684+0000] {processor.py:840} INFO - DAG(s) 'tutorial' retrieved from /home/airflow/.local/lib/python3.12/site-packages/airflow/example_dags/tutorial.py
[2025-09-04T12:05:04.714+0000] {logging_mixin.py:188} INFO - [2025-09-04T12:05:04.714+0000] {dag.py:3096} INFO - Sync 1 DAGs
[2025-09-04T12:05:04.736+0000] {logging_mixin.py:188} INFO - [2025-09-04T12:05:04.735+0000] {dag.py:3954} INFO - Setting next_dagrun for tutorial to 2025-09-03 00:00:00+00:00, run_after=2025-09-04 00:00:00+00:00
[2025-09-04T12:05:04.758+0000] {processor.py:183} INFO - Processing /home/airflow/.local/lib/python3.12/site-packages/airflow/example_dags/tutorial.py took 0.100 seconds
[2025-09-04T12:05:35.010+0000] {processor.py:161} INFO - Started process (PID=537) to work on /home/airflow/.local/lib/python3.12/site-packages/airflow/example_dags/tutorial.py
[2025-09-04T12:05:35.012+0000] {processor.py:830} INFO - Processing file /home/airflow/.local/lib/python3.12/site-packages/airflow/example_dags/tutorial.py for tasks to queue
[2025-09-04T12:05:35.015+0000] {logging_mixin.py:188} INFO - [2025-09-04T12:05:35.014+0000] {dagbag.py:545} INFO - Filling up the DagBag from /home/airflow/.local/lib/python3.12/site-packages/airflow/example_dags/tutorial.py
[2025-09-04T12:05:35.026+0000] {processor.py:840} INFO - DAG(s) 'tutorial' retrieved from /home/airflow/.local/lib/python3.12/site-packages/airflow/example_dags/tutorial.py
[2025-09-04T12:05:35.053+0000] {logging_mixin.py:188} INFO - [2025-09-04T12:05:35.053+0000] {dag.py:3096} INFO - Sync 1 DAGs
[2025-09-04T12:05:35.071+0000] {logging_mixin.py:188} INFO - [2025-09-04T12:05:35.071+0000] {dag.py:3954} INFO - Setting next_dagrun for tutorial to 2025-09-03 00:00:00+00:00, run_after=2025-09-04 00:00:00+00:00
[2025-09-04T12:05:35.087+0000] {processor.py:183} INFO - Processing /home/airflow/.local/lib/python3.12/site-packages/airflow/example_dags/tutorial.py took 0.083 seconds
[2025-09-04T12:06:35.468+0000] {processor.py:161} INFO - Started process (PID=73) to work on /home/airflow/.local/lib/python3.12/site-packages/airflow/example_dags/tutorial.py
[2025-09-04T12:06:35.469+0000] {processor.py:830} INFO - Processing file /home/airflow/.local/lib/python3.12/site-packages/airflow/example_dags/tutorial.py for tasks to queue
[2025-09-04T12:06:35.471+0000] {logging_mixin.py:188} INFO - [2025-09-04T12:06:35.471+0000] {dagbag.py:545} INFO - Filling up the DagBag from /home/airflow/.local/lib/python3.12/site-packages/airflow/example_dags/tutorial.py
[2025-09-04T12:06:35.478+0000] {processor.py:840} INFO - DAG(s) 'tutorial' retrieved from /home/airflow/.local/lib/python3.12/site-packages/airflow/example_dags/tutorial.py
[2025-09-04T12:06:35.490+0000] {logging_mixin.py:188} INFO - [2025-09-04T12:06:35.490+0000] {dag.py:3096} INFO - Sync 1 DAGs
[2025-09-04T12:06:35.510+0000] {logging_mixin.py:188} INFO - [2025-09-04T12:06:35.509+0000] {dag.py:3954} INFO - Setting next_dagrun for tutorial to 2025-09-03 00:00:00+00:00, run_after=2025-09-04 00:00:00+00:00
[2025-09-04T12:06:35.530+0000] {processor.py:183} INFO - Processing /home/airflow/.local/lib/python3.12/site-packages/airflow/example_dags/tutorial.py took 0.066 seconds
[2025-09-04T12:07:06.988+0000] {processor.py:161} INFO - Started process (PID=131) to work on /home/airflow/.local/lib/python3.12/site-packages/airflow/example_dags/tutorial.py
[2025-09-04T12:07:06.989+0000] {processor.py:830} INFO - Processing file /home/airflow/.local/lib/python3.12/site-packages/airflow/example_dags/tutorial.py for tasks to queue
[2025-09-04T12:07:06.991+0000] {logging_mixin.py:188} INFO - [2025-09-04T12:07:06.991+0000] {dagbag.py:545} INFO - Filling up the DagBag from /home/airflow/.local/lib/python3.12/site-packages/airflow/example_dags/tutorial.py
[2025-09-04T12:07:07.001+0000] {processor.py:840} INFO - DAG(s) 'tutorial' retrieved from /home/airflow/.local/lib/python3.12/site-packages/airflow/example_dags/tutorial.py
[2025-09-04T12:07:07.115+0000] {logging_mixin.py:188} INFO - [2025-09-04T12:07:07.115+0000] {dag.py:3096} INFO - Sync 1 DAGs
[2025-09-04T12:07:07.130+0000] {logging_mixin.py:188} INFO - [2025-09-04T12:07:07.130+0000] {dag.py:3954} INFO - Setting next_dagrun for tutorial to 2025-09-03 00:00:00+00:00, run_after=2025-09-04 00:00:00+00:00
[2025-09-04T12:07:07.150+0000] {processor.py:183} INFO - Processing /home/airflow/.local/lib/python3.12/site-packages/airflow/example_dags/tutorial.py took 0.169 seconds
[2025-09-04T12:07:37.303+0000] {processor.py:161} INFO - Started process (PID=189) to work on /home/airflow/.local/lib/python3.12/site-packages/airflow/example_dags/tutorial.py
[2025-09-04T12:07:37.305+0000] {processor.py:830} INFO - Processing file /home/airflow/.local/lib/python3.12/site-packages/airflow/example_dags/tutorial.py for tasks to queue
[2025-09-04T12:07:37.309+0000] {logging_mixin.py:188} INFO - [2025-09-04T12:07:37.308+0000] {dagbag.py:545} INFO - Filling up the DagBag from /home/airflow/.local/lib/python3.12/site-packages/airflow/example_dags/tutorial.py
[2025-09-04T12:07:37.324+0000] {processor.py:840} INFO - DAG(s) 'tutorial' retrieved from /home/airflow/.local/lib/python3.12/site-packages/airflow/example_dags/tutorial.py
[2025-09-04T12:07:37.368+0000] {logging_mixin.py:188} INFO - [2025-09-04T12:07:37.367+0000] {dag.py:3096} INFO - Sync 1 DAGs
[2025-09-04T12:07:37.395+0000] {logging_mixin.py:188} INFO - [2025-09-04T12:07:37.395+0000] {dag.py:3954} INFO - Setting next_dagrun for tutorial to 2025-09-03 00:00:00+00:00, run_after=2025-09-04 00:00:00+00:00
[2025-09-04T12:07:37.416+0000] {processor.py:183} INFO - Processing /home/airflow/.local/lib/python3.12/site-packages/airflow/example_dags/tutorial.py took 0.125 seconds
[2025-09-04T12:08:08.145+0000] {processor.py:161} INFO - Started process (PID=247) to work on /home/airflow/.local/lib/python3.12/site-packages/airflow/example_dags/tutorial.py
[2025-09-04T12:08:08.148+0000] {processor.py:830} INFO - Processing file /home/airflow/.local/lib/python3.12/site-packages/airflow/example_dags/tutorial.py for tasks to queue
[2025-09-04T12:08:08.150+0000] {logging_mixin.py:188} INFO - [2025-09-04T12:08:08.150+0000] {dagbag.py:545} INFO - Filling up the DagBag from /home/airflow/.local/lib/python3.12/site-packages/airflow/example_dags/tutorial.py
[2025-09-04T12:08:08.156+0000] {processor.py:840} INFO - DAG(s) 'tutorial' retrieved from /home/airflow/.local/lib/python3.12/site-packages/airflow/example_dags/tutorial.py
[2025-09-04T12:08:08.172+0000] {logging_mixin.py:188} INFO - [2025-09-04T12:08:08.172+0000] {dag.py:3096} INFO - Sync 1 DAGs
[2025-09-04T12:08:08.188+0000] {logging_mixin.py:188} INFO - [2025-09-04T12:08:08.188+0000] {dag.py:3954} INFO - Setting next_dagrun for tutorial to 2025-09-03 00:00:00+00:00, run_after=2025-09-04 00:00:00+00:00
[2025-09-04T12:08:08.204+0000] {processor.py:183} INFO - Processing /home/airflow/.local/lib/python3.12/site-packages/airflow/example_dags/tutorial.py took 0.065 seconds
[2025-09-04T12:08:38.917+0000] {processor.py:161} INFO - Started process (PID=311) to work on /home/airflow/.local/lib/python3.12/site-packages/airflow/example_dags/tutorial.py
[2025-09-04T12:08:38.919+0000] {processor.py:830} INFO - Processing file /home/airflow/.local/lib/python3.12/site-packages/airflow/example_dags/tutorial.py for tasks to queue
[2025-09-04T12:08:38.921+0000] {logging_mixin.py:188} INFO - [2025-09-04T12:08:38.921+0000] {dagbag.py:545} INFO - Filling up the DagBag from /home/airflow/.local/lib/python3.12/site-packages/airflow/example_dags/tutorial.py
[2025-09-04T12:08:38.928+0000] {processor.py:840} INFO - DAG(s) 'tutorial' retrieved from /home/airflow/.local/lib/python3.12/site-packages/airflow/example_dags/tutorial.py
[2025-09-04T12:08:38.955+0000] {logging_mixin.py:188} INFO - [2025-09-04T12:08:38.954+0000] {dag.py:3096} INFO - Sync 1 DAGs
[2025-09-04T12:08:38.997+0000] {logging_mixin.py:188} INFO - [2025-09-04T12:08:38.997+0000] {dag.py:3954} INFO - Setting next_dagrun for tutorial to 2025-09-03 00:00:00+00:00, run_after=2025-09-04 00:00:00+00:00
[2025-09-04T12:08:39.024+0000] {processor.py:183} INFO - Processing /home/airflow/.local/lib/python3.12/site-packages/airflow/example_dags/tutorial.py took 0.115 seconds
